C1_JP_PSE | CDF.PadValueFILLVAL.Mismatch:
  event_code__C1_JP_PSE: event_code__C1_JP_PSE: len(PadValue) = 2 != len(FILLVAL) = 1. Removing variable from dataset.
C2_JP_PSE | CDF.PadValueFILLVAL.Mismatch:
  event_code__C2_JP_PSE: event_code__C2_JP_PSE: len(PadValue) = 2 != len(FILLVAL) = 1. Removing variable from dataset.
C3_JP_PSE | CDF.PadValueFILLVAL.Mismatch:
  event_code__C3_JP_PSE: event_code__C3_JP_PSE: len(PadValue) = 2 != len(FILLVAL) = 1. Removing variable from dataset.
C4_JP_PSE | CDF.PadValueFILLVAL.Mismatch:
  event_code__C4_JP_PSE: event_code__C4_JP_PSE: len(PadValue) = 2 != len(FILLVAL) = 1. Removing variable from dataset.
CT_JP_PSE | CDF.PadValueFILLVAL.Mismatch:
  event_code__CT_JP_PSE: event_code__CT_JP_PSE: len(PadValue) = 2 != len(FILLVAL) = 1. Removing variable from dataset.
GE_EDA12SEC_LEP | CDF.PadValueFILLVAL.Mismatch:
  Sensor: Sensor: len(PadValue) = 1 != len(FILLVAL) = 8. Removing variable from dataset.
MMS1_SCM_BRST_L2_SCB | CDF.PadValueFILLVAL.Mismatch:
  mms1_scm_qf_scm123_scb_brst_l2: mms1_scm_qf_scm123_scb_brst_l2: len(PadValue) = 1 != len(FILLVAL) = 3. Removing variable from dataset.
MMS1_SCM_SRVY_L2_SCSRVY | CDF.PadValueFILLVAL.Mismatch:
  mms1_scm_qf_scm123_scsrvy_srvy_l2: mms1_scm_qf_scm123_scsrvy_srvy_l2: len(PadValue) = 1 != len(FILLVAL) = 3. Removing variable from dataset.
MMS2_SCM_BRST_L2_SCB | CDF.PadValueFILLVAL.Mismatch:
  mms2_scm_qf_scm123_scb_brst_l2: mms2_scm_qf_scm123_scb_brst_l2: len(PadValue) = 1 != len(FILLVAL) = 3. Removing variable from dataset.
MMS3_SCM_BRST_L2_SCB | CDF.PadValueFILLVAL.Mismatch:
  mms3_scm_qf_scm123_scb_brst_l2: mms3_scm_qf_scm123_scb_brst_l2: len(PadValue) = 1 != len(FILLVAL) = 3. Removing variable from dataset.
MMS4_SCM_BRST_L2_SCB | CDF.PadValueFILLVAL.Mismatch:
  mms4_scm_qf_scm123_scb_brst_l2: mms4_scm_qf_scm123_scb_brst_l2: len(PadValue) = 1 != len(FILLVAL) = 3. Removing variable from dataset.
NEW_HORIZONS_SWAP_PICKUP-IONS | CDF.PadValueFILLVAL.Mismatch:
  START_TIME: START_TIME: len(PadValue) = 1 != len(FILLVAL) = 29. Removing variable from dataset.
  STOP_TIME: STOP_TIME: len(PadValue) = 1 != len(FILLVAL) = 29. Removing variable from dataset.