ICON_L2-7_IVM-A | HAPI.NotImplemented:
  ICON_L27_DM_Flag:
    Variable 'ICON_L27_DM_Flag' has unhandled DataType: CDF_INT8 that cannot be mappedto HAPI 32-bit signed integer type or HAPI double. Dropping variable.
    Variable 'ICON_L27_DM_Flag' has unhandled DataType: CDF_INT8 that cannot be mappedto HAPI 32-bit signed integer type or HAPI double. Dropping variable.
  ICON_L27_RPA_Flag:
    Variable 'ICON_L27_RPA_Flag' has unhandled DataType: CDF_INT8 that cannot be mappedto HAPI 32-bit signed integer type or HAPI double. Dropping variable.
    Variable 'ICON_L27_RPA_Flag' has unhandled DataType: CDF_INT8 that cannot be mappedto HAPI 32-bit signed integer type or HAPI double. Dropping variable.
ICON_L2-7_IVM-B | HAPI.NotImplemented:
  ICON_L27_DM_Flag:
    Variable 'ICON_L27_DM_Flag' has unhandled DataType: CDF_INT8 that cannot be mappedto HAPI 32-bit signed integer type or HAPI double. Dropping variable.
    Variable 'ICON_L27_DM_Flag' has unhandled DataType: CDF_INT8 that cannot be mappedto HAPI 32-bit signed integer type or HAPI double. Dropping variable.
  ICON_L27_GPS_Epoch:
    Variable 'ICON_L27_GPS_Epoch' has unhandled DataType: CDF_INT8 that cannot be mappedto HAPI 32-bit signed integer type or HAPI double. Dropping variable.
    Variable 'ICON_L27_GPS_Epoch' has unhandled DataType: CDF_INT8 that cannot be mappedto HAPI 32-bit signed integer type or HAPI double. Dropping variable.
  ICON_L27_RPA_Flag:
    Variable 'ICON_L27_RPA_Flag' has unhandled DataType: CDF_INT8 that cannot be mappedto HAPI 32-bit signed integer type or HAPI double. Dropping variable.
    Variable 'ICON_L27_RPA_Flag' has unhandled DataType: CDF_INT8 that cannot be mappedto HAPI 32-bit signed integer type or HAPI double. Dropping variable.
  ICON_L27_Time_UTC_Start:
    Variable 'ICON_L27_Time_UTC_Start' has unhandled DataType: CDF_INT8 that cannot be mappedto HAPI 32-bit signed integer type or HAPI double. Dropping variable.
    Variable 'ICON_L27_Time_UTC_Start' has unhandled DataType: CDF_INT8 that cannot be mappedto HAPI 32-bit signed integer type or HAPI double. Dropping variable.
  ICON_L27_Time_UTC_Stop:
    Variable 'ICON_L27_Time_UTC_Stop' has unhandled DataType: CDF_INT8 that cannot be mappedto HAPI 32-bit signed integer type or HAPI double. Dropping variable.
    Variable 'ICON_L27_Time_UTC_Stop' has unhandled DataType: CDF_INT8 that cannot be mappedto HAPI 32-bit signed integer type or HAPI double. Dropping variable.
PSP_ISOIS-EPILO_L2-IC | HAPI.NotImplemented:
  He3_Counts_ChanC:
    Variable 'He3_Counts_ChanC' has unhandled DataType: CDF_INT8 that cannot be mappedto HAPI 32-bit signed integer type or HAPI double. Dropping variable.
    Variable 'He3_Counts_ChanC' has unhandled DataType: CDF_INT8 that cannot be mappedto HAPI 32-bit signed integer type or HAPI double. Dropping variable.
  He4_Counts_ChanC:
    Variable 'He4_Counts_ChanC' has unhandled DataType: CDF_INT8 that cannot be mappedto HAPI 32-bit signed integer type or HAPI double. Dropping variable.
    Variable 'He4_Counts_ChanC' has unhandled DataType: CDF_INT8 that cannot be mappedto HAPI 32-bit signed integer type or HAPI double. Dropping variable.
  Fe_Counts_ChanC:
    Variable 'Fe_Counts_ChanC' has unhandled DataType: CDF_INT8 that cannot be mappedto HAPI 32-bit signed integer type or HAPI double. Dropping variable.
    Variable 'Fe_Counts_ChanC' has unhandled DataType: CDF_INT8 that cannot be mappedto HAPI 32-bit signed integer type or HAPI double. Dropping variable.
  O_Counts_ChanC:
    Variable 'O_Counts_ChanC' has unhandled DataType: CDF_INT8 that cannot be mappedto HAPI 32-bit signed integer type or HAPI double. Dropping variable.
    Variable 'O_Counts_ChanC' has unhandled DataType: CDF_INT8 that cannot be mappedto HAPI 32-bit signed integer type or HAPI double. Dropping variable.
  Mg_Counts_ChanD:
    Variable 'Mg_Counts_ChanD' has unhandled DataType: CDF_INT8 that cannot be mappedto HAPI 32-bit signed integer type or HAPI double. Dropping variable.
    Variable 'Mg_Counts_ChanD' has unhandled DataType: CDF_INT8 that cannot be mappedto HAPI 32-bit signed integer type or HAPI double. Dropping variable.
  C_Counts_ChanD:
    Variable 'C_Counts_ChanD' has unhandled DataType: CDF_INT8 that cannot be mappedto HAPI 32-bit signed integer type or HAPI double. Dropping variable.
    Variable 'C_Counts_ChanD' has unhandled DataType: CDF_INT8 that cannot be mappedto HAPI 32-bit signed integer type or HAPI double. Dropping variable.
  Si_Counts_ChanD:
    Variable 'Si_Counts_ChanD' has unhandled DataType: CDF_INT8 that cannot be mappedto HAPI 32-bit signed integer type or HAPI double. Dropping variable.
    Variable 'Si_Counts_ChanD' has unhandled DataType: CDF_INT8 that cannot be mappedto HAPI 32-bit signed integer type or HAPI double. Dropping variable.
  N_Counts_ChanD:
    Variable 'N_Counts_ChanD' has unhandled DataType: CDF_INT8 that cannot be mappedto HAPI 32-bit signed integer type or HAPI double. Dropping variable.
    Variable 'N_Counts_ChanD' has unhandled DataType: CDF_INT8 that cannot be mappedto HAPI 32-bit signed integer type or HAPI double. Dropping variable.
  Ne_Counts_ChanD:
    Variable 'Ne_Counts_ChanD' has unhandled DataType: CDF_INT8 that cannot be mappedto HAPI 32-bit signed integer type or HAPI double. Dropping variable.
    Variable 'Ne_Counts_ChanD' has unhandled DataType: CDF_INT8 that cannot be mappedto HAPI 32-bit signed integer type or HAPI double. Dropping variable.
  H_Counts_ChanP:
    Variable 'H_Counts_ChanP' has unhandled DataType: CDF_INT8 that cannot be mappedto HAPI 32-bit signed integer type or HAPI double. Dropping variable.
    Variable 'H_Counts_ChanP' has unhandled DataType: CDF_INT8 that cannot be mappedto HAPI 32-bit signed integer type or HAPI double. Dropping variable.
  H_Counts_ChanR:
    Variable 'H_Counts_ChanR' has unhandled DataType: CDF_INT8 that cannot be mappedto HAPI 32-bit signed integer type or HAPI double. Dropping variable.
    Variable 'H_Counts_ChanR' has unhandled DataType: CDF_INT8 that cannot be mappedto HAPI 32-bit signed integer type or HAPI double. Dropping variable.
  H_Counts_ChanT:
    Variable 'H_Counts_ChanT' has unhandled DataType: CDF_INT8 that cannot be mappedto HAPI 32-bit signed integer type or HAPI double. Dropping variable.
    Variable 'H_Counts_ChanT' has unhandled DataType: CDF_INT8 that cannot be mappedto HAPI 32-bit signed integer type or HAPI double. Dropping variable.
PSP_ISOIS-EPILO_L2-PE | HAPI.NotImplemented:
  Electron_Counts_ChanE:
    Variable 'Electron_Counts_ChanE' has unhandled DataType: CDF_INT8 that cannot be mappedto HAPI 32-bit signed integer type or HAPI double. Dropping variable.
    Variable 'Electron_Counts_ChanE' has unhandled DataType: CDF_INT8 that cannot be mappedto HAPI 32-bit signed integer type or HAPI double. Dropping variable.
  H_Counts_ChanE:
    Variable 'H_Counts_ChanE' has unhandled DataType: CDF_INT8 that cannot be mappedto HAPI 32-bit signed integer type or HAPI double. Dropping variable.
    Variable 'H_Counts_ChanE' has unhandled DataType: CDF_INT8 that cannot be mappedto HAPI 32-bit signed integer type or HAPI double. Dropping variable.
  Electron_Counts_ChanF:
    Variable 'Electron_Counts_ChanF' has unhandled DataType: CDF_INT8 that cannot be mappedto HAPI 32-bit signed integer type or HAPI double. Dropping variable.
    Variable 'Electron_Counts_ChanF' has unhandled DataType: CDF_INT8 that cannot be mappedto HAPI 32-bit signed integer type or HAPI double. Dropping variable.
  H_Counts_ChanF:
    Variable 'H_Counts_ChanF' has unhandled DataType: CDF_INT8 that cannot be mappedto HAPI 32-bit signed integer type or HAPI double. Dropping variable.
    Variable 'H_Counts_ChanF' has unhandled DataType: CDF_INT8 that cannot be mappedto HAPI 32-bit signed integer type or HAPI double. Dropping variable.
  Electron_Counts_ChanG:
    Variable 'Electron_Counts_ChanG' has unhandled DataType: CDF_INT8 that cannot be mappedto HAPI 32-bit signed integer type or HAPI double. Dropping variable.
    Variable 'Electron_Counts_ChanG' has unhandled DataType: CDF_INT8 that cannot be mappedto HAPI 32-bit signed integer type or HAPI double. Dropping variable.
  H_Counts_ChanG:
    Variable 'H_Counts_ChanG' has unhandled DataType: CDF_INT8 that cannot be mappedto HAPI 32-bit signed integer type or HAPI double. Dropping variable.
    Variable 'H_Counts_ChanG' has unhandled DataType: CDF_INT8 that cannot be mappedto HAPI 32-bit signed integer type or HAPI double. Dropping variable.
REACH-VID-101_DOSIMETER-L1C | HAPI.NotImplemented:
  vid:
    Variable 'vid' has unhandled DataType: CDF_INT8 that cannot be mappedto HAPI 32-bit signed integer type or HAPI double. Dropping variable.
    Variable 'vid' has unhandled DataType: CDF_INT8 that cannot be mappedto HAPI 32-bit signed integer type or HAPI double. Dropping variable.
  species1:
    Variable 'species1' has unhandled DataType: CDF_INT8 that cannot be mappedto HAPI 32-bit signed integer type or HAPI double. Dropping variable.
    Variable 'species1' has unhandled DataType: CDF_INT8 that cannot be mappedto HAPI 32-bit signed integer type or HAPI double. Dropping variable.
  species2:
    Variable 'species2' has unhandled DataType: CDF_INT8 that cannot be mappedto HAPI 32-bit signed integer type or HAPI double. Dropping variable.
    Variable 'species2' has unhandled DataType: CDF_INT8 that cannot be mappedto HAPI 32-bit signed integer type or HAPI double. Dropping variable.
  region_code:
    Variable 'region_code' has unhandled DataType: CDF_INT8 that cannot be mappedto HAPI 32-bit signed integer type or HAPI double. Dropping variable.
    Variable 'region_code' has unhandled DataType: CDF_INT8 that cannot be mappedto HAPI 32-bit signed integer type or HAPI double. Dropping variable.
  orbit_status:
    Variable 'orbit_status' has unhandled DataType: CDF_INT8 that cannot be mappedto HAPI 32-bit signed integer type or HAPI double. Dropping variable.
    Variable 'orbit_status' has unhandled DataType: CDF_INT8 that cannot be mappedto HAPI 32-bit signed integer type or HAPI double. Dropping variable.
  flag:
    Variable 'flag' has unhandled DataType: CDF_INT8 that cannot be mappedto HAPI 32-bit signed integer type or HAPI double. Dropping variable.
    Variable 'flag' has unhandled DataType: CDF_INT8 that cannot be mappedto HAPI 32-bit signed integer type or HAPI double. Dropping variable.
REACH-VID-102_DOSIMETER-L1C | HAPI.NotImplemented:
  vid:
    Variable 'vid' has unhandled DataType: CDF_INT8 that cannot be mappedto HAPI 32-bit signed integer type or HAPI double. Dropping variable.
    Variable 'vid' has unhandled DataType: CDF_INT8 that cannot be mappedto HAPI 32-bit signed integer type or HAPI double. Dropping variable.
  species1:
    Variable 'species1' has unhandled DataType: CDF_INT8 that cannot be mappedto HAPI 32-bit signed integer type or HAPI double. Dropping variable.
    Variable 'species1' has unhandled DataType: CDF_INT8 that cannot be mappedto HAPI 32-bit signed integer type or HAPI double. Dropping variable.
  species2:
    Variable 'species2' has unhandled DataType: CDF_INT8 that cannot be mappedto HAPI 32-bit signed integer type or HAPI double. Dropping variable.
    Variable 'species2' has unhandled DataType: CDF_INT8 that cannot be mappedto HAPI 32-bit signed integer type or HAPI double. Dropping variable.
  region_code:
    Variable 'region_code' has unhandled DataType: CDF_INT8 that cannot be mappedto HAPI 32-bit signed integer type or HAPI double. Dropping variable.
    Variable 'region_code' has unhandled DataType: CDF_INT8 that cannot be mappedto HAPI 32-bit signed integer type or HAPI double. Dropping variable.
  orbit_status:
    Variable 'orbit_status' has unhandled DataType: CDF_INT8 that cannot be mappedto HAPI 32-bit signed integer type or HAPI double. Dropping variable.
    Variable 'orbit_status' has unhandled DataType: CDF_INT8 that cannot be mappedto HAPI 32-bit signed integer type or HAPI double. Dropping variable.
  flag:
    Variable 'flag' has unhandled DataType: CDF_INT8 that cannot be mappedto HAPI 32-bit signed integer type or HAPI double. Dropping variable.
    Variable 'flag' has unhandled DataType: CDF_INT8 that cannot be mappedto HAPI 32-bit signed integer type or HAPI double. Dropping variable.
REACH-VID-105_DOSIMETER-L1C | HAPI.NotImplemented:
  vid:
    Variable 'vid' has unhandled DataType: CDF_INT8 that cannot be mappedto HAPI 32-bit signed integer type or HAPI double. Dropping variable.
    Variable 'vid' has unhandled DataType: CDF_INT8 that cannot be mappedto HAPI 32-bit signed integer type or HAPI double. Dropping variable.
  species1:
    Variable 'species1' has unhandled DataType: CDF_INT8 that cannot be mappedto HAPI 32-bit signed integer type or HAPI double. Dropping variable.
    Variable 'species1' has unhandled DataType: CDF_INT8 that cannot be mappedto HAPI 32-bit signed integer type or HAPI double. Dropping variable.
  species2:
    Variable 'species2' has unhandled DataType: CDF_INT8 that cannot be mappedto HAPI 32-bit signed integer type or HAPI double. Dropping variable.
    Variable 'species2' has unhandled DataType: CDF_INT8 that cannot be mappedto HAPI 32-bit signed integer type or HAPI double. Dropping variable.
  region_code:
    Variable 'region_code' has unhandled DataType: CDF_INT8 that cannot be mappedto HAPI 32-bit signed integer type or HAPI double. Dropping variable.
    Variable 'region_code' has unhandled DataType: CDF_INT8 that cannot be mappedto HAPI 32-bit signed integer type or HAPI double. Dropping variable.
  orbit_status:
    Variable 'orbit_status' has unhandled DataType: CDF_INT8 that cannot be mappedto HAPI 32-bit signed integer type or HAPI double. Dropping variable.
    Variable 'orbit_status' has unhandled DataType: CDF_INT8 that cannot be mappedto HAPI 32-bit signed integer type or HAPI double. Dropping variable.
  flag:
    Variable 'flag' has unhandled DataType: CDF_INT8 that cannot be mappedto HAPI 32-bit signed integer type or HAPI double. Dropping variable.
    Variable 'flag' has unhandled DataType: CDF_INT8 that cannot be mappedto HAPI 32-bit signed integer type or HAPI double. Dropping variable.
REACH-VID-108_DOSIMETER-L1C | HAPI.NotImplemented:
  vid:
    Variable 'vid' has unhandled DataType: CDF_INT8 that cannot be mappedto HAPI 32-bit signed integer type or HAPI double. Dropping variable.
    Variable 'vid' has unhandled DataType: CDF_INT8 that cannot be mappedto HAPI 32-bit signed integer type or HAPI double. Dropping variable.
  species1:
    Variable 'species1' has unhandled DataType: CDF_INT8 that cannot be mappedto HAPI 32-bit signed integer type or HAPI double. Dropping variable.
    Variable 'species1' has unhandled DataType: CDF_INT8 that cannot be mappedto HAPI 32-bit signed integer type or HAPI double. Dropping variable.
  species2:
    Variable 'species2' has unhandled DataType: CDF_INT8 that cannot be mappedto HAPI 32-bit signed integer type or HAPI double. Dropping variable.
    Variable 'species2' has unhandled DataType: CDF_INT8 that cannot be mappedto HAPI 32-bit signed integer type or HAPI double. Dropping variable.
  region_code:
    Variable 'region_code' has unhandled DataType: CDF_INT8 that cannot be mappedto HAPI 32-bit signed integer type or HAPI double. Dropping variable.
    Variable 'region_code' has unhandled DataType: CDF_INT8 that cannot be mappedto HAPI 32-bit signed integer type or HAPI double. Dropping variable.
  orbit_status:
    Variable 'orbit_status' has unhandled DataType: CDF_INT8 that cannot be mappedto HAPI 32-bit signed integer type or HAPI double. Dropping variable.
    Variable 'orbit_status' has unhandled DataType: CDF_INT8 that cannot be mappedto HAPI 32-bit signed integer type or HAPI double. Dropping variable.
  flag:
    Variable 'flag' has unhandled DataType: CDF_INT8 that cannot be mappedto HAPI 32-bit signed integer type or HAPI double. Dropping variable.
    Variable 'flag' has unhandled DataType: CDF_INT8 that cannot be mappedto HAPI 32-bit signed integer type or HAPI double. Dropping variable.
REACH-VID-113_DOSIMETER-L1C | HAPI.NotImplemented:
  vid:
    Variable 'vid' has unhandled DataType: CDF_INT8 that cannot be mappedto HAPI 32-bit signed integer type or HAPI double. Dropping variable.
    Variable 'vid' has unhandled DataType: CDF_INT8 that cannot be mappedto HAPI 32-bit signed integer type or HAPI double. Dropping variable.
  species1:
    Variable 'species1' has unhandled DataType: CDF_INT8 that cannot be mappedto HAPI 32-bit signed integer type or HAPI double. Dropping variable.
    Variable 'species1' has unhandled DataType: CDF_INT8 that cannot be mappedto HAPI 32-bit signed integer type or HAPI double. Dropping variable.
  species2:
    Variable 'species2' has unhandled DataType: CDF_INT8 that cannot be mappedto HAPI 32-bit signed integer type or HAPI double. Dropping variable.
    Variable 'species2' has unhandled DataType: CDF_INT8 that cannot be mappedto HAPI 32-bit signed integer type or HAPI double. Dropping variable.
  region_code:
    Variable 'region_code' has unhandled DataType: CDF_INT8 that cannot be mappedto HAPI 32-bit signed integer type or HAPI double. Dropping variable.
    Variable 'region_code' has unhandled DataType: CDF_INT8 that cannot be mappedto HAPI 32-bit signed integer type or HAPI double. Dropping variable.
  orbit_status:
    Variable 'orbit_status' has unhandled DataType: CDF_INT8 that cannot be mappedto HAPI 32-bit signed integer type or HAPI double. Dropping variable.
    Variable 'orbit_status' has unhandled DataType: CDF_INT8 that cannot be mappedto HAPI 32-bit signed integer type or HAPI double. Dropping variable.
  flag:
    Variable 'flag' has unhandled DataType: CDF_INT8 that cannot be mappedto HAPI 32-bit signed integer type or HAPI double. Dropping variable.
    Variable 'flag' has unhandled DataType: CDF_INT8 that cannot be mappedto HAPI 32-bit signed integer type or HAPI double. Dropping variable.
REACH-VID-114_DOSIMETER-L1C | HAPI.NotImplemented:
  vid:
    Variable 'vid' has unhandled DataType: CDF_INT8 that cannot be mappedto HAPI 32-bit signed integer type or HAPI double. Dropping variable.
    Variable 'vid' has unhandled DataType: CDF_INT8 that cannot be mappedto HAPI 32-bit signed integer type or HAPI double. Dropping variable.
  species1:
    Variable 'species1' has unhandled DataType: CDF_INT8 that cannot be mappedto HAPI 32-bit signed integer type or HAPI double. Dropping variable.
    Variable 'species1' has unhandled DataType: CDF_INT8 that cannot be mappedto HAPI 32-bit signed integer type or HAPI double. Dropping variable.
  species2:
    Variable 'species2' has unhandled DataType: CDF_INT8 that cannot be mappedto HAPI 32-bit signed integer type or HAPI double. Dropping variable.
    Variable 'species2' has unhandled DataType: CDF_INT8 that cannot be mappedto HAPI 32-bit signed integer type or HAPI double. Dropping variable.
  region_code:
    Variable 'region_code' has unhandled DataType: CDF_INT8 that cannot be mappedto HAPI 32-bit signed integer type or HAPI double. Dropping variable.
    Variable 'region_code' has unhandled DataType: CDF_INT8 that cannot be mappedto HAPI 32-bit signed integer type or HAPI double. Dropping variable.
  orbit_status:
    Variable 'orbit_status' has unhandled DataType: CDF_INT8 that cannot be mappedto HAPI 32-bit signed integer type or HAPI double. Dropping variable.
    Variable 'orbit_status' has unhandled DataType: CDF_INT8 that cannot be mappedto HAPI 32-bit signed integer type or HAPI double. Dropping variable.
  flag:
    Variable 'flag' has unhandled DataType: CDF_INT8 that cannot be mappedto HAPI 32-bit signed integer type or HAPI double. Dropping variable.
    Variable 'flag' has unhandled DataType: CDF_INT8 that cannot be mappedto HAPI 32-bit signed integer type or HAPI double. Dropping variable.
REACH-VID-115_DOSIMETER-L1C | HAPI.NotImplemented:
  vid:
    Variable 'vid' has unhandled DataType: CDF_INT8 that cannot be mappedto HAPI 32-bit signed integer type or HAPI double. Dropping variable.
    Variable 'vid' has unhandled DataType: CDF_INT8 that cannot be mappedto HAPI 32-bit signed integer type or HAPI double. Dropping variable.
  species1:
    Variable 'species1' has unhandled DataType: CDF_INT8 that cannot be mappedto HAPI 32-bit signed integer type or HAPI double. Dropping variable.
    Variable 'species1' has unhandled DataType: CDF_INT8 that cannot be mappedto HAPI 32-bit signed integer type or HAPI double. Dropping variable.
  species2:
    Variable 'species2' has unhandled DataType: CDF_INT8 that cannot be mappedto HAPI 32-bit signed integer type or HAPI double. Dropping variable.
    Variable 'species2' has unhandled DataType: CDF_INT8 that cannot be mappedto HAPI 32-bit signed integer type or HAPI double. Dropping variable.
  region_code:
    Variable 'region_code' has unhandled DataType: CDF_INT8 that cannot be mappedto HAPI 32-bit signed integer type or HAPI double. Dropping variable.
    Variable 'region_code' has unhandled DataType: CDF_INT8 that cannot be mappedto HAPI 32-bit signed integer type or HAPI double. Dropping variable.
  orbit_status:
    Variable 'orbit_status' has unhandled DataType: CDF_INT8 that cannot be mappedto HAPI 32-bit signed integer type or HAPI double. Dropping variable.
    Variable 'orbit_status' has unhandled DataType: CDF_INT8 that cannot be mappedto HAPI 32-bit signed integer type or HAPI double. Dropping variable.
  flag:
    Variable 'flag' has unhandled DataType: CDF_INT8 that cannot be mappedto HAPI 32-bit signed integer type or HAPI double. Dropping variable.
    Variable 'flag' has unhandled DataType: CDF_INT8 that cannot be mappedto HAPI 32-bit signed integer type or HAPI double. Dropping variable.
REACH-VID-116_DOSIMETER-L1C | HAPI.NotImplemented:
  vid:
    Variable 'vid' has unhandled DataType: CDF_INT8 that cannot be mappedto HAPI 32-bit signed integer type or HAPI double. Dropping variable.
    Variable 'vid' has unhandled DataType: CDF_INT8 that cannot be mappedto HAPI 32-bit signed integer type or HAPI double. Dropping variable.
  species1:
    Variable 'species1' has unhandled DataType: CDF_INT8 that cannot be mappedto HAPI 32-bit signed integer type or HAPI double. Dropping variable.
    Variable 'species1' has unhandled DataType: CDF_INT8 that cannot be mappedto HAPI 32-bit signed integer type or HAPI double. Dropping variable.
  species2:
    Variable 'species2' has unhandled DataType: CDF_INT8 that cannot be mappedto HAPI 32-bit signed integer type or HAPI double. Dropping variable.
    Variable 'species2' has unhandled DataType: CDF_INT8 that cannot be mappedto HAPI 32-bit signed integer type or HAPI double. Dropping variable.
  region_code:
    Variable 'region_code' has unhandled DataType: CDF_INT8 that cannot be mappedto HAPI 32-bit signed integer type or HAPI double. Dropping variable.
    Variable 'region_code' has unhandled DataType: CDF_INT8 that cannot be mappedto HAPI 32-bit signed integer type or HAPI double. Dropping variable.
  orbit_status:
    Variable 'orbit_status' has unhandled DataType: CDF_INT8 that cannot be mappedto HAPI 32-bit signed integer type or HAPI double. Dropping variable.
    Variable 'orbit_status' has unhandled DataType: CDF_INT8 that cannot be mappedto HAPI 32-bit signed integer type or HAPI double. Dropping variable.
  flag:
    Variable 'flag' has unhandled DataType: CDF_INT8 that cannot be mappedto HAPI 32-bit signed integer type or HAPI double. Dropping variable.
    Variable 'flag' has unhandled DataType: CDF_INT8 that cannot be mappedto HAPI 32-bit signed integer type or HAPI double. Dropping variable.
REACH-VID-133_DOSIMETER-L1C | HAPI.NotImplemented:
  vid:
    Variable 'vid' has unhandled DataType: CDF_INT8 that cannot be mappedto HAPI 32-bit signed integer type or HAPI double. Dropping variable.
    Variable 'vid' has unhandled DataType: CDF_INT8 that cannot be mappedto HAPI 32-bit signed integer type or HAPI double. Dropping variable.
  species1:
    Variable 'species1' has unhandled DataType: CDF_INT8 that cannot be mappedto HAPI 32-bit signed integer type or HAPI double. Dropping variable.
    Variable 'species1' has unhandled DataType: CDF_INT8 that cannot be mappedto HAPI 32-bit signed integer type or HAPI double. Dropping variable.
  species2:
    Variable 'species2' has unhandled DataType: CDF_INT8 that cannot be mappedto HAPI 32-bit signed integer type or HAPI double. Dropping variable.
    Variable 'species2' has unhandled DataType: CDF_INT8 that cannot be mappedto HAPI 32-bit signed integer type or HAPI double. Dropping variable.
  region_code:
    Variable 'region_code' has unhandled DataType: CDF_INT8 that cannot be mappedto HAPI 32-bit signed integer type or HAPI double. Dropping variable.
    Variable 'region_code' has unhandled DataType: CDF_INT8 that cannot be mappedto HAPI 32-bit signed integer type or HAPI double. Dropping variable.
  orbit_status:
    Variable 'orbit_status' has unhandled DataType: CDF_INT8 that cannot be mappedto HAPI 32-bit signed integer type or HAPI double. Dropping variable.
    Variable 'orbit_status' has unhandled DataType: CDF_INT8 that cannot be mappedto HAPI 32-bit signed integer type or HAPI double. Dropping variable.
  flag:
    Variable 'flag' has unhandled DataType: CDF_INT8 that cannot be mappedto HAPI 32-bit signed integer type or HAPI double. Dropping variable.
    Variable 'flag' has unhandled DataType: CDF_INT8 that cannot be mappedto HAPI 32-bit signed integer type or HAPI double. Dropping variable.
REACH-VID-134_DOSIMETER-L1C | HAPI.NotImplemented:
  vid:
    Variable 'vid' has unhandled DataType: CDF_INT8 that cannot be mappedto HAPI 32-bit signed integer type or HAPI double. Dropping variable.
    Variable 'vid' has unhandled DataType: CDF_INT8 that cannot be mappedto HAPI 32-bit signed integer type or HAPI double. Dropping variable.
  species1:
    Variable 'species1' has unhandled DataType: CDF_INT8 that cannot be mappedto HAPI 32-bit signed integer type or HAPI double. Dropping variable.
    Variable 'species1' has unhandled DataType: CDF_INT8 that cannot be mappedto HAPI 32-bit signed integer type or HAPI double. Dropping variable.
  species2:
    Variable 'species2' has unhandled DataType: CDF_INT8 that cannot be mappedto HAPI 32-bit signed integer type or HAPI double. Dropping variable.
    Variable 'species2' has unhandled DataType: CDF_INT8 that cannot be mappedto HAPI 32-bit signed integer type or HAPI double. Dropping variable.
  region_code:
    Variable 'region_code' has unhandled DataType: CDF_INT8 that cannot be mappedto HAPI 32-bit signed integer type or HAPI double. Dropping variable.
    Variable 'region_code' has unhandled DataType: CDF_INT8 that cannot be mappedto HAPI 32-bit signed integer type or HAPI double. Dropping variable.
  orbit_status:
    Variable 'orbit_status' has unhandled DataType: CDF_INT8 that cannot be mappedto HAPI 32-bit signed integer type or HAPI double. Dropping variable.
    Variable 'orbit_status' has unhandled DataType: CDF_INT8 that cannot be mappedto HAPI 32-bit signed integer type or HAPI double. Dropping variable.
  flag:
    Variable 'flag' has unhandled DataType: CDF_INT8 that cannot be mappedto HAPI 32-bit signed integer type or HAPI double. Dropping variable.
    Variable 'flag' has unhandled DataType: CDF_INT8 that cannot be mappedto HAPI 32-bit signed integer type or HAPI double. Dropping variable.
REACH-VID-135_DOSIMETER-L1C | HAPI.NotImplemented:
  vid:
    Variable 'vid' has unhandled DataType: CDF_INT8 that cannot be mappedto HAPI 32-bit signed integer type or HAPI double. Dropping variable.
    Variable 'vid' has unhandled DataType: CDF_INT8 that cannot be mappedto HAPI 32-bit signed integer type or HAPI double. Dropping variable.
  species1:
    Variable 'species1' has unhandled DataType: CDF_INT8 that cannot be mappedto HAPI 32-bit signed integer type or HAPI double. Dropping variable.
    Variable 'species1' has unhandled DataType: CDF_INT8 that cannot be mappedto HAPI 32-bit signed integer type or HAPI double. Dropping variable.
  species2:
    Variable 'species2' has unhandled DataType: CDF_INT8 that cannot be mappedto HAPI 32-bit signed integer type or HAPI double. Dropping variable.
    Variable 'species2' has unhandled DataType: CDF_INT8 that cannot be mappedto HAPI 32-bit signed integer type or HAPI double. Dropping variable.
  region_code:
    Variable 'region_code' has unhandled DataType: CDF_INT8 that cannot be mappedto HAPI 32-bit signed integer type or HAPI double. Dropping variable.
    Variable 'region_code' has unhandled DataType: CDF_INT8 that cannot be mappedto HAPI 32-bit signed integer type or HAPI double. Dropping variable.
  orbit_status:
    Variable 'orbit_status' has unhandled DataType: CDF_INT8 that cannot be mappedto HAPI 32-bit signed integer type or HAPI double. Dropping variable.
    Variable 'orbit_status' has unhandled DataType: CDF_INT8 that cannot be mappedto HAPI 32-bit signed integer type or HAPI double. Dropping variable.
  flag:
    Variable 'flag' has unhandled DataType: CDF_INT8 that cannot be mappedto HAPI 32-bit signed integer type or HAPI double. Dropping variable.
    Variable 'flag' has unhandled DataType: CDF_INT8 that cannot be mappedto HAPI 32-bit signed integer type or HAPI double. Dropping variable.
REACH-VID-136_DOSIMETER-L1C | HAPI.NotImplemented:
  vid:
    Variable 'vid' has unhandled DataType: CDF_INT8 that cannot be mappedto HAPI 32-bit signed integer type or HAPI double. Dropping variable.
    Variable 'vid' has unhandled DataType: CDF_INT8 that cannot be mappedto HAPI 32-bit signed integer type or HAPI double. Dropping variable.
  species1:
    Variable 'species1' has unhandled DataType: CDF_INT8 that cannot be mappedto HAPI 32-bit signed integer type or HAPI double. Dropping variable.
    Variable 'species1' has unhandled DataType: CDF_INT8 that cannot be mappedto HAPI 32-bit signed integer type or HAPI double. Dropping variable.
  species2:
    Variable 'species2' has unhandled DataType: CDF_INT8 that cannot be mappedto HAPI 32-bit signed integer type or HAPI double. Dropping variable.
    Variable 'species2' has unhandled DataType: CDF_INT8 that cannot be mappedto HAPI 32-bit signed integer type or HAPI double. Dropping variable.
  region_code:
    Variable 'region_code' has unhandled DataType: CDF_INT8 that cannot be mappedto HAPI 32-bit signed integer type or HAPI double. Dropping variable.
    Variable 'region_code' has unhandled DataType: CDF_INT8 that cannot be mappedto HAPI 32-bit signed integer type or HAPI double. Dropping variable.
  orbit_status:
    Variable 'orbit_status' has unhandled DataType: CDF_INT8 that cannot be mappedto HAPI 32-bit signed integer type or HAPI double. Dropping variable.
    Variable 'orbit_status' has unhandled DataType: CDF_INT8 that cannot be mappedto HAPI 32-bit signed integer type or HAPI double. Dropping variable.
  flag:
    Variable 'flag' has unhandled DataType: CDF_INT8 that cannot be mappedto HAPI 32-bit signed integer type or HAPI double. Dropping variable.
    Variable 'flag' has unhandled DataType: CDF_INT8 that cannot be mappedto HAPI 32-bit signed integer type or HAPI double. Dropping variable.
REACH-VID-137_DOSIMETER-L1C | HAPI.NotImplemented:
  vid:
    Variable 'vid' has unhandled DataType: CDF_INT8 that cannot be mappedto HAPI 32-bit signed integer type or HAPI double. Dropping variable.
    Variable 'vid' has unhandled DataType: CDF_INT8 that cannot be mappedto HAPI 32-bit signed integer type or HAPI double. Dropping variable.
  species1:
    Variable 'species1' has unhandled DataType: CDF_INT8 that cannot be mappedto HAPI 32-bit signed integer type or HAPI double. Dropping variable.
    Variable 'species1' has unhandled DataType: CDF_INT8 that cannot be mappedto HAPI 32-bit signed integer type or HAPI double. Dropping variable.
  species2:
    Variable 'species2' has unhandled DataType: CDF_INT8 that cannot be mappedto HAPI 32-bit signed integer type or HAPI double. Dropping variable.
    Variable 'species2' has unhandled DataType: CDF_INT8 that cannot be mappedto HAPI 32-bit signed integer type or HAPI double. Dropping variable.
  region_code:
    Variable 'region_code' has unhandled DataType: CDF_INT8 that cannot be mappedto HAPI 32-bit signed integer type or HAPI double. Dropping variable.
    Variable 'region_code' has unhandled DataType: CDF_INT8 that cannot be mappedto HAPI 32-bit signed integer type or HAPI double. Dropping variable.
  orbit_status:
    Variable 'orbit_status' has unhandled DataType: CDF_INT8 that cannot be mappedto HAPI 32-bit signed integer type or HAPI double. Dropping variable.
    Variable 'orbit_status' has unhandled DataType: CDF_INT8 that cannot be mappedto HAPI 32-bit signed integer type or HAPI double. Dropping variable.
  flag:
    Variable 'flag' has unhandled DataType: CDF_INT8 that cannot be mappedto HAPI 32-bit signed integer type or HAPI double. Dropping variable.
    Variable 'flag' has unhandled DataType: CDF_INT8 that cannot be mappedto HAPI 32-bit signed integer type or HAPI double. Dropping variable.
REACH-VID-138_DOSIMETER-L1C | HAPI.NotImplemented:
  vid:
    Variable 'vid' has unhandled DataType: CDF_INT8 that cannot be mappedto HAPI 32-bit signed integer type or HAPI double. Dropping variable.
    Variable 'vid' has unhandled DataType: CDF_INT8 that cannot be mappedto HAPI 32-bit signed integer type or HAPI double. Dropping variable.
  species1:
    Variable 'species1' has unhandled DataType: CDF_INT8 that cannot be mappedto HAPI 32-bit signed integer type or HAPI double. Dropping variable.
    Variable 'species1' has unhandled DataType: CDF_INT8 that cannot be mappedto HAPI 32-bit signed integer type or HAPI double. Dropping variable.
  species2:
    Variable 'species2' has unhandled DataType: CDF_INT8 that cannot be mappedto HAPI 32-bit signed integer type or HAPI double. Dropping variable.
    Variable 'species2' has unhandled DataType: CDF_INT8 that cannot be mappedto HAPI 32-bit signed integer type or HAPI double. Dropping variable.
  region_code:
    Variable 'region_code' has unhandled DataType: CDF_INT8 that cannot be mappedto HAPI 32-bit signed integer type or HAPI double. Dropping variable.
    Variable 'region_code' has unhandled DataType: CDF_INT8 that cannot be mappedto HAPI 32-bit signed integer type or HAPI double. Dropping variable.
  orbit_status:
    Variable 'orbit_status' has unhandled DataType: CDF_INT8 that cannot be mappedto HAPI 32-bit signed integer type or HAPI double. Dropping variable.
    Variable 'orbit_status' has unhandled DataType: CDF_INT8 that cannot be mappedto HAPI 32-bit signed integer type or HAPI double. Dropping variable.
  flag:
    Variable 'flag' has unhandled DataType: CDF_INT8 that cannot be mappedto HAPI 32-bit signed integer type or HAPI double. Dropping variable.
    Variable 'flag' has unhandled DataType: CDF_INT8 that cannot be mappedto HAPI 32-bit signed integer type or HAPI double. Dropping variable.
REACH-VID-139_DOSIMETER-L1C | HAPI.NotImplemented:
  vid:
    Variable 'vid' has unhandled DataType: CDF_INT8 that cannot be mappedto HAPI 32-bit signed integer type or HAPI double. Dropping variable.
    Variable 'vid' has unhandled DataType: CDF_INT8 that cannot be mappedto HAPI 32-bit signed integer type or HAPI double. Dropping variable.
  species1:
    Variable 'species1' has unhandled DataType: CDF_INT8 that cannot be mappedto HAPI 32-bit signed integer type or HAPI double. Dropping variable.
    Variable 'species1' has unhandled DataType: CDF_INT8 that cannot be mappedto HAPI 32-bit signed integer type or HAPI double. Dropping variable.
  species2:
    Variable 'species2' has unhandled DataType: CDF_INT8 that cannot be mappedto HAPI 32-bit signed integer type or HAPI double. Dropping variable.
    Variable 'species2' has unhandled DataType: CDF_INT8 that cannot be mappedto HAPI 32-bit signed integer type or HAPI double. Dropping variable.
  region_code:
    Variable 'region_code' has unhandled DataType: CDF_INT8 that cannot be mappedto HAPI 32-bit signed integer type or HAPI double. Dropping variable.
    Variable 'region_code' has unhandled DataType: CDF_INT8 that cannot be mappedto HAPI 32-bit signed integer type or HAPI double. Dropping variable.
  orbit_status:
    Variable 'orbit_status' has unhandled DataType: CDF_INT8 that cannot be mappedto HAPI 32-bit signed integer type or HAPI double. Dropping variable.
    Variable 'orbit_status' has unhandled DataType: CDF_INT8 that cannot be mappedto HAPI 32-bit signed integer type or HAPI double. Dropping variable.
  flag:
    Variable 'flag' has unhandled DataType: CDF_INT8 that cannot be mappedto HAPI 32-bit signed integer type or HAPI double. Dropping variable.
    Variable 'flag' has unhandled DataType: CDF_INT8 that cannot be mappedto HAPI 32-bit signed integer type or HAPI double. Dropping variable.
REACH-VID-140_DOSIMETER-L1C | HAPI.NotImplemented:
  vid:
    Variable 'vid' has unhandled DataType: CDF_INT8 that cannot be mappedto HAPI 32-bit signed integer type or HAPI double. Dropping variable.
    Variable 'vid' has unhandled DataType: CDF_INT8 that cannot be mappedto HAPI 32-bit signed integer type or HAPI double. Dropping variable.
  species1:
    Variable 'species1' has unhandled DataType: CDF_INT8 that cannot be mappedto HAPI 32-bit signed integer type or HAPI double. Dropping variable.
    Variable 'species1' has unhandled DataType: CDF_INT8 that cannot be mappedto HAPI 32-bit signed integer type or HAPI double. Dropping variable.
  species2:
    Variable 'species2' has unhandled DataType: CDF_INT8 that cannot be mappedto HAPI 32-bit signed integer type or HAPI double. Dropping variable.
    Variable 'species2' has unhandled DataType: CDF_INT8 that cannot be mappedto HAPI 32-bit signed integer type or HAPI double. Dropping variable.
  region_code:
    Variable 'region_code' has unhandled DataType: CDF_INT8 that cannot be mappedto HAPI 32-bit signed integer type or HAPI double. Dropping variable.
    Variable 'region_code' has unhandled DataType: CDF_INT8 that cannot be mappedto HAPI 32-bit signed integer type or HAPI double. Dropping variable.
  orbit_status:
    Variable 'orbit_status' has unhandled DataType: CDF_INT8 that cannot be mappedto HAPI 32-bit signed integer type or HAPI double. Dropping variable.
    Variable 'orbit_status' has unhandled DataType: CDF_INT8 that cannot be mappedto HAPI 32-bit signed integer type or HAPI double. Dropping variable.
  flag:
    Variable 'flag' has unhandled DataType: CDF_INT8 that cannot be mappedto HAPI 32-bit signed integer type or HAPI double. Dropping variable.
    Variable 'flag' has unhandled DataType: CDF_INT8 that cannot be mappedto HAPI 32-bit signed integer type or HAPI double. Dropping variable.
REACH-VID-148_DOSIMETER-L1C | HAPI.NotImplemented:
  vid:
    Variable 'vid' has unhandled DataType: CDF_INT8 that cannot be mappedto HAPI 32-bit signed integer type or HAPI double. Dropping variable.
    Variable 'vid' has unhandled DataType: CDF_INT8 that cannot be mappedto HAPI 32-bit signed integer type or HAPI double. Dropping variable.
  species1:
    Variable 'species1' has unhandled DataType: CDF_INT8 that cannot be mappedto HAPI 32-bit signed integer type or HAPI double. Dropping variable.
    Variable 'species1' has unhandled DataType: CDF_INT8 that cannot be mappedto HAPI 32-bit signed integer type or HAPI double. Dropping variable.
  species2:
    Variable 'species2' has unhandled DataType: CDF_INT8 that cannot be mappedto HAPI 32-bit signed integer type or HAPI double. Dropping variable.
    Variable 'species2' has unhandled DataType: CDF_INT8 that cannot be mappedto HAPI 32-bit signed integer type or HAPI double. Dropping variable.
  region_code:
    Variable 'region_code' has unhandled DataType: CDF_INT8 that cannot be mappedto HAPI 32-bit signed integer type or HAPI double. Dropping variable.
    Variable 'region_code' has unhandled DataType: CDF_INT8 that cannot be mappedto HAPI 32-bit signed integer type or HAPI double. Dropping variable.
  orbit_status:
    Variable 'orbit_status' has unhandled DataType: CDF_INT8 that cannot be mappedto HAPI 32-bit signed integer type or HAPI double. Dropping variable.
    Variable 'orbit_status' has unhandled DataType: CDF_INT8 that cannot be mappedto HAPI 32-bit signed integer type or HAPI double. Dropping variable.
  flag:
    Variable 'flag' has unhandled DataType: CDF_INT8 that cannot be mappedto HAPI 32-bit signed integer type or HAPI double. Dropping variable.
    Variable 'flag' has unhandled DataType: CDF_INT8 that cannot be mappedto HAPI 32-bit signed integer type or HAPI double. Dropping variable.
REACH-VID-149_DOSIMETER-L1C | HAPI.NotImplemented:
  vid:
    Variable 'vid' has unhandled DataType: CDF_INT8 that cannot be mappedto HAPI 32-bit signed integer type or HAPI double. Dropping variable.
    Variable 'vid' has unhandled DataType: CDF_INT8 that cannot be mappedto HAPI 32-bit signed integer type or HAPI double. Dropping variable.
  species1:
    Variable 'species1' has unhandled DataType: CDF_INT8 that cannot be mappedto HAPI 32-bit signed integer type or HAPI double. Dropping variable.
    Variable 'species1' has unhandled DataType: CDF_INT8 that cannot be mappedto HAPI 32-bit signed integer type or HAPI double. Dropping variable.
  species2:
    Variable 'species2' has unhandled DataType: CDF_INT8 that cannot be mappedto HAPI 32-bit signed integer type or HAPI double. Dropping variable.
    Variable 'species2' has unhandled DataType: CDF_INT8 that cannot be mappedto HAPI 32-bit signed integer type or HAPI double. Dropping variable.
  region_code:
    Variable 'region_code' has unhandled DataType: CDF_INT8 that cannot be mappedto HAPI 32-bit signed integer type or HAPI double. Dropping variable.
    Variable 'region_code' has unhandled DataType: CDF_INT8 that cannot be mappedto HAPI 32-bit signed integer type or HAPI double. Dropping variable.
  orbit_status:
    Variable 'orbit_status' has unhandled DataType: CDF_INT8 that cannot be mappedto HAPI 32-bit signed integer type or HAPI double. Dropping variable.
    Variable 'orbit_status' has unhandled DataType: CDF_INT8 that cannot be mappedto HAPI 32-bit signed integer type or HAPI double. Dropping variable.
  flag:
    Variable 'flag' has unhandled DataType: CDF_INT8 that cannot be mappedto HAPI 32-bit signed integer type or HAPI double. Dropping variable.
    Variable 'flag' has unhandled DataType: CDF_INT8 that cannot be mappedto HAPI 32-bit signed integer type or HAPI double. Dropping variable.
REACH-VID-162_DOSIMETER-L1C | HAPI.NotImplemented:
  vid:
    Variable 'vid' has unhandled DataType: CDF_INT8 that cannot be mappedto HAPI 32-bit signed integer type or HAPI double. Dropping variable.
    Variable 'vid' has unhandled DataType: CDF_INT8 that cannot be mappedto HAPI 32-bit signed integer type or HAPI double. Dropping variable.
  species1:
    Variable 'species1' has unhandled DataType: CDF_INT8 that cannot be mappedto HAPI 32-bit signed integer type or HAPI double. Dropping variable.
    Variable 'species1' has unhandled DataType: CDF_INT8 that cannot be mappedto HAPI 32-bit signed integer type or HAPI double. Dropping variable.
  species2:
    Variable 'species2' has unhandled DataType: CDF_INT8 that cannot be mappedto HAPI 32-bit signed integer type or HAPI double. Dropping variable.
    Variable 'species2' has unhandled DataType: CDF_INT8 that cannot be mappedto HAPI 32-bit signed integer type or HAPI double. Dropping variable.
  region_code:
    Variable 'region_code' has unhandled DataType: CDF_INT8 that cannot be mappedto HAPI 32-bit signed integer type or HAPI double. Dropping variable.
    Variable 'region_code' has unhandled DataType: CDF_INT8 that cannot be mappedto HAPI 32-bit signed integer type or HAPI double. Dropping variable.
  orbit_status:
    Variable 'orbit_status' has unhandled DataType: CDF_INT8 that cannot be mappedto HAPI 32-bit signed integer type or HAPI double. Dropping variable.
    Variable 'orbit_status' has unhandled DataType: CDF_INT8 that cannot be mappedto HAPI 32-bit signed integer type or HAPI double. Dropping variable.
  flag:
    Variable 'flag' has unhandled DataType: CDF_INT8 that cannot be mappedto HAPI 32-bit signed integer type or HAPI double. Dropping variable.
    Variable 'flag' has unhandled DataType: CDF_INT8 that cannot be mappedto HAPI 32-bit signed integer type or HAPI double. Dropping variable.
REACH-VID-163_DOSIMETER-L1C | HAPI.NotImplemented:
  vid:
    Variable 'vid' has unhandled DataType: CDF_INT8 that cannot be mappedto HAPI 32-bit signed integer type or HAPI double. Dropping variable.
    Variable 'vid' has unhandled DataType: CDF_INT8 that cannot be mappedto HAPI 32-bit signed integer type or HAPI double. Dropping variable.
  species1:
    Variable 'species1' has unhandled DataType: CDF_INT8 that cannot be mappedto HAPI 32-bit signed integer type or HAPI double. Dropping variable.
    Variable 'species1' has unhandled DataType: CDF_INT8 that cannot be mappedto HAPI 32-bit signed integer type or HAPI double. Dropping variable.
  species2:
    Variable 'species2' has unhandled DataType: CDF_INT8 that cannot be mappedto HAPI 32-bit signed integer type or HAPI double. Dropping variable.
    Variable 'species2' has unhandled DataType: CDF_INT8 that cannot be mappedto HAPI 32-bit signed integer type or HAPI double. Dropping variable.
  region_code:
    Variable 'region_code' has unhandled DataType: CDF_INT8 that cannot be mappedto HAPI 32-bit signed integer type or HAPI double. Dropping variable.
    Variable 'region_code' has unhandled DataType: CDF_INT8 that cannot be mappedto HAPI 32-bit signed integer type or HAPI double. Dropping variable.
  orbit_status:
    Variable 'orbit_status' has unhandled DataType: CDF_INT8 that cannot be mappedto HAPI 32-bit signed integer type or HAPI double. Dropping variable.
    Variable 'orbit_status' has unhandled DataType: CDF_INT8 that cannot be mappedto HAPI 32-bit signed integer type or HAPI double. Dropping variable.
  flag:
    Variable 'flag' has unhandled DataType: CDF_INT8 that cannot be mappedto HAPI 32-bit signed integer type or HAPI double. Dropping variable.
    Variable 'flag' has unhandled DataType: CDF_INT8 that cannot be mappedto HAPI 32-bit signed integer type or HAPI double. Dropping variable.
REACH-VID-164_DOSIMETER-L1C | HAPI.NotImplemented:
  vid:
    Variable 'vid' has unhandled DataType: CDF_INT8 that cannot be mappedto HAPI 32-bit signed integer type or HAPI double. Dropping variable.
    Variable 'vid' has unhandled DataType: CDF_INT8 that cannot be mappedto HAPI 32-bit signed integer type or HAPI double. Dropping variable.
  species1:
    Variable 'species1' has unhandled DataType: CDF_INT8 that cannot be mappedto HAPI 32-bit signed integer type or HAPI double. Dropping variable.
    Variable 'species1' has unhandled DataType: CDF_INT8 that cannot be mappedto HAPI 32-bit signed integer type or HAPI double. Dropping variable.
  species2:
    Variable 'species2' has unhandled DataType: CDF_INT8 that cannot be mappedto HAPI 32-bit signed integer type or HAPI double. Dropping variable.
    Variable 'species2' has unhandled DataType: CDF_INT8 that cannot be mappedto HAPI 32-bit signed integer type or HAPI double. Dropping variable.
  region_code:
    Variable 'region_code' has unhandled DataType: CDF_INT8 that cannot be mappedto HAPI 32-bit signed integer type or HAPI double. Dropping variable.
    Variable 'region_code' has unhandled DataType: CDF_INT8 that cannot be mappedto HAPI 32-bit signed integer type or HAPI double. Dropping variable.
  orbit_status:
    Variable 'orbit_status' has unhandled DataType: CDF_INT8 that cannot be mappedto HAPI 32-bit signed integer type or HAPI double. Dropping variable.
    Variable 'orbit_status' has unhandled DataType: CDF_INT8 that cannot be mappedto HAPI 32-bit signed integer type or HAPI double. Dropping variable.
  flag:
    Variable 'flag' has unhandled DataType: CDF_INT8 that cannot be mappedto HAPI 32-bit signed integer type or HAPI double. Dropping variable.
    Variable 'flag' has unhandled DataType: CDF_INT8 that cannot be mappedto HAPI 32-bit signed integer type or HAPI double. Dropping variable.
REACH-VID-165_DOSIMETER-L1C | HAPI.NotImplemented:
  vid:
    Variable 'vid' has unhandled DataType: CDF_INT8 that cannot be mappedto HAPI 32-bit signed integer type or HAPI double. Dropping variable.
    Variable 'vid' has unhandled DataType: CDF_INT8 that cannot be mappedto HAPI 32-bit signed integer type or HAPI double. Dropping variable.
  species1:
    Variable 'species1' has unhandled DataType: CDF_INT8 that cannot be mappedto HAPI 32-bit signed integer type or HAPI double. Dropping variable.
    Variable 'species1' has unhandled DataType: CDF_INT8 that cannot be mappedto HAPI 32-bit signed integer type or HAPI double. Dropping variable.
  species2:
    Variable 'species2' has unhandled DataType: CDF_INT8 that cannot be mappedto HAPI 32-bit signed integer type or HAPI double. Dropping variable.
    Variable 'species2' has unhandled DataType: CDF_INT8 that cannot be mappedto HAPI 32-bit signed integer type or HAPI double. Dropping variable.
  region_code:
    Variable 'region_code' has unhandled DataType: CDF_INT8 that cannot be mappedto HAPI 32-bit signed integer type or HAPI double. Dropping variable.
    Variable 'region_code' has unhandled DataType: CDF_INT8 that cannot be mappedto HAPI 32-bit signed integer type or HAPI double. Dropping variable.
  orbit_status:
    Variable 'orbit_status' has unhandled DataType: CDF_INT8 that cannot be mappedto HAPI 32-bit signed integer type or HAPI double. Dropping variable.
    Variable 'orbit_status' has unhandled DataType: CDF_INT8 that cannot be mappedto HAPI 32-bit signed integer type or HAPI double. Dropping variable.
  flag:
    Variable 'flag' has unhandled DataType: CDF_INT8 that cannot be mappedto HAPI 32-bit signed integer type or HAPI double. Dropping variable.
    Variable 'flag' has unhandled DataType: CDF_INT8 that cannot be mappedto HAPI 32-bit signed integer type or HAPI double. Dropping variable.
REACH-VID-166_DOSIMETER-L1C | HAPI.NotImplemented:
  year:
    Variable 'year' has unhandled DataType: CDF_INT8 that cannot be mappedto HAPI 32-bit signed integer type or HAPI double. Dropping variable.
    Variable 'year' has unhandled DataType: CDF_INT8 that cannot be mappedto HAPI 32-bit signed integer type or HAPI double. Dropping variable.
  month:
    Variable 'month' has unhandled DataType: CDF_INT8 that cannot be mappedto HAPI 32-bit signed integer type or HAPI double. Dropping variable.
    Variable 'month' has unhandled DataType: CDF_INT8 that cannot be mappedto HAPI 32-bit signed integer type or HAPI double. Dropping variable.
  day:
    Variable 'day' has unhandled DataType: CDF_INT8 that cannot be mappedto HAPI 32-bit signed integer type or HAPI double. Dropping variable.
    Variable 'day' has unhandled DataType: CDF_INT8 that cannot be mappedto HAPI 32-bit signed integer type or HAPI double. Dropping variable.
  hour:
    Variable 'hour' has unhandled DataType: CDF_INT8 that cannot be mappedto HAPI 32-bit signed integer type or HAPI double. Dropping variable.
    Variable 'hour' has unhandled DataType: CDF_INT8 that cannot be mappedto HAPI 32-bit signed integer type or HAPI double. Dropping variable.
  minute:
    Variable 'minute' has unhandled DataType: CDF_INT8 that cannot be mappedto HAPI 32-bit signed integer type or HAPI double. Dropping variable.
    Variable 'minute' has unhandled DataType: CDF_INT8 that cannot be mappedto HAPI 32-bit signed integer type or HAPI double. Dropping variable.
  seconds:
    Variable 'seconds' has unhandled DataType: CDF_INT8 that cannot be mappedto HAPI 32-bit signed integer type or HAPI double. Dropping variable.
    Variable 'seconds' has unhandled DataType: CDF_INT8 that cannot be mappedto HAPI 32-bit signed integer type or HAPI double. Dropping variable.
  vid:
    Variable 'vid' has unhandled DataType: CDF_INT8 that cannot be mappedto HAPI 32-bit signed integer type or HAPI double. Dropping variable.
    Variable 'vid' has unhandled DataType: CDF_INT8 that cannot be mappedto HAPI 32-bit signed integer type or HAPI double. Dropping variable.
  species1:
    Variable 'species1' has unhandled DataType: CDF_INT8 that cannot be mappedto HAPI 32-bit signed integer type or HAPI double. Dropping variable.
    Variable 'species1' has unhandled DataType: CDF_INT8 that cannot be mappedto HAPI 32-bit signed integer type or HAPI double. Dropping variable.
  species2:
    Variable 'species2' has unhandled DataType: CDF_INT8 that cannot be mappedto HAPI 32-bit signed integer type or HAPI double. Dropping variable.
    Variable 'species2' has unhandled DataType: CDF_INT8 that cannot be mappedto HAPI 32-bit signed integer type or HAPI double. Dropping variable.
  region_code:
    Variable 'region_code' has unhandled DataType: CDF_INT8 that cannot be mappedto HAPI 32-bit signed integer type or HAPI double. Dropping variable.
    Variable 'region_code' has unhandled DataType: CDF_INT8 that cannot be mappedto HAPI 32-bit signed integer type or HAPI double. Dropping variable.
  orbit_status:
    Variable 'orbit_status' has unhandled DataType: CDF_INT8 that cannot be mappedto HAPI 32-bit signed integer type or HAPI double. Dropping variable.
    Variable 'orbit_status' has unhandled DataType: CDF_INT8 that cannot be mappedto HAPI 32-bit signed integer type or HAPI double. Dropping variable.
  flag:
    Variable 'flag' has unhandled DataType: CDF_INT8 that cannot be mappedto HAPI 32-bit signed integer type or HAPI double. Dropping variable.
    Variable 'flag' has unhandled DataType: CDF_INT8 that cannot be mappedto HAPI 32-bit signed integer type or HAPI double. Dropping variable.
REACH-VID-169_DOSIMETER-L1C | HAPI.NotImplemented:
  vid:
    Variable 'vid' has unhandled DataType: CDF_INT8 that cannot be mappedto HAPI 32-bit signed integer type or HAPI double. Dropping variable.
    Variable 'vid' has unhandled DataType: CDF_INT8 that cannot be mappedto HAPI 32-bit signed integer type or HAPI double. Dropping variable.
  species1:
    Variable 'species1' has unhandled DataType: CDF_INT8 that cannot be mappedto HAPI 32-bit signed integer type or HAPI double. Dropping variable.
    Variable 'species1' has unhandled DataType: CDF_INT8 that cannot be mappedto HAPI 32-bit signed integer type or HAPI double. Dropping variable.
  species2:
    Variable 'species2' has unhandled DataType: CDF_INT8 that cannot be mappedto HAPI 32-bit signed integer type or HAPI double. Dropping variable.
    Variable 'species2' has unhandled DataType: CDF_INT8 that cannot be mappedto HAPI 32-bit signed integer type or HAPI double. Dropping variable.
  region_code:
    Variable 'region_code' has unhandled DataType: CDF_INT8 that cannot be mappedto HAPI 32-bit signed integer type or HAPI double. Dropping variable.
    Variable 'region_code' has unhandled DataType: CDF_INT8 that cannot be mappedto HAPI 32-bit signed integer type or HAPI double. Dropping variable.
  orbit_status:
    Variable 'orbit_status' has unhandled DataType: CDF_INT8 that cannot be mappedto HAPI 32-bit signed integer type or HAPI double. Dropping variable.
    Variable 'orbit_status' has unhandled DataType: CDF_INT8 that cannot be mappedto HAPI 32-bit signed integer type or HAPI double. Dropping variable.
  flag:
    Variable 'flag' has unhandled DataType: CDF_INT8 that cannot be mappedto HAPI 32-bit signed integer type or HAPI double. Dropping variable.
    Variable 'flag' has unhandled DataType: CDF_INT8 that cannot be mappedto HAPI 32-bit signed integer type or HAPI double. Dropping variable.
REACH-VID-170_DOSIMETER-L1C | HAPI.NotImplemented:
  vid:
    Variable 'vid' has unhandled DataType: CDF_INT8 that cannot be mappedto HAPI 32-bit signed integer type or HAPI double. Dropping variable.
    Variable 'vid' has unhandled DataType: CDF_INT8 that cannot be mappedto HAPI 32-bit signed integer type or HAPI double. Dropping variable.
  species1:
    Variable 'species1' has unhandled DataType: CDF_INT8 that cannot be mappedto HAPI 32-bit signed integer type or HAPI double. Dropping variable.
    Variable 'species1' has unhandled DataType: CDF_INT8 that cannot be mappedto HAPI 32-bit signed integer type or HAPI double. Dropping variable.
  species2:
    Variable 'species2' has unhandled DataType: CDF_INT8 that cannot be mappedto HAPI 32-bit signed integer type or HAPI double. Dropping variable.
    Variable 'species2' has unhandled DataType: CDF_INT8 that cannot be mappedto HAPI 32-bit signed integer type or HAPI double. Dropping variable.
  region_code:
    Variable 'region_code' has unhandled DataType: CDF_INT8 that cannot be mappedto HAPI 32-bit signed integer type or HAPI double. Dropping variable.
    Variable 'region_code' has unhandled DataType: CDF_INT8 that cannot be mappedto HAPI 32-bit signed integer type or HAPI double. Dropping variable.
  orbit_status:
    Variable 'orbit_status' has unhandled DataType: CDF_INT8 that cannot be mappedto HAPI 32-bit signed integer type or HAPI double. Dropping variable.
    Variable 'orbit_status' has unhandled DataType: CDF_INT8 that cannot be mappedto HAPI 32-bit signed integer type or HAPI double. Dropping variable.
  flag:
    Variable 'flag' has unhandled DataType: CDF_INT8 that cannot be mappedto HAPI 32-bit signed integer type or HAPI double. Dropping variable.
    Variable 'flag' has unhandled DataType: CDF_INT8 that cannot be mappedto HAPI 32-bit signed integer type or HAPI double. Dropping variable.
REACH-VID-171_DOSIMETER-L1C | HAPI.NotImplemented:
  vid:
    Variable 'vid' has unhandled DataType: CDF_INT8 that cannot be mappedto HAPI 32-bit signed integer type or HAPI double. Dropping variable.
    Variable 'vid' has unhandled DataType: CDF_INT8 that cannot be mappedto HAPI 32-bit signed integer type or HAPI double. Dropping variable.
  species1:
    Variable 'species1' has unhandled DataType: CDF_INT8 that cannot be mappedto HAPI 32-bit signed integer type or HAPI double. Dropping variable.
    Variable 'species1' has unhandled DataType: CDF_INT8 that cannot be mappedto HAPI 32-bit signed integer type or HAPI double. Dropping variable.
  species2:
    Variable 'species2' has unhandled DataType: CDF_INT8 that cannot be mappedto HAPI 32-bit signed integer type or HAPI double. Dropping variable.
    Variable 'species2' has unhandled DataType: CDF_INT8 that cannot be mappedto HAPI 32-bit signed integer type or HAPI double. Dropping variable.
  region_code:
    Variable 'region_code' has unhandled DataType: CDF_INT8 that cannot be mappedto HAPI 32-bit signed integer type or HAPI double. Dropping variable.
    Variable 'region_code' has unhandled DataType: CDF_INT8 that cannot be mappedto HAPI 32-bit signed integer type or HAPI double. Dropping variable.
  orbit_status:
    Variable 'orbit_status' has unhandled DataType: CDF_INT8 that cannot be mappedto HAPI 32-bit signed integer type or HAPI double. Dropping variable.
    Variable 'orbit_status' has unhandled DataType: CDF_INT8 that cannot be mappedto HAPI 32-bit signed integer type or HAPI double. Dropping variable.
  flag:
    Variable 'flag' has unhandled DataType: CDF_INT8 that cannot be mappedto HAPI 32-bit signed integer type or HAPI double. Dropping variable.
    Variable 'flag' has unhandled DataType: CDF_INT8 that cannot be mappedto HAPI 32-bit signed integer type or HAPI double. Dropping variable.
REACH-VID-172_DOSIMETER-L1C | HAPI.NotImplemented:
  vid:
    Variable 'vid' has unhandled DataType: CDF_INT8 that cannot be mappedto HAPI 32-bit signed integer type or HAPI double. Dropping variable.
    Variable 'vid' has unhandled DataType: CDF_INT8 that cannot be mappedto HAPI 32-bit signed integer type or HAPI double. Dropping variable.
  species1:
    Variable 'species1' has unhandled DataType: CDF_INT8 that cannot be mappedto HAPI 32-bit signed integer type or HAPI double. Dropping variable.
    Variable 'species1' has unhandled DataType: CDF_INT8 that cannot be mappedto HAPI 32-bit signed integer type or HAPI double. Dropping variable.
  species2:
    Variable 'species2' has unhandled DataType: CDF_INT8 that cannot be mappedto HAPI 32-bit signed integer type or HAPI double. Dropping variable.
    Variable 'species2' has unhandled DataType: CDF_INT8 that cannot be mappedto HAPI 32-bit signed integer type or HAPI double. Dropping variable.
  region_code:
    Variable 'region_code' has unhandled DataType: CDF_INT8 that cannot be mappedto HAPI 32-bit signed integer type or HAPI double. Dropping variable.
    Variable 'region_code' has unhandled DataType: CDF_INT8 that cannot be mappedto HAPI 32-bit signed integer type or HAPI double. Dropping variable.
  orbit_status:
    Variable 'orbit_status' has unhandled DataType: CDF_INT8 that cannot be mappedto HAPI 32-bit signed integer type or HAPI double. Dropping variable.
    Variable 'orbit_status' has unhandled DataType: CDF_INT8 that cannot be mappedto HAPI 32-bit signed integer type or HAPI double. Dropping variable.
  flag:
    Variable 'flag' has unhandled DataType: CDF_INT8 that cannot be mappedto HAPI 32-bit signed integer type or HAPI double. Dropping variable.
    Variable 'flag' has unhandled DataType: CDF_INT8 that cannot be mappedto HAPI 32-bit signed integer type or HAPI double. Dropping variable.
REACH-VID-173_DOSIMETER-L1C | HAPI.NotImplemented:
  vid:
    Variable 'vid' has unhandled DataType: CDF_INT8 that cannot be mappedto HAPI 32-bit signed integer type or HAPI double. Dropping variable.
    Variable 'vid' has unhandled DataType: CDF_INT8 that cannot be mappedto HAPI 32-bit signed integer type or HAPI double. Dropping variable.
  species1:
    Variable 'species1' has unhandled DataType: CDF_INT8 that cannot be mappedto HAPI 32-bit signed integer type or HAPI double. Dropping variable.
    Variable 'species1' has unhandled DataType: CDF_INT8 that cannot be mappedto HAPI 32-bit signed integer type or HAPI double. Dropping variable.
  species2:
    Variable 'species2' has unhandled DataType: CDF_INT8 that cannot be mappedto HAPI 32-bit signed integer type or HAPI double. Dropping variable.
    Variable 'species2' has unhandled DataType: CDF_INT8 that cannot be mappedto HAPI 32-bit signed integer type or HAPI double. Dropping variable.
  region_code:
    Variable 'region_code' has unhandled DataType: CDF_INT8 that cannot be mappedto HAPI 32-bit signed integer type or HAPI double. Dropping variable.
    Variable 'region_code' has unhandled DataType: CDF_INT8 that cannot be mappedto HAPI 32-bit signed integer type or HAPI double. Dropping variable.
  orbit_status:
    Variable 'orbit_status' has unhandled DataType: CDF_INT8 that cannot be mappedto HAPI 32-bit signed integer type or HAPI double. Dropping variable.
    Variable 'orbit_status' has unhandled DataType: CDF_INT8 that cannot be mappedto HAPI 32-bit signed integer type or HAPI double. Dropping variable.
  flag:
    Variable 'flag' has unhandled DataType: CDF_INT8 that cannot be mappedto HAPI 32-bit signed integer type or HAPI double. Dropping variable.
    Variable 'flag' has unhandled DataType: CDF_INT8 that cannot be mappedto HAPI 32-bit signed integer type or HAPI double. Dropping variable.
REACH-VID-175_DOSIMETER-L1C | HAPI.NotImplemented:
  vid:
    Variable 'vid' has unhandled DataType: CDF_INT8 that cannot be mappedto HAPI 32-bit signed integer type or HAPI double. Dropping variable.
    Variable 'vid' has unhandled DataType: CDF_INT8 that cannot be mappedto HAPI 32-bit signed integer type or HAPI double. Dropping variable.
  species1:
    Variable 'species1' has unhandled DataType: CDF_INT8 that cannot be mappedto HAPI 32-bit signed integer type or HAPI double. Dropping variable.
    Variable 'species1' has unhandled DataType: CDF_INT8 that cannot be mappedto HAPI 32-bit signed integer type or HAPI double. Dropping variable.
  species2:
    Variable 'species2' has unhandled DataType: CDF_INT8 that cannot be mappedto HAPI 32-bit signed integer type or HAPI double. Dropping variable.
    Variable 'species2' has unhandled DataType: CDF_INT8 that cannot be mappedto HAPI 32-bit signed integer type or HAPI double. Dropping variable.
  region_code:
    Variable 'region_code' has unhandled DataType: CDF_INT8 that cannot be mappedto HAPI 32-bit signed integer type or HAPI double. Dropping variable.
    Variable 'region_code' has unhandled DataType: CDF_INT8 that cannot be mappedto HAPI 32-bit signed integer type or HAPI double. Dropping variable.
  orbit_status:
    Variable 'orbit_status' has unhandled DataType: CDF_INT8 that cannot be mappedto HAPI 32-bit signed integer type or HAPI double. Dropping variable.
    Variable 'orbit_status' has unhandled DataType: CDF_INT8 that cannot be mappedto HAPI 32-bit signed integer type or HAPI double. Dropping variable.
  flag:
    Variable 'flag' has unhandled DataType: CDF_INT8 that cannot be mappedto HAPI 32-bit signed integer type or HAPI double. Dropping variable.
    Variable 'flag' has unhandled DataType: CDF_INT8 that cannot be mappedto HAPI 32-bit signed integer type or HAPI double. Dropping variable.
REACH-VID-176_DOSIMETER-L1C | HAPI.NotImplemented:
  vid:
    Variable 'vid' has unhandled DataType: CDF_INT8 that cannot be mappedto HAPI 32-bit signed integer type or HAPI double. Dropping variable.
    Variable 'vid' has unhandled DataType: CDF_INT8 that cannot be mappedto HAPI 32-bit signed integer type or HAPI double. Dropping variable.
  species1:
    Variable 'species1' has unhandled DataType: CDF_INT8 that cannot be mappedto HAPI 32-bit signed integer type or HAPI double. Dropping variable.
    Variable 'species1' has unhandled DataType: CDF_INT8 that cannot be mappedto HAPI 32-bit signed integer type or HAPI double. Dropping variable.
  species2:
    Variable 'species2' has unhandled DataType: CDF_INT8 that cannot be mappedto HAPI 32-bit signed integer type or HAPI double. Dropping variable.
    Variable 'species2' has unhandled DataType: CDF_INT8 that cannot be mappedto HAPI 32-bit signed integer type or HAPI double. Dropping variable.
  region_code:
    Variable 'region_code' has unhandled DataType: CDF_INT8 that cannot be mappedto HAPI 32-bit signed integer type or HAPI double. Dropping variable.
    Variable 'region_code' has unhandled DataType: CDF_INT8 that cannot be mappedto HAPI 32-bit signed integer type or HAPI double. Dropping variable.
  orbit_status:
    Variable 'orbit_status' has unhandled DataType: CDF_INT8 that cannot be mappedto HAPI 32-bit signed integer type or HAPI double. Dropping variable.
    Variable 'orbit_status' has unhandled DataType: CDF_INT8 that cannot be mappedto HAPI 32-bit signed integer type or HAPI double. Dropping variable.
  flag:
    Variable 'flag' has unhandled DataType: CDF_INT8 that cannot be mappedto HAPI 32-bit signed integer type or HAPI double. Dropping variable.
    Variable 'flag' has unhandled DataType: CDF_INT8 that cannot be mappedto HAPI 32-bit signed integer type or HAPI double. Dropping variable.
REACH-VID-180_DOSIMETER-L1C | HAPI.NotImplemented:
  vid:
    Variable 'vid' has unhandled DataType: CDF_INT8 that cannot be mappedto HAPI 32-bit signed integer type or HAPI double. Dropping variable.
    Variable 'vid' has unhandled DataType: CDF_INT8 that cannot be mappedto HAPI 32-bit signed integer type or HAPI double. Dropping variable.
  species1:
    Variable 'species1' has unhandled DataType: CDF_INT8 that cannot be mappedto HAPI 32-bit signed integer type or HAPI double. Dropping variable.
    Variable 'species1' has unhandled DataType: CDF_INT8 that cannot be mappedto HAPI 32-bit signed integer type or HAPI double. Dropping variable.
  species2:
    Variable 'species2' has unhandled DataType: CDF_INT8 that cannot be mappedto HAPI 32-bit signed integer type or HAPI double. Dropping variable.
    Variable 'species2' has unhandled DataType: CDF_INT8 that cannot be mappedto HAPI 32-bit signed integer type or HAPI double. Dropping variable.
  region_code:
    Variable 'region_code' has unhandled DataType: CDF_INT8 that cannot be mappedto HAPI 32-bit signed integer type or HAPI double. Dropping variable.
    Variable 'region_code' has unhandled DataType: CDF_INT8 that cannot be mappedto HAPI 32-bit signed integer type or HAPI double. Dropping variable.
  orbit_status:
    Variable 'orbit_status' has unhandled DataType: CDF_INT8 that cannot be mappedto HAPI 32-bit signed integer type or HAPI double. Dropping variable.
    Variable 'orbit_status' has unhandled DataType: CDF_INT8 that cannot be mappedto HAPI 32-bit signed integer type or HAPI double. Dropping variable.
  flag:
    Variable 'flag' has unhandled DataType: CDF_INT8 that cannot be mappedto HAPI 32-bit signed integer type or HAPI double. Dropping variable.
    Variable 'flag' has unhandled DataType: CDF_INT8 that cannot be mappedto HAPI 32-bit signed integer type or HAPI double. Dropping variable.
REACH-VID-181_DOSIMETER-L1C | HAPI.NotImplemented:
  vid:
    Variable 'vid' has unhandled DataType: CDF_INT8 that cannot be mappedto HAPI 32-bit signed integer type or HAPI double. Dropping variable.
    Variable 'vid' has unhandled DataType: CDF_INT8 that cannot be mappedto HAPI 32-bit signed integer type or HAPI double. Dropping variable.
  species1:
    Variable 'species1' has unhandled DataType: CDF_INT8 that cannot be mappedto HAPI 32-bit signed integer type or HAPI double. Dropping variable.
    Variable 'species1' has unhandled DataType: CDF_INT8 that cannot be mappedto HAPI 32-bit signed integer type or HAPI double. Dropping variable.
  species2:
    Variable 'species2' has unhandled DataType: CDF_INT8 that cannot be mappedto HAPI 32-bit signed integer type or HAPI double. Dropping variable.
    Variable 'species2' has unhandled DataType: CDF_INT8 that cannot be mappedto HAPI 32-bit signed integer type or HAPI double. Dropping variable.
  region_code:
    Variable 'region_code' has unhandled DataType: CDF_INT8 that cannot be mappedto HAPI 32-bit signed integer type or HAPI double. Dropping variable.
    Variable 'region_code' has unhandled DataType: CDF_INT8 that cannot be mappedto HAPI 32-bit signed integer type or HAPI double. Dropping variable.
  orbit_status:
    Variable 'orbit_status' has unhandled DataType: CDF_INT8 that cannot be mappedto HAPI 32-bit signed integer type or HAPI double. Dropping variable.
    Variable 'orbit_status' has unhandled DataType: CDF_INT8 that cannot be mappedto HAPI 32-bit signed integer type or HAPI double. Dropping variable.
  flag:
    Variable 'flag' has unhandled DataType: CDF_INT8 that cannot be mappedto HAPI 32-bit signed integer type or HAPI double. Dropping variable.
    Variable 'flag' has unhandled DataType: CDF_INT8 that cannot be mappedto HAPI 32-bit signed integer type or HAPI double. Dropping variable.
SOLO_L2_SWA-HIS-HK | HAPI.NotImplemented:
  ASIC_CONF_REG:
    Variable 'ASIC_CONF_REG' has unhandled DataType: CDF_INT8 that cannot be mappedto HAPI 32-bit signed integer type or HAPI double. Dropping variable.
    Variable 'ASIC_CONF_REG' has unhandled DataType: CDF_INT8 that cannot be mappedto HAPI 32-bit signed integer type or HAPI double. Dropping variable.
  PACKET_WHOLE_TIME:
    Variable 'PACKET_WHOLE_TIME' has unhandled DataType: CDF_INT8 that cannot be mappedto HAPI 32-bit signed integer type or HAPI double. Dropping variable.
    Variable 'PACKET_WHOLE_TIME' has unhandled DataType: CDF_INT8 that cannot be mappedto HAPI 32-bit signed integer type or HAPI double. Dropping variable.