DN_MAGN-L2-HIRES_G08 | ISTP.FORMAT:
  b_total: Variable 'b_total' does not have a FORMAT or FORM_PTR attribute.
  b_epn: Variable 'b_epn' does not have a FORMAT or FORM_PTR attribute.
  b_eci: Variable 'b_eci' does not have a FORMAT or FORM_PTR attribute.
  b_gse: Variable 'b_gse' does not have a FORMAT or FORM_PTR attribute.
  b_gsm: Variable 'b_gsm' does not have a FORMAT or FORM_PTR attribute.
  b_vdh: Variable 'b_vdh' does not have a FORMAT or FORM_PTR attribute.
  b_brf: Variable 'b_brf' does not have a FORMAT or FORM_PTR attribute.
  b_quality: Variable 'b_quality' does not have a FORMAT or FORM_PTR attribute.
DN_MAGN-L2-HIRES_G09 | ISTP.FORMAT:
  b_total: Variable 'b_total' does not have a FORMAT or FORM_PTR attribute.
  b_epn: Variable 'b_epn' does not have a FORMAT or FORM_PTR attribute.
  b_eci: Variable 'b_eci' does not have a FORMAT or FORM_PTR attribute.
  b_gse: Variable 'b_gse' does not have a FORMAT or FORM_PTR attribute.
  b_gsm: Variable 'b_gsm' does not have a FORMAT or FORM_PTR attribute.
  b_vdh: Variable 'b_vdh' does not have a FORMAT or FORM_PTR attribute.
  b_brf: Variable 'b_brf' does not have a FORMAT or FORM_PTR attribute.
  b_quality: Variable 'b_quality' does not have a FORMAT or FORM_PTR attribute.
DN_MAGN-L2-HIRES_G10 | ISTP.FORMAT:
  b_total: Variable 'b_total' does not have a FORMAT or FORM_PTR attribute.
  b_epn: Variable 'b_epn' does not have a FORMAT or FORM_PTR attribute.
  b_eci: Variable 'b_eci' does not have a FORMAT or FORM_PTR attribute.
  b_gse: Variable 'b_gse' does not have a FORMAT or FORM_PTR attribute.
  b_gsm: Variable 'b_gsm' does not have a FORMAT or FORM_PTR attribute.
  b_vdh: Variable 'b_vdh' does not have a FORMAT or FORM_PTR attribute.
  b_brf: Variable 'b_brf' does not have a FORMAT or FORM_PTR attribute.
  b_quality: Variable 'b_quality' does not have a FORMAT or FORM_PTR attribute.
DN_MAGN-L2-HIRES_G11 | ISTP.FORMAT:
  b_total: Variable 'b_total' does not have a FORMAT or FORM_PTR attribute.
  b_epn: Variable 'b_epn' does not have a FORMAT or FORM_PTR attribute.
  b_eci: Variable 'b_eci' does not have a FORMAT or FORM_PTR attribute.
  b_gse: Variable 'b_gse' does not have a FORMAT or FORM_PTR attribute.
  b_gsm: Variable 'b_gsm' does not have a FORMAT or FORM_PTR attribute.
  b_vdh: Variable 'b_vdh' does not have a FORMAT or FORM_PTR attribute.
  b_brf: Variable 'b_brf' does not have a FORMAT or FORM_PTR attribute.
  b_quality: Variable 'b_quality' does not have a FORMAT or FORM_PTR attribute.
DN_MAGN-L2-HIRES_G12 | ISTP.FORMAT:
  b_total: Variable 'b_total' does not have a FORMAT or FORM_PTR attribute.
  b_epn: Variable 'b_epn' does not have a FORMAT or FORM_PTR attribute.
  b_eci: Variable 'b_eci' does not have a FORMAT or FORM_PTR attribute.
  b_gse: Variable 'b_gse' does not have a FORMAT or FORM_PTR attribute.
  b_gsm: Variable 'b_gsm' does not have a FORMAT or FORM_PTR attribute.
  b_vdh: Variable 'b_vdh' does not have a FORMAT or FORM_PTR attribute.
  b_brf: Variable 'b_brf' does not have a FORMAT or FORM_PTR attribute.
  b_quality: Variable 'b_quality' does not have a FORMAT or FORM_PTR attribute.
DN_MAGN-L2-HIRES_G13 | ISTP.FORMAT:
  b_total: Variable 'b_total' does not have a FORMAT or FORM_PTR attribute.
  b_epn: Variable 'b_epn' does not have a FORMAT or FORM_PTR attribute.
  b_eci: Variable 'b_eci' does not have a FORMAT or FORM_PTR attribute.
  b_gse: Variable 'b_gse' does not have a FORMAT or FORM_PTR attribute.
  b_gsm: Variable 'b_gsm' does not have a FORMAT or FORM_PTR attribute.
  b_vdh: Variable 'b_vdh' does not have a FORMAT or FORM_PTR attribute.
  b_brf: Variable 'b_brf' does not have a FORMAT or FORM_PTR attribute.
  b_quality: Variable 'b_quality' does not have a FORMAT or FORM_PTR attribute.
DN_MAGN-L2-HIRES_G14 | ISTP.FORMAT:
  b_total: Variable 'b_total' does not have a FORMAT or FORM_PTR attribute.
  b_epn: Variable 'b_epn' does not have a FORMAT or FORM_PTR attribute.
  b_eci: Variable 'b_eci' does not have a FORMAT or FORM_PTR attribute.
  b_gse: Variable 'b_gse' does not have a FORMAT or FORM_PTR attribute.
  b_gsm: Variable 'b_gsm' does not have a FORMAT or FORM_PTR attribute.
  b_vdh: Variable 'b_vdh' does not have a FORMAT or FORM_PTR attribute.
  b_brf: Variable 'b_brf' does not have a FORMAT or FORM_PTR attribute.
  b_quality: Variable 'b_quality' does not have a FORMAT or FORM_PTR attribute.
DN_MAGN-L2-HIRES_G15 | ISTP.FORMAT:
  b_total: Variable 'b_total' does not have a FORMAT or FORM_PTR attribute.
  b_epn: Variable 'b_epn' does not have a FORMAT or FORM_PTR attribute.
  b_eci: Variable 'b_eci' does not have a FORMAT or FORM_PTR attribute.
  b_gse: Variable 'b_gse' does not have a FORMAT or FORM_PTR attribute.
  b_gsm: Variable 'b_gsm' does not have a FORMAT or FORM_PTR attribute.
  b_vdh: Variable 'b_vdh' does not have a FORMAT or FORM_PTR attribute.
  b_brf: Variable 'b_brf' does not have a FORMAT or FORM_PTR attribute.
  b_quality: Variable 'b_quality' does not have a FORMAT or FORM_PTR attribute.
DN_MAGN-L2-HIRES_G16 | ISTP.FORMAT:
  b_total: Variable 'b_total' does not have a FORMAT or FORM_PTR attribute.
  b_epn: Variable 'b_epn' does not have a FORMAT or FORM_PTR attribute.
  b_eci: Variable 'b_eci' does not have a FORMAT or FORM_PTR attribute.
  b_gse: Variable 'b_gse' does not have a FORMAT or FORM_PTR attribute.
  b_gsm: Variable 'b_gsm' does not have a FORMAT or FORM_PTR attribute.
  b_vdh: Variable 'b_vdh' does not have a FORMAT or FORM_PTR attribute.
  b_brf: Variable 'b_brf' does not have a FORMAT or FORM_PTR attribute.
  DQF: Variable 'DQF' does not have a FORMAT or FORM_PTR attribute.
DN_MAGN-L2-HIRES_G17 | ISTP.FORMAT:
  b_total: Variable 'b_total' does not have a FORMAT or FORM_PTR attribute.
  b_epn: Variable 'b_epn' does not have a FORMAT or FORM_PTR attribute.
  b_eci: Variable 'b_eci' does not have a FORMAT or FORM_PTR attribute.
  b_gse: Variable 'b_gse' does not have a FORMAT or FORM_PTR attribute.
  b_gsm: Variable 'b_gsm' does not have a FORMAT or FORM_PTR attribute.
  b_vdh: Variable 'b_vdh' does not have a FORMAT or FORM_PTR attribute.
  b_brf: Variable 'b_brf' does not have a FORMAT or FORM_PTR attribute.
  DQF: Variable 'DQF' does not have a FORMAT or FORM_PTR attribute.
DN_MAGN-L2-HIRES_G18 | ISTP.FORMAT:
  b_total: Variable 'b_total' does not have a FORMAT or FORM_PTR attribute.
  b_epn: Variable 'b_epn' does not have a FORMAT or FORM_PTR attribute.
  b_eci: Variable 'b_eci' does not have a FORMAT or FORM_PTR attribute.
  b_gse: Variable 'b_gse' does not have a FORMAT or FORM_PTR attribute.
  b_gsm: Variable 'b_gsm' does not have a FORMAT or FORM_PTR attribute.
  b_vdh: Variable 'b_vdh' does not have a FORMAT or FORM_PTR attribute.
  b_brf: Variable 'b_brf' does not have a FORMAT or FORM_PTR attribute.
  DQF: Variable 'DQF' does not have a FORMAT or FORM_PTR attribute.
G7_K1_MAG | ISTP.FORMAT:
  Hn_psd: Variable 'Hn_psd' does not have a FORMAT or FORM_PTR attribute.
GPS_RF_LANL-VTEC-1HR | ISTP.FORMAT:
  tec: Variable 'tec' does not have a FORMAT or FORM_PTR attribute.
  tec_movie: Variable 'tec_movie' does not have a FORMAT or FORM_PTR attribute.
  tec_moll: Variable 'tec_moll' does not have a FORMAT or FORM_PTR attribute.
  tec_moll_movie: Variable 'tec_moll_movie' does not have a FORMAT or FORM_PTR attribute.
HK_H0_VLF | ISTP.FORMAT:
  b_spd: Variable 'b_spd' does not have a FORMAT or FORM_PTR attribute.
  BAVE: Variable 'BAVE' does not have a FORMAT or FORM_PTR attribute.
  pos_GSM: Variable 'pos_GSM' does not have a FORMAT or FORM_PTR attribute.
ICON_L2-4_FUV_DAY | ISTP.FORMAT:
  ICON_L24_1356_Emission: Variable 'ICON_L24_1356_Emission' does not have a FORMAT or FORM_PTR attribute.
  ICON_L24_Ap: Variable 'ICON_L24_Ap' does not have a FORMAT or FORM_PTR attribute.
  ICON_L24_Disk_LOS_Zen_Angle: Variable 'ICON_L24_Disk_LOS_Zen_Angle' does not have a FORMAT or FORM_PTR attribute.
  ICON_L24_Disk_Latitude: Variable 'ICON_L24_Disk_Latitude' does not have a FORMAT or FORM_PTR attribute.
  ICON_L24_Disk_Longitude: Variable 'ICON_L24_Disk_Longitude' does not have a FORMAT or FORM_PTR attribute.
  ICON_L24_Disk_ON2: Variable 'ICON_L24_Disk_ON2' does not have a FORMAT or FORM_PTR attribute.
  ICON_L24_Disk_SZA: Variable 'ICON_L24_Disk_SZA' does not have a FORMAT or FORM_PTR attribute.
  ICON_L24_Disk_Sigma_ON2: Variable 'ICON_L24_Disk_Sigma_ON2' does not have a FORMAT or FORM_PTR attribute.
  ICON_L24_LBH_Emission: Variable 'ICON_L24_LBH_Emission' does not have a FORMAT or FORM_PTR attribute.
ICON_L2-4_FUV_DAY-LIMB | ISTP.FORMAT:
  ICON_L24_Column_O_N2: Variable 'ICON_L24_Column_O_N2' does not have a FORMAT or FORM_PTR attribute.
  ICON_L24_N2: Variable 'ICON_L24_N2' does not have a FORMAT or FORM_PTR attribute.
  ICON_L24_O: Variable 'ICON_L24_O' does not have a FORMAT or FORM_PTR attribute.
  ICON_L24_O2: Variable 'ICON_L24_O2' does not have a FORMAT or FORM_PTR attribute.
  ICON_L24_Sigma_N2: Variable 'ICON_L24_Sigma_N2' does not have a FORMAT or FORM_PTR attribute.
  ICON_L24_Sigma_O: Variable 'ICON_L24_Sigma_O' does not have a FORMAT or FORM_PTR attribute.
  ICON_L24_Sigma_O2: Variable 'ICON_L24_Sigma_O2' does not have a FORMAT or FORM_PTR attribute.
  ICON_L24_Sigma_O_N2: Variable 'ICON_L24_Sigma_O_N2' does not have a FORMAT or FORM_PTR attribute.
  ICON_L24_Sigma_Temperature: Variable 'ICON_L24_Sigma_Temperature' does not have a FORMAT or FORM_PTR attribute.
  ICON_L24_Temperature: Variable 'ICON_L24_Temperature' does not have a FORMAT or FORM_PTR attribute.
ICON_L2-6_EUV | ISTP.FORMAT:
  ICON_L26_Flag: Variable 'ICON_L26_Flag' does not have a FORMAT or FORM_PTR attribute.
  ICON_L26_HmF2: Variable 'ICON_L26_HmF2' does not have a FORMAT or FORM_PTR attribute.
  ICON_L26_NmF2: Variable 'ICON_L26_NmF2' does not have a FORMAT or FORM_PTR attribute.
  ICON_L26_Oplus: Variable 'ICON_L26_Oplus' does not have a FORMAT or FORM_PTR attribute.
  ICON_L26_Oplus_t: Variable 'ICON_L26_Oplus_t' does not have a FORMAT or FORM_PTR attribute.
  ICON_L26_Sigma_HmF2: Variable 'ICON_L26_Sigma_HmF2' does not have a FORMAT or FORM_PTR attribute.
  ICON_L26_Sigma_NmF2: Variable 'ICON_L26_Sigma_NmF2' does not have a FORMAT or FORM_PTR attribute.
  ICON_L26_Sigma_Oplus: Variable 'ICON_L26_Sigma_Oplus' does not have a FORMAT or FORM_PTR attribute.
  ICON_L26_Sigma_Oplus_t: Variable 'ICON_L26_Sigma_Oplus_t' does not have a FORMAT or FORM_PTR attribute.
RBSPA_REL03_ECT-REPT-SCI-L3 | ISTP.FORMAT:
  FPDU_Unbinned_LightMask_0to360: Variable 'FPDU_Unbinned_LightMask_0to360' does not have a FORMAT or FORM_PTR attribute.
  FPDU_Unbinned_Light_Flag: Variable 'FPDU_Unbinned_Light_Flag' does not have a FORMAT or FORM_PTR attribute.
RBSPB_REL03_ECT-REPT-SCI-L3 | ISTP.FORMAT:
  FPDU_Unbinned_LightMask_0to360: Variable 'FPDU_Unbinned_LightMask_0to360' does not have a FORMAT or FORM_PTR attribute.
  FPDU_Unbinned_Light_Flag: Variable 'FPDU_Unbinned_Light_Flag' does not have a FORMAT or FORM_PTR attribute.
RBSP_ECT-REPT-SCI-L3-SELESNICK-MODEL | ISTP.FORMAT:
  Ne_energies: Variable 'Ne_energies' does not have a FORMAT or FORM_PTR attribute.
  Na_pitchangles: Variable 'Na_pitchangles' does not have a FORMAT or FORM_PTR attribute.
  NL_shells: Variable 'NL_shells' does not have a FORMAT or FORM_PTR attribute.
  intensities: Variable 'intensities' does not have a FORMAT or FORM_PTR attribute.
  intensities_atE25_byPA_byL: Variable 'intensities_atE25_byPA_byL' does not have a FORMAT or FORM_PTR attribute.
  intensities_atE50_byPA_byL: Variable 'intensities_atE50_byPA_byL' does not have a FORMAT or FORM_PTR attribute.
  intensities_atE75_byPA_byL: Variable 'intensities_atE75_byPA_byL' does not have a FORMAT or FORM_PTR attribute.
  intensities_atE100_byPA_byL: Variable 'intensities_atE100_byPA_byL' does not have a FORMAT or FORM_PTR attribute.
  intensities_atE125_byPA_byL: Variable 'intensities_atE125_byPA_byL' does not have a FORMAT or FORM_PTR attribute.
  intensities_atE150_byPA_byL: Variable 'intensities_atE150_byPA_byL' does not have a FORMAT or FORM_PTR attribute.
  intensities_atE175_byPA_byL: Variable 'intensities_atE175_byPA_byL' does not have a FORMAT or FORM_PTR attribute.
  intensities_byE_atPA5_byL: Variable 'intensities_byE_atPA5_byL' does not have a FORMAT or FORM_PTR attribute.
  intensities_byE_atPA10_byL: Variable 'intensities_byE_atPA10_byL' does not have a FORMAT or FORM_PTR attribute.
  intensities_byE_atPA15_byL: Variable 'intensities_byE_atPA15_byL' does not have a FORMAT or FORM_PTR attribute.
  intensities_byE_atPA20_byL: Variable 'intensities_byE_atPA20_byL' does not have a FORMAT or FORM_PTR attribute.
  intensities_byE_atPA25_byL: Variable 'intensities_byE_atPA25_byL' does not have a FORMAT or FORM_PTR attribute.
  intensities_byE_atPA30_byL: Variable 'intensities_byE_atPA30_byL' does not have a FORMAT or FORM_PTR attribute.
  intensities_byE_atPA35_byL: Variable 'intensities_byE_atPA35_byL' does not have a FORMAT or FORM_PTR attribute.
  intensities_byE_byPA_atL5: Variable 'intensities_byE_byPA_atL5' does not have a FORMAT or FORM_PTR attribute.
  intensities_byE_byPA_atL10: Variable 'intensities_byE_byPA_atL10' does not have a FORMAT or FORM_PTR attribute.
  intensities_byE_byPA_atL15: Variable 'intensities_byE_byPA_atL15' does not have a FORMAT or FORM_PTR attribute.
  intensities_byE_byPA_atL20: Variable 'intensities_byE_byPA_atL20' does not have a FORMAT or FORM_PTR attribute.
  intensities_byE_byPA_atL25: Variable 'intensities_byE_byPA_atL25' does not have a FORMAT or FORM_PTR attribute.
  intensities_byE_byPA_atL30: Variable 'intensities_byE_byPA_atL30' does not have a FORMAT or FORM_PTR attribute.
  intensities_byE_byPA_atL35: Variable 'intensities_byE_byPA_atL35' does not have a FORMAT or FORM_PTR attribute.
  intensities_byE_byPA_atL40: Variable 'intensities_byE_byPA_atL40' does not have a FORMAT or FORM_PTR attribute.
  intensities_byE_byPA_atL45: Variable 'intensities_byE_byPA_atL45' does not have a FORMAT or FORM_PTR attribute.
  intensities_movie_atE25_byPA_byL: Variable 'intensities_movie_atE25_byPA_byL' does not have a FORMAT or FORM_PTR attribute.
  intensities_movie_atE50_byPA_byL: Variable 'intensities_movie_atE50_byPA_byL' does not have a FORMAT or FORM_PTR attribute.
  intensities_movie_atE75_byPA_byL: Variable 'intensities_movie_atE75_byPA_byL' does not have a FORMAT or FORM_PTR attribute.
  intensities_movie_atE100_byPA_byL: Variable 'intensities_movie_atE100_byPA_byL' does not have a FORMAT or FORM_PTR attribute.
  intensities_movie_atE125_byPA_byL: Variable 'intensities_movie_atE125_byPA_byL' does not have a FORMAT or FORM_PTR attribute.
  intensities_movie_atE150_byPA_byL: Variable 'intensities_movie_atE150_byPA_byL' does not have a FORMAT or FORM_PTR attribute.
  intensities_movie_atE175_byPA_byL: Variable 'intensities_movie_atE175_byPA_byL' does not have a FORMAT or FORM_PTR attribute.
  intensities_movie_byE_atPA5_byL: Variable 'intensities_movie_byE_atPA5_byL' does not have a FORMAT or FORM_PTR attribute.
  intensities_movie_byE_atPA10_byL: Variable 'intensities_movie_byE_atPA10_byL' does not have a FORMAT or FORM_PTR attribute.
  intensities_movie_byE_atPA15_byL: Variable 'intensities_movie_byE_atPA15_byL' does not have a FORMAT or FORM_PTR attribute.
  intensities_movie_byE_atPA20_byL: Variable 'intensities_movie_byE_atPA20_byL' does not have a FORMAT or FORM_PTR attribute.
  intensities_movie_byE_atPA25_byL: Variable 'intensities_movie_byE_atPA25_byL' does not have a FORMAT or FORM_PTR attribute.
  intensities_movie_byE_atPA30_byL: Variable 'intensities_movie_byE_atPA30_byL' does not have a FORMAT or FORM_PTR attribute.
  intensities_movie_byE_atPA35_byL: Variable 'intensities_movie_byE_atPA35_byL' does not have a FORMAT or FORM_PTR attribute.
  intensities_movie_byE_byPA_atL5: Variable 'intensities_movie_byE_byPA_atL5' does not have a FORMAT or FORM_PTR attribute.
  intensities_movie_byE_byPA_atL10: Variable 'intensities_movie_byE_byPA_atL10' does not have a FORMAT or FORM_PTR attribute.
  intensities_movie_byE_byPA_atL15: Variable 'intensities_movie_byE_byPA_atL15' does not have a FORMAT or FORM_PTR attribute.
  intensities_movie_byE_byPA_atL20: Variable 'intensities_movie_byE_byPA_atL20' does not have a FORMAT or FORM_PTR attribute.
  intensities_movie_byE_byPA_atL25: Variable 'intensities_movie_byE_byPA_atL25' does not have a FORMAT or FORM_PTR attribute.
  intensities_movie_byE_byPA_atL30: Variable 'intensities_movie_byE_byPA_atL30' does not have a FORMAT or FORM_PTR attribute.
  intensities_movie_byE_byPA_atL35: Variable 'intensities_movie_byE_byPA_atL35' does not have a FORMAT or FORM_PTR attribute.
  intensities_movie_byE_byPA_atL40: Variable 'intensities_movie_byE_byPA_atL40' does not have a FORMAT or FORM_PTR attribute.
  intensities_movie_byE_byPA_atL45: Variable 'intensities_movie_byE_byPA_atL45' does not have a FORMAT or FORM_PTR attribute.
  uncertainties: Variable 'uncertainties' does not have a FORMAT or FORM_PTR attribute.
  uncertainties_atE50_byPA_byL: Variable 'uncertainties_atE50_byPA_byL' does not have a FORMAT or FORM_PTR attribute.
  uncertainties_atE100_byPA_byL: Variable 'uncertainties_atE100_byPA_byL' does not have a FORMAT or FORM_PTR attribute.
  uncertainties_atE150_byPA_byL: Variable 'uncertainties_atE150_byPA_byL' does not have a FORMAT or FORM_PTR attribute.
  uncertainties_byE_atPA10_byL: Variable 'uncertainties_byE_atPA10_byL' does not have a FORMAT or FORM_PTR attribute.
  uncertainties_byE_atPA20_byL: Variable 'uncertainties_byE_atPA20_byL' does not have a FORMAT or FORM_PTR attribute.
  uncertainties_byE_atPA30_byL: Variable 'uncertainties_byE_atPA30_byL' does not have a FORMAT or FORM_PTR attribute.
  uncertainties_byE_byPA_atL10: Variable 'uncertainties_byE_byPA_atL10' does not have a FORMAT or FORM_PTR attribute.
  uncertainties_byE_byPA_atL20: Variable 'uncertainties_byE_byPA_atL20' does not have a FORMAT or FORM_PTR attribute.
  uncertainties_byE_byPA_atL30: Variable 'uncertainties_byE_byPA_atL30' does not have a FORMAT or FORM_PTR attribute.
  uncertainties_byE_byPA_atL40: Variable 'uncertainties_byE_byPA_atL40' does not have a FORMAT or FORM_PTR attribute.
VOYAGER-1_LECP_LEV-1-RATES | ISTP.FORMAT:
  FEDU_SectoredRates:
    Variable 'FEDU_SectoredRates' has both FORMAT and FORM_PTR attributes. Using FORMAT.
    Variable 'FEDU_SectoredRates' has both FORMAT and FORM_PTR attributes. Using FORMAT.
  FEDU_SectoredRateUncertainties:
    Variable 'FEDU_SectoredRateUncertainties' has both FORMAT and FORM_PTR attributes. Using FORMAT.
    Variable 'FEDU_SectoredRateUncertainties' has both FORMAT and FORM_PTR attributes. Using FORMAT.
  FEsDU_SectoredRates:
    Variable 'FEsDU_SectoredRates' has both FORMAT and FORM_PTR attributes. Using FORMAT.
    Variable 'FEsDU_SectoredRates' has both FORMAT and FORM_PTR attributes. Using FORMAT.
  FEsDU_SectoredRateUncertainties:
    Variable 'FEsDU_SectoredRateUncertainties' has both FORMAT and FORM_PTR attributes. Using FORMAT.
    Variable 'FEsDU_SectoredRateUncertainties' has both FORMAT and FORM_PTR attributes. Using FORMAT.
  FHDU_SectoredRates:
    Variable 'FHDU_SectoredRates' has both FORMAT and FORM_PTR attributes. Using FORMAT.
    Variable 'FHDU_SectoredRates' has both FORMAT and FORM_PTR attributes. Using FORMAT.
  FHDU_SectoredRateUncertainties:
    Variable 'FHDU_SectoredRateUncertainties' has both FORMAT and FORM_PTR attributes. Using FORMAT.
    Variable 'FHDU_SectoredRateUncertainties' has both FORMAT and FORM_PTR attributes. Using FORMAT.
  FHeDU_SectoredRates:
    Variable 'FHeDU_SectoredRates' has both FORMAT and FORM_PTR attributes. Using FORMAT.
    Variable 'FHeDU_SectoredRates' has both FORMAT and FORM_PTR attributes. Using FORMAT.
  FHeDU_SectoredRateUncertainties:
    Variable 'FHeDU_SectoredRateUncertainties' has both FORMAT and FORM_PTR attributes. Using FORMAT.
    Variable 'FHeDU_SectoredRateUncertainties' has both FORMAT and FORM_PTR attributes. Using FORMAT.
  FODU_SectoredRates:
    Variable 'FODU_SectoredRates' has both FORMAT and FORM_PTR attributes. Using FORMAT.
    Variable 'FODU_SectoredRates' has both FORMAT and FORM_PTR attributes. Using FORMAT.
  FODU_SectoredRateUncertainties:
    Variable 'FODU_SectoredRateUncertainties' has both FORMAT and FORM_PTR attributes. Using FORMAT.
    Variable 'FODU_SectoredRateUncertainties' has both FORMAT and FORM_PTR attributes. Using FORMAT.
  FFeDU_SectoredRates:
    Variable 'FFeDU_SectoredRates' has both FORMAT and FORM_PTR attributes. Using FORMAT.
    Variable 'FFeDU_SectoredRates' has both FORMAT and FORM_PTR attributes. Using FORMAT.
  FFeDU_SectoredRateUncertainties:
    Variable 'FFeDU_SectoredRateUncertainties' has both FORMAT and FORM_PTR attributes. Using FORMAT.
    Variable 'FFeDU_SectoredRateUncertainties' has both FORMAT and FORM_PTR attributes. Using FORMAT.
  Singles_SectoredRates:
    Variable 'Singles_SectoredRates' has both FORMAT and FORM_PTR attributes. Using FORMAT.
    Variable 'Singles_SectoredRates' has both FORMAT and FORM_PTR attributes. Using FORMAT.
  Singles_SectoredRateUncertainties:
    Variable 'Singles_SectoredRateUncertainties' has both FORMAT and FORM_PTR attributes. Using FORMAT.
    Variable 'Singles_SectoredRateUncertainties' has both FORMAT and FORM_PTR attributes. Using FORMAT.
VOYAGER-1_LECP_LEV-2-DAILY-AVG | ISTP.FORMAT:
  FEDU_SectoredFluxes:
    Variable 'FEDU_SectoredFluxes' has both FORMAT and FORM_PTR attributes. Using FORMAT.
    Variable 'FEDU_SectoredFluxes' has both FORMAT and FORM_PTR attributes. Using FORMAT.
  FEDU_SectoredFluxUncertainties:
    Variable 'FEDU_SectoredFluxUncertainties' has both FORMAT and FORM_PTR attributes. Using FORMAT.
    Variable 'FEDU_SectoredFluxUncertainties' has both FORMAT and FORM_PTR attributes. Using FORMAT.
  FEsDU_SectoredFluxes:
    Variable 'FEsDU_SectoredFluxes' has both FORMAT and FORM_PTR attributes. Using FORMAT.
    Variable 'FEsDU_SectoredFluxes' has both FORMAT and FORM_PTR attributes. Using FORMAT.
  FEsDU_SectoredFluxUncertainties:
    Variable 'FEsDU_SectoredFluxUncertainties' has both FORMAT and FORM_PTR attributes. Using FORMAT.
    Variable 'FEsDU_SectoredFluxUncertainties' has both FORMAT and FORM_PTR attributes. Using FORMAT.
  FHDU_SectoredFluxes:
    Variable 'FHDU_SectoredFluxes' has both FORMAT and FORM_PTR attributes. Using FORMAT.
    Variable 'FHDU_SectoredFluxes' has both FORMAT and FORM_PTR attributes. Using FORMAT.
  FHDU_SectoredFluxUncertainties:
    Variable 'FHDU_SectoredFluxUncertainties' has both FORMAT and FORM_PTR attributes. Using FORMAT.
    Variable 'FHDU_SectoredFluxUncertainties' has both FORMAT and FORM_PTR attributes. Using FORMAT.
  FHeDU_SectoredFluxes:
    Variable 'FHeDU_SectoredFluxes' has both FORMAT and FORM_PTR attributes. Using FORMAT.
    Variable 'FHeDU_SectoredFluxes' has both FORMAT and FORM_PTR attributes. Using FORMAT.
  FHeDU_SectoredFluxUncertainties:
    Variable 'FHeDU_SectoredFluxUncertainties' has both FORMAT and FORM_PTR attributes. Using FORMAT.
    Variable 'FHeDU_SectoredFluxUncertainties' has both FORMAT and FORM_PTR attributes. Using FORMAT.
  FODU_SectoredFluxes:
    Variable 'FODU_SectoredFluxes' has both FORMAT and FORM_PTR attributes. Using FORMAT.
    Variable 'FODU_SectoredFluxes' has both FORMAT and FORM_PTR attributes. Using FORMAT.
  FODU_SectoredFluxUncertainties:
    Variable 'FODU_SectoredFluxUncertainties' has both FORMAT and FORM_PTR attributes. Using FORMAT.
    Variable 'FODU_SectoredFluxUncertainties' has both FORMAT and FORM_PTR attributes. Using FORMAT.
  FFeDU_SectoredFluxes:
    Variable 'FFeDU_SectoredFluxes' has both FORMAT and FORM_PTR attributes. Using FORMAT.
    Variable 'FFeDU_SectoredFluxes' has both FORMAT and FORM_PTR attributes. Using FORMAT.
  FFeDU_SectoredFluxUncertainties:
    Variable 'FFeDU_SectoredFluxUncertainties' has both FORMAT and FORM_PTR attributes. Using FORMAT.
    Variable 'FFeDU_SectoredFluxUncertainties' has both FORMAT and FORM_PTR attributes. Using FORMAT.
VOYAGER-1_LECP_LEV-2-HOURLY-AVG | ISTP.FORMAT:
  FEDU_SectoredFluxes:
    Variable 'FEDU_SectoredFluxes' has both FORMAT and FORM_PTR attributes. Using FORMAT.
    Variable 'FEDU_SectoredFluxes' has both FORMAT and FORM_PTR attributes. Using FORMAT.
  FEDU_SectoredFluxUncertainties:
    Variable 'FEDU_SectoredFluxUncertainties' has both FORMAT and FORM_PTR attributes. Using FORMAT.
    Variable 'FEDU_SectoredFluxUncertainties' has both FORMAT and FORM_PTR attributes. Using FORMAT.
  FEsDU_SectoredFluxes:
    Variable 'FEsDU_SectoredFluxes' has both FORMAT and FORM_PTR attributes. Using FORMAT.
    Variable 'FEsDU_SectoredFluxes' has both FORMAT and FORM_PTR attributes. Using FORMAT.
  FEsDU_SectoredFluxUncertainties:
    Variable 'FEsDU_SectoredFluxUncertainties' has both FORMAT and FORM_PTR attributes. Using FORMAT.
    Variable 'FEsDU_SectoredFluxUncertainties' has both FORMAT and FORM_PTR attributes. Using FORMAT.
  FHDU_SectoredFluxes:
    Variable 'FHDU_SectoredFluxes' has both FORMAT and FORM_PTR attributes. Using FORMAT.
    Variable 'FHDU_SectoredFluxes' has both FORMAT and FORM_PTR attributes. Using FORMAT.
  FHDU_SectoredFluxUncertainties:
    Variable 'FHDU_SectoredFluxUncertainties' has both FORMAT and FORM_PTR attributes. Using FORMAT.
    Variable 'FHDU_SectoredFluxUncertainties' has both FORMAT and FORM_PTR attributes. Using FORMAT.
  FHeDU_SectoredFluxes:
    Variable 'FHeDU_SectoredFluxes' has both FORMAT and FORM_PTR attributes. Using FORMAT.
    Variable 'FHeDU_SectoredFluxes' has both FORMAT and FORM_PTR attributes. Using FORMAT.
  FHeDU_SectoredFluxUncertainties:
    Variable 'FHeDU_SectoredFluxUncertainties' has both FORMAT and FORM_PTR attributes. Using FORMAT.
    Variable 'FHeDU_SectoredFluxUncertainties' has both FORMAT and FORM_PTR attributes. Using FORMAT.
  FODU_SectoredFluxes:
    Variable 'FODU_SectoredFluxes' has both FORMAT and FORM_PTR attributes. Using FORMAT.
    Variable 'FODU_SectoredFluxes' has both FORMAT and FORM_PTR attributes. Using FORMAT.
  FODU_SectoredFluxUncertainties:
    Variable 'FODU_SectoredFluxUncertainties' has both FORMAT and FORM_PTR attributes. Using FORMAT.
    Variable 'FODU_SectoredFluxUncertainties' has both FORMAT and FORM_PTR attributes. Using FORMAT.
  FFeDU_SectoredFluxes:
    Variable 'FFeDU_SectoredFluxes' has both FORMAT and FORM_PTR attributes. Using FORMAT.
    Variable 'FFeDU_SectoredFluxes' has both FORMAT and FORM_PTR attributes. Using FORMAT.
  FFeDU_SectoredFluxUncertainties:
    Variable 'FFeDU_SectoredFluxUncertainties' has both FORMAT and FORM_PTR attributes. Using FORMAT.
    Variable 'FFeDU_SectoredFluxUncertainties' has both FORMAT and FORM_PTR attributes. Using FORMAT.
VOYAGER-1_LECP_LEV-2-SCAN-AVG | ISTP.FORMAT:
  FEDU_ScanAveragedRates:
    Variable 'FEDU_ScanAveragedRates' has both FORMAT and FORM_PTR attributes. Using FORMAT.
    Variable 'FEDU_ScanAveragedRates' has both FORMAT and FORM_PTR attributes. Using FORMAT.
  FEDU_ScanAveragedFluxes:
    Variable 'FEDU_ScanAveragedFluxes' has both FORMAT and FORM_PTR attributes. Using FORMAT.
    Variable 'FEDU_ScanAveragedFluxes' has both FORMAT and FORM_PTR attributes. Using FORMAT.
  FEDU_RateUncertainties:
    Variable 'FEDU_RateUncertainties' has both FORMAT and FORM_PTR attributes. Using FORMAT.
    Variable 'FEDU_RateUncertainties' has both FORMAT and FORM_PTR attributes. Using FORMAT.
  FEDU_FluxUncertainties:
    Variable 'FEDU_FluxUncertainties' has both FORMAT and FORM_PTR attributes. Using FORMAT.
    Variable 'FEDU_FluxUncertainties' has both FORMAT and FORM_PTR attributes. Using FORMAT.
  FEsDU_ScanAveragedRates:
    Variable 'FEsDU_ScanAveragedRates' has both FORMAT and FORM_PTR attributes. Using FORMAT.
    Variable 'FEsDU_ScanAveragedRates' has both FORMAT and FORM_PTR attributes. Using FORMAT.
  FEsDU_ScanAveragedFluxes:
    Variable 'FEsDU_ScanAveragedFluxes' has both FORMAT and FORM_PTR attributes. Using FORMAT.
    Variable 'FEsDU_ScanAveragedFluxes' has both FORMAT and FORM_PTR attributes. Using FORMAT.
  FEsDU_RateUncertainties:
    Variable 'FEsDU_RateUncertainties' has both FORMAT and FORM_PTR attributes. Using FORMAT.
    Variable 'FEsDU_RateUncertainties' has both FORMAT and FORM_PTR attributes. Using FORMAT.
  FEsDU_FluxUncertainties:
    Variable 'FEsDU_FluxUncertainties' has both FORMAT and FORM_PTR attributes. Using FORMAT.
    Variable 'FEsDU_FluxUncertainties' has both FORMAT and FORM_PTR attributes. Using FORMAT.
  FHDU_ScanAveragedRates:
    Variable 'FHDU_ScanAveragedRates' has both FORMAT and FORM_PTR attributes. Using FORMAT.
    Variable 'FHDU_ScanAveragedRates' has both FORMAT and FORM_PTR attributes. Using FORMAT.
  FHDU_ScanAveragedFluxes:
    Variable 'FHDU_ScanAveragedFluxes' has both FORMAT and FORM_PTR attributes. Using FORMAT.
    Variable 'FHDU_ScanAveragedFluxes' has both FORMAT and FORM_PTR attributes. Using FORMAT.
  FHDU_RateUncertainties:
    Variable 'FHDU_RateUncertainties' has both FORMAT and FORM_PTR attributes. Using FORMAT.
    Variable 'FHDU_RateUncertainties' has both FORMAT and FORM_PTR attributes. Using FORMAT.
  FHDU_FluxUncertainties:
    Variable 'FHDU_FluxUncertainties' has both FORMAT and FORM_PTR attributes. Using FORMAT.
    Variable 'FHDU_FluxUncertainties' has both FORMAT and FORM_PTR attributes. Using FORMAT.
  FHeDU_ScanAveragedRates:
    Variable 'FHeDU_ScanAveragedRates' has both FORMAT and FORM_PTR attributes. Using FORMAT.
    Variable 'FHeDU_ScanAveragedRates' has both FORMAT and FORM_PTR attributes. Using FORMAT.
  FHeDU_ScanAveragedFluxes:
    Variable 'FHeDU_ScanAveragedFluxes' has both FORMAT and FORM_PTR attributes. Using FORMAT.
    Variable 'FHeDU_ScanAveragedFluxes' has both FORMAT and FORM_PTR attributes. Using FORMAT.
  FHeDU_RateUncertainties:
    Variable 'FHeDU_RateUncertainties' has both FORMAT and FORM_PTR attributes. Using FORMAT.
    Variable 'FHeDU_RateUncertainties' has both FORMAT and FORM_PTR attributes. Using FORMAT.
  FHeDU_FluxUncertainties:
    Variable 'FHeDU_FluxUncertainties' has both FORMAT and FORM_PTR attributes. Using FORMAT.
    Variable 'FHeDU_FluxUncertainties' has both FORMAT and FORM_PTR attributes. Using FORMAT.
  FODU_ScanAveragedRates:
    Variable 'FODU_ScanAveragedRates' has both FORMAT and FORM_PTR attributes. Using FORMAT.
    Variable 'FODU_ScanAveragedRates' has both FORMAT and FORM_PTR attributes. Using FORMAT.
  FODU_ScanAveragedFluxes:
    Variable 'FODU_ScanAveragedFluxes' has both FORMAT and FORM_PTR attributes. Using FORMAT.
    Variable 'FODU_ScanAveragedFluxes' has both FORMAT and FORM_PTR attributes. Using FORMAT.
  FODU_RateUncertainties:
    Variable 'FODU_RateUncertainties' has both FORMAT and FORM_PTR attributes. Using FORMAT.
    Variable 'FODU_RateUncertainties' has both FORMAT and FORM_PTR attributes. Using FORMAT.
  FODU_FluxUncertainties:
    Variable 'FODU_FluxUncertainties' has both FORMAT and FORM_PTR attributes. Using FORMAT.
    Variable 'FODU_FluxUncertainties' has both FORMAT and FORM_PTR attributes. Using FORMAT.
  FFeDU_ScanAveragedRates:
    Variable 'FFeDU_ScanAveragedRates' has both FORMAT and FORM_PTR attributes. Using FORMAT.
    Variable 'FFeDU_ScanAveragedRates' has both FORMAT and FORM_PTR attributes. Using FORMAT.
  FFeDU_ScanAveragedFluxes:
    Variable 'FFeDU_ScanAveragedFluxes' has both FORMAT and FORM_PTR attributes. Using FORMAT.
    Variable 'FFeDU_ScanAveragedFluxes' has both FORMAT and FORM_PTR attributes. Using FORMAT.
  FFeDU_RateUncertainties:
    Variable 'FFeDU_RateUncertainties' has both FORMAT and FORM_PTR attributes. Using FORMAT.
    Variable 'FFeDU_RateUncertainties' has both FORMAT and FORM_PTR attributes. Using FORMAT.
  FFeDU_FluxUncertainties:
    Variable 'FFeDU_FluxUncertainties' has both FORMAT and FORM_PTR attributes. Using FORMAT.
    Variable 'FFeDU_FluxUncertainties' has both FORMAT and FORM_PTR attributes. Using FORMAT.
VOYAGER-2_LECP_LEV-1-RATES | ISTP.FORMAT:
  FEDU_SectoredRates:
    Variable 'FEDU_SectoredRates' has both FORMAT and FORM_PTR attributes. Using FORMAT.
    Variable 'FEDU_SectoredRates' has both FORMAT and FORM_PTR attributes. Using FORMAT.
  FEDU_SectoredRateUncertainties:
    Variable 'FEDU_SectoredRateUncertainties' has both FORMAT and FORM_PTR attributes. Using FORMAT.
    Variable 'FEDU_SectoredRateUncertainties' has both FORMAT and FORM_PTR attributes. Using FORMAT.
  FEsDU_SectoredRates:
    Variable 'FEsDU_SectoredRates' has both FORMAT and FORM_PTR attributes. Using FORMAT.
    Variable 'FEsDU_SectoredRates' has both FORMAT and FORM_PTR attributes. Using FORMAT.
  FEsDU_SectoredRateUncertainties:
    Variable 'FEsDU_SectoredRateUncertainties' has both FORMAT and FORM_PTR attributes. Using FORMAT.
    Variable 'FEsDU_SectoredRateUncertainties' has both FORMAT and FORM_PTR attributes. Using FORMAT.
  FHDU_SectoredRates:
    Variable 'FHDU_SectoredRates' has both FORMAT and FORM_PTR attributes. Using FORMAT.
    Variable 'FHDU_SectoredRates' has both FORMAT and FORM_PTR attributes. Using FORMAT.
  FHDU_SectoredRateUncertainties:
    Variable 'FHDU_SectoredRateUncertainties' has both FORMAT and FORM_PTR attributes. Using FORMAT.
    Variable 'FHDU_SectoredRateUncertainties' has both FORMAT and FORM_PTR attributes. Using FORMAT.
  FHeDU_SectoredRates:
    Variable 'FHeDU_SectoredRates' has both FORMAT and FORM_PTR attributes. Using FORMAT.
    Variable 'FHeDU_SectoredRates' has both FORMAT and FORM_PTR attributes. Using FORMAT.
  FHeDU_SectoredRateUncertainties:
    Variable 'FHeDU_SectoredRateUncertainties' has both FORMAT and FORM_PTR attributes. Using FORMAT.
    Variable 'FHeDU_SectoredRateUncertainties' has both FORMAT and FORM_PTR attributes. Using FORMAT.
  FODU_SectoredRates:
    Variable 'FODU_SectoredRates' has both FORMAT and FORM_PTR attributes. Using FORMAT.
    Variable 'FODU_SectoredRates' has both FORMAT and FORM_PTR attributes. Using FORMAT.
  FODU_SectoredRateUncertainties:
    Variable 'FODU_SectoredRateUncertainties' has both FORMAT and FORM_PTR attributes. Using FORMAT.
    Variable 'FODU_SectoredRateUncertainties' has both FORMAT and FORM_PTR attributes. Using FORMAT.
  FFeDU_SectoredRates:
    Variable 'FFeDU_SectoredRates' has both FORMAT and FORM_PTR attributes. Using FORMAT.
    Variable 'FFeDU_SectoredRates' has both FORMAT and FORM_PTR attributes. Using FORMAT.
  FFeDU_SectoredRateUncertainties:
    Variable 'FFeDU_SectoredRateUncertainties' has both FORMAT and FORM_PTR attributes. Using FORMAT.
    Variable 'FFeDU_SectoredRateUncertainties' has both FORMAT and FORM_PTR attributes. Using FORMAT.
  Singles_SectoredRates:
    Variable 'Singles_SectoredRates' has both FORMAT and FORM_PTR attributes. Using FORMAT.
    Variable 'Singles_SectoredRates' has both FORMAT and FORM_PTR attributes. Using FORMAT.
  Singles_SectoredRateUncertainties:
    Variable 'Singles_SectoredRateUncertainties' has both FORMAT and FORM_PTR attributes. Using FORMAT.
    Variable 'Singles_SectoredRateUncertainties' has both FORMAT and FORM_PTR attributes. Using FORMAT.
VOYAGER-2_LECP_LEV-2-DAILY-AVG | ISTP.FORMAT:
  FEDU_SectoredFluxes:
    Variable 'FEDU_SectoredFluxes' has both FORMAT and FORM_PTR attributes. Using FORMAT.
    Variable 'FEDU_SectoredFluxes' has both FORMAT and FORM_PTR attributes. Using FORMAT.
  FEDU_SectoredFluxUncertainties:
    Variable 'FEDU_SectoredFluxUncertainties' has both FORMAT and FORM_PTR attributes. Using FORMAT.
    Variable 'FEDU_SectoredFluxUncertainties' has both FORMAT and FORM_PTR attributes. Using FORMAT.
  FEsDU_SectoredFluxes:
    Variable 'FEsDU_SectoredFluxes' has both FORMAT and FORM_PTR attributes. Using FORMAT.
    Variable 'FEsDU_SectoredFluxes' has both FORMAT and FORM_PTR attributes. Using FORMAT.
  FEsDU_SectoredFluxUncertainties:
    Variable 'FEsDU_SectoredFluxUncertainties' has both FORMAT and FORM_PTR attributes. Using FORMAT.
    Variable 'FEsDU_SectoredFluxUncertainties' has both FORMAT and FORM_PTR attributes. Using FORMAT.
  FHDU_SectoredFluxes:
    Variable 'FHDU_SectoredFluxes' has both FORMAT and FORM_PTR attributes. Using FORMAT.
    Variable 'FHDU_SectoredFluxes' has both FORMAT and FORM_PTR attributes. Using FORMAT.
  FHDU_SectoredFluxUncertainties:
    Variable 'FHDU_SectoredFluxUncertainties' has both FORMAT and FORM_PTR attributes. Using FORMAT.
    Variable 'FHDU_SectoredFluxUncertainties' has both FORMAT and FORM_PTR attributes. Using FORMAT.
  FHeDU_SectoredFluxes:
    Variable 'FHeDU_SectoredFluxes' has both FORMAT and FORM_PTR attributes. Using FORMAT.
    Variable 'FHeDU_SectoredFluxes' has both FORMAT and FORM_PTR attributes. Using FORMAT.
  FHeDU_SectoredFluxUncertainties:
    Variable 'FHeDU_SectoredFluxUncertainties' has both FORMAT and FORM_PTR attributes. Using FORMAT.
    Variable 'FHeDU_SectoredFluxUncertainties' has both FORMAT and FORM_PTR attributes. Using FORMAT.
  FODU_SectoredFluxes:
    Variable 'FODU_SectoredFluxes' has both FORMAT and FORM_PTR attributes. Using FORMAT.
    Variable 'FODU_SectoredFluxes' has both FORMAT and FORM_PTR attributes. Using FORMAT.
  FODU_SectoredFluxUncertainties:
    Variable 'FODU_SectoredFluxUncertainties' has both FORMAT and FORM_PTR attributes. Using FORMAT.
    Variable 'FODU_SectoredFluxUncertainties' has both FORMAT and FORM_PTR attributes. Using FORMAT.
  FFeDU_SectoredFluxes:
    Variable 'FFeDU_SectoredFluxes' has both FORMAT and FORM_PTR attributes. Using FORMAT.
    Variable 'FFeDU_SectoredFluxes' has both FORMAT and FORM_PTR attributes. Using FORMAT.
  FFeDU_SectoredFluxUncertainties:
    Variable 'FFeDU_SectoredFluxUncertainties' has both FORMAT and FORM_PTR attributes. Using FORMAT.
    Variable 'FFeDU_SectoredFluxUncertainties' has both FORMAT and FORM_PTR attributes. Using FORMAT.
VOYAGER-2_LECP_LEV-2-HOURLY-AVG | ISTP.FORMAT:
  FEDU_SectoredFluxes:
    Variable 'FEDU_SectoredFluxes' has both FORMAT and FORM_PTR attributes. Using FORMAT.
    Variable 'FEDU_SectoredFluxes' has both FORMAT and FORM_PTR attributes. Using FORMAT.
  FEDU_SectoredFluxUncertainties:
    Variable 'FEDU_SectoredFluxUncertainties' has both FORMAT and FORM_PTR attributes. Using FORMAT.
    Variable 'FEDU_SectoredFluxUncertainties' has both FORMAT and FORM_PTR attributes. Using FORMAT.
  FEsDU_SectoredFluxes:
    Variable 'FEsDU_SectoredFluxes' has both FORMAT and FORM_PTR attributes. Using FORMAT.
    Variable 'FEsDU_SectoredFluxes' has both FORMAT and FORM_PTR attributes. Using FORMAT.
  FEsDU_SectoredFluxUncertainties:
    Variable 'FEsDU_SectoredFluxUncertainties' has both FORMAT and FORM_PTR attributes. Using FORMAT.
    Variable 'FEsDU_SectoredFluxUncertainties' has both FORMAT and FORM_PTR attributes. Using FORMAT.
  FHDU_SectoredFluxes:
    Variable 'FHDU_SectoredFluxes' has both FORMAT and FORM_PTR attributes. Using FORMAT.
    Variable 'FHDU_SectoredFluxes' has both FORMAT and FORM_PTR attributes. Using FORMAT.
  FHDU_SectoredFluxUncertainties:
    Variable 'FHDU_SectoredFluxUncertainties' has both FORMAT and FORM_PTR attributes. Using FORMAT.
    Variable 'FHDU_SectoredFluxUncertainties' has both FORMAT and FORM_PTR attributes. Using FORMAT.
  FHeDU_SectoredFluxes:
    Variable 'FHeDU_SectoredFluxes' has both FORMAT and FORM_PTR attributes. Using FORMAT.
    Variable 'FHeDU_SectoredFluxes' has both FORMAT and FORM_PTR attributes. Using FORMAT.
  FHeDU_SectoredFluxUncertainties:
    Variable 'FHeDU_SectoredFluxUncertainties' has both FORMAT and FORM_PTR attributes. Using FORMAT.
    Variable 'FHeDU_SectoredFluxUncertainties' has both FORMAT and FORM_PTR attributes. Using FORMAT.
  FODU_SectoredFluxes:
    Variable 'FODU_SectoredFluxes' has both FORMAT and FORM_PTR attributes. Using FORMAT.
    Variable 'FODU_SectoredFluxes' has both FORMAT and FORM_PTR attributes. Using FORMAT.
  FODU_SectoredFluxUncertainties:
    Variable 'FODU_SectoredFluxUncertainties' has both FORMAT and FORM_PTR attributes. Using FORMAT.
    Variable 'FODU_SectoredFluxUncertainties' has both FORMAT and FORM_PTR attributes. Using FORMAT.
  FFeDU_SectoredFluxes:
    Variable 'FFeDU_SectoredFluxes' has both FORMAT and FORM_PTR attributes. Using FORMAT.
    Variable 'FFeDU_SectoredFluxes' has both FORMAT and FORM_PTR attributes. Using FORMAT.
  FFeDU_SectoredFluxUncertainties:
    Variable 'FFeDU_SectoredFluxUncertainties' has both FORMAT and FORM_PTR attributes. Using FORMAT.
    Variable 'FFeDU_SectoredFluxUncertainties' has both FORMAT and FORM_PTR attributes. Using FORMAT.
VOYAGER-2_LECP_LEV-2-SCAN-AVG | ISTP.FORMAT:
  FEDU_ScanAveragedRates:
    Variable 'FEDU_ScanAveragedRates' has both FORMAT and FORM_PTR attributes. Using FORMAT.
    Variable 'FEDU_ScanAveragedRates' has both FORMAT and FORM_PTR attributes. Using FORMAT.
  FEDU_ScanAveragedFluxes:
    Variable 'FEDU_ScanAveragedFluxes' has both FORMAT and FORM_PTR attributes. Using FORMAT.
    Variable 'FEDU_ScanAveragedFluxes' has both FORMAT and FORM_PTR attributes. Using FORMAT.
  FEDU_RateUncertainties:
    Variable 'FEDU_RateUncertainties' has both FORMAT and FORM_PTR attributes. Using FORMAT.
    Variable 'FEDU_RateUncertainties' has both FORMAT and FORM_PTR attributes. Using FORMAT.
  FEDU_FluxUncertainties:
    Variable 'FEDU_FluxUncertainties' has both FORMAT and FORM_PTR attributes. Using FORMAT.
    Variable 'FEDU_FluxUncertainties' has both FORMAT and FORM_PTR attributes. Using FORMAT.
  FEsDU_ScanAveragedRates:
    Variable 'FEsDU_ScanAveragedRates' has both FORMAT and FORM_PTR attributes. Using FORMAT.
    Variable 'FEsDU_ScanAveragedRates' has both FORMAT and FORM_PTR attributes. Using FORMAT.
  FEsDU_ScanAveragedFluxes:
    Variable 'FEsDU_ScanAveragedFluxes' has both FORMAT and FORM_PTR attributes. Using FORMAT.
    Variable 'FEsDU_ScanAveragedFluxes' has both FORMAT and FORM_PTR attributes. Using FORMAT.
  FEsDU_RateUncertainties:
    Variable 'FEsDU_RateUncertainties' has both FORMAT and FORM_PTR attributes. Using FORMAT.
    Variable 'FEsDU_RateUncertainties' has both FORMAT and FORM_PTR attributes. Using FORMAT.
  FEsDU_FluxUncertainties:
    Variable 'FEsDU_FluxUncertainties' has both FORMAT and FORM_PTR attributes. Using FORMAT.
    Variable 'FEsDU_FluxUncertainties' has both FORMAT and FORM_PTR attributes. Using FORMAT.
  FHDU_ScanAveragedRates:
    Variable 'FHDU_ScanAveragedRates' has both FORMAT and FORM_PTR attributes. Using FORMAT.
    Variable 'FHDU_ScanAveragedRates' has both FORMAT and FORM_PTR attributes. Using FORMAT.
  FHDU_ScanAveragedFluxes:
    Variable 'FHDU_ScanAveragedFluxes' has both FORMAT and FORM_PTR attributes. Using FORMAT.
    Variable 'FHDU_ScanAveragedFluxes' has both FORMAT and FORM_PTR attributes. Using FORMAT.
  FHDU_RateUncertainties:
    Variable 'FHDU_RateUncertainties' has both FORMAT and FORM_PTR attributes. Using FORMAT.
    Variable 'FHDU_RateUncertainties' has both FORMAT and FORM_PTR attributes. Using FORMAT.
  FHDU_FluxUncertainties:
    Variable 'FHDU_FluxUncertainties' has both FORMAT and FORM_PTR attributes. Using FORMAT.
    Variable 'FHDU_FluxUncertainties' has both FORMAT and FORM_PTR attributes. Using FORMAT.
  FHeDU_ScanAveragedRates:
    Variable 'FHeDU_ScanAveragedRates' has both FORMAT and FORM_PTR attributes. Using FORMAT.
    Variable 'FHeDU_ScanAveragedRates' has both FORMAT and FORM_PTR attributes. Using FORMAT.
  FHeDU_ScanAveragedFluxes:
    Variable 'FHeDU_ScanAveragedFluxes' has both FORMAT and FORM_PTR attributes. Using FORMAT.
    Variable 'FHeDU_ScanAveragedFluxes' has both FORMAT and FORM_PTR attributes. Using FORMAT.
  FHeDU_RateUncertainties:
    Variable 'FHeDU_RateUncertainties' has both FORMAT and FORM_PTR attributes. Using FORMAT.
    Variable 'FHeDU_RateUncertainties' has both FORMAT and FORM_PTR attributes. Using FORMAT.
  FHeDU_FluxUncertainties:
    Variable 'FHeDU_FluxUncertainties' has both FORMAT and FORM_PTR attributes. Using FORMAT.
    Variable 'FHeDU_FluxUncertainties' has both FORMAT and FORM_PTR attributes. Using FORMAT.
  FODU_ScanAveragedRates:
    Variable 'FODU_ScanAveragedRates' has both FORMAT and FORM_PTR attributes. Using FORMAT.
    Variable 'FODU_ScanAveragedRates' has both FORMAT and FORM_PTR attributes. Using FORMAT.
  FODU_ScanAveragedFluxes:
    Variable 'FODU_ScanAveragedFluxes' has both FORMAT and FORM_PTR attributes. Using FORMAT.
    Variable 'FODU_ScanAveragedFluxes' has both FORMAT and FORM_PTR attributes. Using FORMAT.
  FODU_RateUncertainties:
    Variable 'FODU_RateUncertainties' has both FORMAT and FORM_PTR attributes. Using FORMAT.
    Variable 'FODU_RateUncertainties' has both FORMAT and FORM_PTR attributes. Using FORMAT.
  FODU_FluxUncertainties:
    Variable 'FODU_FluxUncertainties' has both FORMAT and FORM_PTR attributes. Using FORMAT.
    Variable 'FODU_FluxUncertainties' has both FORMAT and FORM_PTR attributes. Using FORMAT.
  FFeDU_ScanAveragedRates:
    Variable 'FFeDU_ScanAveragedRates' has both FORMAT and FORM_PTR attributes. Using FORMAT.
    Variable 'FFeDU_ScanAveragedRates' has both FORMAT and FORM_PTR attributes. Using FORMAT.
  FFeDU_ScanAveragedFluxes:
    Variable 'FFeDU_ScanAveragedFluxes' has both FORMAT and FORM_PTR attributes. Using FORMAT.
    Variable 'FFeDU_ScanAveragedFluxes' has both FORMAT and FORM_PTR attributes. Using FORMAT.
  FFeDU_RateUncertainties:
    Variable 'FFeDU_RateUncertainties' has both FORMAT and FORM_PTR attributes. Using FORMAT.
    Variable 'FFeDU_RateUncertainties' has both FORMAT and FORM_PTR attributes. Using FORMAT.
  FFeDU_FluxUncertainties:
    Variable 'FFeDU_FluxUncertainties' has both FORMAT and FORM_PTR attributes. Using FORMAT.
    Variable 'FFeDU_FluxUncertainties' has both FORMAT and FORM_PTR attributes. Using FORMAT.