DE2_AC500MS_VEFI | ISTP.CATDESC:
  spectA: Variable 'spectA' does not have a CATDESC attribute.
  spectB: Variable 'spectB' does not have a CATDESC attribute.
  spectC: Variable 'spectC' does not have a CATDESC attribute.
DYNAMO-2_DESA_NX02A-ESA-FLUX | ISTP.CATDESC:
  DESA_NX_02A_ESA_L1A_COUNTS: Variable 'DESA_NX_02A_ESA_L1A_COUNTS' does not have a CATDESC attribute.
  DESA_NX_02A_ESA_L2_DEF: Variable 'DESA_NX_02A_ESA_L2_DEF' does not have a CATDESC attribute.
ENDURANCE_EPHEMERIS_DEF | ISTP.CATDESC:
  DCM:
    Variable 'DCM' does not have a CATDESC attribute.
    Variable 'DCM' does not have a CATDESC attribute.
ENDURANCE_L1A_PES | ISTP.CATDESC:
  stp_count_PES: Variable 'stp_count_PES' does not have a CATDESC attribute.
  PES_A_counts: Variable 'PES_A_counts' does not have a CATDESC attribute.
  PES_B_counts: Variable 'PES_B_counts' does not have a CATDESC attribute.
  PES_HV_mon: Variable 'PES_HV_mon' does not have a CATDESC attribute.
  PES_ESA_mon: Variable 'PES_ESA_mon' does not have a CATDESC attribute.
  PES_RPA_mon: Variable 'PES_RPA_mon' does not have a CATDESC attribute.
  PES_CEM_mon: Variable 'PES_CEM_mon' does not have a CATDESC attribute.
ENDURANCE_L1B_PES | ISTP.CATDESC:
  PES_A_counts:
    Variable 'PES_A_counts' does not have a CATDESC attribute.
    Variable 'PES_A_counts' does not have a CATDESC attribute.
  PES_B_counts:
    Variable 'PES_B_counts' does not have a CATDESC attribute.
    Variable 'PES_B_counts' does not have a CATDESC attribute.
ENDURANCE_L2-ESA_PES | ISTP.CATDESC:
  PES_A_ESA_DEF: Variable 'PES_A_ESA_DEF' does not have a CATDESC attribute.
  PES_B_ESA_DEF: Variable 'PES_B_ESA_DEF' does not have a CATDESC attribute.
ENDURANCE_L2-GF_PES | ISTP.CATDESC:
  PES_A_GF: Variable 'PES_A_GF' does not have a CATDESC attribute.
  PES_B_GF: Variable 'PES_B_GF' does not have a CATDESC attribute.
ENDURANCE_L2-RPA_PES | ISTP.CATDESC:
  PES_A_RPA_DEF: Variable 'PES_A_RPA_DEF' does not have a CATDESC attribute.
  PES_B_RPA_DEF: Variable 'PES_B_RPA_DEF' does not have a CATDESC attribute.
  energy: Variable 'energy' does not have a CATDESC attribute.
GE_SW_CPI | ISTP.CATDESC:
  flux:
    Variable 'flux' does not have a CATDESC attribute.
    Variable 'flux' does not have a CATDESC attribute.
    Variable 'flux' does not have a CATDESC attribute.
  flux_D3S5_BY_ENERGY:
    Variable 'flux_D3S5_BY_ENERGY' does not have a CATDESC attribute.
    Variable 'flux_D3S5_BY_ENERGY' does not have a CATDESC attribute.
    Variable 'flux_D3S5_BY_ENERGY' does not have a CATDESC attribute.
  flux_D3S9_BY_ENERGY:
    Variable 'flux_D3S9_BY_ENERGY' does not have a CATDESC attribute.
    Variable 'flux_D3S9_BY_ENERGY' does not have a CATDESC attribute.
    Variable 'flux_D3S9_BY_ENERGY' does not have a CATDESC attribute.
  flux_D3S11_BY_ENERGY:
    Variable 'flux_D3S11_BY_ENERGY' does not have a CATDESC attribute.
    Variable 'flux_D3S11_BY_ENERGY' does not have a CATDESC attribute.
    Variable 'flux_D3S11_BY_ENERGY' does not have a CATDESC attribute.
  flux_D3S13_BY_ENERGY:
    Variable 'flux_D3S13_BY_ENERGY' does not have a CATDESC attribute.
    Variable 'flux_D3S13_BY_ENERGY' does not have a CATDESC attribute.
    Variable 'flux_D3S13_BY_ENERGY' does not have a CATDESC attribute.
  flux_D3S17_BY_ENERGY:
    Variable 'flux_D3S17_BY_ENERGY' does not have a CATDESC attribute.
    Variable 'flux_D3S17_BY_ENERGY' does not have a CATDESC attribute.
    Variable 'flux_D3S17_BY_ENERGY' does not have a CATDESC attribute.
  flux_D6S5_BY_ENERGY:
    Variable 'flux_D6S5_BY_ENERGY' does not have a CATDESC attribute.
    Variable 'flux_D6S5_BY_ENERGY' does not have a CATDESC attribute.
    Variable 'flux_D6S5_BY_ENERGY' does not have a CATDESC attribute.
  flux_D6S9_BY_ENERGY:
    Variable 'flux_D6S9_BY_ENERGY' does not have a CATDESC attribute.
    Variable 'flux_D6S9_BY_ENERGY' does not have a CATDESC attribute.
    Variable 'flux_D6S9_BY_ENERGY' does not have a CATDESC attribute.
  flux_D6S11_BY_ENERGY:
    Variable 'flux_D6S11_BY_ENERGY' does not have a CATDESC attribute.
    Variable 'flux_D6S11_BY_ENERGY' does not have a CATDESC attribute.
    Variable 'flux_D6S11_BY_ENERGY' does not have a CATDESC attribute.
  flux_D6S13_BY_ENERGY:
    Variable 'flux_D6S13_BY_ENERGY' does not have a CATDESC attribute.
    Variable 'flux_D6S13_BY_ENERGY' does not have a CATDESC attribute.
    Variable 'flux_D6S13_BY_ENERGY' does not have a CATDESC attribute.
  flux_D6S17_BY_ENERGY:
    Variable 'flux_D6S17_BY_ENERGY' does not have a CATDESC attribute.
    Variable 'flux_D6S17_BY_ENERGY' does not have a CATDESC attribute.
    Variable 'flux_D6S17_BY_ENERGY' does not have a CATDESC attribute.
  flux_D7S5_BY_ENERGY:
    Variable 'flux_D7S5_BY_ENERGY' does not have a CATDESC attribute.
    Variable 'flux_D7S5_BY_ENERGY' does not have a CATDESC attribute.
    Variable 'flux_D7S5_BY_ENERGY' does not have a CATDESC attribute.
  flux_D7S9_BY_ENERGY:
    Variable 'flux_D7S9_BY_ENERGY' does not have a CATDESC attribute.
    Variable 'flux_D7S9_BY_ENERGY' does not have a CATDESC attribute.
    Variable 'flux_D7S9_BY_ENERGY' does not have a CATDESC attribute.
  flux_D7S11_BY_ENERGY:
    Variable 'flux_D7S11_BY_ENERGY' does not have a CATDESC attribute.
    Variable 'flux_D7S11_BY_ENERGY' does not have a CATDESC attribute.
    Variable 'flux_D7S11_BY_ENERGY' does not have a CATDESC attribute.
  flux_D7S13_BY_ENERGY:
    Variable 'flux_D7S13_BY_ENERGY' does not have a CATDESC attribute.
    Variable 'flux_D7S13_BY_ENERGY' does not have a CATDESC attribute.
    Variable 'flux_D7S13_BY_ENERGY' does not have a CATDESC attribute.
  flux_D7S17_BY_ENERGY:
    Variable 'flux_D7S17_BY_ENERGY' does not have a CATDESC attribute.
    Variable 'flux_D7S17_BY_ENERGY' does not have a CATDESC attribute.
    Variable 'flux_D7S17_BY_ENERGY' does not have a CATDESC attribute.
  flux_D9S5_BY_ENERGY:
    Variable 'flux_D9S5_BY_ENERGY' does not have a CATDESC attribute.
    Variable 'flux_D9S5_BY_ENERGY' does not have a CATDESC attribute.
    Variable 'flux_D9S5_BY_ENERGY' does not have a CATDESC attribute.
  flux_D9S9_BY_ENERGY:
    Variable 'flux_D9S9_BY_ENERGY' does not have a CATDESC attribute.
    Variable 'flux_D9S9_BY_ENERGY' does not have a CATDESC attribute.
    Variable 'flux_D9S9_BY_ENERGY' does not have a CATDESC attribute.
  flux_D9S11_BY_ENERGY:
    Variable 'flux_D9S11_BY_ENERGY' does not have a CATDESC attribute.
    Variable 'flux_D9S11_BY_ENERGY' does not have a CATDESC attribute.
    Variable 'flux_D9S11_BY_ENERGY' does not have a CATDESC attribute.
  flux_D9S13_BY_ENERGY:
    Variable 'flux_D9S13_BY_ENERGY' does not have a CATDESC attribute.
    Variable 'flux_D9S13_BY_ENERGY' does not have a CATDESC attribute.
    Variable 'flux_D9S13_BY_ENERGY' does not have a CATDESC attribute.
  flux_D9S17_BY_ENERGY:
    Variable 'flux_D9S17_BY_ENERGY' does not have a CATDESC attribute.
    Variable 'flux_D9S17_BY_ENERGY' does not have a CATDESC attribute.
    Variable 'flux_D9S17_BY_ENERGY' does not have a CATDESC attribute.
  flux_D3E16_BY_SECTOR:
    Variable 'flux_D3E16_BY_SECTOR' does not have a CATDESC attribute.
    Variable 'flux_D3E16_BY_SECTOR' does not have a CATDESC attribute.
    Variable 'flux_D3E16_BY_SECTOR' does not have a CATDESC attribute.
  flux_D3E24_BY_SECTOR:
    Variable 'flux_D3E24_BY_SECTOR' does not have a CATDESC attribute.
    Variable 'flux_D3E24_BY_SECTOR' does not have a CATDESC attribute.
    Variable 'flux_D3E24_BY_SECTOR' does not have a CATDESC attribute.
  flux_D3E32_BY_SECTOR:
    Variable 'flux_D3E32_BY_SECTOR' does not have a CATDESC attribute.
    Variable 'flux_D3E32_BY_SECTOR' does not have a CATDESC attribute.
    Variable 'flux_D3E32_BY_SECTOR' does not have a CATDESC attribute.
  flux_D3E40_BY_SECTOR:
    Variable 'flux_D3E40_BY_SECTOR' does not have a CATDESC attribute.
    Variable 'flux_D3E40_BY_SECTOR' does not have a CATDESC attribute.
    Variable 'flux_D3E40_BY_SECTOR' does not have a CATDESC attribute.
  flux_D3E48_BY_SECTOR:
    Variable 'flux_D3E48_BY_SECTOR' does not have a CATDESC attribute.
    Variable 'flux_D3E48_BY_SECTOR' does not have a CATDESC attribute.
    Variable 'flux_D3E48_BY_SECTOR' does not have a CATDESC attribute.
  flux_D6E16_BY_SECTOR:
    Variable 'flux_D6E16_BY_SECTOR' does not have a CATDESC attribute.
    Variable 'flux_D6E16_BY_SECTOR' does not have a CATDESC attribute.
    Variable 'flux_D6E16_BY_SECTOR' does not have a CATDESC attribute.
  flux_D6E24_BY_SECTOR:
    Variable 'flux_D6E24_BY_SECTOR' does not have a CATDESC attribute.
    Variable 'flux_D6E24_BY_SECTOR' does not have a CATDESC attribute.
    Variable 'flux_D6E24_BY_SECTOR' does not have a CATDESC attribute.
  flux_D6E32_BY_SECTOR:
    Variable 'flux_D6E32_BY_SECTOR' does not have a CATDESC attribute.
    Variable 'flux_D6E32_BY_SECTOR' does not have a CATDESC attribute.
    Variable 'flux_D6E32_BY_SECTOR' does not have a CATDESC attribute.
  flux_D6E40_BY_SECTOR:
    Variable 'flux_D6E40_BY_SECTOR' does not have a CATDESC attribute.
    Variable 'flux_D6E40_BY_SECTOR' does not have a CATDESC attribute.
    Variable 'flux_D6E40_BY_SECTOR' does not have a CATDESC attribute.
  flux_D6E48_BY_SECTOR:
    Variable 'flux_D6E48_BY_SECTOR' does not have a CATDESC attribute.
    Variable 'flux_D6E48_BY_SECTOR' does not have a CATDESC attribute.
    Variable 'flux_D6E48_BY_SECTOR' does not have a CATDESC attribute.
  flux_D7E16_BY_SECTOR:
    Variable 'flux_D7E16_BY_SECTOR' does not have a CATDESC attribute.
    Variable 'flux_D7E16_BY_SECTOR' does not have a CATDESC attribute.
    Variable 'flux_D7E16_BY_SECTOR' does not have a CATDESC attribute.
  flux_D7E24_BY_SECTOR:
    Variable 'flux_D7E24_BY_SECTOR' does not have a CATDESC attribute.
    Variable 'flux_D7E24_BY_SECTOR' does not have a CATDESC attribute.
    Variable 'flux_D7E24_BY_SECTOR' does not have a CATDESC attribute.
  flux_D7E32_BY_SECTOR:
    Variable 'flux_D7E32_BY_SECTOR' does not have a CATDESC attribute.
    Variable 'flux_D7E32_BY_SECTOR' does not have a CATDESC attribute.
    Variable 'flux_D7E32_BY_SECTOR' does not have a CATDESC attribute.
  flux_D7E40_BY_SECTOR:
    Variable 'flux_D7E40_BY_SECTOR' does not have a CATDESC attribute.
    Variable 'flux_D7E40_BY_SECTOR' does not have a CATDESC attribute.
    Variable 'flux_D7E40_BY_SECTOR' does not have a CATDESC attribute.
  flux_D7E48_BY_SECTOR:
    Variable 'flux_D7E48_BY_SECTOR' does not have a CATDESC attribute.
    Variable 'flux_D7E48_BY_SECTOR' does not have a CATDESC attribute.
    Variable 'flux_D7E48_BY_SECTOR' does not have a CATDESC attribute.
  flux_D9E16_BY_SECTOR:
    Variable 'flux_D9E16_BY_SECTOR' does not have a CATDESC attribute.
    Variable 'flux_D9E16_BY_SECTOR' does not have a CATDESC attribute.
    Variable 'flux_D9E16_BY_SECTOR' does not have a CATDESC attribute.
  flux_D9E24_BY_SECTOR:
    Variable 'flux_D9E24_BY_SECTOR' does not have a CATDESC attribute.
    Variable 'flux_D9E24_BY_SECTOR' does not have a CATDESC attribute.
    Variable 'flux_D9E24_BY_SECTOR' does not have a CATDESC attribute.
  flux_D9E32_BY_SECTOR:
    Variable 'flux_D9E32_BY_SECTOR' does not have a CATDESC attribute.
    Variable 'flux_D9E32_BY_SECTOR' does not have a CATDESC attribute.
    Variable 'flux_D9E32_BY_SECTOR' does not have a CATDESC attribute.
  flux_D9E40_BY_SECTOR:
    Variable 'flux_D9E40_BY_SECTOR' does not have a CATDESC attribute.
    Variable 'flux_D9E40_BY_SECTOR' does not have a CATDESC attribute.
    Variable 'flux_D9E40_BY_SECTOR' does not have a CATDESC attribute.
  flux_D9E48_BY_SECTOR:
    Variable 'flux_D9E48_BY_SECTOR' does not have a CATDESC attribute.
    Variable 'flux_D9E48_BY_SECTOR' does not have a CATDESC attribute.
    Variable 'flux_D9E48_BY_SECTOR' does not have a CATDESC attribute.
  flux_S5E16_BY_DETECTOR:
    Variable 'flux_S5E16_BY_DETECTOR' does not have a CATDESC attribute.
    Variable 'flux_S5E16_BY_DETECTOR' does not have a CATDESC attribute.
    Variable 'flux_S5E16_BY_DETECTOR' does not have a CATDESC attribute.
  flux_S5E24_BY_DETECTOR:
    Variable 'flux_S5E24_BY_DETECTOR' does not have a CATDESC attribute.
    Variable 'flux_S5E24_BY_DETECTOR' does not have a CATDESC attribute.
    Variable 'flux_S5E24_BY_DETECTOR' does not have a CATDESC attribute.
  flux_S5E32_BY_DETECTOR:
    Variable 'flux_S5E32_BY_DETECTOR' does not have a CATDESC attribute.
    Variable 'flux_S5E32_BY_DETECTOR' does not have a CATDESC attribute.
    Variable 'flux_S5E32_BY_DETECTOR' does not have a CATDESC attribute.
  flux_S5E40_BY_DETECTOR:
    Variable 'flux_S5E40_BY_DETECTOR' does not have a CATDESC attribute.
    Variable 'flux_S5E40_BY_DETECTOR' does not have a CATDESC attribute.
    Variable 'flux_S5E40_BY_DETECTOR' does not have a CATDESC attribute.
  flux_S5E48_BY_DETECTOR:
    Variable 'flux_S5E48_BY_DETECTOR' does not have a CATDESC attribute.
    Variable 'flux_S5E48_BY_DETECTOR' does not have a CATDESC attribute.
    Variable 'flux_S5E48_BY_DETECTOR' does not have a CATDESC attribute.
  flux_S9E16_BY_DETECTOR:
    Variable 'flux_S9E16_BY_DETECTOR' does not have a CATDESC attribute.
    Variable 'flux_S9E16_BY_DETECTOR' does not have a CATDESC attribute.
    Variable 'flux_S9E16_BY_DETECTOR' does not have a CATDESC attribute.
  flux_S9E24_BY_DETECTOR:
    Variable 'flux_S9E24_BY_DETECTOR' does not have a CATDESC attribute.
    Variable 'flux_S9E24_BY_DETECTOR' does not have a CATDESC attribute.
    Variable 'flux_S9E24_BY_DETECTOR' does not have a CATDESC attribute.
  flux_S9E32_BY_DETECTOR:
    Variable 'flux_S9E32_BY_DETECTOR' does not have a CATDESC attribute.
    Variable 'flux_S9E32_BY_DETECTOR' does not have a CATDESC attribute.
    Variable 'flux_S9E32_BY_DETECTOR' does not have a CATDESC attribute.
  flux_S9E40_BY_DETECTOR:
    Variable 'flux_S9E40_BY_DETECTOR' does not have a CATDESC attribute.
    Variable 'flux_S9E40_BY_DETECTOR' does not have a CATDESC attribute.
    Variable 'flux_S9E40_BY_DETECTOR' does not have a CATDESC attribute.
  flux_S9E48_BY_DETECTOR:
    Variable 'flux_S9E48_BY_DETECTOR' does not have a CATDESC attribute.
    Variable 'flux_S9E48_BY_DETECTOR' does not have a CATDESC attribute.
    Variable 'flux_S9E48_BY_DETECTOR' does not have a CATDESC attribute.
  flux_S11E16_BY_DETECTOR:
    Variable 'flux_S11E16_BY_DETECTOR' does not have a CATDESC attribute.
    Variable 'flux_S11E16_BY_DETECTOR' does not have a CATDESC attribute.
    Variable 'flux_S11E16_BY_DETECTOR' does not have a CATDESC attribute.
  flux_S11E24_BY_DETECTOR:
    Variable 'flux_S11E24_BY_DETECTOR' does not have a CATDESC attribute.
    Variable 'flux_S11E24_BY_DETECTOR' does not have a CATDESC attribute.
    Variable 'flux_S11E24_BY_DETECTOR' does not have a CATDESC attribute.
  flux_S11E32_BY_DETECTOR:
    Variable 'flux_S11E32_BY_DETECTOR' does not have a CATDESC attribute.
    Variable 'flux_S11E32_BY_DETECTOR' does not have a CATDESC attribute.
    Variable 'flux_S11E32_BY_DETECTOR' does not have a CATDESC attribute.
  flux_S11E40_BY_DETECTOR:
    Variable 'flux_S11E40_BY_DETECTOR' does not have a CATDESC attribute.
    Variable 'flux_S11E40_BY_DETECTOR' does not have a CATDESC attribute.
    Variable 'flux_S11E40_BY_DETECTOR' does not have a CATDESC attribute.
  flux_S11E48_BY_DETECTOR:
    Variable 'flux_S11E48_BY_DETECTOR' does not have a CATDESC attribute.
    Variable 'flux_S11E48_BY_DETECTOR' does not have a CATDESC attribute.
    Variable 'flux_S11E48_BY_DETECTOR' does not have a CATDESC attribute.
  flux_S13E16_BY_DETECTOR:
    Variable 'flux_S13E16_BY_DETECTOR' does not have a CATDESC attribute.
    Variable 'flux_S13E16_BY_DETECTOR' does not have a CATDESC attribute.
    Variable 'flux_S13E16_BY_DETECTOR' does not have a CATDESC attribute.
  flux_S13E24_BY_DETECTOR:
    Variable 'flux_S13E24_BY_DETECTOR' does not have a CATDESC attribute.
    Variable 'flux_S13E24_BY_DETECTOR' does not have a CATDESC attribute.
    Variable 'flux_S13E24_BY_DETECTOR' does not have a CATDESC attribute.
  flux_S13E32_BY_DETECTOR:
    Variable 'flux_S13E32_BY_DETECTOR' does not have a CATDESC attribute.
    Variable 'flux_S13E32_BY_DETECTOR' does not have a CATDESC attribute.
    Variable 'flux_S13E32_BY_DETECTOR' does not have a CATDESC attribute.
  flux_S13E40_BY_DETECTOR:
    Variable 'flux_S13E40_BY_DETECTOR' does not have a CATDESC attribute.
    Variable 'flux_S13E40_BY_DETECTOR' does not have a CATDESC attribute.
    Variable 'flux_S13E40_BY_DETECTOR' does not have a CATDESC attribute.
  flux_S13E48_BY_DETECTOR:
    Variable 'flux_S13E48_BY_DETECTOR' does not have a CATDESC attribute.
    Variable 'flux_S13E48_BY_DETECTOR' does not have a CATDESC attribute.
    Variable 'flux_S13E48_BY_DETECTOR' does not have a CATDESC attribute.
  flux_S17E16_BY_DETECTOR:
    Variable 'flux_S17E16_BY_DETECTOR' does not have a CATDESC attribute.
    Variable 'flux_S17E16_BY_DETECTOR' does not have a CATDESC attribute.
    Variable 'flux_S17E16_BY_DETECTOR' does not have a CATDESC attribute.
  flux_S17E24_BY_DETECTOR:
    Variable 'flux_S17E24_BY_DETECTOR' does not have a CATDESC attribute.
    Variable 'flux_S17E24_BY_DETECTOR' does not have a CATDESC attribute.
    Variable 'flux_S17E24_BY_DETECTOR' does not have a CATDESC attribute.
  flux_S17E32_BY_DETECTOR:
    Variable 'flux_S17E32_BY_DETECTOR' does not have a CATDESC attribute.
    Variable 'flux_S17E32_BY_DETECTOR' does not have a CATDESC attribute.
    Variable 'flux_S17E32_BY_DETECTOR' does not have a CATDESC attribute.
  flux_S17E40_BY_DETECTOR:
    Variable 'flux_S17E40_BY_DETECTOR' does not have a CATDESC attribute.
    Variable 'flux_S17E40_BY_DETECTOR' does not have a CATDESC attribute.
    Variable 'flux_S17E40_BY_DETECTOR' does not have a CATDESC attribute.
  flux_S17E48_BY_DETECTOR:
    Variable 'flux_S17E48_BY_DETECTOR' does not have a CATDESC attribute.
    Variable 'flux_S17E48_BY_DETECTOR' does not have a CATDESC attribute.
    Variable 'flux_S17E48_BY_DETECTOR' does not have a CATDESC attribute.
GPS_RF_LANL-VTEC-1HR | ISTP.CATDESC:
  tec:
    Variable 'tec' does not have a CATDESC attribute.
    Variable 'tec' does not have a CATDESC attribute.
  tec_movie:
    Variable 'tec_movie' does not have a CATDESC attribute.
    Variable 'tec_movie' does not have a CATDESC attribute.
  tec_moll:
    Variable 'tec_moll' does not have a CATDESC attribute.
    Variable 'tec_moll' does not have a CATDESC attribute.
  tec_moll_movie:
    Variable 'tec_moll_movie' does not have a CATDESC attribute.
    Variable 'tec_moll_movie' does not have a CATDESC attribute.
MMS1_HPCA_SRVY_L2_TOF-COUNTS | ISTP.CATDESC:
  mms1_hpca_tof_counts: Variable 'mms1_hpca_tof_counts' does not have a CATDESC attribute.
  mms1_hpca_tof_counts_allA_atE: Variable 'mms1_hpca_tof_counts_allA_atE' does not have a CATDESC attribute.
  mms1_hpca_tof_counts_allE_atA: Variable 'mms1_hpca_tof_counts_allE_atA' does not have a CATDESC attribute.
MMS2_HPCA_SRVY_L2_TOF-COUNTS | ISTP.CATDESC:
  mms2_hpca_tof_counts: Variable 'mms2_hpca_tof_counts' does not have a CATDESC attribute.
  mms2_hpca_tof_counts_allA_atE: Variable 'mms2_hpca_tof_counts_allA_atE' does not have a CATDESC attribute.
  mms2_hpca_tof_counts_allE_atA: Variable 'mms2_hpca_tof_counts_allE_atA' does not have a CATDESC attribute.
MMS3_HPCA_SRVY_L2_TOF-COUNTS | ISTP.CATDESC:
  mms3_hpca_tof_counts: Variable 'mms3_hpca_tof_counts' does not have a CATDESC attribute.
  mms3_hpca_tof_counts_allA_atE: Variable 'mms3_hpca_tof_counts_allA_atE' does not have a CATDESC attribute.
  mms3_hpca_tof_counts_allE_atA: Variable 'mms3_hpca_tof_counts_allE_atA' does not have a CATDESC attribute.
MMS4_HPCA_SRVY_L2_TOF-COUNTS | ISTP.CATDESC:
  mms4_hpca_tof_counts: Variable 'mms4_hpca_tof_counts' does not have a CATDESC attribute.
  mms4_hpca_tof_counts_allA_atE: Variable 'mms4_hpca_tof_counts_allA_atE' does not have a CATDESC attribute.
  mms4_hpca_tof_counts_allE_atA: Variable 'mms4_hpca_tof_counts_allE_atA' does not have a CATDESC attribute.
TIMED_L1CDISK_GUVI | ISTP.CATDESC:
  GeographLat:
    Variable 'GeographLat' does not have a CATDESC attribute.
    Variable 'GeographLat' does not have a CATDESC attribute.
  GeographLon:
    Variable 'GeographLon' does not have a CATDESC attribute.
    Variable 'GeographLon' does not have a CATDESC attribute.
  GeomagLat:
    Variable 'GeomagLat' does not have a CATDESC attribute.
    Variable 'GeomagLat' does not have a CATDESC attribute.
  GeomagLon:
    Variable 'GeomagLon' does not have a CATDESC attribute.
    Variable 'GeomagLon' does not have a CATDESC attribute.
  Intensity1_LogAllProfiles: Variable 'Intensity1_LogAllProfiles' does not have a CATDESC attribute.
  Intensity2_LogAllProfiles: Variable 'Intensity2_LogAllProfiles' does not have a CATDESC attribute.
  Intensity3_LogAllProfiles: Variable 'Intensity3_LogAllProfiles' does not have a CATDESC attribute.
  Intensity4_LogAllProfiles: Variable 'Intensity4_LogAllProfiles' does not have a CATDESC attribute.
  Intensity5_LogAllProfiles: Variable 'Intensity5_LogAllProfiles' does not have a CATDESC attribute.
  Intensity1_AllProfiles: Variable 'Intensity1_AllProfiles' does not have a CATDESC attribute.
  Intensity2_AllProfiles: Variable 'Intensity2_AllProfiles' does not have a CATDESC attribute.
  Intensity3_AllProfiles: Variable 'Intensity3_AllProfiles' does not have a CATDESC attribute.
  Intensity4_AllProfiles: Variable 'Intensity4_AllProfiles' does not have a CATDESC attribute.
  Intensity5_AllProfiles: Variable 'Intensity5_AllProfiles' does not have a CATDESC attribute.
TWINS1_L1_IMAGER | ISTP.CATDESC:
  smooth_image_energy_kev: Variable 'smooth_image_energy_kev' does not have a CATDESC attribute.
TWINS1_TISTORM_IMAGER | ISTP.CATDESC:
  fluxarrays:
    Variable 'fluxarrays' does not have a CATDESC attribute.
    Variable 'fluxarrays' does not have a CATDESC attribute.
    Variable 'fluxarrays' does not have a CATDESC attribute.
  flux2:
    Variable 'flux2' does not have a CATDESC attribute.
    Variable 'flux2' does not have a CATDESC attribute.
  flux8:
    Variable 'flux8' does not have a CATDESC attribute.
    Variable 'flux8' does not have a CATDESC attribute.
  flux14:
    Variable 'flux14' does not have a CATDESC attribute.
    Variable 'flux14' does not have a CATDESC attribute.
  flux20:
    Variable 'flux20' does not have a CATDESC attribute.
    Variable 'flux20' does not have a CATDESC attribute.
  flux24:
    Variable 'flux24' does not have a CATDESC attribute.
    Variable 'flux24' does not have a CATDESC attribute.
  flux32:
    Variable 'flux32' does not have a CATDESC attribute.
    Variable 'flux32' does not have a CATDESC attribute.
  flux45:
    Variable 'flux45' does not have a CATDESC attribute.
    Variable 'flux45' does not have a CATDESC attribute.
  flux_x20:
    Variable 'flux_x20' does not have a CATDESC attribute.
    Variable 'flux_x20' does not have a CATDESC attribute.
  flux_x10:
    Variable 'flux_x10' does not have a CATDESC attribute.
    Variable 'flux_x10' does not have a CATDESC attribute.
  flux_yneg5:
    Variable 'flux_yneg5' does not have a CATDESC attribute.
    Variable 'flux_yneg5' does not have a CATDESC attribute.
  flux_y5:
    Variable 'flux_y5' does not have a CATDESC attribute.
    Variable 'flux_y5' does not have a CATDESC attribute.
  flux2M:
    Variable 'flux2M' does not have a CATDESC attribute.
    Variable 'flux2M' does not have a CATDESC attribute.
  flux8M:
    Variable 'flux8M' does not have a CATDESC attribute.
    Variable 'flux8M' does not have a CATDESC attribute.
  flux14M:
    Variable 'flux14M' does not have a CATDESC attribute.
    Variable 'flux14M' does not have a CATDESC attribute.
  flux20M:
    Variable 'flux20M' does not have a CATDESC attribute.
    Variable 'flux20M' does not have a CATDESC attribute.
  flux24M:
    Variable 'flux24M' does not have a CATDESC attribute.
    Variable 'flux24M' does not have a CATDESC attribute.
  flux32M:
    Variable 'flux32M' does not have a CATDESC attribute.
    Variable 'flux32M' does not have a CATDESC attribute.
  flux45M:
    Variable 'flux45M' does not have a CATDESC attribute.
    Variable 'flux45M' does not have a CATDESC attribute.
  flux_x20M:
    Variable 'flux_x20M' does not have a CATDESC attribute.
    Variable 'flux_x20M' does not have a CATDESC attribute.
  flux_x10M:
    Variable 'flux_x10M' does not have a CATDESC attribute.
    Variable 'flux_x10M' does not have a CATDESC attribute.
  flux_yneg5M:
    Variable 'flux_yneg5M' does not have a CATDESC attribute.
    Variable 'flux_yneg5M' does not have a CATDESC attribute.
  flux_y5M:
    Variable 'flux_y5M' does not have a CATDESC attribute.
    Variable 'flux_y5M' does not have a CATDESC attribute.
  countarrays:
    Variable 'countarrays' does not have a CATDESC attribute.
    Variable 'countarrays' does not have a CATDESC attribute.
    Variable 'countarrays' does not have a CATDESC attribute.
  temparrays:
    Variable 'temparrays' does not have a CATDESC attribute.
    Variable 'temparrays' does not have a CATDESC attribute.
  temparraysM:
    Variable 'temparraysM' does not have a CATDESC attribute.
    Variable 'temparraysM' does not have a CATDESC attribute.
  errorarrays:
    Variable 'errorarrays' does not have a CATDESC attribute.
    Variable 'errorarrays' does not have a CATDESC attribute.
    Variable 'errorarrays' does not have a CATDESC attribute.
  counterrors:
    Variable 'counterrors' does not have a CATDESC attribute.
    Variable 'counterrors' does not have a CATDESC attribute.
    Variable 'counterrors' does not have a CATDESC attribute.
TWINS2_L1_IMAGER | ISTP.CATDESC:
  smooth_image_energy_kev: Variable 'smooth_image_energy_kev' does not have a CATDESC attribute.
TWINS2_TISTORM_IMAGER | ISTP.CATDESC:
  fluxarrays:
    Variable 'fluxarrays' does not have a CATDESC attribute.
    Variable 'fluxarrays' does not have a CATDESC attribute.
    Variable 'fluxarrays' does not have a CATDESC attribute.
  flux2:
    Variable 'flux2' does not have a CATDESC attribute.
    Variable 'flux2' does not have a CATDESC attribute.
  flux8:
    Variable 'flux8' does not have a CATDESC attribute.
    Variable 'flux8' does not have a CATDESC attribute.
  flux14:
    Variable 'flux14' does not have a CATDESC attribute.
    Variable 'flux14' does not have a CATDESC attribute.
  flux20:
    Variable 'flux20' does not have a CATDESC attribute.
    Variable 'flux20' does not have a CATDESC attribute.
  flux24:
    Variable 'flux24' does not have a CATDESC attribute.
    Variable 'flux24' does not have a CATDESC attribute.
  flux32:
    Variable 'flux32' does not have a CATDESC attribute.
    Variable 'flux32' does not have a CATDESC attribute.
  flux45:
    Variable 'flux45' does not have a CATDESC attribute.
    Variable 'flux45' does not have a CATDESC attribute.
  flux_x20:
    Variable 'flux_x20' does not have a CATDESC attribute.
    Variable 'flux_x20' does not have a CATDESC attribute.
  flux_x10:
    Variable 'flux_x10' does not have a CATDESC attribute.
    Variable 'flux_x10' does not have a CATDESC attribute.
  flux_yneg5:
    Variable 'flux_yneg5' does not have a CATDESC attribute.
    Variable 'flux_yneg5' does not have a CATDESC attribute.
  flux_y5:
    Variable 'flux_y5' does not have a CATDESC attribute.
    Variable 'flux_y5' does not have a CATDESC attribute.
  flux2M:
    Variable 'flux2M' does not have a CATDESC attribute.
    Variable 'flux2M' does not have a CATDESC attribute.
  flux8M:
    Variable 'flux8M' does not have a CATDESC attribute.
    Variable 'flux8M' does not have a CATDESC attribute.
  flux14M:
    Variable 'flux14M' does not have a CATDESC attribute.
    Variable 'flux14M' does not have a CATDESC attribute.
  flux20M:
    Variable 'flux20M' does not have a CATDESC attribute.
    Variable 'flux20M' does not have a CATDESC attribute.
  flux24M:
    Variable 'flux24M' does not have a CATDESC attribute.
    Variable 'flux24M' does not have a CATDESC attribute.
  flux32M:
    Variable 'flux32M' does not have a CATDESC attribute.
    Variable 'flux32M' does not have a CATDESC attribute.
  flux45M:
    Variable 'flux45M' does not have a CATDESC attribute.
    Variable 'flux45M' does not have a CATDESC attribute.
  flux_x20M:
    Variable 'flux_x20M' does not have a CATDESC attribute.
    Variable 'flux_x20M' does not have a CATDESC attribute.
  flux_x10M:
    Variable 'flux_x10M' does not have a CATDESC attribute.
    Variable 'flux_x10M' does not have a CATDESC attribute.
  flux_yneg5M:
    Variable 'flux_yneg5M' does not have a CATDESC attribute.
    Variable 'flux_yneg5M' does not have a CATDESC attribute.
  flux_y5M:
    Variable 'flux_y5M' does not have a CATDESC attribute.
    Variable 'flux_y5M' does not have a CATDESC attribute.
  countarrays:
    Variable 'countarrays' does not have a CATDESC attribute.
    Variable 'countarrays' does not have a CATDESC attribute.
    Variable 'countarrays' does not have a CATDESC attribute.
  temparrays:
    Variable 'temparrays' does not have a CATDESC attribute.
    Variable 'temparrays' does not have a CATDESC attribute.
  temparraysM:
    Variable 'temparraysM' does not have a CATDESC attribute.
    Variable 'temparraysM' does not have a CATDESC attribute.
  errorarrays:
    Variable 'errorarrays' does not have a CATDESC attribute.
    Variable 'errorarrays' does not have a CATDESC attribute.
    Variable 'errorarrays' does not have a CATDESC attribute.
  counterrors:
    Variable 'counterrors' does not have a CATDESC attribute.
    Variable 'counterrors' does not have a CATDESC attribute.
    Variable 'counterrors' does not have a CATDESC attribute.