ICON_L2-1_MIGHTI-B_LOS-WIND-GREEN | CDF.UNITS.NonPrintable:
  ICON_L21_Attitude_Zero_Wind_Maneuver: UNITS with non-printable characters. Setting UNITS = None
ICON_L2-1_MIGHTI-B_LOS-WIND-RED | CDF.UNITS.NonPrintable:
  ICON_L21_Attitude_Zero_Wind_Maneuver: UNITS with non-printable characters. Setting UNITS = None
ISS_SP_FPMU | CDF.UNITS.NonPrintable:
  TCC: UNITS with non-printable characters. Setting UNITS = None
MGS_MAG_LOW | CDF.UNITS.NonPrintable:
  by_lss: UNITS with non-printable characters. Setting UNITS = None
WIND_WAVES_QTNFIT | CDF.UNITS.NonPrintable:
  fit_a: UNITS with non-printable characters. Setting UNITS = None
  delta_a: UNITS with non-printable characters. Setting UNITS = None
  coarse_a: UNITS with non-printable characters. Setting UNITS = None
  fit_t: UNITS with non-printable characters. Setting UNITS = None
  delta_t: UNITS with non-printable characters. Setting UNITS = None
  coarse_t: UNITS with non-printable characters. Setting UNITS = None
  QF: UNITS with non-printable characters. Setting UNITS = None
  QF_points: UNITS with non-printable characters. Setting UNITS = None
  QF_peak: UNITS with non-printable characters. Setting UNITS = None
  QF_shift: UNITS with non-printable characters. Setting UNITS = None
  QF_low_level: UNITS with non-printable characters. Setting UNITS = None
  fc: UNITS with non-printable characters. Setting UNITS = None
  filtered: UNITS with non-printable characters. Setting UNITS = None
WIND_WAVES_QTNFIT-FILTERED | CDF.UNITS.NonPrintable:
  fit_a: UNITS with non-printable characters. Setting UNITS = None
  delta_a: UNITS with non-printable characters. Setting UNITS = None
  coarse_a: UNITS with non-printable characters. Setting UNITS = None
  fit_t: UNITS with non-printable characters. Setting UNITS = None
  delta_t: UNITS with non-printable characters. Setting UNITS = None
  coarse_t: UNITS with non-printable characters. Setting UNITS = None
  QF: UNITS with non-printable characters. Setting UNITS = None
  QF_points: UNITS with non-printable characters. Setting UNITS = None
  QF_peak: UNITS with non-printable characters. Setting UNITS = None
  QF_shift: UNITS with non-printable characters. Setting UNITS = None
  QF_low_level: UNITS with non-printable characters. Setting UNITS = None
  fc: UNITS with non-printable characters. Setting UNITS = None
  filtered: UNITS with non-printable characters. Setting UNITS = None
WI_H1_SWE_RTN | CDF.UNITS.NonPrintable:
  ChisQ_DOF_nonlin: UNITS with non-printable characters. Setting UNITS = None