A1_K0_MPA | CDF.AttributeName.Error:
  _:
    Renaming CDFglobalAttribute 'Link_text' to 'LINK_TEXT'
    Renaming CDFglobalAttribute 'Link_title' to 'LINK_TITLE'
    Renaming CDFglobalAttribute 'HTTP_link' to 'HTTP_LINK'
A2_K0_MPA | CDF.AttributeName.Error:
  _:
    Renaming CDFglobalAttribute 'Link_text' to 'LINK_TEXT'
    Renaming CDFglobalAttribute 'Link_title' to 'LINK_TITLE'
    Renaming CDFglobalAttribute 'HTTP_link' to 'HTTP_LINK'
AC_AT_DEF | CDF.AttributeName.Error:
  _:
    Renaming CDFglobalAttribute 'Link_text' to 'LINK_TEXT'
    Renaming CDFglobalAttribute 'Link_title' to 'LINK_TITLE'
    Renaming CDFglobalAttribute 'HTTP_link' to 'HTTP_LINK'
AC_H1_SIS | CDF.AttributeName.Error:
  _:
    Renaming CDFglobalAttribute 'Link_text' to 'LINK_TEXT'
    Renaming CDFglobalAttribute 'Link_title' to 'LINK_TITLE'
    Renaming CDFglobalAttribute 'HTTP_link' to 'HTTP_LINK'
AC_H2_CRIS | CDF.AttributeName.Error:
  _:
    Renaming CDFglobalAttribute 'Link_text' to 'LINK_TEXT'
    Renaming CDFglobalAttribute 'Link_title' to 'LINK_TITLE'
    Renaming CDFglobalAttribute 'HTTP_link' to 'HTTP_LINK'
AC_H2_SEP | CDF.AttributeName.Error:
  _:
    Renaming CDFglobalAttribute 'Link_text' to 'LINK_TEXT'
    Renaming CDFglobalAttribute 'Link_title' to 'LINK_TITLE'
    Renaming CDFglobalAttribute 'HTTP_link' to 'HTTP_LINK'
AC_H2_SIS | CDF.AttributeName.Error:
  _:
    Renaming CDFglobalAttribute 'Link_text' to 'LINK_TEXT'
    Renaming CDFglobalAttribute 'Link_title' to 'LINK_TITLE'
    Renaming CDFglobalAttribute 'HTTP_link' to 'HTTP_LINK'
AC_H2_ULE | CDF.AttributeName.Error:
  _:
    Renaming CDFglobalAttribute 'Link_text' to 'LINK_TEXT'
    Renaming CDFglobalAttribute 'Link_title' to 'LINK_TITLE'
    Renaming CDFglobalAttribute 'HTTP_link' to 'HTTP_LINK'
AC_H3_CRIS | CDF.AttributeName.Error:
  _:
    Renaming CDFglobalAttribute 'Link_text' to 'LINK_TEXT'
    Renaming CDFglobalAttribute 'Link_title' to 'LINK_TITLE'
    Renaming CDFglobalAttribute 'HTTP_link' to 'HTTP_LINK'
AC_OR_DEF | CDF.AttributeName.Error:
  _:
    Renaming CDFglobalAttribute 'Link_text' to 'LINK_TEXT'
    Renaming CDFglobalAttribute 'Link_title' to 'LINK_TITLE'
    Renaming CDFglobalAttribute 'HTTP_link' to 'HTTP_LINK'
AC_OR_SSC | CDF.AttributeName.Error:
  _:
    Renaming CDFglobalAttribute 'Link_text' to 'LINK_TEXT'
    Renaming CDFglobalAttribute 'Link_title' to 'LINK_TITLE'
    Renaming CDFglobalAttribute 'HTTP_link' to 'HTTP_LINK'
ALOUETTE2_AV_LIM | CDF.AttributeName.Error:
  _:
    Renaming CDFglobalAttribute 'Link_text' to 'LINK_TEXT'
    Renaming CDFglobalAttribute 'Link_title' to 'LINK_TITLE'
    Renaming CDFglobalAttribute 'HTTP_link' to 'HTTP_LINK'
ALOUETTE2_AV_QUI | CDF.AttributeName.Error:
  _:
    Renaming CDFglobalAttribute 'Link_text' to 'LINK_TEXT'
    Renaming CDFglobalAttribute 'Link_title' to 'LINK_TITLE'
    Renaming CDFglobalAttribute 'HTTP_link' to 'HTTP_LINK'
ALOUETTE2_AV_SNT | CDF.AttributeName.Error:
  _:
    Renaming CDFglobalAttribute 'Link_text' to 'LINK_TEXT'
    Renaming CDFglobalAttribute 'Link_title' to 'LINK_TITLE'
    Renaming CDFglobalAttribute 'HTTP_link' to 'HTTP_LINK'
ALOUETTE2_AV_SOL | CDF.AttributeName.Error:
  _:
    Renaming CDFglobalAttribute 'Link_text' to 'LINK_TEXT'
    Renaming CDFglobalAttribute 'Link_title' to 'LINK_TITLE'
    Renaming CDFglobalAttribute 'HTTP_link' to 'HTTP_LINK'
ALOUETTE2_AV_ULA | CDF.AttributeName.Error:
  _:
    Renaming CDFglobalAttribute 'Link_text' to 'LINK_TEXT'
    Renaming CDFglobalAttribute 'Link_title' to 'LINK_TITLE'
    Renaming CDFglobalAttribute 'HTTP_link' to 'HTTP_LINK'
ALOUETTE2_AV_WNK | CDF.AttributeName.Error:
  _:
    Renaming CDFglobalAttribute 'Link_text' to 'LINK_TEXT'
    Renaming CDFglobalAttribute 'Link_title' to 'LINK_TITLE'
    Renaming CDFglobalAttribute 'HTTP_link' to 'HTTP_LINK'
C1_JP_PMP | CDF.AttributeName.Error:
  _:
    Renaming CDFglobalAttribute 'Link_text' to 'LINK_TEXT'
    Renaming CDFglobalAttribute 'Link_title' to 'LINK_TITLE'
    Renaming CDFglobalAttribute 'HTTP_link' to 'HTTP_LINK'
C1_JP_PSE | CDF.AttributeName.Error:
  _:
    Renaming CDFglobalAttribute 'Link_text' to 'LINK_TEXT'
    Renaming CDFglobalAttribute 'Link_title' to 'LINK_TITLE'
    Renaming CDFglobalAttribute 'HTTP_link' to 'HTTP_LINK'
C1_PP_ASP | CDF.AttributeName.Error:
  _:
    Renaming CDFglobalAttribute 'Link_text' to 'LINK_TEXT'
    Renaming CDFglobalAttribute 'Link_title' to 'LINK_TITLE'
    Renaming CDFglobalAttribute 'HTTP_link' to 'HTTP_LINK'
C1_PP_CIS | CDF.AttributeName.Error:
  _:
    Renaming CDFglobalAttribute 'Link_text' to 'LINK_TEXT'
    Renaming CDFglobalAttribute 'Link_title' to 'LINK_TITLE'
    Renaming CDFglobalAttribute 'HTTP_link' to 'HTTP_LINK'
C1_PP_DWP | CDF.AttributeName.Error:
  _:
    Renaming CDFglobalAttribute 'Link_text' to 'LINK_TEXT'
    Renaming CDFglobalAttribute 'Link_title' to 'LINK_TITLE'
    Renaming CDFglobalAttribute 'HTTP_link' to 'HTTP_LINK'
C1_PP_EDI | CDF.AttributeName.Error:
  _:
    Renaming CDFglobalAttribute 'Link_text' to 'LINK_TEXT'
    Renaming CDFglobalAttribute 'Link_title' to 'LINK_TITLE'
    Renaming CDFglobalAttribute 'HTTP_link' to 'HTTP_LINK'
C1_PP_EFW | CDF.AttributeName.Error:
  _:
    Renaming CDFglobalAttribute 'Link_title' to 'LINK_TITLE'
    Renaming CDFglobalAttribute 'Link_text' to 'LINK_TEXT'
    Renaming CDFglobalAttribute 'HTTP_link' to 'HTTP_LINK'
C1_PP_PEA | CDF.AttributeName.Error:
  _:
    Renaming CDFglobalAttribute 'Link_text' to 'LINK_TEXT'
    Renaming CDFglobalAttribute 'Link_title' to 'LINK_TITLE'
    Renaming CDFglobalAttribute 'HTTP_link' to 'HTTP_LINK'
C1_PP_RAP | CDF.AttributeName.Error:
  _:
    Renaming CDFglobalAttribute 'Link_text' to 'LINK_TEXT'
    Renaming CDFglobalAttribute 'Link_title' to 'LINK_TITLE'
    Renaming CDFglobalAttribute 'HTTP_link' to 'HTTP_LINK'
C1_PP_STA | CDF.AttributeName.Error:
  _:
    Renaming CDFglobalAttribute 'Link_title' to 'LINK_TITLE'
    Renaming CDFglobalAttribute 'Link_text' to 'LINK_TEXT'
    Renaming CDFglobalAttribute 'HTTP_link' to 'HTTP_LINK'
C1_PP_WHI | CDF.AttributeName.Error:
  _:
    Renaming CDFglobalAttribute 'Link_title' to 'LINK_TITLE'
    Renaming CDFglobalAttribute 'Link_text' to 'LINK_TEXT'
    Renaming CDFglobalAttribute 'HTTP_link' to 'HTTP_LINK'
C1_UP_FGM | CDF.AttributeName.Error:
  _:
    Renaming CDFglobalAttribute 'Link_title' to 'LINK_TITLE'
    Renaming CDFglobalAttribute 'HTTP_link' to 'HTTP_LINK'
    Renaming CDFglobalAttribute 'Link_text' to 'LINK_TEXT'
C2_JP_PMP | CDF.AttributeName.Error:
  _:
    Renaming CDFglobalAttribute 'Link_text' to 'LINK_TEXT'
    Renaming CDFglobalAttribute 'Link_title' to 'LINK_TITLE'
    Renaming CDFglobalAttribute 'HTTP_link' to 'HTTP_LINK'
C2_JP_PSE | CDF.AttributeName.Error:
  _:
    Renaming CDFglobalAttribute 'Link_text' to 'LINK_TEXT'
    Renaming CDFglobalAttribute 'Link_title' to 'LINK_TITLE'
    Renaming CDFglobalAttribute 'HTTP_link' to 'HTTP_LINK'
C2_PP_ASP | CDF.AttributeName.Error:
  _:
    Renaming CDFglobalAttribute 'Link_text' to 'LINK_TEXT'
    Renaming CDFglobalAttribute 'Link_title' to 'LINK_TITLE'
    Renaming CDFglobalAttribute 'HTTP_link' to 'HTTP_LINK'
C2_PP_DWP | CDF.AttributeName.Error:
  _:
    Renaming CDFglobalAttribute 'Link_text' to 'LINK_TEXT'
    Renaming CDFglobalAttribute 'Link_title' to 'LINK_TITLE'
    Renaming CDFglobalAttribute 'HTTP_link' to 'HTTP_LINK'
C2_PP_EDI | CDF.AttributeName.Error:
  _:
    Renaming CDFglobalAttribute 'Link_text' to 'LINK_TEXT'
    Renaming CDFglobalAttribute 'Link_title' to 'LINK_TITLE'
    Renaming CDFglobalAttribute 'HTTP_link' to 'HTTP_LINK'
C2_PP_EFW | CDF.AttributeName.Error:
  _:
    Renaming CDFglobalAttribute 'Link_title' to 'LINK_TITLE'
    Renaming CDFglobalAttribute 'Link_text' to 'LINK_TEXT'
    Renaming CDFglobalAttribute 'HTTP_link' to 'HTTP_LINK'
C2_PP_PEA | CDF.AttributeName.Error:
  _:
    Renaming CDFglobalAttribute 'Link_title' to 'LINK_TITLE'
    Renaming CDFglobalAttribute 'Link_text' to 'LINK_TEXT'
    Renaming CDFglobalAttribute 'HTTP_link' to 'HTTP_LINK'
C2_PP_RAP | CDF.AttributeName.Error:
  _:
    Renaming CDFglobalAttribute 'Link_text' to 'LINK_TEXT'
    Renaming CDFglobalAttribute 'Link_title' to 'LINK_TITLE'
    Renaming CDFglobalAttribute 'HTTP_link' to 'HTTP_LINK'
C2_PP_STA | CDF.AttributeName.Error:
  _:
    Renaming CDFglobalAttribute 'Link_title' to 'LINK_TITLE'
    Renaming CDFglobalAttribute 'Link_text' to 'LINK_TEXT'
    Renaming CDFglobalAttribute 'HTTP_link' to 'HTTP_LINK'
C2_PP_WHI | CDF.AttributeName.Error:
  _:
    Renaming CDFglobalAttribute 'Link_title' to 'LINK_TITLE'
    Renaming CDFglobalAttribute 'Link_text' to 'LINK_TEXT'
    Renaming CDFglobalAttribute 'HTTP_link' to 'HTTP_LINK'
C2_UP_FGM | CDF.AttributeName.Error:
  _:
    Renaming CDFglobalAttribute 'Link_text' to 'LINK_TEXT'
    Renaming CDFglobalAttribute 'Link_title' to 'LINK_TITLE'
    Renaming CDFglobalAttribute 'HTTP_link' to 'HTTP_LINK'
C3_JP_PMP | CDF.AttributeName.Error:
  _:
    Renaming CDFglobalAttribute 'Link_text' to 'LINK_TEXT'
    Renaming CDFglobalAttribute 'Link_title' to 'LINK_TITLE'
    Renaming CDFglobalAttribute 'HTTP_link' to 'HTTP_LINK'
C3_JP_PSE | CDF.AttributeName.Error:
  _:
    Renaming CDFglobalAttribute 'Link_text' to 'LINK_TEXT'
    Renaming CDFglobalAttribute 'Link_title' to 'LINK_TITLE'
    Renaming CDFglobalAttribute 'HTTP_link' to 'HTTP_LINK'
C3_PP_ASP | CDF.AttributeName.Error:
  _:
    Renaming CDFglobalAttribute 'Link_text' to 'LINK_TEXT'
    Renaming CDFglobalAttribute 'Link_title' to 'LINK_TITLE'
    Renaming CDFglobalAttribute 'HTTP_link' to 'HTTP_LINK'
C3_PP_CIS | CDF.AttributeName.Error:
  _:
    Renaming CDFglobalAttribute 'Link_text' to 'LINK_TEXT'
    Renaming CDFglobalAttribute 'Link_title' to 'LINK_TITLE'
    Renaming CDFglobalAttribute 'HTTP_link' to 'HTTP_LINK'
C3_PP_EDI | CDF.AttributeName.Error:
  _:
    Renaming CDFglobalAttribute 'Link_text' to 'LINK_TEXT'
    Renaming CDFglobalAttribute 'Link_title' to 'LINK_TITLE'
    Renaming CDFglobalAttribute 'HTTP_link' to 'HTTP_LINK'
C3_PP_EFW | CDF.AttributeName.Error:
  _:
    Renaming CDFglobalAttribute 'Link_title' to 'LINK_TITLE'
    Renaming CDFglobalAttribute 'Link_text' to 'LINK_TEXT'
    Renaming CDFglobalAttribute 'HTTP_link' to 'HTTP_LINK'
C3_PP_PEA | CDF.AttributeName.Error:
  _:
    Renaming CDFglobalAttribute 'Link_title' to 'LINK_TITLE'
    Renaming CDFglobalAttribute 'Link_text' to 'LINK_TEXT'
    Renaming CDFglobalAttribute 'HTTP_link' to 'HTTP_LINK'
C3_PP_RAP | CDF.AttributeName.Error:
  _:
    Renaming CDFglobalAttribute 'Link_text' to 'LINK_TEXT'
    Renaming CDFglobalAttribute 'Link_title' to 'LINK_TITLE'
    Renaming CDFglobalAttribute 'HTTP_link' to 'HTTP_LINK'
C3_PP_STA | CDF.AttributeName.Error:
  _:
    Renaming CDFglobalAttribute 'Link_title' to 'LINK_TITLE'
    Renaming CDFglobalAttribute 'Link_text' to 'LINK_TEXT'
    Renaming CDFglobalAttribute 'HTTP_link' to 'HTTP_LINK'
C3_PP_WHI | CDF.AttributeName.Error:
  _:
    Renaming CDFglobalAttribute 'Link_title' to 'LINK_TITLE'
    Renaming CDFglobalAttribute 'Link_text' to 'LINK_TEXT'
    Renaming CDFglobalAttribute 'HTTP_link' to 'HTTP_LINK'
C3_UP_FGM | CDF.AttributeName.Error:
  _:
    Renaming CDFglobalAttribute 'Link_text' to 'LINK_TEXT'
    Renaming CDFglobalAttribute 'Link_title' to 'LINK_TITLE'
    Renaming CDFglobalAttribute 'HTTP_link' to 'HTTP_LINK'
C4_JP_PMP | CDF.AttributeName.Error:
  _:
    Renaming CDFglobalAttribute 'Link_text' to 'LINK_TEXT'
    Renaming CDFglobalAttribute 'Link_title' to 'LINK_TITLE'
    Renaming CDFglobalAttribute 'HTTP_link' to 'HTTP_LINK'
C4_JP_PSE | CDF.AttributeName.Error:
  _:
    Renaming CDFglobalAttribute 'Link_text' to 'LINK_TEXT'
    Renaming CDFglobalAttribute 'Link_title' to 'LINK_TITLE'
    Renaming CDFglobalAttribute 'HTTP_link' to 'HTTP_LINK'
C4_PP_ASP | CDF.AttributeName.Error:
  _:
    Renaming CDFglobalAttribute 'Link_text' to 'LINK_TEXT'
    Renaming CDFglobalAttribute 'Link_title' to 'LINK_TITLE'
    Renaming CDFglobalAttribute 'HTTP_link' to 'HTTP_LINK'
C4_PP_CIS | CDF.AttributeName.Error:
  _:
    Renaming CDFglobalAttribute 'Link_text' to 'LINK_TEXT'
    Renaming CDFglobalAttribute 'Link_title' to 'LINK_TITLE'
    Renaming CDFglobalAttribute 'HTTP_link' to 'HTTP_LINK'
C4_PP_DWP | CDF.AttributeName.Error:
  _:
    Renaming CDFglobalAttribute 'Link_text' to 'LINK_TEXT'
    Renaming CDFglobalAttribute 'Link_title' to 'LINK_TITLE'
    Renaming CDFglobalAttribute 'HTTP_link' to 'HTTP_LINK'
C4_PP_EDI | CDF.AttributeName.Error:
  _:
    Renaming CDFglobalAttribute 'Link_text' to 'LINK_TEXT'
    Renaming CDFglobalAttribute 'Link_title' to 'LINK_TITLE'
    Renaming CDFglobalAttribute 'HTTP_link' to 'HTTP_LINK'
C4_PP_EFW | CDF.AttributeName.Error:
  _:
    Renaming CDFglobalAttribute 'Link_title' to 'LINK_TITLE'
    Renaming CDFglobalAttribute 'Link_text' to 'LINK_TEXT'
    Renaming CDFglobalAttribute 'HTTP_link' to 'HTTP_LINK'
C4_PP_PEA | CDF.AttributeName.Error:
  _:
    Renaming CDFglobalAttribute 'Link_title' to 'LINK_TITLE'
    Renaming CDFglobalAttribute 'Link_text' to 'LINK_TEXT'
    Renaming CDFglobalAttribute 'HTTP_link' to 'HTTP_LINK'
C4_PP_RAP | CDF.AttributeName.Error:
  _:
    Renaming CDFglobalAttribute 'Link_text' to 'LINK_TEXT'
    Renaming CDFglobalAttribute 'Link_title' to 'LINK_TITLE'
    Renaming CDFglobalAttribute 'HTTP_link' to 'HTTP_LINK'
C4_PP_STA | CDF.AttributeName.Error:
  _:
    Renaming CDFglobalAttribute 'Link_title' to 'LINK_TITLE'
    Renaming CDFglobalAttribute 'Link_text' to 'LINK_TEXT'
    Renaming CDFglobalAttribute 'HTTP_link' to 'HTTP_LINK'
C4_PP_WHI | CDF.AttributeName.Error:
  _:
    Renaming CDFglobalAttribute 'Link_title' to 'LINK_TITLE'
    Renaming CDFglobalAttribute 'Link_text' to 'LINK_TEXT'
    Renaming CDFglobalAttribute 'HTTP_link' to 'HTTP_LINK'
C4_UP_FGM | CDF.AttributeName.Error:
  _:
    Renaming CDFglobalAttribute 'Link_text' to 'LINK_TEXT'
    Renaming CDFglobalAttribute 'Link_title' to 'LINK_TITLE'
    Renaming CDFglobalAttribute 'HTTP_link' to 'HTTP_LINK'
CL_JP_PCY | CDF.AttributeName.Error:
  _:
    Renaming CDFglobalAttribute 'Link_text' to 'LINK_TEXT'
    Renaming CDFglobalAttribute 'Link_title' to 'LINK_TITLE'
    Renaming CDFglobalAttribute 'HTTP_link' to 'HTTP_LINK'
CL_JP_PGP | CDF.AttributeName.Error:
  _:
    Renaming CDFglobalAttribute 'Link_text' to 'LINK_TEXT'
    Renaming CDFglobalAttribute 'Link_title' to 'LINK_TITLE'
    Renaming CDFglobalAttribute 'HTTP_link' to 'HTTP_LINK'
CL_SP_AUX | CDF.AttributeName.Error:
  _:
    Renaming CDFglobalAttribute 'Link_text' to 'LINK_TEXT'
    Renaming CDFglobalAttribute 'Link_title' to 'LINK_TITLE'
    Renaming CDFglobalAttribute 'HTTP_link' to 'HTTP_LINK'
DMSP-F16_SSIES-3_THERMAL-PLASMA | CDF.AttributeName.Error:
  _:
    Renaming CDFglobalAttribute 'Link_text' to 'LINK_TEXT'
    Renaming CDFglobalAttribute 'Link_title' to 'LINK_TITLE'
    Renaming CDFglobalAttribute 'HTTP_link' to 'HTTP_LINK'
DMSP-F17_SSIES-3_THERMAL-PLASMA | CDF.AttributeName.Error:
  _:
    Renaming CDFglobalAttribute 'Link_text' to 'LINK_TEXT'
    Renaming CDFglobalAttribute 'Link_title' to 'LINK_TITLE'
    Renaming CDFglobalAttribute 'HTTP_link' to 'HTTP_LINK'
DMSP-F18_SSIES-3_THERMAL-PLASMA | CDF.AttributeName.Error:
  _:
    Renaming CDFglobalAttribute 'Link_text' to 'LINK_TEXT'
    Renaming CDFglobalAttribute 'Link_title' to 'LINK_TITLE'
    Renaming CDFglobalAttribute 'HTTP_link' to 'HTTP_LINK'
G0_K0_EP8 | CDF.AttributeName.Error:
  _:
    Renaming CDFglobalAttribute 'Link_text' to 'LINK_TEXT'
    Renaming CDFglobalAttribute 'Link_title' to 'LINK_TITLE'
    Renaming CDFglobalAttribute 'HTTP_link' to 'HTTP_LINK'
GE_HPAMOM_CPI | CDF.AttributeName.Error:
  _:
    Renaming CDFglobalAttribute 'Link_text' to 'LINK_TEXT'
    Renaming CDFglobalAttribute 'Link_title' to 'LINK_TITLE'
    Renaming CDFglobalAttribute 'HTTP_link' to 'HTTP_LINK'
I1_AV_ALL | CDF.AttributeName.Error:
  _:
    Renaming CDFglobalAttribute 'Link_text' to 'LINK_TEXT'
    Renaming CDFglobalAttribute 'Link_title' to 'LINK_TITLE'
    Renaming CDFglobalAttribute 'HTTP_link' to 'HTTP_LINK'
I1_AV_KER | CDF.AttributeName.Error:
  _:
    Renaming CDFglobalAttribute 'Link_text' to 'LINK_TEXT'
    Renaming CDFglobalAttribute 'Link_title' to 'LINK_TITLE'
    Renaming CDFglobalAttribute 'HTTP_link' to 'HTTP_LINK'
I1_AV_KSH | CDF.AttributeName.Error:
  _:
    Renaming CDFglobalAttribute 'Link_text' to 'LINK_TEXT'
    Renaming CDFglobalAttribute 'Link_title' to 'LINK_TITLE'
    Renaming CDFglobalAttribute 'HTTP_link' to 'HTTP_LINK'
I1_AV_KWA | CDF.AttributeName.Error:
  _:
    Renaming CDFglobalAttribute 'Link_text' to 'LINK_TEXT'
    Renaming CDFglobalAttribute 'Link_title' to 'LINK_TITLE'
    Renaming CDFglobalAttribute 'HTTP_link' to 'HTTP_LINK'
I1_AV_ODG | CDF.AttributeName.Error:
  _:
    Renaming CDFglobalAttribute 'Link_text' to 'LINK_TEXT'
    Renaming CDFglobalAttribute 'Link_title' to 'LINK_TITLE'
    Renaming CDFglobalAttribute 'HTTP_link' to 'HTTP_LINK'
I1_AV_ORR | CDF.AttributeName.Error:
  _:
    Renaming CDFglobalAttribute 'Link_text' to 'LINK_TEXT'
    Renaming CDFglobalAttribute 'Link_title' to 'LINK_TITLE'
    Renaming CDFglobalAttribute 'HTTP_link' to 'HTTP_LINK'
I1_AV_OTT | CDF.AttributeName.Error:
  _:
    Renaming CDFglobalAttribute 'Link_text' to 'LINK_TEXT'
    Renaming CDFglobalAttribute 'Link_title' to 'LINK_TITLE'
    Renaming CDFglobalAttribute 'HTTP_link' to 'HTTP_LINK'
I1_AV_QUI | CDF.AttributeName.Error:
  _:
    Renaming CDFglobalAttribute 'Link_text' to 'LINK_TEXT'
    Renaming CDFglobalAttribute 'Link_title' to 'LINK_TITLE'
    Renaming CDFglobalAttribute 'HTTP_link' to 'HTTP_LINK'
I1_AV_RES | CDF.AttributeName.Error:
  _:
    Renaming CDFglobalAttribute 'Link_text' to 'LINK_TEXT'
    Renaming CDFglobalAttribute 'Link_title' to 'LINK_TITLE'
    Renaming CDFglobalAttribute 'HTTP_link' to 'HTTP_LINK'
I1_AV_SNT | CDF.AttributeName.Error:
  _:
    Renaming CDFglobalAttribute 'Link_text' to 'LINK_TEXT'
    Renaming CDFglobalAttribute 'Link_title' to 'LINK_TITLE'
    Renaming CDFglobalAttribute 'HTTP_link' to 'HTTP_LINK'
I1_AV_SOD | CDF.AttributeName.Error:
  _:
    Renaming CDFglobalAttribute 'Link_text' to 'LINK_TEXT'
    Renaming CDFglobalAttribute 'Link_title' to 'LINK_TITLE'
    Renaming CDFglobalAttribute 'HTTP_link' to 'HTTP_LINK'
I1_AV_TRO | CDF.AttributeName.Error:
  _:
    Renaming CDFglobalAttribute 'Link_text' to 'LINK_TEXT'
    Renaming CDFglobalAttribute 'Link_title' to 'LINK_TITLE'
    Renaming CDFglobalAttribute 'HTTP_link' to 'HTTP_LINK'
I1_AV_ULA | CDF.AttributeName.Error:
  _:
    Renaming CDFglobalAttribute 'Link_text' to 'LINK_TEXT'
    Renaming CDFglobalAttribute 'Link_title' to 'LINK_TITLE'
    Renaming CDFglobalAttribute 'HTTP_link' to 'HTTP_LINK'
I1_AV_WNK | CDF.AttributeName.Error:
  _:
    Renaming CDFglobalAttribute 'Link_text' to 'LINK_TEXT'
    Renaming CDFglobalAttribute 'Link_title' to 'LINK_TITLE'
    Renaming CDFglobalAttribute 'HTTP_link' to 'HTTP_LINK'
I2_AV_ACN | CDF.AttributeName.Error:
  _:
    Renaming CDFglobalAttribute 'Link_text' to 'LINK_TEXT'
    Renaming CDFglobalAttribute 'Link_title' to 'LINK_TITLE'
    Renaming CDFglobalAttribute 'HTTP_link' to 'HTTP_LINK'
I2_AV_ADL | CDF.AttributeName.Error:
  _:
    Renaming CDFglobalAttribute 'Link_text' to 'LINK_TEXT'
    Renaming CDFglobalAttribute 'Link_title' to 'LINK_TITLE'
    Renaming CDFglobalAttribute 'HTTP_link' to 'HTTP_LINK'
I2_AV_AME | CDF.AttributeName.Error:
  _:
    Renaming CDFglobalAttribute 'Link_text' to 'LINK_TEXT'
    Renaming CDFglobalAttribute 'Link_title' to 'LINK_TITLE'
    Renaming CDFglobalAttribute 'HTTP_link' to 'HTTP_LINK'
I2_AV_BRZ | CDF.AttributeName.Error:
  _:
    Renaming CDFglobalAttribute 'Link_text' to 'LINK_TEXT'
    Renaming CDFglobalAttribute 'Link_title' to 'LINK_TITLE'
    Renaming CDFglobalAttribute 'HTTP_link' to 'HTTP_LINK'
I2_AV_BUR | CDF.AttributeName.Error:
  _:
    Renaming CDFglobalAttribute 'Link_text' to 'LINK_TEXT'
    Renaming CDFglobalAttribute 'Link_title' to 'LINK_TITLE'
    Renaming CDFglobalAttribute 'HTTP_link' to 'HTTP_LINK'
I2_AV_CNA | CDF.AttributeName.Error:
  _:
    Renaming CDFglobalAttribute 'Link_text' to 'LINK_TEXT'
    Renaming CDFglobalAttribute 'Link_title' to 'LINK_TITLE'
    Renaming CDFglobalAttribute 'HTTP_link' to 'HTTP_LINK'
I2_AV_KER | CDF.AttributeName.Error:
  _:
    Renaming CDFglobalAttribute 'Link_text' to 'LINK_TEXT'
    Renaming CDFglobalAttribute 'Link_title' to 'LINK_TITLE'
    Renaming CDFglobalAttribute 'HTTP_link' to 'HTTP_LINK'
I2_AV_KRU | CDF.AttributeName.Error:
  _:
    Renaming CDFglobalAttribute 'Link_text' to 'LINK_TEXT'
    Renaming CDFglobalAttribute 'Link_title' to 'LINK_TITLE'
    Renaming CDFglobalAttribute 'HTTP_link' to 'HTTP_LINK'
I2_AV_KSH | CDF.AttributeName.Error:
  _:
    Renaming CDFglobalAttribute 'Link_text' to 'LINK_TEXT'
    Renaming CDFglobalAttribute 'Link_title' to 'LINK_TITLE'
    Renaming CDFglobalAttribute 'HTTP_link' to 'HTTP_LINK'
I2_AV_KWA | CDF.AttributeName.Error:
  _:
    Renaming CDFglobalAttribute 'Link_text' to 'LINK_TEXT'
    Renaming CDFglobalAttribute 'Link_title' to 'LINK_TITLE'
    Renaming CDFglobalAttribute 'HTTP_link' to 'HTTP_LINK'
I2_AV_LAU | CDF.AttributeName.Error:
  _:
    Renaming CDFglobalAttribute 'Link_text' to 'LINK_TEXT'
    Renaming CDFglobalAttribute 'Link_title' to 'LINK_TITLE'
    Renaming CDFglobalAttribute 'HTTP_link' to 'HTTP_LINK'
I2_AV_ODG | CDF.AttributeName.Error:
  _:
    Renaming CDFglobalAttribute 'Link_text' to 'LINK_TEXT'
    Renaming CDFglobalAttribute 'Link_title' to 'LINK_TITLE'
    Renaming CDFglobalAttribute 'HTTP_link' to 'HTTP_LINK'
I2_AV_ORR | CDF.AttributeName.Error:
  _:
    Renaming CDFglobalAttribute 'Link_text' to 'LINK_TEXT'
    Renaming CDFglobalAttribute 'Link_title' to 'LINK_TITLE'
    Renaming CDFglobalAttribute 'HTTP_link' to 'HTTP_LINK'
I2_AV_OTT | CDF.AttributeName.Error:
  _:
    Renaming CDFglobalAttribute 'Link_text' to 'LINK_TEXT'
    Renaming CDFglobalAttribute 'Link_title' to 'LINK_TITLE'
    Renaming CDFglobalAttribute 'HTTP_link' to 'HTTP_LINK'
I2_AV_QUI | CDF.AttributeName.Error:
  _:
    Renaming CDFglobalAttribute 'Link_text' to 'LINK_TEXT'
    Renaming CDFglobalAttribute 'Link_title' to 'LINK_TITLE'
    Renaming CDFglobalAttribute 'HTTP_link' to 'HTTP_LINK'
I2_AV_RES | CDF.AttributeName.Error:
  _:
    Renaming CDFglobalAttribute 'Link_text' to 'LINK_TEXT'
    Renaming CDFglobalAttribute 'Link_title' to 'LINK_TITLE'
    Renaming CDFglobalAttribute 'HTTP_link' to 'HTTP_LINK'
I2_AV_SNT | CDF.AttributeName.Error:
  _:
    Renaming CDFglobalAttribute 'Link_text' to 'LINK_TEXT'
    Renaming CDFglobalAttribute 'Link_title' to 'LINK_TITLE'
    Renaming CDFglobalAttribute 'HTTP_link' to 'HTTP_LINK'
I2_AV_SOD | CDF.AttributeName.Error:
  _:
    Renaming CDFglobalAttribute 'Link_text' to 'LINK_TEXT'
    Renaming CDFglobalAttribute 'Link_title' to 'LINK_TITLE'
    Renaming CDFglobalAttribute 'HTTP_link' to 'HTTP_LINK'
I2_AV_SOL | CDF.AttributeName.Error:
  _:
    Renaming CDFglobalAttribute 'Link_text' to 'LINK_TEXT'
    Renaming CDFglobalAttribute 'Link_title' to 'LINK_TITLE'
    Renaming CDFglobalAttribute 'HTTP_link' to 'HTTP_LINK'
I2_AV_SYO | CDF.AttributeName.Error:
  _:
    Renaming CDFglobalAttribute 'Link_text' to 'LINK_TEXT'
    Renaming CDFglobalAttribute 'Link_title' to 'LINK_TITLE'
    Renaming CDFglobalAttribute 'HTTP_link' to 'HTTP_LINK'
I2_AV_TRO | CDF.AttributeName.Error:
  _:
    Renaming CDFglobalAttribute 'Link_text' to 'LINK_TEXT'
    Renaming CDFglobalAttribute 'Link_title' to 'LINK_TITLE'
    Renaming CDFglobalAttribute 'HTTP_link' to 'HTTP_LINK'
I2_AV_ULA | CDF.AttributeName.Error:
  _:
    Renaming CDFglobalAttribute 'Link_text' to 'LINK_TEXT'
    Renaming CDFglobalAttribute 'Link_title' to 'LINK_TITLE'
    Renaming CDFglobalAttribute 'HTTP_link' to 'HTTP_LINK'
I2_AV_WNK | CDF.AttributeName.Error:
  _:
    Renaming CDFglobalAttribute 'Link_text' to 'LINK_TEXT'
    Renaming CDFglobalAttribute 'Link_title' to 'LINK_TITLE'
    Renaming CDFglobalAttribute 'HTTP_link' to 'HTTP_LINK'
I8_15SEC_MAG | CDF.AttributeName.Error:
  _:
    Renaming CDFglobalAttribute 'Link_text' to 'LINK_TEXT'
    Renaming CDFglobalAttribute 'Link_title' to 'LINK_TITLE'
    Renaming CDFglobalAttribute 'HTTP_link' to 'HTTP_LINK'
I8_320MSEC_MAG | CDF.AttributeName.Error:
  _:
    Renaming CDFglobalAttribute 'Link_text' to 'LINK_TEXT'
    Renaming CDFglobalAttribute 'Link_title' to 'LINK_TITLE'
    Renaming CDFglobalAttribute 'HTTP_link' to 'HTTP_LINK'
I8_H0_GME | CDF.AttributeName.Error:
  _:
    Renaming CDFglobalAttribute 'Link_text' to 'LINK_TEXT'
    Renaming CDFglobalAttribute 'Link_title' to 'LINK_TITLE'
    Renaming CDFglobalAttribute 'HTTP_link' to 'HTTP_LINK'
I8_H0_MITPLASMA | CDF.AttributeName.Error:
  _:
    Renaming CDFglobalAttribute 'Link_text' to 'LINK_TEXT'
    Renaming CDFglobalAttribute 'Link_title' to 'LINK_TITLE'
    Renaming CDFglobalAttribute 'HTTP_link' to 'HTTP_LINK'
I8_OR_SSC | CDF.AttributeName.Error:
  _:
    Renaming CDFglobalAttribute 'Link_text' to 'LINK_TEXT'
    Renaming CDFglobalAttribute 'Link_title' to 'LINK_TITLE'
    Renaming CDFglobalAttribute 'HTTP_link' to 'HTTP_LINK'
ICON_L2-1_MIGHTI-B_LOS-WIND-GREEN | CDF.AttributeName.Error:
  _:
    Renaming CDFglobalAttribute 'Link_text' to 'LINK_TEXT'
    Renaming CDFglobalAttribute 'Link_title' to 'LINK_TITLE'
IM_K0_EUV | CDF.AttributeName.Error:
  _:
    Renaming CDFglobalAttribute 'Link_text' to 'LINK_TEXT'
    Renaming CDFglobalAttribute 'Link_title' to 'LINK_TITLE'
    Renaming CDFglobalAttribute 'HTTP_link' to 'HTTP_LINK'
IM_K0_RPI | CDF.AttributeName.Error:
  _:
    Renaming CDFglobalAttribute 'Link_text' to 'LINK_TEXT'
    Renaming CDFglobalAttribute 'Link_title' to 'LINK_TITLE'
    Renaming CDFglobalAttribute 'HTTP_link' to 'HTTP_LINK'
IM_K0_WIC | CDF.AttributeName.Error:
  _:
    Renaming CDFglobalAttribute 'Link_text' to 'LINK_TEXT'
    Renaming CDFglobalAttribute 'Link_title' to 'LINK_TITLE'
    Renaming CDFglobalAttribute 'HTTP_link' to 'HTTP_LINK'
IM_K1_RPI | CDF.AttributeName.Error:
  _:
    Renaming CDFglobalAttribute 'Link_text' to 'LINK_TEXT'
    Renaming CDFglobalAttribute 'Link_title' to 'LINK_TITLE'
    Renaming CDFglobalAttribute 'HTTP_link' to 'HTTP_LINK'
L0_K0_MPA | CDF.AttributeName.Error:
  _:
    Renaming CDFglobalAttribute 'Link_text' to 'LINK_TEXT'
    Renaming CDFglobalAttribute 'Link_title' to 'LINK_TITLE'
    Renaming CDFglobalAttribute 'HTTP_link' to 'HTTP_LINK'
L0_K0_SPA | CDF.AttributeName.Error:
  _:
    Renaming CDFglobalAttribute 'Link_text' to 'LINK_TEXT'
    Renaming CDFglobalAttribute 'Link_title' to 'LINK_TITLE'
    Renaming CDFglobalAttribute 'HTTP_link' to 'HTTP_LINK'
L1_K0_MPA | CDF.AttributeName.Error:
  _:
    Renaming CDFglobalAttribute 'Link_text' to 'LINK_TEXT'
    Renaming CDFglobalAttribute 'Link_title' to 'LINK_TITLE'
    Renaming CDFglobalAttribute 'HTTP_link' to 'HTTP_LINK'
L1_K0_SPA | CDF.AttributeName.Error:
  _:
    Renaming CDFglobalAttribute 'Link_text' to 'LINK_TEXT'
    Renaming CDFglobalAttribute 'Link_title' to 'LINK_TITLE'
    Renaming CDFglobalAttribute 'HTTP_link' to 'HTTP_LINK'
L4_K0_MPA | CDF.AttributeName.Error:
  _:
    Renaming CDFglobalAttribute 'Link_text' to 'LINK_TEXT'
    Renaming CDFglobalAttribute 'Link_title' to 'LINK_TITLE'
    Renaming CDFglobalAttribute 'HTTP_link' to 'HTTP_LINK'
L4_K0_SPA | CDF.AttributeName.Error:
  _:
    Renaming CDFglobalAttribute 'Link_text' to 'LINK_TEXT'
    Renaming CDFglobalAttribute 'Link_title' to 'LINK_TITLE'
    Renaming CDFglobalAttribute 'HTTP_link' to 'HTTP_LINK'
L7_H0_MPA | CDF.AttributeName.Error:
  _:
    Renaming CDFglobalAttribute 'Link_text' to 'LINK_TEXT'
    Renaming CDFglobalAttribute 'Link_title' to 'LINK_TITLE'
    Renaming CDFglobalAttribute 'HTTP_link' to 'HTTP_LINK'
L7_K0_MPA | CDF.AttributeName.Error:
  _:
    Renaming CDFglobalAttribute 'Link_text' to 'LINK_TEXT'
    Renaming CDFglobalAttribute 'Link_title' to 'LINK_TITLE'
    Renaming CDFglobalAttribute 'HTTP_link' to 'HTTP_LINK'
L7_K0_SPA | CDF.AttributeName.Error:
  _:
    Renaming CDFglobalAttribute 'Link_text' to 'LINK_TEXT'
    Renaming CDFglobalAttribute 'Link_title' to 'LINK_TITLE'
    Renaming CDFglobalAttribute 'HTTP_link' to 'HTTP_LINK'
L9_H0_MPA | CDF.AttributeName.Error:
  _:
    Renaming CDFglobalAttribute 'Link_text' to 'LINK_TEXT'
    Renaming CDFglobalAttribute 'Link_title' to 'LINK_TITLE'
    Renaming CDFglobalAttribute 'HTTP_link' to 'HTTP_LINK'
L9_K0_MPA | CDF.AttributeName.Error:
  _:
    Renaming CDFglobalAttribute 'Link_text' to 'LINK_TEXT'
    Renaming CDFglobalAttribute 'Link_title' to 'LINK_TITLE'
    Renaming CDFglobalAttribute 'HTTP_link' to 'HTTP_LINK'
L9_K0_SPA | CDF.AttributeName.Error:
  _:
    Renaming CDFglobalAttribute 'Link_text' to 'LINK_TEXT'
    Renaming CDFglobalAttribute 'Link_title' to 'LINK_TITLE'
    Renaming CDFglobalAttribute 'HTTP_link' to 'HTTP_LINK'
NOAA05_MEPED1MIN_SEM | CDF.AttributeName.Error:
  _:
    Renaming CDFglobalAttribute 'Link_text' to 'LINK_TEXT'
    Renaming CDFglobalAttribute 'Link_title' to 'LINK_TITLE'
    Renaming CDFglobalAttribute 'HTTP_link' to 'HTTP_LINK'
NOAA06_MEPED1MIN_SEM | CDF.AttributeName.Error:
  _:
    Renaming CDFglobalAttribute 'Link_text' to 'LINK_TEXT'
    Renaming CDFglobalAttribute 'Link_title' to 'LINK_TITLE'
    Renaming CDFglobalAttribute 'HTTP_link' to 'HTTP_LINK'
NOAA07_MEPED1MIN_SEM | CDF.AttributeName.Error:
  _:
    Renaming CDFglobalAttribute 'Link_text' to 'LINK_TEXT'
    Renaming CDFglobalAttribute 'Link_title' to 'LINK_TITLE'
    Renaming CDFglobalAttribute 'HTTP_link' to 'HTTP_LINK'
NOAA08_MEPED1MIN_SEM | CDF.AttributeName.Error:
  _:
    Renaming CDFglobalAttribute 'Link_text' to 'LINK_TEXT'
    Renaming CDFglobalAttribute 'Link_title' to 'LINK_TITLE'
    Renaming CDFglobalAttribute 'HTTP_link' to 'HTTP_LINK'
NOAA10_MEPED1MIN_SEM | CDF.AttributeName.Error:
  _:
    Renaming CDFglobalAttribute 'Link_text' to 'LINK_TEXT'
    Renaming CDFglobalAttribute 'Link_title' to 'LINK_TITLE'
    Renaming CDFglobalAttribute 'HTTP_link' to 'HTTP_LINK'
NOAA12_MEPED1MIN_SEM | CDF.AttributeName.Error:
  _:
    Renaming CDFglobalAttribute 'Link_text' to 'LINK_TEXT'
    Renaming CDFglobalAttribute 'Link_title' to 'LINK_TITLE'
    Renaming CDFglobalAttribute 'HTTP_link' to 'HTTP_LINK'
PO_EJ_VIS | CDF.AttributeName.Error:
  _:
    Renaming CDFglobalAttribute 'Link_text' to 'LINK_TEXT'
    Renaming CDFglobalAttribute 'Link_title' to 'LINK_TITLE'
    Renaming CDFglobalAttribute 'HTTP_link' to 'HTTP_LINK'
PO_H0_HYD | CDF.AttributeName.Error:
  _:
    Renaming CDFglobalAttribute 'Link_text' to 'LINK_TEXT'
    Renaming CDFglobalAttribute 'Link_title' to 'LINK_TITLE'
    Renaming CDFglobalAttribute 'HTTP_link' to 'HTTP_LINK'
PO_H0_TIM | CDF.AttributeName.Error:
  _:
    Renaming CDFglobalAttribute 'Link_text' to 'LINK_TEXT'
    Renaming CDFglobalAttribute 'Link_title' to 'LINK_TITLE'
    Renaming CDFglobalAttribute 'HTTP_link' to 'HTTP_LINK'
PO_H2_PWI | CDF.AttributeName.Error:
  _:
    Renaming CDFglobalAttribute 'Link_text' to 'LINK_TEXT'
    Renaming CDFglobalAttribute 'Link_title' to 'LINK_TITLE'
    Renaming CDFglobalAttribute 'HTTP_link' to 'HTTP_LINK'
PO_H3_PWI | CDF.AttributeName.Error:
  _: Renaming CDFglobalAttribute 'HTTP_link' to 'HTTP_LINK'
PO_H4_PWI | CDF.AttributeName.Error:
  _: Renaming CDFglobalAttribute 'HTTP_link' to 'HTTP_LINK'
PO_H5_PWI | CDF.AttributeName.Error:
  _: Renaming CDFglobalAttribute 'HTTP_link' to 'HTTP_LINK'
PO_K0_VIS | CDF.AttributeName.Error:
  _:
    Renaming CDFglobalAttribute 'Link_text' to 'LINK_TEXT'
    Renaming CDFglobalAttribute 'Link_title' to 'LINK_TITLE'
    Renaming CDFglobalAttribute 'HTTP_link' to 'HTTP_LINK'
PO_K1_TIM | CDF.AttributeName.Error:
  _:
    Renaming CDFglobalAttribute 'Link_text' to 'LINK_TEXT'
    Renaming CDFglobalAttribute 'Link_title' to 'LINK_TITLE'
    Renaming CDFglobalAttribute 'HTTP_link' to 'HTTP_LINK'
PO_K1_VIS | CDF.AttributeName.Error:
  _:
    Renaming CDFglobalAttribute 'Link_text' to 'LINK_TEXT'
    Renaming CDFglobalAttribute 'Link_title' to 'LINK_TITLE'
    Renaming CDFglobalAttribute 'HTTP_link' to 'HTTP_LINK'
RS_K0_IPEI | CDF.AttributeName.Error:
  _:
    Renaming CDFglobalAttribute 'Link_text' to 'LINK_TEXT'
    Renaming CDFglobalAttribute 'Link_title' to 'LINK_TITLE'
SNOE_L3_GEO | CDF.AttributeName.Error:
  _:
    Renaming CDFglobalAttribute 'Link_text' to 'LINK_TEXT'
    Renaming CDFglobalAttribute 'Link_title' to 'LINK_TITLE'
    Renaming CDFglobalAttribute 'HTTP_link' to 'HTTP_LINK'
SNOE_L3_MAG | CDF.AttributeName.Error:
  _:
    Renaming CDFglobalAttribute 'Link_text' to 'LINK_TEXT'
    Renaming CDFglobalAttribute 'Link_title' to 'LINK_TITLE'
    Renaming CDFglobalAttribute 'HTTP_link' to 'HTTP_LINK'
STA_L2_PLA_1DMAX_10MIN | CDF.AttributeName.Error:
  _:
    Renaming CDFglobalAttribute 'Link_text' to 'LINK_TEXT'
    Renaming CDFglobalAttribute 'Link_title' to 'LINK_TITLE'
    Renaming CDFglobalAttribute 'HTTP_link' to 'HTTP_LINK'
STA_L2_PLA_1DMAX_1HR | CDF.AttributeName.Error:
  _:
    Renaming CDFglobalAttribute 'Link_text' to 'LINK_TEXT'
    Renaming CDFglobalAttribute 'Link_title' to 'LINK_TITLE'
    Renaming CDFglobalAttribute 'HTTP_link' to 'HTTP_LINK'
STA_L2_PLA_1DMAX_1MIN | CDF.AttributeName.Error:
  _:
    Renaming CDFglobalAttribute 'Link_text' to 'LINK_TEXT'
    Renaming CDFglobalAttribute 'Link_title' to 'LINK_TITLE'
    Renaming CDFglobalAttribute 'HTTP_link' to 'HTTP_LINK'
STB_L2_PLA_1DMAX_10MIN | CDF.AttributeName.Error:
  _:
    Renaming CDFglobalAttribute 'Link_text' to 'LINK_TEXT'
    Renaming CDFglobalAttribute 'Link_title' to 'LINK_TITLE'
    Renaming CDFglobalAttribute 'HTTP_link' to 'HTTP_LINK'
STB_L2_PLA_1DMAX_1HR | CDF.AttributeName.Error:
  _:
    Renaming CDFglobalAttribute 'Link_text' to 'LINK_TEXT'
    Renaming CDFglobalAttribute 'Link_title' to 'LINK_TITLE'
    Renaming CDFglobalAttribute 'HTTP_link' to 'HTTP_LINK'
STB_L2_PLA_1DMAX_1MIN | CDF.AttributeName.Error:
  _:
    Renaming CDFglobalAttribute 'Link_text' to 'LINK_TEXT'
    Renaming CDFglobalAttribute 'Link_title' to 'LINK_TITLE'
    Renaming CDFglobalAttribute 'HTTP_link' to 'HTTP_LINK'
TIMED_EDP_GUVI | CDF.AttributeName.Error:
  _:
    Renaming CDFglobalAttribute 'Link_text' to 'LINK_TEXT'
    Renaming CDFglobalAttribute 'Link_title' to 'LINK_TITLE'
    Renaming CDFglobalAttribute 'HTTP_link' to 'HTTP_LINK'
TIMED_L1BV20_SABER | CDF.AttributeName.Error:
  _:
    Renaming CDFglobalAttribute 'Link_text' to 'LINK_TEXT'
    Renaming CDFglobalAttribute 'Link_title' to 'LINK_TITLE'
    Renaming CDFglobalAttribute 'HTTP_link' to 'HTTP_LINK'
TIMED_L1CDISK_GUVI | CDF.AttributeName.Error:
  _:
    Renaming CDFglobalAttribute 'Link_text' to 'LINK_TEXT'
    Renaming CDFglobalAttribute 'Link_title' to 'LINK_TITLE'
    Renaming CDFglobalAttribute 'HTTP_link' to 'HTTP_LINK'
TIMED_L2A_SABER | CDF.AttributeName.Error:
  _:
    Renaming CDFglobalAttribute 'Link_text' to 'LINK_TEXT'
    Renaming CDFglobalAttribute 'Link_title' to 'LINK_TITLE'
    Renaming CDFglobalAttribute 'HTTP_link' to 'HTTP_LINK'
TIMED_L3A_SEE | CDF.AttributeName.Error:
  _:
    Renaming CDFglobalAttribute 'Link_text' to 'LINK_TEXT'
    Renaming CDFglobalAttribute 'Link_title' to 'LINK_TITLE'
    Renaming CDFglobalAttribute 'HTTP_link' to 'HTTP_LINK'
TIMED_WINDVECTORSNCAR_TIDI | CDF.AttributeName.Error:
  _:
    Renaming CDFglobalAttribute 'Link_text' to 'LINK_TEXT'
    Renaming CDFglobalAttribute 'Link_title' to 'LINK_TITLE'
    Renaming CDFglobalAttribute 'HTTP_link' to 'HTTP_LINK'
TSS-1R_M1_CSAA | CDF.AttributeName.Error:
  _:
    Renaming CDFglobalAttribute 'Link_text' to 'LINK_TEXT'
    Renaming CDFglobalAttribute 'Link_title' to 'LINK_TITLE'
    Renaming CDFglobalAttribute 'HTTP_link' to 'HTTP_LINK'
TSS-1R_M1_CSAB | CDF.AttributeName.Error:
  _:
    Renaming CDFglobalAttribute 'Link_text' to 'LINK_TEXT'
    Renaming CDFglobalAttribute 'Link_title' to 'LINK_TITLE'
    Renaming CDFglobalAttribute 'HTTP_link' to 'HTTP_LINK'
TSS-1R_M1_CSCA | CDF.AttributeName.Error:
  _:
    Renaming CDFglobalAttribute 'Link_text' to 'LINK_TEXT'
    Renaming CDFglobalAttribute 'Link_title' to 'LINK_TITLE'
    Renaming CDFglobalAttribute 'HTTP_link' to 'HTTP_LINK'
TSS-1R_M1_CSCB | CDF.AttributeName.Error:
  _:
    Renaming CDFglobalAttribute 'Link_text' to 'LINK_TEXT'
    Renaming CDFglobalAttribute 'Link_title' to 'LINK_TITLE'
    Renaming CDFglobalAttribute 'HTTP_link' to 'HTTP_LINK'
TSS-1R_M1_CSEA | CDF.AttributeName.Error:
  _:
    Renaming CDFglobalAttribute 'Link_text' to 'LINK_TEXT'
    Renaming CDFglobalAttribute 'Link_title' to 'LINK_TITLE'
    Renaming CDFglobalAttribute 'HTTP_link' to 'HTTP_LINK'
TSS-1R_M1_CSEB | CDF.AttributeName.Error:
  _:
    Renaming CDFglobalAttribute 'Link_text' to 'LINK_TEXT'
    Renaming CDFglobalAttribute 'Link_title' to 'LINK_TITLE'
    Renaming CDFglobalAttribute 'HTTP_link' to 'HTTP_LINK'
TSS-1R_M1_CSMA | CDF.AttributeName.Error:
  _:
    Renaming CDFglobalAttribute 'Link_text' to 'LINK_TEXT'
    Renaming CDFglobalAttribute 'Link_title' to 'LINK_TITLE'
    Renaming CDFglobalAttribute 'HTTP_link' to 'HTTP_LINK'
TSS-1R_M1_CSMB | CDF.AttributeName.Error:
  _:
    Renaming CDFglobalAttribute 'Link_text' to 'LINK_TEXT'
    Renaming CDFglobalAttribute 'Link_title' to 'LINK_TITLE'
    Renaming CDFglobalAttribute 'HTTP_link' to 'HTTP_LINK'
TSS-1R_M1_CSSA | CDF.AttributeName.Error:
  _:
    Renaming CDFglobalAttribute 'Link_text' to 'LINK_TEXT'
    Renaming CDFglobalAttribute 'Link_title' to 'LINK_TITLE'
    Renaming CDFglobalAttribute 'HTTP_link' to 'HTTP_LINK'
TSS-1R_M1_CSSB | CDF.AttributeName.Error:
  _:
    Renaming CDFglobalAttribute 'Link_text' to 'LINK_TEXT'
    Renaming CDFglobalAttribute 'Link_title' to 'LINK_TITLE'
    Renaming CDFglobalAttribute 'HTTP_link' to 'HTTP_LINK'
TSS-1R_M1_CSSC | CDF.AttributeName.Error:
  _:
    Renaming CDFglobalAttribute 'Link_text' to 'LINK_TEXT'
    Renaming CDFglobalAttribute 'Link_title' to 'LINK_TITLE'
    Renaming CDFglobalAttribute 'HTTP_link' to 'HTTP_LINK'
TSS-1R_M1_CSTA | CDF.AttributeName.Error:
  _:
    Renaming CDFglobalAttribute 'Link_text' to 'LINK_TEXT'
    Renaming CDFglobalAttribute 'Link_title' to 'LINK_TITLE'
    Renaming CDFglobalAttribute 'HTTP_link' to 'HTTP_LINK'
TSS-1R_M1_DBPO | CDF.AttributeName.Error:
  _:
    Renaming CDFglobalAttribute 'Link_text' to 'LINK_TEXT'
    Renaming CDFglobalAttribute 'Link_title' to 'LINK_TITLE'
    Renaming CDFglobalAttribute 'HTTP_link' to 'HTTP_LINK'
TSS-1R_M1_DBSA | CDF.AttributeName.Error:
  _:
    Renaming CDFglobalAttribute 'Link_text' to 'LINK_TEXT'
    Renaming CDFglobalAttribute 'Link_title' to 'LINK_TITLE'
    Renaming CDFglobalAttribute 'HTTP_link' to 'HTTP_LINK'
TSS-1R_M1_DBSB | CDF.AttributeName.Error:
  _:
    Renaming CDFglobalAttribute 'Link_text' to 'LINK_TEXT'
    Renaming CDFglobalAttribute 'Link_title' to 'LINK_TITLE'
    Renaming CDFglobalAttribute 'HTTP_link' to 'HTTP_LINK'
TSS-1R_M1_DBSC | CDF.AttributeName.Error:
  _:
    Renaming CDFglobalAttribute 'Link_text' to 'LINK_TEXT'
    Renaming CDFglobalAttribute 'Link_title' to 'LINK_TITLE'
    Renaming CDFglobalAttribute 'HTTP_link' to 'HTTP_LINK'
TSS-1R_M1_DBTA | CDF.AttributeName.Error:
  _:
    Renaming CDFglobalAttribute 'Link_text' to 'LINK_TEXT'
    Renaming CDFglobalAttribute 'Link_title' to 'LINK_TITLE'
    Renaming CDFglobalAttribute 'HTTP_link' to 'HTTP_LINK'
TSS-1R_M1_DCDV | CDF.AttributeName.Error:
  _:
    Renaming CDFglobalAttribute 'Link_text' to 'LINK_TEXT'
    Renaming CDFglobalAttribute 'Link_title' to 'LINK_TITLE'
    Renaming CDFglobalAttribute 'HTTP_link' to 'HTTP_LINK'
TSS-1R_M1_DCGA | CDF.AttributeName.Error:
  _:
    Renaming CDFglobalAttribute 'Link_text' to 'LINK_TEXT'
    Renaming CDFglobalAttribute 'Link_title' to 'LINK_TITLE'
    Renaming CDFglobalAttribute 'HTTP_link' to 'HTTP_LINK'
TSS-1R_M1_DCGB | CDF.AttributeName.Error:
  _:
    Renaming CDFglobalAttribute 'Link_text' to 'LINK_TEXT'
    Renaming CDFglobalAttribute 'Link_title' to 'LINK_TITLE'
    Renaming CDFglobalAttribute 'HTTP_link' to 'HTTP_LINK'
TSS-1R_M1_DCGC | CDF.AttributeName.Error:
  _:
    Renaming CDFglobalAttribute 'Link_text' to 'LINK_TEXT'
    Renaming CDFglobalAttribute 'Link_title' to 'LINK_TITLE'
    Renaming CDFglobalAttribute 'HTTP_link' to 'HTTP_LINK'
TSS-1R_M1_DCMA | CDF.AttributeName.Error:
  _:
    Renaming CDFglobalAttribute 'Link_text' to 'LINK_TEXT'
    Renaming CDFglobalAttribute 'Link_title' to 'LINK_TITLE'
    Renaming CDFglobalAttribute 'HTTP_link' to 'HTTP_LINK'
TSS-1R_M1_DCMB | CDF.AttributeName.Error:
  _:
    Renaming CDFglobalAttribute 'Link_text' to 'LINK_TEXT'
    Renaming CDFglobalAttribute 'Link_title' to 'LINK_TITLE'
    Renaming CDFglobalAttribute 'HTTP_link' to 'HTTP_LINK'
TSS-1R_M1_DCMC | CDF.AttributeName.Error:
  _:
    Renaming CDFglobalAttribute 'Link_text' to 'LINK_TEXT'
    Renaming CDFglobalAttribute 'Link_title' to 'LINK_TITLE'
    Renaming CDFglobalAttribute 'HTTP_link' to 'HTTP_LINK'
TSS-1R_M1_DCMD | CDF.AttributeName.Error:
  _:
    Renaming CDFglobalAttribute 'Link_text' to 'LINK_TEXT'
    Renaming CDFglobalAttribute 'Link_title' to 'LINK_TITLE'
    Renaming CDFglobalAttribute 'HTTP_link' to 'HTTP_LINK'
TSS-1R_M1_DCME | CDF.AttributeName.Error:
  _:
    Renaming CDFglobalAttribute 'Link_text' to 'LINK_TEXT'
    Renaming CDFglobalAttribute 'Link_title' to 'LINK_TITLE'
    Renaming CDFglobalAttribute 'HTTP_link' to 'HTTP_LINK'
TSS-1R_M1_DCSA | CDF.AttributeName.Error:
  _:
    Renaming CDFglobalAttribute 'Link_text' to 'LINK_TEXT'
    Renaming CDFglobalAttribute 'Link_title' to 'LINK_TITLE'
    Renaming CDFglobalAttribute 'HTTP_link' to 'HTTP_LINK'
TSS-1R_M1_DCSB | CDF.AttributeName.Error:
  _:
    Renaming CDFglobalAttribute 'Link_text' to 'LINK_TEXT'
    Renaming CDFglobalAttribute 'Link_title' to 'LINK_TITLE'
    Renaming CDFglobalAttribute 'HTTP_link' to 'HTTP_LINK'
TSS-1R_M1_DCTA | CDF.AttributeName.Error:
  _:
    Renaming CDFglobalAttribute 'Link_text' to 'LINK_TEXT'
    Renaming CDFglobalAttribute 'Link_title' to 'LINK_TITLE'
    Renaming CDFglobalAttribute 'HTTP_link' to 'HTTP_LINK'
TSS-1R_M1_DPHA | CDF.AttributeName.Error:
  _:
    Renaming CDFglobalAttribute 'Link_text' to 'LINK_TEXT'
    Renaming CDFglobalAttribute 'Link_title' to 'LINK_TITLE'
    Renaming CDFglobalAttribute 'HTTP_link' to 'HTTP_LINK'
TSS-1R_M1_DPHB | CDF.AttributeName.Error:
  _:
    Renaming CDFglobalAttribute 'Link_text' to 'LINK_TEXT'
    Renaming CDFglobalAttribute 'Link_title' to 'LINK_TITLE'
    Renaming CDFglobalAttribute 'HTTP_link' to 'HTTP_LINK'
TSS-1R_M1_DPHC | CDF.AttributeName.Error:
  _:
    Renaming CDFglobalAttribute 'Link_text' to 'LINK_TEXT'
    Renaming CDFglobalAttribute 'Link_title' to 'LINK_TITLE'
    Renaming CDFglobalAttribute 'HTTP_link' to 'HTTP_LINK'
TSS-1R_M1_DPHD | CDF.AttributeName.Error:
  _:
    Renaming CDFglobalAttribute 'Link_text' to 'LINK_TEXT'
    Renaming CDFglobalAttribute 'Link_title' to 'LINK_TITLE'
    Renaming CDFglobalAttribute 'HTTP_link' to 'HTTP_LINK'
TSS-1R_M1_DPHE | CDF.AttributeName.Error:
  _:
    Renaming CDFglobalAttribute 'Link_text' to 'LINK_TEXT'
    Renaming CDFglobalAttribute 'Link_title' to 'LINK_TITLE'
    Renaming CDFglobalAttribute 'HTTP_link' to 'HTTP_LINK'
TSS-1R_M1_DPMA | CDF.AttributeName.Error:
  _:
    Renaming CDFglobalAttribute 'Link_text' to 'LINK_TEXT'
    Renaming CDFglobalAttribute 'Link_title' to 'LINK_TITLE'
    Renaming CDFglobalAttribute 'HTTP_link' to 'HTTP_LINK'
TSS-1R_M1_DPMB | CDF.AttributeName.Error:
  _:
    Renaming CDFglobalAttribute 'Link_text' to 'LINK_TEXT'
    Renaming CDFglobalAttribute 'Link_title' to 'LINK_TITLE'
    Renaming CDFglobalAttribute 'HTTP_link' to 'HTTP_LINK'
TSS-1R_M1_DPMC | CDF.AttributeName.Error:
  _:
    Renaming CDFglobalAttribute 'Link_text' to 'LINK_TEXT'
    Renaming CDFglobalAttribute 'Link_title' to 'LINK_TITLE'
    Renaming CDFglobalAttribute 'HTTP_link' to 'HTTP_LINK'
TSS-1R_M1_DPMD | CDF.AttributeName.Error:
  _:
    Renaming CDFglobalAttribute 'Link_text' to 'LINK_TEXT'
    Renaming CDFglobalAttribute 'Link_title' to 'LINK_TITLE'
    Renaming CDFglobalAttribute 'HTTP_link' to 'HTTP_LINK'
TSS-1R_M1_DPME | CDF.AttributeName.Error:
  _:
    Renaming CDFglobalAttribute 'Link_text' to 'LINK_TEXT'
    Renaming CDFglobalAttribute 'Link_title' to 'LINK_TITLE'
    Renaming CDFglobalAttribute 'HTTP_link' to 'HTTP_LINK'
TSS-1R_M1_DPMF | CDF.AttributeName.Error:
  _:
    Renaming CDFglobalAttribute 'Link_text' to 'LINK_TEXT'
    Renaming CDFglobalAttribute 'Link_title' to 'LINK_TITLE'
    Renaming CDFglobalAttribute 'HTTP_link' to 'HTTP_LINK'
TSS-1R_M1_DPMG | CDF.AttributeName.Error:
  _:
    Renaming CDFglobalAttribute 'Link_text' to 'LINK_TEXT'
    Renaming CDFglobalAttribute 'Link_title' to 'LINK_TITLE'
    Renaming CDFglobalAttribute 'HTTP_link' to 'HTTP_LINK'
TSS-1R_M1_DPMH | CDF.AttributeName.Error:
  _:
    Renaming CDFglobalAttribute 'Link_text' to 'LINK_TEXT'
    Renaming CDFglobalAttribute 'Link_title' to 'LINK_TITLE'
    Renaming CDFglobalAttribute 'HTTP_link' to 'HTTP_LINK'
TSS-1R_M1_DPMI | CDF.AttributeName.Error:
  _:
    Renaming CDFglobalAttribute 'Link_text' to 'LINK_TEXT'
    Renaming CDFglobalAttribute 'Link_title' to 'LINK_TITLE'
    Renaming CDFglobalAttribute 'HTTP_link' to 'HTTP_LINK'
TSS-1R_M1_DPMJ | CDF.AttributeName.Error:
  _:
    Renaming CDFglobalAttribute 'Link_text' to 'LINK_TEXT'
    Renaming CDFglobalAttribute 'Link_title' to 'LINK_TITLE'
    Renaming CDFglobalAttribute 'HTTP_link' to 'HTTP_LINK'
TSS-1R_M1_DPMK | CDF.AttributeName.Error:
  _:
    Renaming CDFglobalAttribute 'Link_text' to 'LINK_TEXT'
    Renaming CDFglobalAttribute 'Link_title' to 'LINK_TITLE'
    Renaming CDFglobalAttribute 'HTTP_link' to 'HTTP_LINK'
TSS-1R_M1_DPSA | CDF.AttributeName.Error:
  _:
    Renaming CDFglobalAttribute 'Link_text' to 'LINK_TEXT'
    Renaming CDFglobalAttribute 'Link_title' to 'LINK_TITLE'
    Renaming CDFglobalAttribute 'HTTP_link' to 'HTTP_LINK'
TSS-1R_M1_DPSC | CDF.AttributeName.Error:
  _:
    Renaming CDFglobalAttribute 'Link_text' to 'LINK_TEXT'
    Renaming CDFglobalAttribute 'Link_title' to 'LINK_TITLE'
    Renaming CDFglobalAttribute 'HTTP_link' to 'HTTP_LINK'
TSS-1R_M1_DPSD | CDF.AttributeName.Error:
  _:
    Renaming CDFglobalAttribute 'Link_text' to 'LINK_TEXT'
    Renaming CDFglobalAttribute 'Link_title' to 'LINK_TITLE'
    Renaming CDFglobalAttribute 'HTTP_link' to 'HTTP_LINK'
TSS-1R_M1_DPSE | CDF.AttributeName.Error:
  _:
    Renaming CDFglobalAttribute 'Link_text' to 'LINK_TEXT'
    Renaming CDFglobalAttribute 'Link_title' to 'LINK_TITLE'
    Renaming CDFglobalAttribute 'HTTP_link' to 'HTTP_LINK'
TSS-1R_M1_DPSF | CDF.AttributeName.Error:
  _:
    Renaming CDFglobalAttribute 'Link_text' to 'LINK_TEXT'
    Renaming CDFglobalAttribute 'Link_title' to 'LINK_TITLE'
    Renaming CDFglobalAttribute 'HTTP_link' to 'HTTP_LINK'
TSS-1R_M1_DPSG | CDF.AttributeName.Error:
  _:
    Renaming CDFglobalAttribute 'Link_text' to 'LINK_TEXT'
    Renaming CDFglobalAttribute 'Link_title' to 'LINK_TITLE'
    Renaming CDFglobalAttribute 'HTTP_link' to 'HTTP_LINK'
TSS-1R_M1_DPSH | CDF.AttributeName.Error:
  _:
    Renaming CDFglobalAttribute 'Link_text' to 'LINK_TEXT'
    Renaming CDFglobalAttribute 'Link_title' to 'LINK_TITLE'
    Renaming CDFglobalAttribute 'HTTP_link' to 'HTTP_LINK'
TSS-1R_M1_DPSI | CDF.AttributeName.Error:
  _:
    Renaming CDFglobalAttribute 'Link_text' to 'LINK_TEXT'
    Renaming CDFglobalAttribute 'Link_title' to 'LINK_TITLE'
    Renaming CDFglobalAttribute 'HTTP_link' to 'HTTP_LINK'
TSS-1R_M1_DPSJ | CDF.AttributeName.Error:
  _:
    Renaming CDFglobalAttribute 'Link_text' to 'LINK_TEXT'
    Renaming CDFglobalAttribute 'Link_title' to 'LINK_TITLE'
    Renaming CDFglobalAttribute 'HTTP_link' to 'HTTP_LINK'
TSS-1R_M1_DPTA | CDF.AttributeName.Error:
  _:
    Renaming CDFglobalAttribute 'Link_text' to 'LINK_TEXT'
    Renaming CDFglobalAttribute 'Link_title' to 'LINK_TITLE'
    Renaming CDFglobalAttribute 'HTTP_link' to 'HTTP_LINK'
TSS-1R_M1_DPTB | CDF.AttributeName.Error:
  _:
    Renaming CDFglobalAttribute 'Link_text' to 'LINK_TEXT'
    Renaming CDFglobalAttribute 'Link_title' to 'LINK_TITLE'
    Renaming CDFglobalAttribute 'HTTP_link' to 'HTTP_LINK'
TSS-1R_M1_EPMA | CDF.AttributeName.Error:
  _:
    Renaming CDFglobalAttribute 'Link_text' to 'LINK_TEXT'
    Renaming CDFglobalAttribute 'Link_title' to 'LINK_TITLE'
    Renaming CDFglobalAttribute 'HTTP_link' to 'HTTP_LINK'
TSS-1R_M1_EPMB | CDF.AttributeName.Error:
  _:
    Renaming CDFglobalAttribute 'Link_text' to 'LINK_TEXT'
    Renaming CDFglobalAttribute 'Link_title' to 'LINK_TITLE'
    Renaming CDFglobalAttribute 'HTTP_link' to 'HTTP_LINK'
TSS-1R_M1_EPMC | CDF.AttributeName.Error:
  _:
    Renaming CDFglobalAttribute 'Link_text' to 'LINK_TEXT'
    Renaming CDFglobalAttribute 'Link_title' to 'LINK_TITLE'
    Renaming CDFglobalAttribute 'HTTP_link' to 'HTTP_LINK'
TSS-1R_M1_EPMF | CDF.AttributeName.Error:
  _:
    Renaming CDFglobalAttribute 'Link_text' to 'LINK_TEXT'
    Renaming CDFglobalAttribute 'Link_title' to 'LINK_TITLE'
    Renaming CDFglobalAttribute 'HTTP_link' to 'HTTP_LINK'
TSS-1R_M1_EPMG | CDF.AttributeName.Error:
  _:
    Renaming CDFglobalAttribute 'Link_text' to 'LINK_TEXT'
    Renaming CDFglobalAttribute 'Link_title' to 'LINK_TITLE'
    Renaming CDFglobalAttribute 'HTTP_link' to 'HTTP_LINK'
TSS-1R_M1_EPMH | CDF.AttributeName.Error:
  _:
    Renaming CDFglobalAttribute 'Link_text' to 'LINK_TEXT'
    Renaming CDFglobalAttribute 'Link_title' to 'LINK_TITLE'
    Renaming CDFglobalAttribute 'HTTP_link' to 'HTTP_LINK'
TSS-1R_M1_EPSA | CDF.AttributeName.Error:
  _:
    Renaming CDFglobalAttribute 'Link_text' to 'LINK_TEXT'
    Renaming CDFglobalAttribute 'Link_title' to 'LINK_TITLE'
    Renaming CDFglobalAttribute 'HTTP_link' to 'HTTP_LINK'
TSS-1R_M1_EPSB | CDF.AttributeName.Error:
  _:
    Renaming CDFglobalAttribute 'Link_text' to 'LINK_TEXT'
    Renaming CDFglobalAttribute 'Link_title' to 'LINK_TITLE'
    Renaming CDFglobalAttribute 'HTTP_link' to 'HTTP_LINK'
TSS-1R_M1_EPSC | CDF.AttributeName.Error:
  _:
    Renaming CDFglobalAttribute 'Link_text' to 'LINK_TEXT'
    Renaming CDFglobalAttribute 'Link_title' to 'LINK_TITLE'
    Renaming CDFglobalAttribute 'HTTP_link' to 'HTTP_LINK'
TSS-1R_M1_EPSD | CDF.AttributeName.Error:
  _:
    Renaming CDFglobalAttribute 'Link_text' to 'LINK_TEXT'
    Renaming CDFglobalAttribute 'Link_title' to 'LINK_TITLE'
    Renaming CDFglobalAttribute 'HTTP_link' to 'HTTP_LINK'
TSS-1R_M1_RPBB | CDF.AttributeName.Error:
  _:
    Renaming CDFglobalAttribute 'Link_text' to 'LINK_TEXT'
    Renaming CDFglobalAttribute 'Link_title' to 'LINK_TITLE'
    Renaming CDFglobalAttribute 'HTTP_link' to 'HTTP_LINK'
TSS-1R_M1_RPDM | CDF.AttributeName.Error:
  _:
    Renaming CDFglobalAttribute 'Link_text' to 'LINK_TEXT'
    Renaming CDFglobalAttribute 'Link_title' to 'LINK_TITLE'
    Renaming CDFglobalAttribute 'HTTP_link' to 'HTTP_LINK'
TSS-1R_M1_RPDP | CDF.AttributeName.Error:
  _:
    Renaming CDFglobalAttribute 'Link_text' to 'LINK_TEXT'
    Renaming CDFglobalAttribute 'Link_title' to 'LINK_TITLE'
    Renaming CDFglobalAttribute 'HTTP_link' to 'HTTP_LINK'
TSS-1R_M1_RPEA | CDF.AttributeName.Error:
  _:
    Renaming CDFglobalAttribute 'Link_text' to 'LINK_TEXT'
    Renaming CDFglobalAttribute 'Link_title' to 'LINK_TITLE'
    Renaming CDFglobalAttribute 'HTTP_link' to 'HTTP_LINK'
TSS-1R_M1_RPEB | CDF.AttributeName.Error:
  _:
    Renaming CDFglobalAttribute 'Link_text' to 'LINK_TEXT'
    Renaming CDFglobalAttribute 'Link_title' to 'LINK_TITLE'
    Renaming CDFglobalAttribute 'HTTP_link' to 'HTTP_LINK'
TSS-1R_M1_RPEM | CDF.AttributeName.Error:
  _:
    Renaming CDFglobalAttribute 'Link_text' to 'LINK_TEXT'
    Renaming CDFglobalAttribute 'Link_title' to 'LINK_TITLE'
    Renaming CDFglobalAttribute 'HTTP_link' to 'HTTP_LINK'
TSS-1R_M1_RPHA | CDF.AttributeName.Error:
  _:
    Renaming CDFglobalAttribute 'Link_text' to 'LINK_TEXT'
    Renaming CDFglobalAttribute 'Link_title' to 'LINK_TITLE'
    Renaming CDFglobalAttribute 'HTTP_link' to 'HTTP_LINK'
TSS-1R_M1_RPHB | CDF.AttributeName.Error:
  _:
    Renaming CDFglobalAttribute 'Link_text' to 'LINK_TEXT'
    Renaming CDFglobalAttribute 'Link_title' to 'LINK_TITLE'
    Renaming CDFglobalAttribute 'HTTP_link' to 'HTTP_LINK'
TSS-1R_M1_RPHC | CDF.AttributeName.Error:
  _:
    Renaming CDFglobalAttribute 'Link_text' to 'LINK_TEXT'
    Renaming CDFglobalAttribute 'Link_title' to 'LINK_TITLE'
    Renaming CDFglobalAttribute 'HTTP_link' to 'HTTP_LINK'
TSS-1R_M1_RPHD | CDF.AttributeName.Error:
  _:
    Renaming CDFglobalAttribute 'Link_text' to 'LINK_TEXT'
    Renaming CDFglobalAttribute 'Link_title' to 'LINK_TITLE'
    Renaming CDFglobalAttribute 'HTTP_link' to 'HTTP_LINK'
TSS-1R_M1_RPHE | CDF.AttributeName.Error:
  _:
    Renaming CDFglobalAttribute 'Link_text' to 'LINK_TEXT'
    Renaming CDFglobalAttribute 'Link_title' to 'LINK_TITLE'
    Renaming CDFglobalAttribute 'HTTP_link' to 'HTTP_LINK'
TSS-1R_M1_RPHF | CDF.AttributeName.Error:
  _:
    Renaming CDFglobalAttribute 'Link_text' to 'LINK_TEXT'
    Renaming CDFglobalAttribute 'Link_title' to 'LINK_TITLE'
    Renaming CDFglobalAttribute 'HTTP_link' to 'HTTP_LINK'
TSS-1R_M1_RPHG | CDF.AttributeName.Error:
  _:
    Renaming CDFglobalAttribute 'Link_text' to 'LINK_TEXT'
    Renaming CDFglobalAttribute 'Link_title' to 'LINK_TITLE'
    Renaming CDFglobalAttribute 'HTTP_link' to 'HTTP_LINK'
TSS-1R_M1_RPIA | CDF.AttributeName.Error:
  _:
    Renaming CDFglobalAttribute 'Link_text' to 'LINK_TEXT'
    Renaming CDFglobalAttribute 'Link_title' to 'LINK_TITLE'
    Renaming CDFglobalAttribute 'HTTP_link' to 'HTTP_LINK'
TSS-1R_M1_RPIB | CDF.AttributeName.Error:
  _:
    Renaming CDFglobalAttribute 'Link_text' to 'LINK_TEXT'
    Renaming CDFglobalAttribute 'Link_title' to 'LINK_TITLE'
    Renaming CDFglobalAttribute 'HTTP_link' to 'HTTP_LINK'
TSS-1R_M1_RPSA | CDF.AttributeName.Error:
  _:
    Renaming CDFglobalAttribute 'Link_text' to 'LINK_TEXT'
    Renaming CDFglobalAttribute 'Link_title' to 'LINK_TITLE'
    Renaming CDFglobalAttribute 'HTTP_link' to 'HTTP_LINK'
TSS-1R_M1_RPSB | CDF.AttributeName.Error:
  _:
    Renaming CDFglobalAttribute 'Link_text' to 'LINK_TEXT'
    Renaming CDFglobalAttribute 'Link_title' to 'LINK_TITLE'
    Renaming CDFglobalAttribute 'HTTP_link' to 'HTTP_LINK'
TSS-1R_M1_RPSC | CDF.AttributeName.Error:
  _:
    Renaming CDFglobalAttribute 'Link_text' to 'LINK_TEXT'
    Renaming CDFglobalAttribute 'Link_title' to 'LINK_TITLE'
    Renaming CDFglobalAttribute 'HTTP_link' to 'HTTP_LINK'
TSS-1R_M1_RPSD | CDF.AttributeName.Error:
  _:
    Renaming CDFglobalAttribute 'Link_text' to 'LINK_TEXT'
    Renaming CDFglobalAttribute 'Link_title' to 'LINK_TITLE'
    Renaming CDFglobalAttribute 'HTTP_link' to 'HTTP_LINK'
TSS-1R_M1_RTEF | CDF.AttributeName.Error:
  _:
    Renaming CDFglobalAttribute 'Link_text' to 'LINK_TEXT'
    Renaming CDFglobalAttribute 'Link_title' to 'LINK_TITLE'
    Renaming CDFglobalAttribute 'HTTP_link' to 'HTTP_LINK'
TSS-1R_M1_RTHF | CDF.AttributeName.Error:
  _:
    Renaming CDFglobalAttribute 'Link_text' to 'LINK_TEXT'
    Renaming CDFglobalAttribute 'Link_title' to 'LINK_TITLE'
    Renaming CDFglobalAttribute 'HTTP_link' to 'HTTP_LINK'
TSS-1R_M1_RTIP | CDF.AttributeName.Error:
  _:
    Renaming CDFglobalAttribute 'Link_text' to 'LINK_TEXT'
    Renaming CDFglobalAttribute 'Link_title' to 'LINK_TITLE'
    Renaming CDFglobalAttribute 'HTTP_link' to 'HTTP_LINK'
TSS-1R_M1_RTKA | CDF.AttributeName.Error:
  _:
    Renaming CDFglobalAttribute 'Link_text' to 'LINK_TEXT'
    Renaming CDFglobalAttribute 'Link_title' to 'LINK_TITLE'
    Renaming CDFglobalAttribute 'HTTP_link' to 'HTTP_LINK'
TSS-1R_M1_RTKC | CDF.AttributeName.Error:
  _:
    Renaming CDFglobalAttribute 'Link_text' to 'LINK_TEXT'
    Renaming CDFglobalAttribute 'Link_title' to 'LINK_TITLE'
    Renaming CDFglobalAttribute 'HTTP_link' to 'HTTP_LINK'
TSS-1R_M1_RTKD | CDF.AttributeName.Error:
  _:
    Renaming CDFglobalAttribute 'Link_text' to 'LINK_TEXT'
    Renaming CDFglobalAttribute 'Link_title' to 'LINK_TITLE'
    Renaming CDFglobalAttribute 'HTTP_link' to 'HTTP_LINK'
TSS-1R_M1_RTKE | CDF.AttributeName.Error:
  _:
    Renaming CDFglobalAttribute 'Link_text' to 'LINK_TEXT'
    Renaming CDFglobalAttribute 'Link_title' to 'LINK_TITLE'
    Renaming CDFglobalAttribute 'HTTP_link' to 'HTTP_LINK'
TSS-1R_M1_RTKF | CDF.AttributeName.Error:
  _:
    Renaming CDFglobalAttribute 'Link_text' to 'LINK_TEXT'
    Renaming CDFglobalAttribute 'Link_title' to 'LINK_TITLE'
    Renaming CDFglobalAttribute 'HTTP_link' to 'HTTP_LINK'
TSS-1R_M1_RTKG | CDF.AttributeName.Error:
  _:
    Renaming CDFglobalAttribute 'Link_text' to 'LINK_TEXT'
    Renaming CDFglobalAttribute 'Link_title' to 'LINK_TITLE'
    Renaming CDFglobalAttribute 'HTTP_link' to 'HTTP_LINK'
TSS-1R_M1_RTKH | CDF.AttributeName.Error:
  _:
    Renaming CDFglobalAttribute 'Link_text' to 'LINK_TEXT'
    Renaming CDFglobalAttribute 'Link_title' to 'LINK_TITLE'
    Renaming CDFglobalAttribute 'HTTP_link' to 'HTTP_LINK'
TSS-1R_M1_RTKI | CDF.AttributeName.Error:
  _:
    Renaming CDFglobalAttribute 'Link_text' to 'LINK_TEXT'
    Renaming CDFglobalAttribute 'Link_title' to 'LINK_TITLE'
    Renaming CDFglobalAttribute 'HTTP_link' to 'HTTP_LINK'
TSS-1R_M1_RTLA | CDF.AttributeName.Error:
  _:
    Renaming CDFglobalAttribute 'Link_text' to 'LINK_TEXT'
    Renaming CDFglobalAttribute 'Link_title' to 'LINK_TITLE'
    Renaming CDFglobalAttribute 'HTTP_link' to 'HTTP_LINK'
TSS-1R_M1_RTLB | CDF.AttributeName.Error:
  _:
    Renaming CDFglobalAttribute 'Link_text' to 'LINK_TEXT'
    Renaming CDFglobalAttribute 'Link_title' to 'LINK_TITLE'
    Renaming CDFglobalAttribute 'HTTP_link' to 'HTTP_LINK'
TSS-1R_M1_RTMC | CDF.AttributeName.Error:
  _:
    Renaming CDFglobalAttribute 'Link_text' to 'LINK_TEXT'
    Renaming CDFglobalAttribute 'Link_title' to 'LINK_TITLE'
    Renaming CDFglobalAttribute 'HTTP_link' to 'HTTP_LINK'
TSS-1R_M1_RTMD | CDF.AttributeName.Error:
  _:
    Renaming CDFglobalAttribute 'Link_text' to 'LINK_TEXT'
    Renaming CDFglobalAttribute 'Link_title' to 'LINK_TITLE'
    Renaming CDFglobalAttribute 'HTTP_link' to 'HTTP_LINK'
TSS-1R_M1_RTME | CDF.AttributeName.Error:
  _:
    Renaming CDFglobalAttribute 'Link_text' to 'LINK_TEXT'
    Renaming CDFglobalAttribute 'Link_title' to 'LINK_TITLE'
    Renaming CDFglobalAttribute 'HTTP_link' to 'HTTP_LINK'
TSS-1R_M1_RTMF | CDF.AttributeName.Error:
  _:
    Renaming CDFglobalAttribute 'Link_text' to 'LINK_TEXT'
    Renaming CDFglobalAttribute 'Link_title' to 'LINK_TITLE'
    Renaming CDFglobalAttribute 'HTTP_link' to 'HTTP_LINK'
TSS-1R_M1_RTRLP | CDF.AttributeName.Error:
  _:
    Renaming CDFglobalAttribute 'Link_text' to 'LINK_TEXT'
    Renaming CDFglobalAttribute 'Link_title' to 'LINK_TITLE'
    Renaming CDFglobalAttribute 'HTTP_link' to 'HTTP_LINK'
TSS-1R_M1_SCAC | CDF.AttributeName.Error:
  _:
    Renaming CDFglobalAttribute 'Link_text' to 'LINK_TEXT'
    Renaming CDFglobalAttribute 'Link_title' to 'LINK_TITLE'
    Renaming CDFglobalAttribute 'HTTP_link' to 'HTTP_LINK'
TSS-1R_M1_SCAF | CDF.AttributeName.Error:
  _:
    Renaming CDFglobalAttribute 'Link_text' to 'LINK_TEXT'
    Renaming CDFglobalAttribute 'Link_title' to 'LINK_TITLE'
    Renaming CDFglobalAttribute 'HTTP_link' to 'HTTP_LINK'
TSS-1R_M1_SCMA | CDF.AttributeName.Error:
  _:
    Renaming CDFglobalAttribute 'Link_text' to 'LINK_TEXT'
    Renaming CDFglobalAttribute 'Link_title' to 'LINK_TITLE'
    Renaming CDFglobalAttribute 'HTTP_link' to 'HTTP_LINK'
TSS-1R_M1_SCMB | CDF.AttributeName.Error:
  _:
    Renaming CDFglobalAttribute 'Link_text' to 'LINK_TEXT'
    Renaming CDFglobalAttribute 'Link_title' to 'LINK_TITLE'
    Renaming CDFglobalAttribute 'HTTP_link' to 'HTTP_LINK'
TSS-1R_M1_SCMC | CDF.AttributeName.Error:
  _:
    Renaming CDFglobalAttribute 'Link_text' to 'LINK_TEXT'
    Renaming CDFglobalAttribute 'Link_title' to 'LINK_TITLE'
    Renaming CDFglobalAttribute 'HTTP_link' to 'HTTP_LINK'
TSS-1R_M1_SCSA | CDF.AttributeName.Error:
  _:
    Renaming CDFglobalAttribute 'Link_text' to 'LINK_TEXT'
    Renaming CDFglobalAttribute 'Link_title' to 'LINK_TITLE'
    Renaming CDFglobalAttribute 'HTTP_link' to 'HTTP_LINK'
TSS-1R_M1_SCSB | CDF.AttributeName.Error:
  _:
    Renaming CDFglobalAttribute 'Link_text' to 'LINK_TEXT'
    Renaming CDFglobalAttribute 'Link_title' to 'LINK_TITLE'
    Renaming CDFglobalAttribute 'HTTP_link' to 'HTTP_LINK'
TSS-1R_M1_SHAA | CDF.AttributeName.Error:
  _:
    Renaming CDFglobalAttribute 'Link_text' to 'LINK_TEXT'
    Renaming CDFglobalAttribute 'Link_title' to 'LINK_TITLE'
    Renaming CDFglobalAttribute 'HTTP_link' to 'HTTP_LINK'
TSS-1R_M1_SHAB | CDF.AttributeName.Error:
  _:
    Renaming CDFglobalAttribute 'Link_text' to 'LINK_TEXT'
    Renaming CDFglobalAttribute 'Link_title' to 'LINK_TITLE'
    Renaming CDFglobalAttribute 'HTTP_link' to 'HTTP_LINK'
TSS-1R_M1_SHAC | CDF.AttributeName.Error:
  _:
    Renaming CDFglobalAttribute 'Link_text' to 'LINK_TEXT'
    Renaming CDFglobalAttribute 'Link_title' to 'LINK_TITLE'
    Renaming CDFglobalAttribute 'HTTP_link' to 'HTTP_LINK'
TSS-1R_M1_SHAD | CDF.AttributeName.Error:
  _:
    Renaming CDFglobalAttribute 'Link_text' to 'LINK_TEXT'
    Renaming CDFglobalAttribute 'Link_title' to 'LINK_TITLE'
    Renaming CDFglobalAttribute 'HTTP_link' to 'HTTP_LINK'
TSS-1R_M1_SHAE | CDF.AttributeName.Error:
  _:
    Renaming CDFglobalAttribute 'Link_text' to 'LINK_TEXT'
    Renaming CDFglobalAttribute 'Link_title' to 'LINK_TITLE'
    Renaming CDFglobalAttribute 'HTTP_link' to 'HTTP_LINK'
TSS-1R_M1_SHAF | CDF.AttributeName.Error:
  _:
    Renaming CDFglobalAttribute 'Link_text' to 'LINK_TEXT'
    Renaming CDFglobalAttribute 'Link_title' to 'LINK_TITLE'
    Renaming CDFglobalAttribute 'HTTP_link' to 'HTTP_LINK'
TSS-1R_M1_SHAG | CDF.AttributeName.Error:
  _:
    Renaming CDFglobalAttribute 'Link_text' to 'LINK_TEXT'
    Renaming CDFglobalAttribute 'Link_title' to 'LINK_TITLE'
    Renaming CDFglobalAttribute 'HTTP_link' to 'HTTP_LINK'
TSS-1R_M1_SHHA | CDF.AttributeName.Error:
  _:
    Renaming CDFglobalAttribute 'Link_text' to 'LINK_TEXT'
    Renaming CDFglobalAttribute 'Link_title' to 'LINK_TITLE'
    Renaming CDFglobalAttribute 'HTTP_link' to 'HTTP_LINK'
TSS-1R_M1_SHHB | CDF.AttributeName.Error:
  _:
    Renaming CDFglobalAttribute 'Link_text' to 'LINK_TEXT'
    Renaming CDFglobalAttribute 'Link_title' to 'LINK_TITLE'
    Renaming CDFglobalAttribute 'HTTP_link' to 'HTTP_LINK'
TSS-1R_M1_SHHC | CDF.AttributeName.Error:
  _:
    Renaming CDFglobalAttribute 'Link_text' to 'LINK_TEXT'
    Renaming CDFglobalAttribute 'Link_title' to 'LINK_TITLE'
    Renaming CDFglobalAttribute 'HTTP_link' to 'HTTP_LINK'
TSS-1R_M1_SHHD | CDF.AttributeName.Error:
  _:
    Renaming CDFglobalAttribute 'Link_text' to 'LINK_TEXT'
    Renaming CDFglobalAttribute 'Link_title' to 'LINK_TITLE'
    Renaming CDFglobalAttribute 'HTTP_link' to 'HTTP_LINK'
TSS-1R_M1_SHHE | CDF.AttributeName.Error:
  _:
    Renaming CDFglobalAttribute 'Link_text' to 'LINK_TEXT'
    Renaming CDFglobalAttribute 'Link_title' to 'LINK_TITLE'
    Renaming CDFglobalAttribute 'HTTP_link' to 'HTTP_LINK'
TSS-1R_M1_SHHF | CDF.AttributeName.Error:
  _:
    Renaming CDFglobalAttribute 'Link_text' to 'LINK_TEXT'
    Renaming CDFglobalAttribute 'Link_title' to 'LINK_TITLE'
    Renaming CDFglobalAttribute 'HTTP_link' to 'HTTP_LINK'
TSS-1R_M1_SHMA | CDF.AttributeName.Error:
  _:
    Renaming CDFglobalAttribute 'Link_text' to 'LINK_TEXT'
    Renaming CDFglobalAttribute 'Link_title' to 'LINK_TITLE'
    Renaming CDFglobalAttribute 'HTTP_link' to 'HTTP_LINK'
TSS-1R_M1_SHMB | CDF.AttributeName.Error:
  _:
    Renaming CDFglobalAttribute 'Link_text' to 'LINK_TEXT'
    Renaming CDFglobalAttribute 'Link_title' to 'LINK_TITLE'
    Renaming CDFglobalAttribute 'HTTP_link' to 'HTTP_LINK'
TSS-1R_M1_SHMC | CDF.AttributeName.Error:
  _:
    Renaming CDFglobalAttribute 'Link_text' to 'LINK_TEXT'
    Renaming CDFglobalAttribute 'Link_title' to 'LINK_TITLE'
    Renaming CDFglobalAttribute 'HTTP_link' to 'HTTP_LINK'
TSS-1R_M1_SHMD | CDF.AttributeName.Error:
  _:
    Renaming CDFglobalAttribute 'Link_text' to 'LINK_TEXT'
    Renaming CDFglobalAttribute 'Link_title' to 'LINK_TITLE'
    Renaming CDFglobalAttribute 'HTTP_link' to 'HTTP_LINK'
TSS-1R_M1_SHME | CDF.AttributeName.Error:
  _:
    Renaming CDFglobalAttribute 'Link_text' to 'LINK_TEXT'
    Renaming CDFglobalAttribute 'Link_title' to 'LINK_TITLE'
    Renaming CDFglobalAttribute 'HTTP_link' to 'HTTP_LINK'
TSS-1R_M1_SHPA | CDF.AttributeName.Error:
  _:
    Renaming CDFglobalAttribute 'Link_text' to 'LINK_TEXT'
    Renaming CDFglobalAttribute 'Link_title' to 'LINK_TITLE'
    Renaming CDFglobalAttribute 'HTTP_link' to 'HTTP_LINK'
TSS-1R_M1_SHSA | CDF.AttributeName.Error:
  _:
    Renaming CDFglobalAttribute 'Link_text' to 'LINK_TEXT'
    Renaming CDFglobalAttribute 'Link_title' to 'LINK_TITLE'
    Renaming CDFglobalAttribute 'HTTP_link' to 'HTTP_LINK'
TSS-1R_M1_SHSB | CDF.AttributeName.Error:
  _:
    Renaming CDFglobalAttribute 'Link_text' to 'LINK_TEXT'
    Renaming CDFglobalAttribute 'Link_title' to 'LINK_TITLE'
    Renaming CDFglobalAttribute 'HTTP_link' to 'HTTP_LINK'
TSS-1R_M1_SHSC | CDF.AttributeName.Error:
  _:
    Renaming CDFglobalAttribute 'Link_text' to 'LINK_TEXT'
    Renaming CDFglobalAttribute 'Link_title' to 'LINK_TITLE'
    Renaming CDFglobalAttribute 'HTTP_link' to 'HTTP_LINK'
TSS-1R_M1_SHSD | CDF.AttributeName.Error:
  _:
    Renaming CDFglobalAttribute 'Link_text' to 'LINK_TEXT'
    Renaming CDFglobalAttribute 'Link_title' to 'LINK_TITLE'
    Renaming CDFglobalAttribute 'HTTP_link' to 'HTTP_LINK'
TSS-1R_M1_SHSE | CDF.AttributeName.Error:
  _:
    Renaming CDFglobalAttribute 'Link_text' to 'LINK_TEXT'
    Renaming CDFglobalAttribute 'Link_title' to 'LINK_TITLE'
    Renaming CDFglobalAttribute 'HTTP_link' to 'HTTP_LINK'
TSS-1R_M1_SHSF | CDF.AttributeName.Error:
  _:
    Renaming CDFglobalAttribute 'Link_text' to 'LINK_TEXT'
    Renaming CDFglobalAttribute 'Link_title' to 'LINK_TITLE'
    Renaming CDFglobalAttribute 'HTTP_link' to 'HTTP_LINK'
TSS-1R_M1_SHSG | CDF.AttributeName.Error:
  _:
    Renaming CDFglobalAttribute 'Link_text' to 'LINK_TEXT'
    Renaming CDFglobalAttribute 'Link_title' to 'LINK_TITLE'
    Renaming CDFglobalAttribute 'HTTP_link' to 'HTTP_LINK'
TSS-1R_M1_SHSH | CDF.AttributeName.Error:
  _:
    Renaming CDFglobalAttribute 'Link_text' to 'LINK_TEXT'
    Renaming CDFglobalAttribute 'Link_title' to 'LINK_TITLE'
    Renaming CDFglobalAttribute 'HTTP_link' to 'HTTP_LINK'
TSS-1R_M1_SHSI | CDF.AttributeName.Error:
  _:
    Renaming CDFglobalAttribute 'Link_text' to 'LINK_TEXT'
    Renaming CDFglobalAttribute 'Link_title' to 'LINK_TITLE'
    Renaming CDFglobalAttribute 'HTTP_link' to 'HTTP_LINK'
TSS-1R_M1_SHSJ | CDF.AttributeName.Error:
  _:
    Renaming CDFglobalAttribute 'Link_text' to 'LINK_TEXT'
    Renaming CDFglobalAttribute 'Link_title' to 'LINK_TITLE'
    Renaming CDFglobalAttribute 'HTTP_link' to 'HTTP_LINK'
TSS-1R_M1_SHSK | CDF.AttributeName.Error:
  _:
    Renaming CDFglobalAttribute 'Link_text' to 'LINK_TEXT'
    Renaming CDFglobalAttribute 'Link_title' to 'LINK_TITLE'
    Renaming CDFglobalAttribute 'HTTP_link' to 'HTTP_LINK'
TSS-1R_M1_SHTA | CDF.AttributeName.Error:
  _:
    Renaming CDFglobalAttribute 'Link_text' to 'LINK_TEXT'
    Renaming CDFglobalAttribute 'Link_title' to 'LINK_TITLE'
    Renaming CDFglobalAttribute 'HTTP_link' to 'HTTP_LINK'
TSS-1R_M1_SHTB | CDF.AttributeName.Error:
  _:
    Renaming CDFglobalAttribute 'Link_text' to 'LINK_TEXT'
    Renaming CDFglobalAttribute 'Link_title' to 'LINK_TITLE'
    Renaming CDFglobalAttribute 'HTTP_link' to 'HTTP_LINK'
TSS-1R_M1_SHTC | CDF.AttributeName.Error:
  _:
    Renaming CDFglobalAttribute 'Link_text' to 'LINK_TEXT'
    Renaming CDFglobalAttribute 'Link_title' to 'LINK_TITLE'
    Renaming CDFglobalAttribute 'HTTP_link' to 'HTTP_LINK'
TSS-1R_M1_SPBA | CDF.AttributeName.Error:
  _:
    Renaming CDFglobalAttribute 'Link_text' to 'LINK_TEXT'
    Renaming CDFglobalAttribute 'Link_title' to 'LINK_TITLE'
    Renaming CDFglobalAttribute 'HTTP_link' to 'HTTP_LINK'
TSS-1R_M1_SPEA | CDF.AttributeName.Error:
  _:
    Renaming CDFglobalAttribute 'Link_text' to 'LINK_TEXT'
    Renaming CDFglobalAttribute 'Link_title' to 'LINK_TITLE'
    Renaming CDFglobalAttribute 'HTTP_link' to 'HTTP_LINK'
TSS-1R_M1_SPEB | CDF.AttributeName.Error:
  _:
    Renaming CDFglobalAttribute 'Link_text' to 'LINK_TEXT'
    Renaming CDFglobalAttribute 'Link_title' to 'LINK_TITLE'
    Renaming CDFglobalAttribute 'HTTP_link' to 'HTTP_LINK'
TSS-1R_M1_SPEC | CDF.AttributeName.Error:
  _:
    Renaming CDFglobalAttribute 'Link_text' to 'LINK_TEXT'
    Renaming CDFglobalAttribute 'Link_title' to 'LINK_TITLE'
    Renaming CDFglobalAttribute 'HTTP_link' to 'HTTP_LINK'
TSS-1R_M1_SPED | CDF.AttributeName.Error:
  _:
    Renaming CDFglobalAttribute 'Link_text' to 'LINK_TEXT'
    Renaming CDFglobalAttribute 'Link_title' to 'LINK_TITLE'
    Renaming CDFglobalAttribute 'HTTP_link' to 'HTTP_LINK'
TSS-1R_M1_SPFA | CDF.AttributeName.Error:
  _:
    Renaming CDFglobalAttribute 'Link_text' to 'LINK_TEXT'
    Renaming CDFglobalAttribute 'Link_title' to 'LINK_TITLE'
    Renaming CDFglobalAttribute 'HTTP_link' to 'HTTP_LINK'
TSS-1R_M1_SPFB | CDF.AttributeName.Error:
  _:
    Renaming CDFglobalAttribute 'Link_text' to 'LINK_TEXT'
    Renaming CDFglobalAttribute 'Link_title' to 'LINK_TITLE'
    Renaming CDFglobalAttribute 'HTTP_link' to 'HTTP_LINK'
TSS-1R_M1_SPHA | CDF.AttributeName.Error:
  _:
    Renaming CDFglobalAttribute 'Link_text' to 'LINK_TEXT'
    Renaming CDFglobalAttribute 'Link_title' to 'LINK_TITLE'
    Renaming CDFglobalAttribute 'HTTP_link' to 'HTTP_LINK'
TSS-1R_M1_SPHB | CDF.AttributeName.Error:
  _:
    Renaming CDFglobalAttribute 'Link_text' to 'LINK_TEXT'
    Renaming CDFglobalAttribute 'Link_title' to 'LINK_TITLE'
    Renaming CDFglobalAttribute 'HTTP_link' to 'HTTP_LINK'
TSS-1R_M1_SPHC | CDF.AttributeName.Error:
  _:
    Renaming CDFglobalAttribute 'Link_text' to 'LINK_TEXT'
    Renaming CDFglobalAttribute 'Link_title' to 'LINK_TITLE'
    Renaming CDFglobalAttribute 'HTTP_link' to 'HTTP_LINK'
TSS-1R_M1_SPHD | CDF.AttributeName.Error:
  _:
    Renaming CDFglobalAttribute 'Link_text' to 'LINK_TEXT'
    Renaming CDFglobalAttribute 'Link_title' to 'LINK_TITLE'
    Renaming CDFglobalAttribute 'HTTP_link' to 'HTTP_LINK'
TSS-1R_M1_SPHE | CDF.AttributeName.Error:
  _:
    Renaming CDFglobalAttribute 'Link_text' to 'LINK_TEXT'
    Renaming CDFglobalAttribute 'Link_title' to 'LINK_TITLE'
    Renaming CDFglobalAttribute 'HTTP_link' to 'HTTP_LINK'
TSS-1R_M1_SPIA | CDF.AttributeName.Error:
  _:
    Renaming CDFglobalAttribute 'Link_text' to 'LINK_TEXT'
    Renaming CDFglobalAttribute 'Link_title' to 'LINK_TITLE'
    Renaming CDFglobalAttribute 'HTTP_link' to 'HTTP_LINK'
TSS-1R_M1_SPIB | CDF.AttributeName.Error:
  _:
    Renaming CDFglobalAttribute 'Link_text' to 'LINK_TEXT'
    Renaming CDFglobalAttribute 'Link_title' to 'LINK_TITLE'
    Renaming CDFglobalAttribute 'HTTP_link' to 'HTTP_LINK'
TSS-1R_M1_SPIC | CDF.AttributeName.Error:
  _:
    Renaming CDFglobalAttribute 'Link_text' to 'LINK_TEXT'
    Renaming CDFglobalAttribute 'Link_title' to 'LINK_TITLE'
    Renaming CDFglobalAttribute 'HTTP_link' to 'HTTP_LINK'
TSS-1R_M1_SPID | CDF.AttributeName.Error:
  _:
    Renaming CDFglobalAttribute 'Link_text' to 'LINK_TEXT'
    Renaming CDFglobalAttribute 'Link_title' to 'LINK_TITLE'
    Renaming CDFglobalAttribute 'HTTP_link' to 'HTTP_LINK'
TSS-1R_M1_SPIE | CDF.AttributeName.Error:
  _:
    Renaming CDFglobalAttribute 'Link_text' to 'LINK_TEXT'
    Renaming CDFglobalAttribute 'Link_title' to 'LINK_TITLE'
    Renaming CDFglobalAttribute 'HTTP_link' to 'HTTP_LINK'
TSS-1R_M1_SPIF | CDF.AttributeName.Error:
  _:
    Renaming CDFglobalAttribute 'Link_text' to 'LINK_TEXT'
    Renaming CDFglobalAttribute 'Link_title' to 'LINK_TITLE'
    Renaming CDFglobalAttribute 'HTTP_link' to 'HTTP_LINK'
TSS-1R_M1_SPLA | CDF.AttributeName.Error:
  _:
    Renaming CDFglobalAttribute 'Link_text' to 'LINK_TEXT'
    Renaming CDFglobalAttribute 'Link_title' to 'LINK_TITLE'
    Renaming CDFglobalAttribute 'HTTP_link' to 'HTTP_LINK'
TSS-1R_M1_SPLB | CDF.AttributeName.Error:
  _:
    Renaming CDFglobalAttribute 'Link_text' to 'LINK_TEXT'
    Renaming CDFglobalAttribute 'Link_title' to 'LINK_TITLE'
    Renaming CDFglobalAttribute 'HTTP_link' to 'HTTP_LINK'
TSS-1R_M1_SPLC | CDF.AttributeName.Error:
  _:
    Renaming CDFglobalAttribute 'Link_text' to 'LINK_TEXT'
    Renaming CDFglobalAttribute 'Link_title' to 'LINK_TITLE'
    Renaming CDFglobalAttribute 'HTTP_link' to 'HTTP_LINK'
TSS-1R_M1_SPLD | CDF.AttributeName.Error:
  _:
    Renaming CDFglobalAttribute 'Link_text' to 'LINK_TEXT'
    Renaming CDFglobalAttribute 'Link_title' to 'LINK_TITLE'
    Renaming CDFglobalAttribute 'HTTP_link' to 'HTTP_LINK'
TSS-1R_M1_SPMF | CDF.AttributeName.Error:
  _:
    Renaming CDFglobalAttribute 'Link_text' to 'LINK_TEXT'
    Renaming CDFglobalAttribute 'Link_title' to 'LINK_TITLE'
    Renaming CDFglobalAttribute 'HTTP_link' to 'HTTP_LINK'
TSS-1R_M1_SPOP | CDF.AttributeName.Error:
  _:
    Renaming CDFglobalAttribute 'Link_text' to 'LINK_TEXT'
    Renaming CDFglobalAttribute 'Link_title' to 'LINK_TITLE'
    Renaming CDFglobalAttribute 'HTTP_link' to 'HTTP_LINK'
TSS-1R_M1_SPSA | CDF.AttributeName.Error:
  _:
    Renaming CDFglobalAttribute 'Link_text' to 'LINK_TEXT'
    Renaming CDFglobalAttribute 'Link_title' to 'LINK_TITLE'
    Renaming CDFglobalAttribute 'HTTP_link' to 'HTTP_LINK'
TSS-1R_M1_SPSB | CDF.AttributeName.Error:
  _:
    Renaming CDFglobalAttribute 'Link_text' to 'LINK_TEXT'
    Renaming CDFglobalAttribute 'Link_title' to 'LINK_TITLE'
    Renaming CDFglobalAttribute 'HTTP_link' to 'HTTP_LINK'
TSS-1R_M1_SPSC | CDF.AttributeName.Error:
  _:
    Renaming CDFglobalAttribute 'Link_text' to 'LINK_TEXT'
    Renaming CDFglobalAttribute 'Link_title' to 'LINK_TITLE'
    Renaming CDFglobalAttribute 'HTTP_link' to 'HTTP_LINK'
TSS-1R_M1_SPSD | CDF.AttributeName.Error:
  _:
    Renaming CDFglobalAttribute 'Link_text' to 'LINK_TEXT'
    Renaming CDFglobalAttribute 'Link_title' to 'LINK_TITLE'
    Renaming CDFglobalAttribute 'HTTP_link' to 'HTTP_LINK'
TSS-1R_M1_STAA | CDF.AttributeName.Error:
  _:
    Renaming CDFglobalAttribute 'Link_text' to 'LINK_TEXT'
    Renaming CDFglobalAttribute 'Link_title' to 'LINK_TITLE'
    Renaming CDFglobalAttribute 'HTTP_link' to 'HTTP_LINK'
TSS-1R_M1_STCA | CDF.AttributeName.Error:
  _:
    Renaming CDFglobalAttribute 'Link_text' to 'LINK_TEXT'
    Renaming CDFglobalAttribute 'Link_title' to 'LINK_TITLE'
    Renaming CDFglobalAttribute 'HTTP_link' to 'HTTP_LINK'
TSS-1R_M1_STCB | CDF.AttributeName.Error:
  _:
    Renaming CDFglobalAttribute 'Link_text' to 'LINK_TEXT'
    Renaming CDFglobalAttribute 'Link_title' to 'LINK_TITLE'
    Renaming CDFglobalAttribute 'HTTP_link' to 'HTTP_LINK'
TSS-1R_M1_STCC | CDF.AttributeName.Error:
  _:
    Renaming CDFglobalAttribute 'Link_text' to 'LINK_TEXT'
    Renaming CDFglobalAttribute 'Link_title' to 'LINK_TITLE'
    Renaming CDFglobalAttribute 'HTTP_link' to 'HTTP_LINK'
TSS-1R_M1_STCD | CDF.AttributeName.Error:
  _:
    Renaming CDFglobalAttribute 'Link_text' to 'LINK_TEXT'
    Renaming CDFglobalAttribute 'Link_title' to 'LINK_TITLE'
    Renaming CDFglobalAttribute 'HTTP_link' to 'HTTP_LINK'
TSS-1R_M1_STDA | CDF.AttributeName.Error:
  _:
    Renaming CDFglobalAttribute 'Link_text' to 'LINK_TEXT'
    Renaming CDFglobalAttribute 'Link_title' to 'LINK_TITLE'
    Renaming CDFglobalAttribute 'HTTP_link' to 'HTTP_LINK'
TSS-1R_M1_STDB | CDF.AttributeName.Error:
  _:
    Renaming CDFglobalAttribute 'Link_text' to 'LINK_TEXT'
    Renaming CDFglobalAttribute 'Link_title' to 'LINK_TITLE'
    Renaming CDFglobalAttribute 'HTTP_link' to 'HTTP_LINK'
TSS-1R_M1_STDC | CDF.AttributeName.Error:
  _:
    Renaming CDFglobalAttribute 'Link_text' to 'LINK_TEXT'
    Renaming CDFglobalAttribute 'Link_title' to 'LINK_TITLE'
    Renaming CDFglobalAttribute 'HTTP_link' to 'HTTP_LINK'
TSS-1R_M1_STFA | CDF.AttributeName.Error:
  _:
    Renaming CDFglobalAttribute 'Link_text' to 'LINK_TEXT'
    Renaming CDFglobalAttribute 'Link_title' to 'LINK_TITLE'
    Renaming CDFglobalAttribute 'HTTP_link' to 'HTTP_LINK'
TSS-1R_M1_STFB | CDF.AttributeName.Error:
  _:
    Renaming CDFglobalAttribute 'Link_text' to 'LINK_TEXT'
    Renaming CDFglobalAttribute 'Link_title' to 'LINK_TITLE'
    Renaming CDFglobalAttribute 'HTTP_link' to 'HTTP_LINK'
TSS-1R_M1_STMA | CDF.AttributeName.Error:
  _:
    Renaming CDFglobalAttribute 'Link_text' to 'LINK_TEXT'
    Renaming CDFglobalAttribute 'Link_title' to 'LINK_TITLE'
    Renaming CDFglobalAttribute 'HTTP_link' to 'HTTP_LINK'
TSS-1R_M1_STMB | CDF.AttributeName.Error:
  _:
    Renaming CDFglobalAttribute 'Link_text' to 'LINK_TEXT'
    Renaming CDFglobalAttribute 'Link_title' to 'LINK_TITLE'
    Renaming CDFglobalAttribute 'HTTP_link' to 'HTTP_LINK'
TSS-1R_M1_STSA | CDF.AttributeName.Error:
  _:
    Renaming CDFglobalAttribute 'Link_text' to 'LINK_TEXT'
    Renaming CDFglobalAttribute 'Link_title' to 'LINK_TITLE'
    Renaming CDFglobalAttribute 'HTTP_link' to 'HTTP_LINK'
TSS-1R_M1_STSB | CDF.AttributeName.Error:
  _:
    Renaming CDFglobalAttribute 'Link_text' to 'LINK_TEXT'
    Renaming CDFglobalAttribute 'Link_title' to 'LINK_TITLE'
    Renaming CDFglobalAttribute 'HTTP_link' to 'HTTP_LINK'
TSS-1R_M1_STSC | CDF.AttributeName.Error:
  _:
    Renaming CDFglobalAttribute 'Link_text' to 'LINK_TEXT'
    Renaming CDFglobalAttribute 'Link_title' to 'LINK_TITLE'
    Renaming CDFglobalAttribute 'HTTP_link' to 'HTTP_LINK'
TSS-1R_M1_STTA | CDF.AttributeName.Error:
  _:
    Renaming CDFglobalAttribute 'Link_text' to 'LINK_TEXT'
    Renaming CDFglobalAttribute 'Link_title' to 'LINK_TITLE'
    Renaming CDFglobalAttribute 'HTTP_link' to 'HTTP_LINK'
TSS-1R_M1_STTB | CDF.AttributeName.Error:
  _:
    Renaming CDFglobalAttribute 'Link_text' to 'LINK_TEXT'
    Renaming CDFglobalAttribute 'Link_title' to 'LINK_TITLE'
    Renaming CDFglobalAttribute 'HTTP_link' to 'HTTP_LINK'
TSS-1R_M1_STTC | CDF.AttributeName.Error:
  _:
    Renaming CDFglobalAttribute 'Link_text' to 'LINK_TEXT'
    Renaming CDFglobalAttribute 'Link_title' to 'LINK_TITLE'
    Renaming CDFglobalAttribute 'HTTP_link' to 'HTTP_LINK'
TSS-1R_M1_STTD | CDF.AttributeName.Error:
  _:
    Renaming CDFglobalAttribute 'Link_text' to 'LINK_TEXT'
    Renaming CDFglobalAttribute 'Link_title' to 'LINK_TITLE'
    Renaming CDFglobalAttribute 'HTTP_link' to 'HTTP_LINK'
TSS-1R_M1_TMHA | CDF.AttributeName.Error:
  _:
    Renaming CDFglobalAttribute 'Link_text' to 'LINK_TEXT'
    Renaming CDFglobalAttribute 'Link_title' to 'LINK_TITLE'
    Renaming CDFglobalAttribute 'HTTP_link' to 'HTTP_LINK'
TSS-1R_M1_TMHB | CDF.AttributeName.Error:
  _:
    Renaming CDFglobalAttribute 'Link_text' to 'LINK_TEXT'
    Renaming CDFglobalAttribute 'Link_title' to 'LINK_TITLE'
    Renaming CDFglobalAttribute 'HTTP_link' to 'HTTP_LINK'
TSS-1R_M1_TMMI | CDF.AttributeName.Error:
  _:
    Renaming CDFglobalAttribute 'Link_text' to 'LINK_TEXT'
    Renaming CDFglobalAttribute 'Link_title' to 'LINK_TITLE'
    Renaming CDFglobalAttribute 'HTTP_link' to 'HTTP_LINK'
TSS-1R_M1_TMMO | CDF.AttributeName.Error:
  _:
    Renaming CDFglobalAttribute 'Link_text' to 'LINK_TEXT'
    Renaming CDFglobalAttribute 'Link_title' to 'LINK_TITLE'
    Renaming CDFglobalAttribute 'HTTP_link' to 'HTTP_LINK'
TSS-1R_M1_TMTA | CDF.AttributeName.Error:
  _:
    Renaming CDFglobalAttribute 'Link_text' to 'LINK_TEXT'
    Renaming CDFglobalAttribute 'Link_title' to 'LINK_TITLE'
    Renaming CDFglobalAttribute 'HTTP_link' to 'HTTP_LINK'
TWINS1_HK_1SEC | CDF.AttributeName.Error:
  _:
    Renaming CDFglobalAttribute 'Link_text' to 'LINK_TEXT'
    Renaming CDFglobalAttribute 'Link_title' to 'LINK_TITLE'
    Renaming CDFglobalAttribute 'HTTP_link' to 'HTTP_LINK'
TWINS1_L1_IMAGER | CDF.AttributeName.Error:
  _:
    Renaming CDFglobalAttribute 'Link_text' to 'LINK_TEXT'
    Renaming CDFglobalAttribute 'Link_title' to 'LINK_TITLE'
    Renaming CDFglobalAttribute 'HTTP_link' to 'HTTP_LINK'
TWINS1_L1_LAD | CDF.AttributeName.Error:
  _:
    Renaming CDFglobalAttribute 'Link_text' to 'LINK_TEXT'
    Renaming CDFglobalAttribute 'Link_title' to 'LINK_TITLE'
    Renaming CDFglobalAttribute 'HTTP_link' to 'HTTP_LINK'
TWINS1_TISTORM_IMAGER | CDF.AttributeName.Error:
  _:
    Renaming CDFglobalAttribute 'Link_text' to 'LINK_TEXT'
    Renaming CDFglobalAttribute 'Link_title' to 'LINK_TITLE'
    Renaming CDFglobalAttribute 'HTTP_link' to 'HTTP_LINK'
TWINS2_HK_1SEC | CDF.AttributeName.Error:
  _:
    Renaming CDFglobalAttribute 'Link_text' to 'LINK_TEXT'
    Renaming CDFglobalAttribute 'Link_title' to 'LINK_TITLE'
    Renaming CDFglobalAttribute 'HTTP_link' to 'HTTP_LINK'
TWINS2_L1_IMAGER | CDF.AttributeName.Error:
  _:
    Renaming CDFglobalAttribute 'Link_text' to 'LINK_TEXT'
    Renaming CDFglobalAttribute 'Link_title' to 'LINK_TITLE'
    Renaming CDFglobalAttribute 'HTTP_link' to 'HTTP_LINK'
TWINS2_L1_LAD | CDF.AttributeName.Error:
  _:
    Renaming CDFglobalAttribute 'Link_text' to 'LINK_TEXT'
    Renaming CDFglobalAttribute 'Link_title' to 'LINK_TITLE'
    Renaming CDFglobalAttribute 'HTTP_link' to 'HTTP_LINK'
TWINS2_TISTORM_IMAGER | CDF.AttributeName.Error:
  _:
    Renaming CDFglobalAttribute 'Link_text' to 'LINK_TEXT'
    Renaming CDFglobalAttribute 'Link_title' to 'LINK_TITLE'
    Renaming CDFglobalAttribute 'HTTP_link' to 'HTTP_LINK'
WI_EHPD_3DP | CDF.AttributeName.Error:
  _:
    Renaming CDFglobalAttribute 'Link_text' to 'LINK_TEXT'
    Renaming CDFglobalAttribute 'Link_title' to 'LINK_TITLE'
    Renaming CDFglobalAttribute 'HTTP_link' to 'HTTP_LINK'
WI_EHSP_3DP | CDF.AttributeName.Error:
  _:
    Renaming CDFglobalAttribute 'Link_text' to 'LINK_TEXT'
    Renaming CDFglobalAttribute 'Link_title' to 'LINK_TITLE'
    Renaming CDFglobalAttribute 'HTTP_link' to 'HTTP_LINK'
WI_ELM2_3DP | CDF.AttributeName.Error:
  _:
    Renaming CDFglobalAttribute 'Link_text' to 'LINK_TEXT'
    Renaming CDFglobalAttribute 'Link_title' to 'LINK_TITLE'
    Renaming CDFglobalAttribute 'HTTP_link' to 'HTTP_LINK'
WI_ELPD_3DP | CDF.AttributeName.Error:
  _:
    Renaming CDFglobalAttribute 'Link_text' to 'LINK_TEXT'
    Renaming CDFglobalAttribute 'Link_title' to 'LINK_TITLE'
    Renaming CDFglobalAttribute 'HTTP_link' to 'HTTP_LINK'
WI_ELSP_3DP | CDF.AttributeName.Error:
  _:
    Renaming CDFglobalAttribute 'Link_text' to 'LINK_TEXT'
    Renaming CDFglobalAttribute 'Link_title' to 'LINK_TITLE'
    Renaming CDFglobalAttribute 'HTTP_link' to 'HTTP_LINK'
WI_EM_3DP | CDF.AttributeName.Error:
  _:
    Renaming CDFglobalAttribute 'Link_text' to 'LINK_TEXT'
    Renaming CDFglobalAttribute 'Link_title' to 'LINK_TITLE'
    Renaming CDFglobalAttribute 'HTTP_link' to 'HTTP_LINK'
WI_K0_3DP | CDF.AttributeName.Error:
  _:
    Renaming CDFglobalAttribute 'Link_text' to 'LINK_TEXT'
    Renaming CDFglobalAttribute 'Link_title' to 'LINK_TITLE'
    Renaming CDFglobalAttribute 'HTTP_link' to 'HTTP_LINK'
WI_L2-1HOUR-SEP_EPACT-APE_B | CDF.AttributeName.Error:
  _: Renaming CDFglobalAttribute 'HTTP_link' to 'HTTP_LINK'
WI_L2-1HOUR-SEP_EPACT-LEMT | CDF.AttributeName.Error:
  _: Renaming CDFglobalAttribute 'HTTP_link' to 'HTTP_LINK'
WI_L2-5MIN-SEP_EPACT-LEMT | CDF.AttributeName.Error:
  _: Renaming CDFglobalAttribute 'HTTP_link' to 'HTTP_LINK'
WI_PLSP_3DP | CDF.AttributeName.Error:
  _:
    Renaming CDFglobalAttribute 'Link_text' to 'LINK_TEXT'
    Renaming CDFglobalAttribute 'Link_title' to 'LINK_TITLE'
    Renaming CDFglobalAttribute 'HTTP_link' to 'HTTP_LINK'
WI_PM_3DP | CDF.AttributeName.Error:
  _:
    Renaming CDFglobalAttribute 'Link_text' to 'LINK_TEXT'
    Renaming CDFglobalAttribute 'Link_title' to 'LINK_TITLE'
    Renaming CDFglobalAttribute 'HTTP_link' to 'HTTP_LINK'
WI_SFPD_3DP | CDF.AttributeName.Error:
  _:
    Renaming CDFglobalAttribute 'Link_text' to 'LINK_TEXT'
    Renaming CDFglobalAttribute 'Link_title' to 'LINK_TITLE'
    Renaming CDFglobalAttribute 'HTTP_link' to 'HTTP_LINK'
WI_SFSP_3DP | CDF.AttributeName.Error:
  _:
    Renaming CDFglobalAttribute 'Link_text' to 'LINK_TEXT'
    Renaming CDFglobalAttribute 'Link_title' to 'LINK_TITLE'
    Renaming CDFglobalAttribute 'HTTP_link' to 'HTTP_LINK'
WI_SOPD_3DP | CDF.AttributeName.Error:
  _:
    Renaming CDFglobalAttribute 'Link_text' to 'LINK_TEXT'
    Renaming CDFglobalAttribute 'Link_title' to 'LINK_TITLE'
    Renaming CDFglobalAttribute 'HTTP_link' to 'HTTP_LINK'
WI_SOSP_3DP | CDF.AttributeName.Error:
  _:
    Renaming CDFglobalAttribute 'Link_text' to 'LINK_TEXT'
    Renaming CDFglobalAttribute 'Link_title' to 'LINK_TITLE'
    Renaming CDFglobalAttribute 'HTTP_link' to 'HTTP_LINK'