PSP_ISOIS-EPILO_L2-IC | CDF.COMPONENT.Invalid:
  H_Flux_ChanP_DELTA_SLICE: H_Flux_ChanP_DELTA_SLICE is VIRTUAL and has COMPONENT_0 = 'H_Flux_ChanP_DELTA' which is not a variable in dataset. Removing variable from dataset.
  H_ChanP_Energy_SLICE: H_ChanP_Energy_SLICE is VIRTUAL and has COMPONENT_0 = 'H_ChanP_Energy' which is not a variable in dataset. Removing variable from dataset.
  H_ChanP_Energy_DELTAPLUS_SLICE: H_ChanP_Energy_DELTAPLUS_SLICE is VIRTUAL and has COMPONENT_0 = 'H_ChanP_Energy_DELTAPLUS' which is not a variable in dataset. Removing variable from dataset.
  H_ChanP_Energy_DELTAMINUS_SLICE: H_ChanP_Energy_DELTAMINUS_SLICE is VIRTUAL and has COMPONENT_0 = 'H_ChanP_Energy_DELTAMINUS' which is not a variable in dataset. Removing variable from dataset.
  H_Flux_ChanR_DELTA_SLICE: H_Flux_ChanR_DELTA_SLICE is VIRTUAL and has COMPONENT_0 = 'H_Flux_ChanR_DELTA' which is not a variable in dataset. Removing variable from dataset.
  H_ChanR_Energy_SLICE: H_ChanR_Energy_SLICE is VIRTUAL and has COMPONENT_0 = 'H_ChanR_Energy' which is not a variable in dataset. Removing variable from dataset.
  H_ChanR_Energy_DELTAPLUS_SLICE: H_ChanR_Energy_DELTAPLUS_SLICE is VIRTUAL and has COMPONENT_0 = 'H_ChanR_Energy_DELTAPLUS' which is not a variable in dataset. Removing variable from dataset.
  H_ChanR_Energy_DELTAMINUS_SLICE: H_ChanR_Energy_DELTAMINUS_SLICE is VIRTUAL and has COMPONENT_0 = 'H_ChanR_Energy_DELTAMINUS' which is not a variable in dataset. Removing variable from dataset.
  H_Flux_ChanT_DELTA_SLICE: H_Flux_ChanT_DELTA_SLICE is VIRTUAL and has COMPONENT_0 = 'H_Flux_ChanT_DELTA' which is not a variable in dataset. Removing variable from dataset.
  H_ChanT_Energy_SLICE: H_ChanT_Energy_SLICE is VIRTUAL and has COMPONENT_0 = 'H_ChanT_Energy' which is not a variable in dataset. Removing variable from dataset.
  H_ChanT_Energy_DELTAPLUS_SLICE: H_ChanT_Energy_DELTAPLUS_SLICE is VIRTUAL and has COMPONENT_0 = 'H_ChanT_Energy_DELTAPLUS' which is not a variable in dataset. Removing variable from dataset.
  H_ChanT_Energy_DELTAMINUS_SLICE: H_ChanT_Energy_DELTAMINUS_SLICE is VIRTUAL and has COMPONENT_0 = 'H_ChanT_Energy_DELTAMINUS' which is not a variable in dataset. Removing variable from dataset.
  He3_ChanC_Energy_SLICE: He3_ChanC_Energy_SLICE is VIRTUAL and has COMPONENT_0 = 'He3_ChanC_Energy' which is not a variable in dataset. Removing variable from dataset.
  He4_ChanC_Energy_SLICE: He4_ChanC_Energy_SLICE is VIRTUAL and has COMPONENT_0 = 'He4_ChanC_Energy' which is not a variable in dataset. Removing variable from dataset.
  Fe_ChanC_Energy_SLICE: Fe_ChanC_Energy_SLICE is VIRTUAL and has COMPONENT_0 = 'Fe_ChanC_Energy' which is not a variable in dataset. Removing variable from dataset.
  Mg_ChanD_Energy_SLICE: Mg_ChanD_Energy_SLICE is VIRTUAL and has COMPONENT_0 = 'Mg_ChanD_Energy' which is not a variable in dataset. Removing variable from dataset.
  Mg_ChanD_Energy_DELTAPLUS_SLICE: Mg_ChanD_Energy_DELTAPLUS_SLICE is VIRTUAL and has COMPONENT_0 = 'Mg_ChanD_Energy_DELTAPLUS' which is not a variable in dataset. Removing variable from dataset.
  Mg_ChanD_Energy_DELTAMINUS_SLICE: Mg_ChanD_Energy_DELTAMINUS_SLICE is VIRTUAL and has COMPONENT_0 = 'Mg_ChanD_Energy_DELTAMINUS' which is not a variable in dataset. Removing variable from dataset.
  C_ChanD_Energy_SLICE: C_ChanD_Energy_SLICE is VIRTUAL and has COMPONENT_0 = 'C_ChanD_Energy' which is not a variable in dataset. Removing variable from dataset.
  O_ChanC_Energy_SLICE: O_ChanC_Energy_SLICE is VIRTUAL and has COMPONENT_0 = 'O_ChanC_Energy' which is not a variable in dataset. Removing variable from dataset.
  Si_ChanD_Energy_SLICE: Si_ChanD_Energy_SLICE is VIRTUAL and has COMPONENT_0 = 'Si_ChanD_Energy' which is not a variable in dataset. Removing variable from dataset.
  N_ChanD_Energy_SLICE: N_ChanD_Energy_SLICE is VIRTUAL and has COMPONENT_0 = 'N_ChanD_Energy' which is not a variable in dataset. Removing variable from dataset.
  Ne_ChanD_Energy_SLICE: Ne_ChanD_Energy_SLICE is VIRTUAL and has COMPONENT_0 = 'Ne_ChanD_Energy' which is not a variable in dataset. Removing variable from dataset.
PSP_ISOIS-EPILO_L2-PE | CDF.COMPONENT.Invalid:
  H_ChanF_Energy_SLICE: H_ChanF_Energy_SLICE is VIRTUAL and has COMPONENT_0 = 'H_ChanF_Energy' which is not a variable in dataset. Removing variable from dataset.
  H_ChanG_Energy_SLICE: H_ChanG_Energy_SLICE is VIRTUAL and has COMPONENT_0 = 'H_ChanG_Energy' which is not a variable in dataset. Removing variable from dataset.
  H_ChanE_Energy_SLICE: H_ChanE_Energy_SLICE is VIRTUAL and has COMPONENT_0 = 'H_ChanE_Energy' which is not a variable in dataset. Removing variable from dataset.