GPS_RF_LANL-VTEC-1HR | CDF.VAR_TYPE.Missing:
  lat_bounds: lat_bounds No VAR_TYPE. Removing variable from dataset.
  lon_bounds: lon_bounds No VAR_TYPE. Removing variable from dataset.
RBSP-A-RBSPICE_LEV-3_ESRHELT | CDF.VAR_TYPE.Missing:
  NumAxis: NumAxis No VAR_TYPE. Removing variable from dataset.
  NumAxisFixed: NumAxisFixed No VAR_TYPE. Removing variable from dataset.
RBSP-A-RBSPICE_LEV-3_ESRLEHT | CDF.VAR_TYPE.Missing:
  Position_SM_Axis_Label: Position_SM_Axis_Label No VAR_TYPE. Removing variable from dataset.
  NumAxis: NumAxis No VAR_TYPE. Removing variable from dataset.
  NumAxisFixed: NumAxisFixed No VAR_TYPE. Removing variable from dataset.
RBSP-A-RBSPICE_LEV-3_ISRHELT | CDF.VAR_TYPE.Missing:
  NumAxis: NumAxis No VAR_TYPE. Removing variable from dataset.
  NumAxisFixed: NumAxisFixed No VAR_TYPE. Removing variable from dataset.
RBSP-A-RBSPICE_LEV-3_TOFXEH | CDF.VAR_TYPE.Missing:
  NumAxis: NumAxis No VAR_TYPE. Removing variable from dataset.
  NumAxisFixed: NumAxisFixed No VAR_TYPE. Removing variable from dataset.
RBSP-A-RBSPICE_LEV-3_TOFXEION | CDF.VAR_TYPE.Missing:
  NumAxis: NumAxis No VAR_TYPE. Removing variable from dataset.
  NumAxisFixed: NumAxisFixed No VAR_TYPE. Removing variable from dataset.
RBSP-A-RBSPICE_LEV-3_TOFXENONH | CDF.VAR_TYPE.Missing:
  NumAxis: NumAxis No VAR_TYPE. Removing variable from dataset.
  NumAxisFixed: NumAxisFixed No VAR_TYPE. Removing variable from dataset.
RBSP-A-RBSPICE_LEV-3_TOFXPHHHELT | CDF.VAR_TYPE.Missing:
  NumAxis: NumAxis No VAR_TYPE. Removing variable from dataset.
  NumAxisFixed: NumAxisFixed No VAR_TYPE. Removing variable from dataset.
RBSP-A-RBSPICE_LEV-3_TOFXPHHLEHT | CDF.VAR_TYPE.Missing:
  NumAxis: NumAxis No VAR_TYPE. Removing variable from dataset.
  NumAxisFixed: NumAxisFixed No VAR_TYPE. Removing variable from dataset.
RBSP-B-RBSPICE_LEV-3_ESRHELT | CDF.VAR_TYPE.Missing:
  NumAxis: NumAxis No VAR_TYPE. Removing variable from dataset.
  NumAxisFixed: NumAxisFixed No VAR_TYPE. Removing variable from dataset.
RBSP-B-RBSPICE_LEV-3_ESRLEHT | CDF.VAR_TYPE.Missing:
  Position_SM_Axis_Label: Position_SM_Axis_Label No VAR_TYPE. Removing variable from dataset.
  NumAxis: NumAxis No VAR_TYPE. Removing variable from dataset.
  NumAxisFixed: NumAxisFixed No VAR_TYPE. Removing variable from dataset.
RBSP-B-RBSPICE_LEV-3_ISRHELT | CDF.VAR_TYPE.Missing:
  NumAxis: NumAxis No VAR_TYPE. Removing variable from dataset.
  NumAxisFixed: NumAxisFixed No VAR_TYPE. Removing variable from dataset.
RBSP-B-RBSPICE_LEV-3_TOFXEH | CDF.VAR_TYPE.Missing:
  NumAxis: NumAxis No VAR_TYPE. Removing variable from dataset.
  NumAxisFixed: NumAxisFixed No VAR_TYPE. Removing variable from dataset.
RBSP-B-RBSPICE_LEV-3_TOFXEION | CDF.VAR_TYPE.Missing:
  NumAxis: NumAxis No VAR_TYPE. Removing variable from dataset.
  NumAxisFixed: NumAxisFixed No VAR_TYPE. Removing variable from dataset.
RBSP-B-RBSPICE_LEV-3_TOFXENONH | CDF.VAR_TYPE.Missing:
  NumAxis: NumAxis No VAR_TYPE. Removing variable from dataset.
  NumAxisFixed: NumAxisFixed No VAR_TYPE. Removing variable from dataset.
RBSP-B-RBSPICE_LEV-3_TOFXPHHHELT | CDF.VAR_TYPE.Missing:
  NumAxis: NumAxis No VAR_TYPE. Removing variable from dataset.
  NumAxisFixed: NumAxisFixed No VAR_TYPE. Removing variable from dataset.
RBSP-B-RBSPICE_LEV-3_TOFXPHHLEHT | CDF.VAR_TYPE.Missing:
  NumAxis: NumAxis No VAR_TYPE. Removing variable from dataset.
  NumAxisFixed: NumAxisFixed No VAR_TYPE. Removing variable from dataset.
STA_L1_STE | CDF.VAR_TYPE.Missing:
  STE_detector: STE_detector No VAR_TYPE. Removing variable from dataset.
STB_L1_STE | CDF.VAR_TYPE.Missing:
  STE_detector: STE_detector No VAR_TYPE. Removing variable from dataset.