ELA_L1_EPDEF | CDF.VAR_TYPE.Invalid:
  ela_pef_energies_max: ela_pef_energies_max VAR_TYPE = 'suppport_data' which is not in ['data', 'support_data', 'metadata', 'ignore_data'].
ELB_L1_EPDEF | CDF.VAR_TYPE.Invalid:
  elb_pef_energies_max: elb_pef_energies_max VAR_TYPE = 'suppport_data' which is not in ['data', 'support_data', 'metadata', 'ignore_data'].
GOLD_L2_NMAX | CDF.VAR_TYPE.Invalid:
  mask_oi_1356: mask_oi_1356 VAR_TYPE = 'support data' which is not in ['data', 'support_data', 'metadata', 'ignore_data'].
  mask_wavelength: mask_wavelength VAR_TYPE = 'support data' which is not in ['data', 'support_data', 'metadata', 'ignore_data'].
GOLD_L2_ON2 | CDF.VAR_TYPE.Invalid:
  mask_oi_1356: mask_oi_1356 VAR_TYPE = 'support data' which is not in ['data', 'support_data', 'metadata', 'ignore_data'].
  mask_wavelength: mask_wavelength VAR_TYPE = 'support data' which is not in ['data', 'support_data', 'metadata', 'ignore_data'].
  mask_n2_lbh: mask_n2_lbh VAR_TYPE = 'support data' which is not in ['data', 'support_data', 'metadata', 'ignore_data'].
GOLD_L2_TDISK | CDF.VAR_TYPE.Invalid:
  mask_n2_lbh: mask_n2_lbh VAR_TYPE = 'support data' which is not in ['data', 'support_data', 'metadata', 'ignore_data'].
ICON_L2-3_MIGHTI-A_TEMPERATURE | CDF.VAR_TYPE.Invalid:
  ICON_L23_MIGHTI_A_GPS_Time_Seconds: ICON_L23_MIGHTI_A_GPS_Time_Seconds VAR_TYPE = 'Support_Data' which is not in ['data', 'support_data', 'metadata', 'ignore_data'].
  ICON_L23_MIGHTI_A_UTC_Time_Start: ICON_L23_MIGHTI_A_UTC_Time_Start VAR_TYPE = 'Support_Data' which is not in ['data', 'support_data', 'metadata', 'ignore_data'].
  ICON_L23_MIGHTI_A_UTC_Time_Stop: ICON_L23_MIGHTI_A_UTC_Time_Stop VAR_TYPE = 'Support_Data' which is not in ['data', 'support_data', 'metadata', 'ignore_data'].
  ICON_L23_MIGHTI_Aperture_1_Position: ICON_L23_MIGHTI_Aperture_1_Position VAR_TYPE = 'Support_Data' which is not in ['data', 'support_data', 'metadata', 'ignore_data'].
  ICON_L23_MIGHTI_Aperture_2_Position: ICON_L23_MIGHTI_Aperture_2_Position VAR_TYPE = 'Support_Data' which is not in ['data', 'support_data', 'metadata', 'ignore_data'].
ICON_L2-3_MIGHTI-B_TEMPERATURE | CDF.VAR_TYPE.Invalid:
  ICON_L23_MIGHTI_B_GPS_Time_Seconds: ICON_L23_MIGHTI_B_GPS_Time_Seconds VAR_TYPE = 'Support_Data' which is not in ['data', 'support_data', 'metadata', 'ignore_data'].
  ICON_L23_MIGHTI_B_UTC_Time_Start: ICON_L23_MIGHTI_B_UTC_Time_Start VAR_TYPE = 'Support_Data' which is not in ['data', 'support_data', 'metadata', 'ignore_data'].
  ICON_L23_MIGHTI_B_UTC_Time_Stop: ICON_L23_MIGHTI_B_UTC_Time_Stop VAR_TYPE = 'Support_Data' which is not in ['data', 'support_data', 'metadata', 'ignore_data'].
  ICON_L23_MIGHTI_Aperture_1_Position: ICON_L23_MIGHTI_Aperture_1_Position VAR_TYPE = 'Support_Data' which is not in ['data', 'support_data', 'metadata', 'ignore_data'].
  ICON_L23_MIGHTI_Aperture_2_Position: ICON_L23_MIGHTI_Aperture_2_Position VAR_TYPE = 'Support_Data' which is not in ['data', 'support_data', 'metadata', 'ignore_data'].
MVN_SWE_L2_SVYPAD | CDF.VAR_TYPE.Invalid:
  time_met: time_met VAR_TYPE = 'suppport_data' which is not in ['data', 'support_data', 'metadata', 'ignore_data'].
PSP_ISOIS-EPILO_L2-IC | CDF.VAR_TYPE.Invalid:
  H_Flux_ChanP_DELTA: H_Flux_ChanP_DELTA VAR_TYPE = 'additional_data' which is not in ['data', 'support_data', 'metadata', 'ignore_data'].
  H_ChanP_Energy: H_ChanP_Energy VAR_TYPE = 'additional_data' which is not in ['data', 'support_data', 'metadata', 'ignore_data'].
  H_ChanP_Energy_DELTAPLUS: H_ChanP_Energy_DELTAPLUS VAR_TYPE = 'additional_data' which is not in ['data', 'support_data', 'metadata', 'ignore_data'].
  H_ChanP_Energy_DELTAMINUS: H_ChanP_Energy_DELTAMINUS VAR_TYPE = 'additional_data' which is not in ['data', 'support_data', 'metadata', 'ignore_data'].
  H_Flux_ChanR_DELTA: H_Flux_ChanR_DELTA VAR_TYPE = 'additional_data' which is not in ['data', 'support_data', 'metadata', 'ignore_data'].
  H_ChanR_Energy: H_ChanR_Energy VAR_TYPE = 'additional_data' which is not in ['data', 'support_data', 'metadata', 'ignore_data'].
  H_ChanR_Energy_DELTAPLUS: H_ChanR_Energy_DELTAPLUS VAR_TYPE = 'additional_data' which is not in ['data', 'support_data', 'metadata', 'ignore_data'].
  H_ChanR_Energy_DELTAMINUS: H_ChanR_Energy_DELTAMINUS VAR_TYPE = 'additional_data' which is not in ['data', 'support_data', 'metadata', 'ignore_data'].
  H_Flux_ChanT_DELTA: H_Flux_ChanT_DELTA VAR_TYPE = 'additional_data' which is not in ['data', 'support_data', 'metadata', 'ignore_data'].
  H_ChanT_Energy: H_ChanT_Energy VAR_TYPE = 'additional_data' which is not in ['data', 'support_data', 'metadata', 'ignore_data'].
  H_ChanT_Energy_DELTAPLUS: H_ChanT_Energy_DELTAPLUS VAR_TYPE = 'additional_data' which is not in ['data', 'support_data', 'metadata', 'ignore_data'].
  H_ChanT_Energy_DELTAMINUS: H_ChanT_Energy_DELTAMINUS VAR_TYPE = 'additional_data' which is not in ['data', 'support_data', 'metadata', 'ignore_data'].
  He3_ChanC_Energy: He3_ChanC_Energy VAR_TYPE = 'additonal_data' which is not in ['data', 'support_data', 'metadata', 'ignore_data'].
  He4_ChanC_Energy: He4_ChanC_Energy VAR_TYPE = 'additional_data' which is not in ['data', 'support_data', 'metadata', 'ignore_data'].
  Fe_ChanC_Energy: Fe_ChanC_Energy VAR_TYPE = 'additional_data' which is not in ['data', 'support_data', 'metadata', 'ignore_data'].
  Mg_ChanD_Energy: Mg_ChanD_Energy VAR_TYPE = 'additional_data' which is not in ['data', 'support_data', 'metadata', 'ignore_data'].
  Mg_ChanD_Energy_DELTAPLUS: Mg_ChanD_Energy_DELTAPLUS VAR_TYPE = 'additional_data' which is not in ['data', 'support_data', 'metadata', 'ignore_data'].
  Mg_ChanD_Energy_DELTAMINUS: Mg_ChanD_Energy_DELTAMINUS VAR_TYPE = 'additional_data' which is not in ['data', 'support_data', 'metadata', 'ignore_data'].
  C_ChanD_Energy: C_ChanD_Energy VAR_TYPE = 'additional_data' which is not in ['data', 'support_data', 'metadata', 'ignore_data'].
  O_ChanC_Energy: O_ChanC_Energy VAR_TYPE = 'additional_data' which is not in ['data', 'support_data', 'metadata', 'ignore_data'].
  Si_ChanD_Energy: Si_ChanD_Energy VAR_TYPE = 'additional_data' which is not in ['data', 'support_data', 'metadata', 'ignore_data'].
  N_ChanD_Energy: N_ChanD_Energy VAR_TYPE = 'additional_data' which is not in ['data', 'support_data', 'metadata', 'ignore_data'].
  Ne_ChanD_Energy: Ne_ChanD_Energy VAR_TYPE = 'additional_data' which is not in ['data', 'support_data', 'metadata', 'ignore_data'].
PSP_ISOIS-EPILO_L2-PE | CDF.VAR_TYPE.Invalid:
  H_ChanF_Energy: H_ChanF_Energy VAR_TYPE = 'additional_data' which is not in ['data', 'support_data', 'metadata', 'ignore_data'].
  H_ChanF_Energy_DELTAPLUS: H_ChanF_Energy_DELTAPLUS VAR_TYPE = 'additional_data' which is not in ['data', 'support_data', 'metadata', 'ignore_data'].
  H_ChanF_Energy_DELTAMINUS: H_ChanF_Energy_DELTAMINUS VAR_TYPE = 'additional_data' which is not in ['data', 'support_data', 'metadata', 'ignore_data'].
  H_ChanG_Energy: H_ChanG_Energy VAR_TYPE = 'additional_data' which is not in ['data', 'support_data', 'metadata', 'ignore_data'].
  H_ChanG_Energy_DELTAPLUS: H_ChanG_Energy_DELTAPLUS VAR_TYPE = 'additional_data' which is not in ['data', 'support_data', 'metadata', 'ignore_data'].
  H_ChanG_Energy_DELTAMINUS: H_ChanG_Energy_DELTAMINUS VAR_TYPE = 'additional_data' which is not in ['data', 'support_data', 'metadata', 'ignore_data'].
  H_ChanE_Energy: H_ChanE_Energy VAR_TYPE = 'additional_data' which is not in ['data', 'support_data', 'metadata', 'ignore_data'].
  H_ChanE_Energy_DELTAMINUS: H_ChanE_Energy_DELTAMINUS VAR_TYPE = 'additional_data' which is not in ['data', 'support_data', 'metadata', 'ignore_data'].
  H_ChanE_Energy_DELTAPLUS: H_ChanE_Energy_DELTAPLUS VAR_TYPE = 'additional_data' which is not in ['data', 'support_data', 'metadata', 'ignore_data'].
SOLO_L2_RPW-LFR-SURV-BP1 | CDF.VAR_TYPE.Invalid:
  Index: Index VAR_TYPE = 'additional_data' which is not in ['data', 'support_data', 'metadata', 'ignore_data'].
SOLO_L2_RPW-LFR-SURV-BP2 | CDF.VAR_TYPE.Invalid:
  I5_Dep2: I5_Dep2 VAR_TYPE = 'additional_data' which is not in ['data', 'support_data', 'metadata', 'ignore_data'].
  I5_Dep3: I5_Dep3 VAR_TYPE = 'additional_data' which is not in ['data', 'support_data', 'metadata', 'ignore_data'].
UY_M0_KET | CDF.VAR_TYPE.Invalid:
  Coverage: Coverage VAR_TYPE = 'support' which is not in ['data', 'support_data', 'metadata', 'ignore_data'].