PSP_ISOIS-EPILO_L2-IC | CDF.VarData.Missing:
  H_ChanP_Energy_LABL:
    Variable has LABL_PTR_1 = 'H_ChanP_Energy_LABL'  with no VarData.
    Variable has LABL_PTR_1 = 'H_ChanP_Energy_LABL'  with no VarData.
    Variable has LABL_PTR_2 = 'H_ChanP_Energy_LABL'  with no VarData.
    Variable has LABL_PTR_2 = 'H_ChanP_Energy_LABL'  with no VarData.
    Variable has LABL_PTR_2 = 'H_ChanP_Energy_LABL'  with no VarData.
  H_ChanR_Energy_LABL:
    Variable has LABL_PTR_1 = 'H_ChanR_Energy_LABL'  with no VarData.
    Variable has LABL_PTR_1 = 'H_ChanR_Energy_LABL'  with no VarData.
    Variable has LABL_PTR_2 = 'H_ChanR_Energy_LABL'  with no VarData.
    Variable has LABL_PTR_2 = 'H_ChanR_Energy_LABL'  with no VarData.
    Variable has LABL_PTR_2 = 'H_ChanR_Energy_LABL'  with no VarData.
  H_ChanT_Energy_LABL:
    Variable has LABL_PTR_1 = 'H_ChanT_Energy_LABL'  with no VarData.
    Variable has LABL_PTR_1 = 'H_ChanT_Energy_LABL'  with no VarData.
    Variable has LABL_PTR_2 = 'H_ChanT_Energy_LABL'  with no VarData.
    Variable has LABL_PTR_2 = 'H_ChanT_Energy_LABL'  with no VarData.
    Variable has LABL_PTR_2 = 'H_ChanT_Energy_LABL'  with no VarData.
  He3_ChanC_Energy_LABL:
    Variable has LABL_PTR_1 = 'He3_ChanC_Energy_LABL'  with no VarData.
    Variable has LABL_PTR_2 = 'He3_ChanC_Energy_LABL'  with no VarData.
    Variable has LABL_PTR_2 = 'He3_ChanC_Energy_LABL'  with no VarData.
  He4_ChanC_Energy_LABL:
    Variable has LABL_PTR_1 = 'He4_ChanC_Energy_LABL'  with no VarData.
    Variable has LABL_PTR_1 = 'He4_ChanC_Energy_LABL'  with no VarData.
    Variable has LABL_PTR_2 = 'He4_ChanC_Energy_LABL'  with no VarData.
    Variable has LABL_PTR_1 = 'He4_ChanC_Energy_LABL'  with no VarData.
    Variable has LABL_PTR_2 = 'He4_ChanC_Energy_LABL'  with no VarData.
    Variable has LABL_PTR_2 = 'He4_ChanC_Energy_LABL'  with no VarData.
    Variable has LABL_PTR_2 = 'He4_ChanC_Energy_LABL'  with no VarData.
  Fe_ChanC_Energy_LABL:
    Variable has LABL_PTR_1 = 'Fe_ChanC_Energy_LABL'  with no VarData.
    Variable has LABL_PTR_2 = 'Fe_ChanC_Energy_LABL'  with no VarData.
    Variable has LABL_PTR_2 = 'Fe_ChanC_Energy_LABL'  with no VarData.
  Mg_ChanD_Energy_LABL:
    Variable has LABL_PTR_1 = 'Mg_ChanD_Energy_LABL'  with no VarData.
    Variable has LABL_PTR_2 = 'Mg_ChanD_Energy_LABL'  with no VarData.
    Variable has LABL_PTR_2 = 'Mg_ChanD_Energy_LABL'  with no VarData.
  C_ChanD_Energy_LABL:
    Variable has LABL_PTR_1 = 'C_ChanD_Energy_LABL'  with no VarData.
    Variable has LABL_PTR_2 = 'C_ChanD_Energy_LABL'  with no VarData.
    Variable has LABL_PTR_2 = 'C_ChanD_Energy_LABL'  with no VarData.
  O_ChanC_Energy_LABL:
    Variable has LABL_PTR_1 = 'O_ChanC_Energy_LABL'  with no VarData.
    Variable has LABL_PTR_2 = 'O_ChanC_Energy_LABL'  with no VarData.
    Variable has LABL_PTR_2 = 'O_ChanC_Energy_LABL'  with no VarData.
  Si_ChanD_Energy_LABL:
    Variable has LABL_PTR_1 = 'Si_ChanD_Energy_LABL'  with no VarData.
    Variable has LABL_PTR_2 = 'Si_ChanD_Energy_LABL'  with no VarData.
    Variable has LABL_PTR_2 = 'Si_ChanD_Energy_LABL'  with no VarData.
  N_ChanD_Energy_LABL:
    Variable has LABL_PTR_1 = 'N_ChanD_Energy_LABL'  with no VarData.
    Variable has LABL_PTR_2 = 'N_ChanD_Energy_LABL'  with no VarData.
    Variable has LABL_PTR_2 = 'N_ChanD_Energy_LABL'  with no VarData.
  Ne_ChanD_Energy_LABL:
    Variable has LABL_PTR_1 = 'Ne_ChanD_Energy_LABL'  with no VarData.
    Variable has LABL_PTR_2 = 'Ne_ChanD_Energy_LABL'  with no VarData.
    Variable has LABL_PTR_2 = 'Ne_ChanD_Energy_LABL'  with no VarData.
PSP_ISOIS-EPILO_L2-PE | CDF.VarData.Missing:
  Electron_ChanE_Energy_LABL:
    Variable has LABL_PTR_2 = 'Electron_ChanE_Energy_LABL'  with no VarData.
    Variable has LABL_PTR_2 = 'Electron_ChanE_Energy_LABL'  with no VarData.
  Electron_ChanG_Energy_LABL:
    Variable has LABL_PTR_2 = 'Electron_ChanG_Energy_LABL'  with no VarData.
    Variable has LABL_PTR_2 = 'Electron_ChanG_Energy_LABL'  with no VarData.
  Electron_ChanF_Energy_LABL:
    Variable has LABL_PTR_2 = 'Electron_ChanF_Energy_LABL'  with no VarData.
    Variable has LABL_PTR_2 = 'Electron_ChanF_Energy_LABL'  with no VarData.
  H_ChanF_Energy_LABL:
    Variable has LABL_PTR_2 = 'H_ChanF_Energy_LABL'  with no VarData.
    Variable has LABL_PTR_2 = 'H_ChanF_Energy_LABL'  with no VarData.
  H_ChanG_Energy_LABL:
    Variable has LABL_PTR_2 = 'H_ChanG_Energy_LABL'  with no VarData.
    Variable has LABL_PTR_2 = 'H_ChanG_Energy_LABL'  with no VarData.
  H_ChanE_Energy_LABL:
    Variable has LABL_PTR_2 = 'H_ChanE_Energy_LABL'  with no VarData.
    Variable has LABL_PTR_2 = 'H_ChanE_Energy_LABL'  with no VarData.
PSP_ISOIS_L2-SUMMARY | CDF.VarData.Missing:
  H_ChanP_Energy_LABL_SP: Variable has LABL_PTR_1 = 'H_ChanP_Energy_LABL_SP'  with no VarData.
  Electron_ChanE_Energy_LABL: Variable has LABL_PTR_1 = 'Electron_ChanE_Energy_LABL'  with no VarData.
RBSPA_REL04_ECT-MAGEIS-L3 | CDF.VarData.Missing:
  FPDU_PA_LABL:
    Variable has LABL_PTR_1 = 'FPDU_PA_LABL'  with no VarData.
    Variable has LABL_PTR_1 = 'FPDU_PA_LABL'  with no VarData.
    Variable has LABL_PTR_1 = 'FPDU_PA_LABL'  with no VarData.
    Variable has LABL_PTR_1 = 'FPDU_PA_LABL'  with no VarData.
  FPDU_pix1_ENERGY_LABL:
    Variable has LABL_PTR_2 = 'FPDU_pix1_ENERGY_LABL'  with no VarData.
    Variable has LABL_PTR_2 = 'FPDU_pix1_ENERGY_LABL'  with no VarData.
  FPDU_pix2_ENERGY_LABL:
    Variable has LABL_PTR_2 = 'FPDU_pix2_ENERGY_LABL'  with no VarData.
    Variable has LABL_PTR_2 = 'FPDU_pix2_ENERGY_LABL'  with no VarData.
RBSPB_REL04_ECT-MAGEIS-L3 | CDF.VarData.Missing:
  FPDU_PA_LABL:
    Variable has LABL_PTR_1 = 'FPDU_PA_LABL'  with no VarData.
    Variable has LABL_PTR_1 = 'FPDU_PA_LABL'  with no VarData.
    Variable has LABL_PTR_1 = 'FPDU_PA_LABL'  with no VarData.
    Variable has LABL_PTR_1 = 'FPDU_PA_LABL'  with no VarData.
  FPDU_pix1_ENERGY_LABL:
    Variable has LABL_PTR_2 = 'FPDU_pix1_ENERGY_LABL'  with no VarData.
    Variable has LABL_PTR_2 = 'FPDU_pix1_ENERGY_LABL'  with no VarData.
  FPDU_pix2_ENERGY_LABL:
    Variable has LABL_PTR_2 = 'FPDU_pix2_ENERGY_LABL'  with no VarData.
    Variable has LABL_PTR_2 = 'FPDU_pix2_ENERGY_LABL'  with no VarData.
STA_L2_MAGPLASMA_1M | CDF.VarData.Missing:
  R: Variable has LABL_PTR_1 = 'R'  with no VarData.
STB_L2_MAGPLASMA_1M | CDF.VarData.Missing:
  R: Variable has LABL_PTR_1 = 'R'  with no VarData.
UY_PROTON-DISTRIBUTIONS_SWOOPS | CDF.VarData.Missing:
  Vpar: Variable has LABL_PTR_1 = 'Vpar'  with no VarData.
  Vper: Variable has LABL_PTR_2 = 'Vper'  with no VarData.
VOYAGER-1_LECP_LEV-2-DAILY-AVG | CDF.VarData.Missing:
  Singles_Channels_Label: Variable has LABL_PTR_1 = 'Singles_Channels_Label'  with no VarData.
VOYAGER-1_LECP_LEV-2-SCAN-AVG | CDF.VarData.Missing:
  Singles_Channels_Label: Variable has LABL_PTR_1 = 'Singles_Channels_Label'  with no VarData.
VOYAGER-2_LECP_LEV-2-DAILY-AVG | CDF.VarData.Missing:
  Singles_Channels_Label: Variable has LABL_PTR_1 = 'Singles_Channels_Label'  with no VarData.
VOYAGER-2_LECP_LEV-2-HOURLY-AVG | CDF.VarData.Missing:
  Singles_Channels_Label: Variable has LABL_PTR_1 = 'Singles_Channels_Label'  with no VarData.
VOYAGER-2_LECP_LEV-2-SCAN-AVG | CDF.VarData.Missing:
  Singles_Channels_Label: Variable has LABL_PTR_1 = 'Singles_Channels_Label'  with no VarData.