AC_K0_SWE | CDF.PtrReference.Invalid:
  Vp: AC_K0_SWE/Vp has LABL_PTR_1 = 'label_Vp' which is not a variable in dataset.
AC_K1_SWE | CDF.PtrReference.Invalid:
  Vp: AC_K1_SWE/Vp has LABL_PTR_1 = 'label_Vp' which is not a variable in dataset.
C1_CP_EFW_L3_E3D_INERT | CDF.PtrReference.Invalid:
  delta_Ez_ISR2__C1_CP_EFW_L3_E3D_INERT: C1_CP_EFW_L3_E3D_INERT/delta_Ez_ISR2__C1_CP_EFW_L3_E3D_INERT has LABL_PTR_1 = 'dEz' which is not a variable in dataset.
C1_CP_STA_CWF_GSE | CDF.PtrReference.Invalid:
  Status__C1_CP_STA_CWF_GSE: C1_CP_STA_CWF_GSE/Status__C1_CP_STA_CWF_GSE has LABL_PTR_1 = 'Status' which is not a variable in dataset.
  Phase_Angle__C1_CP_STA_CWF_GSE: C1_CP_STA_CWF_GSE/Phase_Angle__C1_CP_STA_CWF_GSE has LABL_PTR_1 = 'Phase Angle' which is not a variable in dataset.
C1_CP_STA_PPP | CDF.PtrReference.Invalid:
  Status__C1_CP_STA_PPP: C1_CP_STA_PPP/Status__C1_CP_STA_PPP has LABL_PTR_1 = 'Status' which is not a variable in dataset.
C1_CP_STA_PSD | CDF.PtrReference.Invalid:
  Status__C1_CP_STA_PSD: C1_CP_STA_PSD/Status__C1_CP_STA_PSD has LABL_PTR_1 = 'Status' which is not a variable in dataset.
C1_CP_STA_SM | CDF.PtrReference.Invalid:
  Status__C1_CP_STA_SM: C1_CP_STA_SM/Status__C1_CP_STA_SM has LABL_PTR_1 = 'Status' which is not a variable in dataset.
C1_CP_WHI_ACTIVE | CDF.PtrReference.Invalid:
  Delta__C1_CP_WHI_ACTIVE: C1_CP_WHI_ACTIVE/Delta__C1_CP_WHI_ACTIVE has LABL_PTR_1 = 'Delta' which is not a variable in dataset.
  Receiving_Antenna__C1_CP_WHI_ACTIVE: C1_CP_WHI_ACTIVE/Receiving_Antenna__C1_CP_WHI_ACTIVE has LABL_PTR_1 = 'Receiving_Antenna' which is not a variable in dataset.
  Table_Number__C1_CP_WHI_ACTIVE: C1_CP_WHI_ACTIVE/Table_Number__C1_CP_WHI_ACTIVE has LABL_PTR_1 = 'Table_Number' which is not a variable in dataset.
  Sounding_Interval__C1_CP_WHI_ACTIVE: C1_CP_WHI_ACTIVE/Sounding_Interval__C1_CP_WHI_ACTIVE has LABL_PTR_1 = 'Sounding_Interval' which is not a variable in dataset.
  Emission_Reception_Delay__C1_CP_WHI_ACTIVE: C1_CP_WHI_ACTIVE/Emission_Reception_Delay__C1_CP_WHI_ACTIVE has LABL_PTR_1 = 'Emission/Reception_Delay' which is not a variable in dataset.
  Gain_Change_Number__C1_CP_WHI_ACTIVE: C1_CP_WHI_ACTIVE/Gain_Change_Number__C1_CP_WHI_ACTIVE has LABL_PTR_1 = 'Gain_Change_Number' which is not a variable in dataset.
  Mantissa__C1_CP_WHI_ACTIVE: C1_CP_WHI_ACTIVE/Mantissa__C1_CP_WHI_ACTIVE has LABL_PTR_1 = 'Mantissa' which is not a variable in dataset.
  Exponent__C1_CP_WHI_ACTIVE: C1_CP_WHI_ACTIVE/Exponent__C1_CP_WHI_ACTIVE has LABL_PTR_1 = 'Exponent' which is not a variable in dataset.
C1_CP_WHI_NATURAL | CDF.PtrReference.Invalid:
  Delta__C1_CP_WHI_NATURAL: C1_CP_WHI_NATURAL/Delta__C1_CP_WHI_NATURAL has LABL_PTR_1 = 'Delta' which is not a variable in dataset.
  fft_size__C1_CP_WHI_NATURAL: C1_CP_WHI_NATURAL/fft_size__C1_CP_WHI_NATURAL has LABL_PTR_1 = 'Fast_Fourier_Transform_Size' which is not a variable in dataset.
  Receiving_Antenna__C1_CP_WHI_NATURAL: C1_CP_WHI_NATURAL/Receiving_Antenna__C1_CP_WHI_NATURAL has LABL_PTR_1 = 'Receiving_Antenna' which is not a variable in dataset.
  Overflow_Code__C1_CP_WHI_NATURAL: C1_CP_WHI_NATURAL/Overflow_Code__C1_CP_WHI_NATURAL has LABL_PTR_1 = 'Overflow_Code_Value' which is not a variable in dataset.
  Average_Number__C1_CP_WHI_NATURAL: C1_CP_WHI_NATURAL/Average_Number__C1_CP_WHI_NATURAL has LABL_PTR_1 = 'Average_Number' which is not a variable in dataset.
  Gain_Change_Number__C1_CP_WHI_NATURAL: C1_CP_WHI_NATURAL/Gain_Change_Number__C1_CP_WHI_NATURAL has LABL_PTR_1 = 'Gain_Change_Number' which is not a variable in dataset.
  Mantissa__C1_CP_WHI_NATURAL: C1_CP_WHI_NATURAL/Mantissa__C1_CP_WHI_NATURAL has LABL_PTR_1 = 'Mantissa' which is not a variable in dataset.
  Exponent__C1_CP_WHI_NATURAL: C1_CP_WHI_NATURAL/Exponent__C1_CP_WHI_NATURAL has LABL_PTR_1 = 'Exponent' which is not a variable in dataset.
C1_CP_WHI_PASSIVE_ACTIVE | CDF.PtrReference.Invalid:
  Delta__C1_CP_WHI_PASSIVE_ACTIVE: C1_CP_WHI_PASSIVE_ACTIVE/Delta__C1_CP_WHI_PASSIVE_ACTIVE has LABL_PTR_1 = 'Delta' which is not a variable in dataset.
  Receiving_Antenna__C1_CP_WHI_PASSIVE_ACTIVE: C1_CP_WHI_PASSIVE_ACTIVE/Receiving_Antenna__C1_CP_WHI_PASSIVE_ACTIVE has LABL_PTR_1 = 'Receiving_Antenna' which is not a variable in dataset.
  Table_Number__C1_CP_WHI_PASSIVE_ACTIVE: C1_CP_WHI_PASSIVE_ACTIVE/Table_Number__C1_CP_WHI_PASSIVE_ACTIVE has LABL_PTR_1 = 'Table_Number' which is not a variable in dataset.
  Sounding_Interval__C1_CP_WHI_PASSIVE_ACTIVE: C1_CP_WHI_PASSIVE_ACTIVE/Sounding_Interval__C1_CP_WHI_PASSIVE_ACTIVE has LABL_PTR_1 = 'Sounding_Interval' which is not a variable in dataset.
  Passive_Active_Delay__C1_CP_WHI_PASSIVE_ACTIVE: C1_CP_WHI_PASSIVE_ACTIVE/Passive_Active_Delay__C1_CP_WHI_PASSIVE_ACTIVE has LABL_PTR_1 = 'Passive/Active_Delay' which is not a variable in dataset.
  Gain_Change_Number__C1_CP_WHI_PASSIVE_ACTIVE: C1_CP_WHI_PASSIVE_ACTIVE/Gain_Change_Number__C1_CP_WHI_PASSIVE_ACTIVE has LABL_PTR_1 = 'Gain_Change_Number' which is not a variable in dataset.
  Mantissa__C1_CP_WHI_PASSIVE_ACTIVE: C1_CP_WHI_PASSIVE_ACTIVE/Mantissa__C1_CP_WHI_PASSIVE_ACTIVE has LABL_PTR_1 = 'Mantissa' which is not a variable in dataset.
  Exponent__C1_CP_WHI_PASSIVE_ACTIVE: C1_CP_WHI_PASSIVE_ACTIVE/Exponent__C1_CP_WHI_PASSIVE_ACTIVE has LABL_PTR_1 = 'Exponent' which is not a variable in dataset.
C1_CP_WHI_WAVE_FORM_ENERGY | CDF.PtrReference.Invalid:
  Delta__C1_CP_WHI_WAVE_FORM_ENERGY: C1_CP_WHI_WAVE_FORM_ENERGY/Delta__C1_CP_WHI_WAVE_FORM_ENERGY has LABL_PTR_1 = 'Delta' which is not a variable in dataset.
  Electric_Wave_Form_Power_Density__C1_CP_WHI_WAVE_FORM_ENERGY: C1_CP_WHI_WAVE_FORM_ENERGY/Electric_Wave_Form_Power_Density__C1_CP_WHI_WAVE_FORM_ENERGY has LABL_PTR_1 = 'Energy_Value' which is not a variable in dataset.
  Spectrum_Code__C1_CP_WHI_WAVE_FORM_ENERGY: C1_CP_WHI_WAVE_FORM_ENERGY/Spectrum_Code__C1_CP_WHI_WAVE_FORM_ENERGY has LABL_PTR_1 = 'Presence_of_Spectrum_Code' which is not a variable in dataset.
  Average_Number__C1_CP_WHI_WAVE_FORM_ENERGY: C1_CP_WHI_WAVE_FORM_ENERGY/Average_Number__C1_CP_WHI_WAVE_FORM_ENERGY has LABL_PTR_1 = 'Average_Number' which is not a variable in dataset.
  OverFlow_Code__C1_CP_WHI_WAVE_FORM_ENERGY: C1_CP_WHI_WAVE_FORM_ENERGY/OverFlow_Code__C1_CP_WHI_WAVE_FORM_ENERGY has LABL_PTR_1 = 'Overflow_Code_Value' which is not a variable in dataset.
C2_CP_EFW_L3_E3D_INERT | CDF.PtrReference.Invalid:
  delta_Ez_ISR2__C2_CP_EFW_L3_E3D_INERT: C2_CP_EFW_L3_E3D_INERT/delta_Ez_ISR2__C2_CP_EFW_L3_E3D_INERT has LABL_PTR_1 = 'dEz' which is not a variable in dataset.
C2_CP_STA_CWF_GSE | CDF.PtrReference.Invalid:
  Status__C2_CP_STA_CWF_GSE: C2_CP_STA_CWF_GSE/Status__C2_CP_STA_CWF_GSE has LABL_PTR_1 = 'Status' which is not a variable in dataset.
  Phase_Angle__C2_CP_STA_CWF_GSE: C2_CP_STA_CWF_GSE/Phase_Angle__C2_CP_STA_CWF_GSE has LABL_PTR_1 = 'Phase Angle' which is not a variable in dataset.
C2_CP_STA_PPP | CDF.PtrReference.Invalid:
  Status__C2_CP_STA_PPP: C2_CP_STA_PPP/Status__C2_CP_STA_PPP has LABL_PTR_1 = 'Status' which is not a variable in dataset.
C2_CP_STA_PSD | CDF.PtrReference.Invalid:
  Status__C2_CP_STA_PSD: C2_CP_STA_PSD/Status__C2_CP_STA_PSD has LABL_PTR_1 = 'Status' which is not a variable in dataset.
C2_CP_STA_SM | CDF.PtrReference.Invalid:
  Status__C2_CP_STA_SM: C2_CP_STA_SM/Status__C2_CP_STA_SM has LABL_PTR_1 = 'Status' which is not a variable in dataset.
C2_CP_WHI_ACTIVE | CDF.PtrReference.Invalid:
  Delta__C2_CP_WHI_ACTIVE: C2_CP_WHI_ACTIVE/Delta__C2_CP_WHI_ACTIVE has LABL_PTR_1 = 'Delta' which is not a variable in dataset.
  Receiving_Antenna__C2_CP_WHI_ACTIVE: C2_CP_WHI_ACTIVE/Receiving_Antenna__C2_CP_WHI_ACTIVE has LABL_PTR_1 = 'Receiving_Antenna' which is not a variable in dataset.
  Table_Number__C2_CP_WHI_ACTIVE: C2_CP_WHI_ACTIVE/Table_Number__C2_CP_WHI_ACTIVE has LABL_PTR_1 = 'Table_Number' which is not a variable in dataset.
  Sounding_Interval__C2_CP_WHI_ACTIVE: C2_CP_WHI_ACTIVE/Sounding_Interval__C2_CP_WHI_ACTIVE has LABL_PTR_1 = 'Sounding_Interval' which is not a variable in dataset.
  Emission_Reception_Delay__C2_CP_WHI_ACTIVE: C2_CP_WHI_ACTIVE/Emission_Reception_Delay__C2_CP_WHI_ACTIVE has LABL_PTR_1 = 'Emission/Reception_Delay' which is not a variable in dataset.
  Gain_Change_Number__C2_CP_WHI_ACTIVE: C2_CP_WHI_ACTIVE/Gain_Change_Number__C2_CP_WHI_ACTIVE has LABL_PTR_1 = 'Gain_Change_Number' which is not a variable in dataset.
  Mantissa__C2_CP_WHI_ACTIVE: C2_CP_WHI_ACTIVE/Mantissa__C2_CP_WHI_ACTIVE has LABL_PTR_1 = 'Mantissa' which is not a variable in dataset.
  Exponent__C2_CP_WHI_ACTIVE: C2_CP_WHI_ACTIVE/Exponent__C2_CP_WHI_ACTIVE has LABL_PTR_1 = 'Exponent' which is not a variable in dataset.
C2_CP_WHI_NATURAL | CDF.PtrReference.Invalid:
  Delta__C2_CP_WHI_NATURAL: C2_CP_WHI_NATURAL/Delta__C2_CP_WHI_NATURAL has LABL_PTR_1 = 'Delta' which is not a variable in dataset.
  fft_size__C2_CP_WHI_NATURAL: C2_CP_WHI_NATURAL/fft_size__C2_CP_WHI_NATURAL has LABL_PTR_1 = 'Fast_Fourier_Transform_Size' which is not a variable in dataset.
  Receiving_Antenna__C2_CP_WHI_NATURAL: C2_CP_WHI_NATURAL/Receiving_Antenna__C2_CP_WHI_NATURAL has LABL_PTR_1 = 'Receiving_Antenna' which is not a variable in dataset.
  Overflow_Code__C2_CP_WHI_NATURAL: C2_CP_WHI_NATURAL/Overflow_Code__C2_CP_WHI_NATURAL has LABL_PTR_1 = 'Overflow_Code_Value' which is not a variable in dataset.
  Average_Number__C2_CP_WHI_NATURAL: C2_CP_WHI_NATURAL/Average_Number__C2_CP_WHI_NATURAL has LABL_PTR_1 = 'Average_Number' which is not a variable in dataset.
  Gain_Change_Number__C2_CP_WHI_NATURAL: C2_CP_WHI_NATURAL/Gain_Change_Number__C2_CP_WHI_NATURAL has LABL_PTR_1 = 'Gain_Change_Number' which is not a variable in dataset.
  Mantissa__C2_CP_WHI_NATURAL: C2_CP_WHI_NATURAL/Mantissa__C2_CP_WHI_NATURAL has LABL_PTR_1 = 'Mantissa' which is not a variable in dataset.
  Exponent__C2_CP_WHI_NATURAL: C2_CP_WHI_NATURAL/Exponent__C2_CP_WHI_NATURAL has LABL_PTR_1 = 'Exponent' which is not a variable in dataset.
C2_CP_WHI_PASSIVE_ACTIVE | CDF.PtrReference.Invalid:
  Delta__C2_CP_WHI_PASSIVE_ACTIVE: C2_CP_WHI_PASSIVE_ACTIVE/Delta__C2_CP_WHI_PASSIVE_ACTIVE has LABL_PTR_1 = 'Delta' which is not a variable in dataset.
  Receiving_Antenna__C2_CP_WHI_PASSIVE_ACTIVE: C2_CP_WHI_PASSIVE_ACTIVE/Receiving_Antenna__C2_CP_WHI_PASSIVE_ACTIVE has LABL_PTR_1 = 'Receiving_Antenna' which is not a variable in dataset.
  Table_Number__C2_CP_WHI_PASSIVE_ACTIVE: C2_CP_WHI_PASSIVE_ACTIVE/Table_Number__C2_CP_WHI_PASSIVE_ACTIVE has LABL_PTR_1 = 'Table_Number' which is not a variable in dataset.
  Sounding_Interval__C2_CP_WHI_PASSIVE_ACTIVE: C2_CP_WHI_PASSIVE_ACTIVE/Sounding_Interval__C2_CP_WHI_PASSIVE_ACTIVE has LABL_PTR_1 = 'Sounding_Interval' which is not a variable in dataset.
  Passive_Active_Delay__C2_CP_WHI_PASSIVE_ACTIVE: C2_CP_WHI_PASSIVE_ACTIVE/Passive_Active_Delay__C2_CP_WHI_PASSIVE_ACTIVE has LABL_PTR_1 = 'Passive/Active_Delay' which is not a variable in dataset.
  Gain_Change_Number__C2_CP_WHI_PASSIVE_ACTIVE: C2_CP_WHI_PASSIVE_ACTIVE/Gain_Change_Number__C2_CP_WHI_PASSIVE_ACTIVE has LABL_PTR_1 = 'Gain_Change_Number' which is not a variable in dataset.
  Mantissa__C2_CP_WHI_PASSIVE_ACTIVE: C2_CP_WHI_PASSIVE_ACTIVE/Mantissa__C2_CP_WHI_PASSIVE_ACTIVE has LABL_PTR_1 = 'Mantissa' which is not a variable in dataset.
  Exponent__C2_CP_WHI_PASSIVE_ACTIVE: C2_CP_WHI_PASSIVE_ACTIVE/Exponent__C2_CP_WHI_PASSIVE_ACTIVE has LABL_PTR_1 = 'Exponent' which is not a variable in dataset.
C2_CP_WHI_WAVE_FORM_ENERGY | CDF.PtrReference.Invalid:
  Delta__C2_CP_WHI_WAVE_FORM_ENERGY: C2_CP_WHI_WAVE_FORM_ENERGY/Delta__C2_CP_WHI_WAVE_FORM_ENERGY has LABL_PTR_1 = 'Delta' which is not a variable in dataset.
  Electric_Wave_Form_Power_Density__C2_CP_WHI_WAVE_FORM_ENERGY: C2_CP_WHI_WAVE_FORM_ENERGY/Electric_Wave_Form_Power_Density__C2_CP_WHI_WAVE_FORM_ENERGY has LABL_PTR_1 = 'Energy_Value' which is not a variable in dataset.
  Spectrum_Code__C2_CP_WHI_WAVE_FORM_ENERGY: C2_CP_WHI_WAVE_FORM_ENERGY/Spectrum_Code__C2_CP_WHI_WAVE_FORM_ENERGY has LABL_PTR_1 = 'Presence_of_Spectrum_Code' which is not a variable in dataset.
  Average_Number__C2_CP_WHI_WAVE_FORM_ENERGY: C2_CP_WHI_WAVE_FORM_ENERGY/Average_Number__C2_CP_WHI_WAVE_FORM_ENERGY has LABL_PTR_1 = 'Average_Number' which is not a variable in dataset.
  OverFlow_Code__C2_CP_WHI_WAVE_FORM_ENERGY: C2_CP_WHI_WAVE_FORM_ENERGY/OverFlow_Code__C2_CP_WHI_WAVE_FORM_ENERGY has LABL_PTR_1 = 'Overflow_Code_Value' which is not a variable in dataset.
C3_CP_EFW_L3_E3D_INERT | CDF.PtrReference.Invalid:
  delta_Ez_ISR2__C3_CP_EFW_L3_E3D_INERT: C3_CP_EFW_L3_E3D_INERT/delta_Ez_ISR2__C3_CP_EFW_L3_E3D_INERT has LABL_PTR_1 = 'dEz' which is not a variable in dataset.
C3_CP_STA_CWF_GSE | CDF.PtrReference.Invalid:
  Status__C3_CP_STA_CWF_GSE: C3_CP_STA_CWF_GSE/Status__C3_CP_STA_CWF_GSE has LABL_PTR_1 = 'Status' which is not a variable in dataset.
  Phase_Angle__C3_CP_STA_CWF_GSE: C3_CP_STA_CWF_GSE/Phase_Angle__C3_CP_STA_CWF_GSE has LABL_PTR_1 = 'Phase Angle' which is not a variable in dataset.
C3_CP_STA_PPP | CDF.PtrReference.Invalid:
  Status__C3_CP_STA_PPP: C3_CP_STA_PPP/Status__C3_CP_STA_PPP has LABL_PTR_1 = 'Status' which is not a variable in dataset.
C3_CP_STA_PSD | CDF.PtrReference.Invalid:
  Status__C3_CP_STA_PSD: C3_CP_STA_PSD/Status__C3_CP_STA_PSD has LABL_PTR_1 = 'Status' which is not a variable in dataset.
C3_CP_STA_SM | CDF.PtrReference.Invalid:
  Status__C3_CP_STA_SM: C3_CP_STA_SM/Status__C3_CP_STA_SM has LABL_PTR_1 = 'Status' which is not a variable in dataset.
C3_CP_WHI_ACTIVE | CDF.PtrReference.Invalid:
  Delta__C3_CP_WHI_ACTIVE: C3_CP_WHI_ACTIVE/Delta__C3_CP_WHI_ACTIVE has LABL_PTR_1 = 'Delta' which is not a variable in dataset.
  Receiving_Antenna__C3_CP_WHI_ACTIVE: C3_CP_WHI_ACTIVE/Receiving_Antenna__C3_CP_WHI_ACTIVE has LABL_PTR_1 = 'Receiving_Antenna' which is not a variable in dataset.
  Table_Number__C3_CP_WHI_ACTIVE: C3_CP_WHI_ACTIVE/Table_Number__C3_CP_WHI_ACTIVE has LABL_PTR_1 = 'Table_Number' which is not a variable in dataset.
  Sounding_Interval__C3_CP_WHI_ACTIVE: C3_CP_WHI_ACTIVE/Sounding_Interval__C3_CP_WHI_ACTIVE has LABL_PTR_1 = 'Sounding_Interval' which is not a variable in dataset.
  Emission_Reception_Delay__C3_CP_WHI_ACTIVE: C3_CP_WHI_ACTIVE/Emission_Reception_Delay__C3_CP_WHI_ACTIVE has LABL_PTR_1 = 'Emission/Reception_Delay' which is not a variable in dataset.
  Gain_Change_Number__C3_CP_WHI_ACTIVE: C3_CP_WHI_ACTIVE/Gain_Change_Number__C3_CP_WHI_ACTIVE has LABL_PTR_1 = 'Gain_Change_Number' which is not a variable in dataset.
  Mantissa__C3_CP_WHI_ACTIVE: C3_CP_WHI_ACTIVE/Mantissa__C3_CP_WHI_ACTIVE has LABL_PTR_1 = 'Mantissa' which is not a variable in dataset.
  Exponent__C3_CP_WHI_ACTIVE: C3_CP_WHI_ACTIVE/Exponent__C3_CP_WHI_ACTIVE has LABL_PTR_1 = 'Exponent' which is not a variable in dataset.
C3_CP_WHI_NATURAL | CDF.PtrReference.Invalid:
  Delta__C3_CP_WHI_NATURAL: C3_CP_WHI_NATURAL/Delta__C3_CP_WHI_NATURAL has LABL_PTR_1 = 'Delta' which is not a variable in dataset.
  fft_size__C3_CP_WHI_NATURAL: C3_CP_WHI_NATURAL/fft_size__C3_CP_WHI_NATURAL has LABL_PTR_1 = 'Fast_Fourier_Transform_Size' which is not a variable in dataset.
  Receiving_Antenna__C3_CP_WHI_NATURAL: C3_CP_WHI_NATURAL/Receiving_Antenna__C3_CP_WHI_NATURAL has LABL_PTR_1 = 'Receiving_Antenna' which is not a variable in dataset.
  Electric_Spectral_Power_Density__C3_CP_WHI_NATURAL: C3_CP_WHI_NATURAL/Electric_Spectral_Power_Density__C3_CP_WHI_NATURAL has LABL_PTR_1 = 'Spectral_Frequencies__C3_CP_WHI_NATURAL' which is not a variable in dataset.
  Overflow_Code__C3_CP_WHI_NATURAL: C3_CP_WHI_NATURAL/Overflow_Code__C3_CP_WHI_NATURAL has LABL_PTR_1 = 'Overflow_Code_Value' which is not a variable in dataset.
  Average_Number__C3_CP_WHI_NATURAL: C3_CP_WHI_NATURAL/Average_Number__C3_CP_WHI_NATURAL has LABL_PTR_1 = 'Average_Number' which is not a variable in dataset.
  Gain_Change_Number__C3_CP_WHI_NATURAL: C3_CP_WHI_NATURAL/Gain_Change_Number__C3_CP_WHI_NATURAL has LABL_PTR_1 = 'Gain_Change_Number' which is not a variable in dataset.
  Mantissa__C3_CP_WHI_NATURAL: C3_CP_WHI_NATURAL/Mantissa__C3_CP_WHI_NATURAL has LABL_PTR_1 = 'Mantissa' which is not a variable in dataset.
  Exponent__C3_CP_WHI_NATURAL: C3_CP_WHI_NATURAL/Exponent__C3_CP_WHI_NATURAL has LABL_PTR_1 = 'Exponent' which is not a variable in dataset.
C3_CP_WHI_PASSIVE_ACTIVE | CDF.PtrReference.Invalid:
  Delta__C3_CP_WHI_PASSIVE_ACTIVE: C3_CP_WHI_PASSIVE_ACTIVE/Delta__C3_CP_WHI_PASSIVE_ACTIVE has LABL_PTR_1 = 'Delta' which is not a variable in dataset.
  Receiving_Antenna__C3_CP_WHI_PASSIVE_ACTIVE: C3_CP_WHI_PASSIVE_ACTIVE/Receiving_Antenna__C3_CP_WHI_PASSIVE_ACTIVE has LABL_PTR_1 = 'Receiving_Antenna' which is not a variable in dataset.
  Table_Number__C3_CP_WHI_PASSIVE_ACTIVE: C3_CP_WHI_PASSIVE_ACTIVE/Table_Number__C3_CP_WHI_PASSIVE_ACTIVE has LABL_PTR_1 = 'Table_Number' which is not a variable in dataset.
  Sounding_Interval__C3_CP_WHI_PASSIVE_ACTIVE: C3_CP_WHI_PASSIVE_ACTIVE/Sounding_Interval__C3_CP_WHI_PASSIVE_ACTIVE has LABL_PTR_1 = 'Sounding_Interval' which is not a variable in dataset.
  Passive_Active_Delay__C3_CP_WHI_PASSIVE_ACTIVE: C3_CP_WHI_PASSIVE_ACTIVE/Passive_Active_Delay__C3_CP_WHI_PASSIVE_ACTIVE has LABL_PTR_1 = 'Passive/Active_Delay' which is not a variable in dataset.
  Gain_Change_Number__C3_CP_WHI_PASSIVE_ACTIVE: C3_CP_WHI_PASSIVE_ACTIVE/Gain_Change_Number__C3_CP_WHI_PASSIVE_ACTIVE has LABL_PTR_1 = 'Gain_Change_Number' which is not a variable in dataset.
  Mantissa__C3_CP_WHI_PASSIVE_ACTIVE: C3_CP_WHI_PASSIVE_ACTIVE/Mantissa__C3_CP_WHI_PASSIVE_ACTIVE has LABL_PTR_1 = 'Mantissa' which is not a variable in dataset.
  Exponent__C3_CP_WHI_PASSIVE_ACTIVE: C3_CP_WHI_PASSIVE_ACTIVE/Exponent__C3_CP_WHI_PASSIVE_ACTIVE has LABL_PTR_1 = 'Exponent' which is not a variable in dataset.
C3_CP_WHI_WAVE_FORM_ENERGY | CDF.PtrReference.Invalid:
  Delta__C3_CP_WHI_WAVE_FORM_ENERGY: C3_CP_WHI_WAVE_FORM_ENERGY/Delta__C3_CP_WHI_WAVE_FORM_ENERGY has LABL_PTR_1 = 'Delta' which is not a variable in dataset.
  Electric_Wave_Form_Power_Density__C3_CP_WHI_WAVE_FORM_ENERGY: C3_CP_WHI_WAVE_FORM_ENERGY/Electric_Wave_Form_Power_Density__C3_CP_WHI_WAVE_FORM_ENERGY has LABL_PTR_1 = 'Energy_Value' which is not a variable in dataset.
  Spectrum_Code__C3_CP_WHI_WAVE_FORM_ENERGY: C3_CP_WHI_WAVE_FORM_ENERGY/Spectrum_Code__C3_CP_WHI_WAVE_FORM_ENERGY has LABL_PTR_1 = 'Presence_of_Spectrum_Code' which is not a variable in dataset.
  Average_Number__C3_CP_WHI_WAVE_FORM_ENERGY: C3_CP_WHI_WAVE_FORM_ENERGY/Average_Number__C3_CP_WHI_WAVE_FORM_ENERGY has LABL_PTR_1 = 'Average_Number' which is not a variable in dataset.
  OverFlow_Code__C3_CP_WHI_WAVE_FORM_ENERGY: C3_CP_WHI_WAVE_FORM_ENERGY/OverFlow_Code__C3_CP_WHI_WAVE_FORM_ENERGY has LABL_PTR_1 = 'Overflow_Code_Value' which is not a variable in dataset.
C4_CP_EFW_L3_E3D_INERT | CDF.PtrReference.Invalid:
  delta_Ez_ISR2__C4_CP_EFW_L3_E3D_INERT: C4_CP_EFW_L3_E3D_INERT/delta_Ez_ISR2__C4_CP_EFW_L3_E3D_INERT has LABL_PTR_1 = 'dEz' which is not a variable in dataset.
C4_CP_STA_CWF_GSE | CDF.PtrReference.Invalid:
  Status__C4_CP_STA_CWF_GSE: C4_CP_STA_CWF_GSE/Status__C4_CP_STA_CWF_GSE has LABL_PTR_1 = 'Status' which is not a variable in dataset.
  Phase_Angle__C4_CP_STA_CWF_GSE: C4_CP_STA_CWF_GSE/Phase_Angle__C4_CP_STA_CWF_GSE has LABL_PTR_1 = 'Phase Angle' which is not a variable in dataset.
C4_CP_STA_PPP | CDF.PtrReference.Invalid:
  Status__C4_CP_STA_PPP: C4_CP_STA_PPP/Status__C4_CP_STA_PPP has LABL_PTR_1 = 'Status' which is not a variable in dataset.
C4_CP_STA_PSD | CDF.PtrReference.Invalid:
  Status__C4_CP_STA_PSD: C4_CP_STA_PSD/Status__C4_CP_STA_PSD has LABL_PTR_1 = 'Status' which is not a variable in dataset.
C4_CP_STA_SM | CDF.PtrReference.Invalid:
  Status__C4_CP_STA_SM: C4_CP_STA_SM/Status__C4_CP_STA_SM has LABL_PTR_1 = 'Status' which is not a variable in dataset.
C4_CP_WHI_ACTIVE | CDF.PtrReference.Invalid:
  Delta__C4_CP_WHI_ACTIVE: C4_CP_WHI_ACTIVE/Delta__C4_CP_WHI_ACTIVE has LABL_PTR_1 = 'Delta' which is not a variable in dataset.
  Receiving_Antenna__C4_CP_WHI_ACTIVE: C4_CP_WHI_ACTIVE/Receiving_Antenna__C4_CP_WHI_ACTIVE has LABL_PTR_1 = 'Receiving_Antenna' which is not a variable in dataset.
  Table_Number__C4_CP_WHI_ACTIVE: C4_CP_WHI_ACTIVE/Table_Number__C4_CP_WHI_ACTIVE has LABL_PTR_1 = 'Table_Number' which is not a variable in dataset.
  Sounding_Interval__C4_CP_WHI_ACTIVE: C4_CP_WHI_ACTIVE/Sounding_Interval__C4_CP_WHI_ACTIVE has LABL_PTR_1 = 'Sounding_Interval' which is not a variable in dataset.
  Emission_Reception_Delay__C4_CP_WHI_ACTIVE: C4_CP_WHI_ACTIVE/Emission_Reception_Delay__C4_CP_WHI_ACTIVE has LABL_PTR_1 = 'Emission/Reception_Delay' which is not a variable in dataset.
  Gain_Change_Number__C4_CP_WHI_ACTIVE: C4_CP_WHI_ACTIVE/Gain_Change_Number__C4_CP_WHI_ACTIVE has LABL_PTR_1 = 'Gain_Change_Number' which is not a variable in dataset.
  Mantissa__C4_CP_WHI_ACTIVE: C4_CP_WHI_ACTIVE/Mantissa__C4_CP_WHI_ACTIVE has LABL_PTR_1 = 'Mantissa' which is not a variable in dataset.
  Exponent__C4_CP_WHI_ACTIVE: C4_CP_WHI_ACTIVE/Exponent__C4_CP_WHI_ACTIVE has LABL_PTR_1 = 'Exponent' which is not a variable in dataset.
C4_CP_WHI_NATURAL | CDF.PtrReference.Invalid:
  Delta__C4_CP_WHI_NATURAL: C4_CP_WHI_NATURAL/Delta__C4_CP_WHI_NATURAL has LABL_PTR_1 = 'Delta' which is not a variable in dataset.
  fft_size__C4_CP_WHI_NATURAL: C4_CP_WHI_NATURAL/fft_size__C4_CP_WHI_NATURAL has LABL_PTR_1 = 'Fast_Fourier_Transform_Size' which is not a variable in dataset.
  Receiving_Antenna__C4_CP_WHI_NATURAL: C4_CP_WHI_NATURAL/Receiving_Antenna__C4_CP_WHI_NATURAL has LABL_PTR_1 = 'Receiving_Antenna' which is not a variable in dataset.
  Overflow_Code__C4_CP_WHI_NATURAL: C4_CP_WHI_NATURAL/Overflow_Code__C4_CP_WHI_NATURAL has LABL_PTR_1 = 'Overflow_Code_Value' which is not a variable in dataset.
  Average_Number__C4_CP_WHI_NATURAL: C4_CP_WHI_NATURAL/Average_Number__C4_CP_WHI_NATURAL has LABL_PTR_1 = 'Average_Number' which is not a variable in dataset.
  Gain_Change_Number__C4_CP_WHI_NATURAL: C4_CP_WHI_NATURAL/Gain_Change_Number__C4_CP_WHI_NATURAL has LABL_PTR_1 = 'Gain_Change_Number' which is not a variable in dataset.
  Mantissa__C4_CP_WHI_NATURAL: C4_CP_WHI_NATURAL/Mantissa__C4_CP_WHI_NATURAL has LABL_PTR_1 = 'Mantissa' which is not a variable in dataset.
  Exponent__C4_CP_WHI_NATURAL: C4_CP_WHI_NATURAL/Exponent__C4_CP_WHI_NATURAL has LABL_PTR_1 = 'Exponent' which is not a variable in dataset.
C4_CP_WHI_PASSIVE_ACTIVE | CDF.PtrReference.Invalid:
  Delta__C4_CP_WHI_PASSIVE_ACTIVE: C4_CP_WHI_PASSIVE_ACTIVE/Delta__C4_CP_WHI_PASSIVE_ACTIVE has LABL_PTR_1 = 'Delta' which is not a variable in dataset.
  Receiving_Antenna__C4_CP_WHI_PASSIVE_ACTIVE: C4_CP_WHI_PASSIVE_ACTIVE/Receiving_Antenna__C4_CP_WHI_PASSIVE_ACTIVE has LABL_PTR_1 = 'Receiving_Antenna' which is not a variable in dataset.
  Table_Number__C4_CP_WHI_PASSIVE_ACTIVE: C4_CP_WHI_PASSIVE_ACTIVE/Table_Number__C4_CP_WHI_PASSIVE_ACTIVE has LABL_PTR_1 = 'Table_Number' which is not a variable in dataset.
  Sounding_Interval__C4_CP_WHI_PASSIVE_ACTIVE: C4_CP_WHI_PASSIVE_ACTIVE/Sounding_Interval__C4_CP_WHI_PASSIVE_ACTIVE has LABL_PTR_1 = 'Sounding_Interval' which is not a variable in dataset.
  Passive_Active_Delay__C4_CP_WHI_PASSIVE_ACTIVE: C4_CP_WHI_PASSIVE_ACTIVE/Passive_Active_Delay__C4_CP_WHI_PASSIVE_ACTIVE has LABL_PTR_1 = 'Passive/Active_Delay' which is not a variable in dataset.
  Gain_Change_Number__C4_CP_WHI_PASSIVE_ACTIVE: C4_CP_WHI_PASSIVE_ACTIVE/Gain_Change_Number__C4_CP_WHI_PASSIVE_ACTIVE has LABL_PTR_1 = 'Gain_Change_Number' which is not a variable in dataset.
  Mantissa__C4_CP_WHI_PASSIVE_ACTIVE: C4_CP_WHI_PASSIVE_ACTIVE/Mantissa__C4_CP_WHI_PASSIVE_ACTIVE has LABL_PTR_1 = 'Mantissa' which is not a variable in dataset.
  Exponent__C4_CP_WHI_PASSIVE_ACTIVE: C4_CP_WHI_PASSIVE_ACTIVE/Exponent__C4_CP_WHI_PASSIVE_ACTIVE has LABL_PTR_1 = 'Exponent' which is not a variable in dataset.
C4_CP_WHI_WAVE_FORM_ENERGY | CDF.PtrReference.Invalid:
  Delta__C4_CP_WHI_WAVE_FORM_ENERGY: C4_CP_WHI_WAVE_FORM_ENERGY/Delta__C4_CP_WHI_WAVE_FORM_ENERGY has LABL_PTR_1 = 'Delta' which is not a variable in dataset.
  Electric_Wave_Form_Power_Density__C4_CP_WHI_WAVE_FORM_ENERGY: C4_CP_WHI_WAVE_FORM_ENERGY/Electric_Wave_Form_Power_Density__C4_CP_WHI_WAVE_FORM_ENERGY has LABL_PTR_1 = 'Energy_Value' which is not a variable in dataset.
  Spectrum_Code__C4_CP_WHI_WAVE_FORM_ENERGY: C4_CP_WHI_WAVE_FORM_ENERGY/Spectrum_Code__C4_CP_WHI_WAVE_FORM_ENERGY has LABL_PTR_1 = 'Presence_of_Spectrum_Code' which is not a variable in dataset.
  Average_Number__C4_CP_WHI_WAVE_FORM_ENERGY: C4_CP_WHI_WAVE_FORM_ENERGY/Average_Number__C4_CP_WHI_WAVE_FORM_ENERGY has LABL_PTR_1 = 'Average_Number' which is not a variable in dataset.
  OverFlow_Code__C4_CP_WHI_WAVE_FORM_ENERGY: C4_CP_WHI_WAVE_FORM_ENERGY/OverFlow_Code__C4_CP_WHI_WAVE_FORM_ENERGY has LABL_PTR_1 = 'Overflow_Code_Value' which is not a variable in dataset.
ERG_LEPI_L2_OMNIFLUX | CDF.PtrReference.Invalid:
  FPDO: ERG_LEPI_L2_OMNIFLUX/FPDO has DEPEND_1 = 'FPDO_Energy' which is not a variable in dataset because it was removed due to an error.
  FPDO_T: ERG_LEPI_L2_OMNIFLUX/FPDO_T has DEPEND_1 = 'FPDO_Energy' which is not a variable in dataset because it was removed due to an error.
  FHEDO: ERG_LEPI_L2_OMNIFLUX/FHEDO has DEPEND_1 = 'FHEDO_Energy' which is not a variable in dataset because it was removed due to an error.
  FHEDO_T: ERG_LEPI_L2_OMNIFLUX/FHEDO_T has DEPEND_1 = 'FHEDO_Energy' which is not a variable in dataset because it was removed due to an error.
  FODO: ERG_LEPI_L2_OMNIFLUX/FODO has DEPEND_1 = 'FODO_Energy' which is not a variable in dataset because it was removed due to an error.
  FODO_T: ERG_LEPI_L2_OMNIFLUX/FODO_T has DEPEND_1 = 'FODO_Energy' which is not a variable in dataset because it was removed due to an error.
ERG_MEPE_L2_3DFLUX | CDF.PtrReference.Invalid:
  FEDU: ERG_MEPE_L2_3DFLUX/FEDU has DEPEND_2 = 'FEDU_Energy' which is not a variable in dataset because it was removed due to an error.
  FEDU_n: ERG_MEPE_L2_3DFLUX/FEDU_n has DEPEND_2 = 'FEDU_Energy' which is not a variable in dataset because it was removed due to an error.
  FEEDU: ERG_MEPE_L2_3DFLUX/FEEDU has DEPEND_2 = 'FEDU_Energy' which is not a variable in dataset because it was removed due to an error.
  count_raw: ERG_MEPE_L2_3DFLUX/count_raw has DEPEND_2 = 'FEDU_Energy' which is not a variable in dataset because it was removed due to an error.
  FEDU_quality_index: ERG_MEPE_L2_3DFLUX/FEDU_quality_index has DEPEND_2 = 'FEDU_Energy' which is not a variable in dataset because it was removed due to an error.
ERG_MEPE_L2_OMNIFLUX | CDF.PtrReference.Invalid:
  FEDO: ERG_MEPE_L2_OMNIFLUX/FEDO has DEPEND_1 = 'FEDO_Energy' which is not a variable in dataset because it was removed due to an error.
  FEDO_T: ERG_MEPE_L2_OMNIFLUX/FEDO_T has DEPEND_1 = 'FEDO_Energy' which is not a variable in dataset because it was removed due to an error.
ERG_PWE_HFA_L2_SPEC_LOW | CDF.PtrReference.Invalid:
  spectra_eu: ERG_PWE_HFA_L2_SPEC_LOW/spectra_eu has DEPEND_1 = 'freq_spec' which is not a variable in dataset because it was removed due to an error.
  spectra_ev: ERG_PWE_HFA_L2_SPEC_LOW/spectra_ev has DEPEND_1 = 'freq_spec' which is not a variable in dataset because it was removed due to an error.
  spectra_bgamma: ERG_PWE_HFA_L2_SPEC_LOW/spectra_bgamma has DEPEND_1 = 'freq_spec' which is not a variable in dataset because it was removed due to an error.
  spectra_esum: ERG_PWE_HFA_L2_SPEC_LOW/spectra_esum has DEPEND_1 = 'freq_spec' which is not a variable in dataset because it was removed due to an error.
  spectra_er: ERG_PWE_HFA_L2_SPEC_LOW/spectra_er has DEPEND_1 = 'freq_spec' which is not a variable in dataset because it was removed due to an error.
  spectra_el: ERG_PWE_HFA_L2_SPEC_LOW/spectra_el has DEPEND_1 = 'freq_spec' which is not a variable in dataset because it was removed due to an error.
  spectra_e_mix: ERG_PWE_HFA_L2_SPEC_LOW/spectra_e_mix has DEPEND_1 = 'freq_spec' which is not a variable in dataset because it was removed due to an error.
  spectra_e_ar: ERG_PWE_HFA_L2_SPEC_LOW/spectra_e_ar has DEPEND_1 = 'freq_spec' which is not a variable in dataset because it was removed due to an error.
  spectra_eu_ev: ERG_PWE_HFA_L2_SPEC_LOW/spectra_eu_ev has DEPEND_1 = 'freq_spec' which is not a variable in dataset because it was removed due to an error.
  spectra_eu_ev_d1: ERG_PWE_HFA_L2_SPEC_LOW/spectra_eu_ev_d1 has DEPEND_1 = 'freq_spec' which is not a variable in dataset because it was removed due to an error.
  spectra_eu_ev_d2: ERG_PWE_HFA_L2_SPEC_LOW/spectra_eu_ev_d2 has DEPEND_1 = 'freq_spec' which is not a variable in dataset because it was removed due to an error.
  spectra_eu_bg: ERG_PWE_HFA_L2_SPEC_LOW/spectra_eu_bg has DEPEND_1 = 'freq_spec' which is not a variable in dataset because it was removed due to an error.
  spectra_eu_bg_d1: ERG_PWE_HFA_L2_SPEC_LOW/spectra_eu_bg_d1 has DEPEND_1 = 'freq_spec' which is not a variable in dataset because it was removed due to an error.
  spectra_eu_bg_d2: ERG_PWE_HFA_L2_SPEC_LOW/spectra_eu_bg_d2 has DEPEND_1 = 'freq_spec' which is not a variable in dataset because it was removed due to an error.
  spectra_ev_bg: ERG_PWE_HFA_L2_SPEC_LOW/spectra_ev_bg has DEPEND_1 = 'freq_spec' which is not a variable in dataset because it was removed due to an error.
  spectra_ev_bg_d1: ERG_PWE_HFA_L2_SPEC_LOW/spectra_ev_bg_d1 has DEPEND_1 = 'freq_spec' which is not a variable in dataset because it was removed due to an error.
  spectra_ev_bg_d2: ERG_PWE_HFA_L2_SPEC_LOW/spectra_ev_bg_d2 has DEPEND_1 = 'freq_spec' which is not a variable in dataset because it was removed due to an error.
ERG_PWE_HFA_L2_SPEC_MONIT | CDF.PtrReference.Invalid:
  spectra_eu: ERG_PWE_HFA_L2_SPEC_MONIT/spectra_eu has DEPEND_1 = 'freq_spec' which is not a variable in dataset because it was removed due to an error.
  spectra_ev: ERG_PWE_HFA_L2_SPEC_MONIT/spectra_ev has DEPEND_1 = 'freq_spec' which is not a variable in dataset because it was removed due to an error.
  spectra_bgamma: ERG_PWE_HFA_L2_SPEC_MONIT/spectra_bgamma has DEPEND_1 = 'freq_spec' which is not a variable in dataset because it was removed due to an error.
  spectra_esum: ERG_PWE_HFA_L2_SPEC_MONIT/spectra_esum has DEPEND_1 = 'freq_spec' which is not a variable in dataset because it was removed due to an error.
  spectra_er: ERG_PWE_HFA_L2_SPEC_MONIT/spectra_er has DEPEND_1 = 'freq_spec' which is not a variable in dataset because it was removed due to an error.
  spectra_el: ERG_PWE_HFA_L2_SPEC_MONIT/spectra_el has DEPEND_1 = 'freq_spec' which is not a variable in dataset because it was removed due to an error.
  spectra_e_mix: ERG_PWE_HFA_L2_SPEC_MONIT/spectra_e_mix has DEPEND_1 = 'freq_spec' which is not a variable in dataset because it was removed due to an error.
  spectra_e_ar: ERG_PWE_HFA_L2_SPEC_MONIT/spectra_e_ar has DEPEND_1 = 'freq_spec' which is not a variable in dataset because it was removed due to an error.
  spectra_eu_ev: ERG_PWE_HFA_L2_SPEC_MONIT/spectra_eu_ev has DEPEND_1 = 'freq_spec' which is not a variable in dataset because it was removed due to an error.
  spectra_eu_ev_d1: ERG_PWE_HFA_L2_SPEC_MONIT/spectra_eu_ev_d1 has DEPEND_1 = 'freq_spec' which is not a variable in dataset because it was removed due to an error.
  spectra_eu_ev_d2: ERG_PWE_HFA_L2_SPEC_MONIT/spectra_eu_ev_d2 has DEPEND_1 = 'freq_spec' which is not a variable in dataset because it was removed due to an error.
  spectra_eu_bg: ERG_PWE_HFA_L2_SPEC_MONIT/spectra_eu_bg has DEPEND_1 = 'freq_spec' which is not a variable in dataset because it was removed due to an error.
  spectra_eu_bg_d1: ERG_PWE_HFA_L2_SPEC_MONIT/spectra_eu_bg_d1 has DEPEND_1 = 'freq_spec' which is not a variable in dataset because it was removed due to an error.
  spectra_eu_bg_d2: ERG_PWE_HFA_L2_SPEC_MONIT/spectra_eu_bg_d2 has DEPEND_1 = 'freq_spec' which is not a variable in dataset because it was removed due to an error.
  spectra_ev_bg: ERG_PWE_HFA_L2_SPEC_MONIT/spectra_ev_bg has DEPEND_1 = 'freq_spec' which is not a variable in dataset because it was removed due to an error.
  spectra_ev_bg_d1: ERG_PWE_HFA_L2_SPEC_MONIT/spectra_ev_bg_d1 has DEPEND_1 = 'freq_spec' which is not a variable in dataset because it was removed due to an error.
  spectra_ev_bg_d2: ERG_PWE_HFA_L2_SPEC_MONIT/spectra_ev_bg_d2 has DEPEND_1 = 'freq_spec' which is not a variable in dataset because it was removed due to an error.
ERG_PWE_OFA_L2_SPEC | CDF.PtrReference.Invalid:
  E_spectra_132: ERG_PWE_OFA_L2_SPEC/E_spectra_132 has DEPEND_1 = 'freq_e132' which is not a variable in dataset because it was removed due to an error.
  B_spectra_132: ERG_PWE_OFA_L2_SPEC/B_spectra_132 has DEPEND_1 = 'freq_b132' which is not a variable in dataset because it was removed due to an error.
GE_SW_CPI | CDF.PtrReference.Invalid:
  energy_resolution: GE_SW_CPI/energy_resolution has DEPEND_1 = 'Energy Resolution' which is not a variable in dataset.
  geometric_factor: GE_SW_CPI/geometric_factor has DEPEND_1 = 'Geometric Factor' which is not a variable in dataset.
IBEX_H3_ENA_HI_R12_MAGNETOSPHERE_24MIN | CDF.PtrReference.Invalid:
  Spin_Angle_Bin: IBEX_H3_ENA_HI_R12_MAGNETOSPHERE_24MIN/Spin_Angle_Bin has LABL_PTR_1 = 'Spin Angle' which is not a variable in dataset.
IBEX_H3_ENA_LO_R03_ANGULAR_ANALYSIS_7DAY | CDF.PtrReference.Invalid:
  Bin_Number: IBEX_H3_ENA_LO_R03_ANGULAR_ANALYSIS_7DAY/Bin_Number has LABL_PTR_1 = 'Latitude' which is not a variable in dataset.
IBEX_H3_ENA_LO_R03_CT_RATE_ANALYSIS_7DAY | CDF.PtrReference.Invalid:
  Bin_Number: IBEX_H3_ENA_LO_R03_CT_RATE_ANALYSIS_7DAY/Bin_Number has LABL_PTR_1 = 'Latitude' which is not a variable in dataset.
IBEX_H3_ENA_LO_R06_SCHWADRON-H | CDF.PtrReference.Invalid:
  iSector_Bin: IBEX_H3_ENA_LO_R06_SCHWADRON-H/iSector_Bin has LABL_PTR_1 = 'Spin Angle' which is not a variable in dataset.
IBEX_H3_ENA_LO_R06_SCHWADRON-HE | CDF.PtrReference.Invalid:
  Spin_Angle_Bin: IBEX_H3_ENA_LO_R06_SCHWADRON-HE/Spin_Angle_Bin has LABL_PTR_1 = 'Spin Angle' which is not a variable in dataset.
IBEX_H3_ENA_LO_R09_HEIRTZLER-H_7DAY | CDF.PtrReference.Invalid:
  Spin_Angle_Bin: IBEX_H3_ENA_LO_R09_HEIRTZLER-H_7DAY/Spin_Angle_Bin has LABL_PTR_1 = 'Spin Angle' which is not a variable in dataset.
ICON_L2-1_MIGHTI-A_LOS-WIND-GREEN | CDF.PtrReference.Invalid:
  ICON_L21_Zero_Wind_Phase: ICON_L2-1_MIGHTI-A_LOS-WIND-GREEN/ICON_L21_Zero_Wind_Phase has DEPEND_1 = 'Row' which is not a variable in dataset.
ICON_L2-1_MIGHTI-B_LOS-WIND-GREEN | CDF.PtrReference.Invalid:
  ICON_L21_Zero_Wind_Phase: ICON_L2-1_MIGHTI-B_LOS-WIND-GREEN/ICON_L21_Zero_Wind_Phase has DEPEND_1 = 'Row' which is not a variable in dataset.
ICON_L2-1_MIGHTI-B_LOS-WIND-RED | CDF.PtrReference.Invalid:
  ICON_L21_Zero_Wind_Phase: ICON_L2-1_MIGHTI-B_LOS-WIND-RED/ICON_L21_Zero_Wind_Phase has DEPEND_1 = 'Row' which is not a variable in dataset.
ICON_L2-4_FUV_DAY | CDF.PtrReference.Invalid:
  ICON_L24_Disk_Retrieval_Flags: ICON_L2-4_FUV_DAY/ICON_L24_Disk_Retrieval_Flags has DEPEND_1 = 'Flag' which is not a variable in dataset.
  ICON_L24_Limb_Retrieval_Flags: ICON_L2-4_FUV_DAY/ICON_L24_Limb_Retrieval_Flags has DEPEND_1 = 'Flag' which is not a variable in dataset.
  ICON_L24_Model_Covariance:
    ICON_L2-4_FUV_DAY/ICON_L24_Model_Covariance has DEPEND_1 = 'Model0' which is not a variable in dataset.
    ICON_L2-4_FUV_DAY/ICON_L24_Model_Covariance has DEPEND_2 = 'Model' which is not a variable in dataset.
  ICON_L24_Model_Disk_Flags: ICON_L2-4_FUV_DAY/ICON_L24_Model_Disk_Flags has DEPEND_1 = 'Flag' which is not a variable in dataset.
  ICON_L24_Model_Lower_Limit: ICON_L2-4_FUV_DAY/ICON_L24_Model_Lower_Limit has DEPEND_1 = 'Model' which is not a variable in dataset.
  ICON_L24_Model_Upper_Limit: ICON_L2-4_FUV_DAY/ICON_L24_Model_Upper_Limit has DEPEND_1 = 'Model' which is not a variable in dataset.
ICON_L2-4_FUV_DAY-LIMB | CDF.PtrReference.Invalid:
  ICON_L24_Input_Altitude: ICON_L2-4_FUV_DAY-LIMB/ICON_L24_Input_Altitude has DEPEND_1 = 'Data' which is not a variable in dataset.
  ICON_L24_Input_Corrected_LW_L1_Radiance: ICON_L2-4_FUV_DAY-LIMB/ICON_L24_Input_Corrected_LW_L1_Radiance has DEPEND_1 = 'Data' which is not a variable in dataset.
  ICON_L24_Input_Corrected_SW_L1_Radiance: ICON_L2-4_FUV_DAY-LIMB/ICON_L24_Input_Corrected_SW_L1_Radiance has DEPEND_1 = 'Data' which is not a variable in dataset.
  ICON_L24_Input_Look_Azimuth_Angle: ICON_L2-4_FUV_DAY-LIMB/ICON_L24_Input_Look_Azimuth_Angle has DEPEND_1 = 'Data' which is not a variable in dataset.
  ICON_L24_Input_Look_Zenith_Angle: ICON_L2-4_FUV_DAY-LIMB/ICON_L24_Input_Look_Zenith_Angle has DEPEND_1 = 'Data' which is not a variable in dataset.
  ICON_L24_Input_Uncorrected_LW_L1_Radiance: ICON_L2-4_FUV_DAY-LIMB/ICON_L24_Input_Uncorrected_LW_L1_Radiance has DEPEND_1 = 'Data' which is not a variable in dataset.
  ICON_L24_Input_Uncorrected_SW_L1_Radiance: ICON_L2-4_FUV_DAY-LIMB/ICON_L24_Input_Uncorrected_SW_L1_Radiance has DEPEND_1 = 'Data' which is not a variable in dataset.
  ICON_L24_Limb_Retrieval_Flags: ICON_L2-4_FUV_DAY-LIMB/ICON_L24_Limb_Retrieval_Flags has DEPEND_1 = 'Flag' which is not a variable in dataset.
  ICON_L24_Model_Flags: ICON_L2-4_FUV_DAY-LIMB/ICON_L24_Model_Flags has DEPEND_1 = 'Flag' which is not a variable in dataset.
ICON_L2-6_EUV | CDF.PtrReference.Invalid:
  ICON_L26_Altitude: ICON_L2-6_EUV/ICON_L26_Altitude has DEPEND_1 = 'altitude' which is not a variable in dataset.
  ICON_L26_Input_Altitude: ICON_L2-6_EUV/ICON_L26_Input_Altitude has DEPEND_1 = 'Data' which is not a variable in dataset.
  ICON_L26_Input_Covariance_617: ICON_L2-6_EUV/ICON_L26_Input_Covariance_617 has DEPEND_1 = 'Data' which is not a variable in dataset.
  ICON_L26_Input_Covariance_834: ICON_L2-6_EUV/ICON_L26_Input_Covariance_834 has DEPEND_1 = 'Data' which is not a variable in dataset.
  ICON_L26_Input_Radiance_617: ICON_L2-6_EUV/ICON_L26_Input_Radiance_617 has DEPEND_1 = 'Data' which is not a variable in dataset.
  ICON_L26_Input_Radiance_834: ICON_L2-6_EUV/ICON_L26_Input_Radiance_834 has DEPEND_1 = 'Data' which is not a variable in dataset.
  ICON_L26_Radiance_617: ICON_L2-6_EUV/ICON_L26_Radiance_617 has DEPEND_1 = 'Data' which is not a variable in dataset.
  ICON_L26_Radiance_834: ICON_L2-6_EUV/ICON_L26_Radiance_834 has DEPEND_1 = 'Data' which is not a variable in dataset.
MMS1_EDI_BRST_L2_AMB-PM2 | CDF.PtrReference.Invalid:
  mms1_edi_traj1_gsm_0_brst_l2: MMS1_EDI_BRST_L2_AMB-PM2/mms1_edi_traj1_gsm_0_brst_l2 has LABL_PTR_1 = 'mms1_edi_traj1_gsm_0_labl_brst_l2' which is not a variable in dataset.
  mms1_edi_traj1_gsm_180_brst_l2: MMS1_EDI_BRST_L2_AMB-PM2/mms1_edi_traj1_gsm_180_brst_l2 has LABL_PTR_1 = 'mms1_edi_traj1_gsm_180_labl_brst_l2' which is not a variable in dataset.
MMS1_EPD-EIS_SRVY_L2_EXTOF | CDF.PtrReference.Invalid:
  mms1_epd_eis_srvy_l2_extof_proton_P4_flux_t3: MMS1_EPD-EIS_SRVY_L2_EXTOF/mms1_epd_eis_srvy_l2_extof_proton_P4_flux_t3 has LABL_PTR_1 = 'mms1_epd_eis_srvy_l2_extof_proton_P4_flux_t3_channel_names' which is not a variable in dataset.
  mms1_epd_eis_srvy_l2_extof_proton_P3_flux_t3: MMS1_EPD-EIS_SRVY_L2_EXTOF/mms1_epd_eis_srvy_l2_extof_proton_P3_flux_t3 has LABL_PTR_1 = 'mms1_epd_eis_srvy_l2_extof_proton_P3_flux_t3_channel_names' which is not a variable in dataset.
MMS2_EDI_BRST_L2_AMB-PM2 | CDF.PtrReference.Invalid:
  mms2_edi_traj1_gsm_0_brst_l2: MMS2_EDI_BRST_L2_AMB-PM2/mms2_edi_traj1_gsm_0_brst_l2 has LABL_PTR_1 = 'mms2_edi_traj1_gsm_0_labl_brst_l2' which is not a variable in dataset.
  mms2_edi_traj1_gsm_180_brst_l2: MMS2_EDI_BRST_L2_AMB-PM2/mms2_edi_traj1_gsm_180_brst_l2 has LABL_PTR_1 = 'mms2_edi_traj1_gsm_180_labl_brst_l2' which is not a variable in dataset.
MMS2_EPD-EIS_SRVY_L2_EXTOF | CDF.PtrReference.Invalid:
  mms2_epd_eis_srvy_l2_extof_proton_P4_flux_t3: MMS2_EPD-EIS_SRVY_L2_EXTOF/mms2_epd_eis_srvy_l2_extof_proton_P4_flux_t3 has LABL_PTR_1 = 'mms2_epd_eis_srvy_l2_extof_proton_P4_flux_t3_channel_names' which is not a variable in dataset.
  mms2_epd_eis_srvy_l2_extof_proton_P3_flux_t3: MMS2_EPD-EIS_SRVY_L2_EXTOF/mms2_epd_eis_srvy_l2_extof_proton_P3_flux_t3 has LABL_PTR_1 = 'mms2_epd_eis_srvy_l2_extof_proton_P3_flux_t3_channel_names' which is not a variable in dataset.
MMS3_EDI_BRST_L2_AMB-PM2 | CDF.PtrReference.Invalid:
  mms3_edi_traj1_gsm_0_brst_l2: MMS3_EDI_BRST_L2_AMB-PM2/mms3_edi_traj1_gsm_0_brst_l2 has LABL_PTR_1 = 'mms3_edi_traj1_gsm_0_labl_brst_l2' which is not a variable in dataset.
  mms3_edi_traj1_gsm_180_brst_l2: MMS3_EDI_BRST_L2_AMB-PM2/mms3_edi_traj1_gsm_180_brst_l2 has LABL_PTR_1 = 'mms3_edi_traj1_gsm_180_labl_brst_l2' which is not a variable in dataset.
MMS3_EPD-EIS_SRVY_L2_EXTOF | CDF.PtrReference.Invalid:
  mms3_epd_eis_srvy_l2_extof_proton_P4_flux_t3: MMS3_EPD-EIS_SRVY_L2_EXTOF/mms3_epd_eis_srvy_l2_extof_proton_P4_flux_t3 has LABL_PTR_1 = 'mms3_epd_eis_srvy_l2_extof_proton_P4_flux_t3_channel_names' which is not a variable in dataset.
  mms3_epd_eis_srvy_l2_extof_proton_P3_flux_t3: MMS3_EPD-EIS_SRVY_L2_EXTOF/mms3_epd_eis_srvy_l2_extof_proton_P3_flux_t3 has LABL_PTR_1 = 'mms3_epd_eis_srvy_l2_extof_proton_P3_flux_t3_channel_names' which is not a variable in dataset.
MMS4_EDI_BRST_L2_AMB-PM2 | CDF.PtrReference.Invalid:
  mms4_edi_traj1_gsm_0_brst_l2: MMS4_EDI_BRST_L2_AMB-PM2/mms4_edi_traj1_gsm_0_brst_l2 has LABL_PTR_1 = 'mms4_edi_traj1_gsm_0_labl_brst_l2' which is not a variable in dataset.
  mms4_edi_traj1_gsm_180_brst_l2: MMS4_EDI_BRST_L2_AMB-PM2/mms4_edi_traj1_gsm_180_brst_l2 has LABL_PTR_1 = 'mms4_edi_traj1_gsm_180_labl_brst_l2' which is not a variable in dataset.
MMS4_EPD-EIS_SRVY_L2_EXTOF | CDF.PtrReference.Invalid:
  mms4_epd_eis_srvy_l2_extof_proton_P4_flux_t3: MMS4_EPD-EIS_SRVY_L2_EXTOF/mms4_epd_eis_srvy_l2_extof_proton_P4_flux_t3 has LABL_PTR_1 = 'mms4_epd_eis_srvy_l2_extof_proton_P4_flux_t3_channel_names' which is not a variable in dataset.
  mms4_epd_eis_srvy_l2_extof_proton_P3_flux_t3: MMS4_EPD-EIS_SRVY_L2_EXTOF/mms4_epd_eis_srvy_l2_extof_proton_P3_flux_t3 has LABL_PTR_1 = 'mms4_epd_eis_srvy_l2_extof_proton_P3_flux_t3_channel_names' which is not a variable in dataset.
MVN_SWI_L2_ONBOARDSVYSPEC | CDF.PtrReference.Invalid:
  spectra_diff_en_fluxes_stack: MVN_SWI_L2_ONBOARDSVYSPEC/spectra_diff_en_fluxes_stack has LABL_PTR_1 = 'en_label' which is not a variable in dataset.
PO_H0_PWI | CDF.PtrReference.Invalid:
  Time_PB5: PO_H0_PWI/Time_PB5 has DEPEND_1 = 'unit_time' which is not a variable in dataset.
PO_H2_TIM | CDF.PtrReference.Invalid:
  H_spins: PO_H2_TIM/H_spins has DEPEND_1 = 'mass' which is not a variable in dataset.
  O_spins: PO_H2_TIM/O_spins has DEPEND_1 = 'mass' which is not a variable in dataset.
  He1_spins: PO_H2_TIM/He1_spins has DEPEND_1 = 'mass' which is not a variable in dataset.
  He2_spins: PO_H2_TIM/He2_spins has DEPEND_1 = 'mass' which is not a variable in dataset.
PSP_ISOIS-EPILO_L2-IC | CDF.PtrReference.Invalid:
  H_CountRate_ChanP_avg: PSP_ISOIS-EPILO_L2-IC/H_CountRate_ChanP_avg has DEPEND_1 = 'H_ChanP_Energy_SLICE' which is not a variable in dataset because it was removed due to an error.
  H_Flux_ChanP_avg: PSP_ISOIS-EPILO_L2-IC/H_Flux_ChanP_avg has DEPEND_1 = 'H_ChanP_Energy_SLICE' which is not a variable in dataset because it was removed due to an error.
  H_ChanP_Energy_LABL: PSP_ISOIS-EPILO_L2-IC/H_ChanP_Energy_LABL has DEPEND_2 = 'H_ChanP_Energy' which is not a variable in dataset because it was removed due to an error.
  H_CountRate_ChanR_avg: PSP_ISOIS-EPILO_L2-IC/H_CountRate_ChanR_avg has DEPEND_1 = 'H_ChanR_Energy_SLICE' which is not a variable in dataset because it was removed due to an error.
  H_Flux_ChanR_avg: PSP_ISOIS-EPILO_L2-IC/H_Flux_ChanR_avg has DEPEND_1 = 'H_ChanR_Energy_SLICE' which is not a variable in dataset because it was removed due to an error.
  H_ChanR_Energy_LABL: PSP_ISOIS-EPILO_L2-IC/H_ChanR_Energy_LABL has DEPEND_2 = 'H_ChanR_Energy' which is not a variable in dataset because it was removed due to an error.
  H_CountRate_ChanT_avg: PSP_ISOIS-EPILO_L2-IC/H_CountRate_ChanT_avg has DEPEND_1 = 'H_ChanT_Energy_SLICE' which is not a variable in dataset because it was removed due to an error.
  H_Flux_ChanT_avg: PSP_ISOIS-EPILO_L2-IC/H_Flux_ChanT_avg has DEPEND_1 = 'H_ChanT_Energy_SLICE' which is not a variable in dataset because it was removed due to an error.
  H_ChanT_Energy_LABL: PSP_ISOIS-EPILO_L2-IC/H_ChanT_Energy_LABL has DEPEND_2 = 'H_ChanT_Energy' which is not a variable in dataset because it was removed due to an error.
  He3_CountRate_ChanC_avg: PSP_ISOIS-EPILO_L2-IC/He3_CountRate_ChanC_avg has DEPEND_1 = 'He3_ChanC_Energy_SLICE' which is not a variable in dataset because it was removed due to an error.
  He3_ChanC_Energy_LABL: PSP_ISOIS-EPILO_L2-IC/He3_ChanC_Energy_LABL has DEPEND_2 = 'He3_ChanC_Energy' which is not a variable in dataset because it was removed due to an error.
  He4_CountRate_ChanC_avg: PSP_ISOIS-EPILO_L2-IC/He4_CountRate_ChanC_avg has DEPEND_1 = 'He4_ChanC_Energy_SLICE' which is not a variable in dataset because it was removed due to an error.
  He4_Flux_ChanC_avg: PSP_ISOIS-EPILO_L2-IC/He4_Flux_ChanC_avg has DEPEND_1 = 'He4_ChanC_Energy_SLICE' which is not a variable in dataset because it was removed due to an error.
  He4_Flux_ChanC_DELTA: PSP_ISOIS-EPILO_L2-IC/He4_Flux_ChanC_DELTA has DEPEND_2 = 'He4_ChanC_Energy' which is not a variable in dataset because it was removed due to an error.
  He4_Flux_ChanC_DELTA_SLICE: PSP_ISOIS-EPILO_L2-IC/He4_Flux_ChanC_DELTA_SLICE has DEPEND_1 = 'He4_ChanC_Energy_SLICE' which is not a variable in dataset because it was removed due to an error.
  He4_ChanC_Energy_LABL: PSP_ISOIS-EPILO_L2-IC/He4_ChanC_Energy_LABL has DEPEND_2 = 'He4_ChanC_Energy' which is not a variable in dataset because it was removed due to an error.
  Fe_CountRate_ChanC_avg: PSP_ISOIS-EPILO_L2-IC/Fe_CountRate_ChanC_avg has DEPEND_1 = 'Fe_ChanC_Energy_SLICE' which is not a variable in dataset because it was removed due to an error.
  Fe_ChanC_Energy_LABL: PSP_ISOIS-EPILO_L2-IC/Fe_ChanC_Energy_LABL has DEPEND_2 = 'Fe_ChanC_Energy' which is not a variable in dataset because it was removed due to an error.
  Mg_CountRate_ChanD_avg: PSP_ISOIS-EPILO_L2-IC/Mg_CountRate_ChanD_avg has DEPEND_1 = 'Mg_ChanD_Energy_SLICE' which is not a variable in dataset because it was removed due to an error.
  Mg_ChanD_Energy_LABL: PSP_ISOIS-EPILO_L2-IC/Mg_ChanD_Energy_LABL has DEPEND_2 = 'Mg_ChanD_Energy' which is not a variable in dataset because it was removed due to an error.
  C_CountRate_ChanD_avg: PSP_ISOIS-EPILO_L2-IC/C_CountRate_ChanD_avg has DEPEND_1 = 'C_ChanD_Energy_SLICE' which is not a variable in dataset because it was removed due to an error.
  C_ChanD_Energy_LABL: PSP_ISOIS-EPILO_L2-IC/C_ChanD_Energy_LABL has DEPEND_2 = 'C_ChanD_Energy' which is not a variable in dataset because it was removed due to an error.
  O_CountRate_ChanC_avg: PSP_ISOIS-EPILO_L2-IC/O_CountRate_ChanC_avg has DEPEND_1 = 'O_ChanC_Energy_SLICE' which is not a variable in dataset because it was removed due to an error.
  O_ChanC_Energy_LABL: PSP_ISOIS-EPILO_L2-IC/O_ChanC_Energy_LABL has DEPEND_2 = 'O_ChanC_Energy' which is not a variable in dataset because it was removed due to an error.
  Si_CountRate_ChanD_avg: PSP_ISOIS-EPILO_L2-IC/Si_CountRate_ChanD_avg has DEPEND_1 = 'Si_ChanD_Energy_SLICE' which is not a variable in dataset because it was removed due to an error.
  Si_ChanD_Energy_LABL: PSP_ISOIS-EPILO_L2-IC/Si_ChanD_Energy_LABL has DEPEND_2 = 'Si_ChanD_Energy' which is not a variable in dataset because it was removed due to an error.
  N_CountRate_ChanD_avg: PSP_ISOIS-EPILO_L2-IC/N_CountRate_ChanD_avg has DEPEND_1 = 'N_ChanD_Energy_SLICE' which is not a variable in dataset because it was removed due to an error.
  N_ChanD_Energy_LABL: PSP_ISOIS-EPILO_L2-IC/N_ChanD_Energy_LABL has DEPEND_2 = 'N_ChanD_Energy' which is not a variable in dataset because it was removed due to an error.
  Ne_CountRate_ChanD_avg: PSP_ISOIS-EPILO_L2-IC/Ne_CountRate_ChanD_avg has DEPEND_1 = 'Ne_ChanD_Energy_SLICE' which is not a variable in dataset because it was removed due to an error.
  Ne_ChanD_Energy_LABL: PSP_ISOIS-EPILO_L2-IC/Ne_ChanD_Energy_LABL has DEPEND_2 = 'Ne_ChanD_Energy' which is not a variable in dataset because it was removed due to an error.
  H_Counts_ChanP: PSP_ISOIS-EPILO_L2-IC/H_Counts_ChanP has DEPEND_2 = 'H_ChanP_Energy_SLICE' which is not a variable in dataset because it was removed due to an error.
  H_CountRate_ChanP: PSP_ISOIS-EPILO_L2-IC/H_CountRate_ChanP has DEPEND_2 = 'H_ChanP_Energy_SLICE' which is not a variable in dataset because it was removed due to an error.
  H_Flux_ChanP: PSP_ISOIS-EPILO_L2-IC/H_Flux_ChanP has DEPEND_2 = 'H_ChanP_Energy_SLICE' which is not a variable in dataset because it was removed due to an error.
  H_Counts_ChanR: PSP_ISOIS-EPILO_L2-IC/H_Counts_ChanR has DEPEND_2 = 'H_ChanR_Energy_SLICE' which is not a variable in dataset because it was removed due to an error.
  H_CountRate_ChanR: PSP_ISOIS-EPILO_L2-IC/H_CountRate_ChanR has DEPEND_2 = 'H_ChanR_Energy_SLICE' which is not a variable in dataset because it was removed due to an error.
  H_Flux_ChanR: PSP_ISOIS-EPILO_L2-IC/H_Flux_ChanR has DEPEND_2 = 'H_ChanR_Energy_SLICE' which is not a variable in dataset because it was removed due to an error.
  H_Counts_ChanT: PSP_ISOIS-EPILO_L2-IC/H_Counts_ChanT has DEPEND_2 = 'H_ChanT_Energy_SLICE' which is not a variable in dataset because it was removed due to an error.
  H_CountRate_ChanT: PSP_ISOIS-EPILO_L2-IC/H_CountRate_ChanT has DEPEND_2 = 'H_ChanT_Energy_SLICE' which is not a variable in dataset because it was removed due to an error.
  H_Flux_ChanT: PSP_ISOIS-EPILO_L2-IC/H_Flux_ChanT has DEPEND_2 = 'H_ChanT_Energy_SLICE' which is not a variable in dataset because it was removed due to an error.
  He3_Counts_ChanC: PSP_ISOIS-EPILO_L2-IC/He3_Counts_ChanC has DEPEND_2 = 'He3_ChanC_Energy_SLICE' which is not a variable in dataset because it was removed due to an error.
  He3_CountRate_ChanC: PSP_ISOIS-EPILO_L2-IC/He3_CountRate_ChanC has DEPEND_2 = 'He3_ChanC_Energy_SLICE' which is not a variable in dataset because it was removed due to an error.
  He4_Counts_ChanC: PSP_ISOIS-EPILO_L2-IC/He4_Counts_ChanC has DEPEND_2 = 'He4_ChanC_Energy_SLICE' which is not a variable in dataset because it was removed due to an error.
  He4_CountRate_ChanC: PSP_ISOIS-EPILO_L2-IC/He4_CountRate_ChanC has DEPEND_2 = 'He4_ChanC_Energy_SLICE' which is not a variable in dataset because it was removed due to an error.
  He4_Flux_ChanC: PSP_ISOIS-EPILO_L2-IC/He4_Flux_ChanC has DEPEND_2 = 'He4_ChanC_Energy_SLICE' which is not a variable in dataset because it was removed due to an error.
  Fe_Counts_ChanC: PSP_ISOIS-EPILO_L2-IC/Fe_Counts_ChanC has DEPEND_2 = 'Fe_ChanC_Energy_SLICE' which is not a variable in dataset because it was removed due to an error.
  Fe_CountRate_ChanC: PSP_ISOIS-EPILO_L2-IC/Fe_CountRate_ChanC has DEPEND_2 = 'Fe_ChanC_Energy_SLICE' which is not a variable in dataset because it was removed due to an error.
  Mg_Counts_ChanD: PSP_ISOIS-EPILO_L2-IC/Mg_Counts_ChanD has DEPEND_2 = 'Mg_ChanD_Energy_SLICE' which is not a variable in dataset because it was removed due to an error.
  Mg_CountRate_ChanD: PSP_ISOIS-EPILO_L2-IC/Mg_CountRate_ChanD has DEPEND_2 = 'Mg_ChanD_Energy_SLICE' which is not a variable in dataset because it was removed due to an error.
  C_Counts_ChanD: PSP_ISOIS-EPILO_L2-IC/C_Counts_ChanD has DEPEND_2 = 'C_ChanD_Energy_SLICE' which is not a variable in dataset because it was removed due to an error.
  C_CountRate_ChanD: PSP_ISOIS-EPILO_L2-IC/C_CountRate_ChanD has DEPEND_2 = 'C_ChanD_Energy_SLICE' which is not a variable in dataset because it was removed due to an error.
  O_Counts_ChanC: PSP_ISOIS-EPILO_L2-IC/O_Counts_ChanC has DEPEND_2 = 'O_ChanC_Energy_SLICE' which is not a variable in dataset because it was removed due to an error.
  O_CountRate_ChanC: PSP_ISOIS-EPILO_L2-IC/O_CountRate_ChanC has DEPEND_2 = 'O_ChanC_Energy_SLICE' which is not a variable in dataset because it was removed due to an error.
  Si_Counts_ChanD: PSP_ISOIS-EPILO_L2-IC/Si_Counts_ChanD has DEPEND_2 = 'Si_ChanD_Energy_SLICE' which is not a variable in dataset because it was removed due to an error.
  Si_CountRate_ChanD: PSP_ISOIS-EPILO_L2-IC/Si_CountRate_ChanD has DEPEND_2 = 'Si_ChanD_Energy_SLICE' which is not a variable in dataset because it was removed due to an error.
  N_Counts_ChanD: PSP_ISOIS-EPILO_L2-IC/N_Counts_ChanD has DEPEND_2 = 'N_ChanD_Energy' which is not a variable in dataset because it was removed due to an error.
  N_CountRate_ChanD: PSP_ISOIS-EPILO_L2-IC/N_CountRate_ChanD has DEPEND_2 = 'N_ChanD_Energy_SLICE' which is not a variable in dataset because it was removed due to an error.
  Ne_Counts_ChanD: PSP_ISOIS-EPILO_L2-IC/Ne_Counts_ChanD has DEPEND_2 = 'Ne_ChanD_Energy' which is not a variable in dataset because it was removed due to an error.
  Ne_CountRate_ChanD: PSP_ISOIS-EPILO_L2-IC/Ne_CountRate_ChanD has DEPEND_2 = 'Ne_ChanD_Energy_SLICE' which is not a variable in dataset because it was removed due to an error.
PSP_ISOIS-EPILO_L2-PE | CDF.PtrReference.Invalid:
  H_CountRate_ChanF: PSP_ISOIS-EPILO_L2-PE/H_CountRate_ChanF has DEPEND_2 = 'H_ChanF_Energy_SLICE' which is not a variable in dataset because it was removed due to an error.
  H_ChanF_Energy_LABL: PSP_ISOIS-EPILO_L2-PE/H_ChanF_Energy_LABL has DEPEND_2 = 'H_ChanF_Energy' which is not a variable in dataset because it was removed due to an error.
  H_CountRate_ChanG: PSP_ISOIS-EPILO_L2-PE/H_CountRate_ChanG has DEPEND_2 = 'H_ChanG_Energy' which is not a variable in dataset because it was removed due to an error.
  H_ChanG_Energy_LABL: PSP_ISOIS-EPILO_L2-PE/H_ChanG_Energy_LABL has DEPEND_2 = 'H_ChanG_Energy' which is not a variable in dataset because it was removed due to an error.
  H_CountRate_ChanE: PSP_ISOIS-EPILO_L2-PE/H_CountRate_ChanE has DEPEND_2 = 'H_ChanE_Energy' which is not a variable in dataset because it was removed due to an error.
  H_ChanE_Energy_LABL: PSP_ISOIS-EPILO_L2-PE/H_ChanE_Energy_LABL has DEPEND_2 = 'H_ChanE_Energy' which is not a variable in dataset because it was removed due to an error.
  H_Counts_ChanE: PSP_ISOIS-EPILO_L2-PE/H_Counts_ChanE has DEPEND_2 = 'H_ChanE_Energy' which is not a variable in dataset because it was removed due to an error.
  H_Counts_ChanF: PSP_ISOIS-EPILO_L2-PE/H_Counts_ChanF has DEPEND_2 = 'H_ChanF_Energy' which is not a variable in dataset because it was removed due to an error.
  H_Counts_ChanG: PSP_ISOIS-EPILO_L2-PE/H_Counts_ChanG has DEPEND_2 = 'H_ChanG_Energy' which is not a variable in dataset because it was removed due to an error.
RBSP-A-RBSPICE_LEV-2_ESRLEHT | CDF.PtrReference.Invalid:
  FEDU: RBSP-A-RBSPICE_LEV-2_ESRLEHT/FEDU has LABL_PTR_2 = 'FEDU_Energy_Channel_Label' which is not a variable in dataset.
  FEDU_I: RBSP-A-RBSPICE_LEV-2_ESRLEHT/FEDU_I has LABL_PTR_2 = 'FEDU_Energy_Channel_Label' which is not a variable in dataset.
  FEDU_Error: RBSP-A-RBSPICE_LEV-2_ESRLEHT/FEDU_Error has LABL_PTR_2 = 'FEDU_Energy_Channel_Label' which is not a variable in dataset.
  FEDU_Crosscalib_RMSE: RBSP-A-RBSPICE_LEV-2_ESRLEHT/FEDU_Crosscalib_RMSE has LABL_PTR_2 = 'FEDU_Energy_Channel_Label' which is not a variable in dataset.
  FEDU_Quality: RBSP-A-RBSPICE_LEV-2_ESRLEHT/FEDU_Quality has LABL_PTR_2 = 'FEDU_Energy_Channel_Label' which is not a variable in dataset.
RBSP-A-RBSPICE_LEV-3_ESRHELT | CDF.PtrReference.Invalid:
  ParticleDir_SM: RBSP-A-RBSPICE_LEV-3_ESRHELT/ParticleDir_SM has DEPEND_2 = 'NumAxisFixed' which is not a variable in dataset because it was removed due to an error.
RBSP-A-RBSPICE_LEV-3_ESRLEHT | CDF.PtrReference.Invalid:
  FEDU: RBSP-A-RBSPICE_LEV-3_ESRLEHT/FEDU has LABL_PTR_2 = 'FEDU_Energy_Channel_Label' which is not a variable in dataset.
  FEDU_I: RBSP-A-RBSPICE_LEV-3_ESRLEHT/FEDU_I has LABL_PTR_2 = 'FEDU_Energy_Channel_Label' which is not a variable in dataset.
  FEDU_Error: RBSP-A-RBSPICE_LEV-3_ESRLEHT/FEDU_Error has LABL_PTR_2 = 'FEDU_Energy_Channel_Label' which is not a variable in dataset.
  FEDU_Crosscalib_RMSE: RBSP-A-RBSPICE_LEV-3_ESRLEHT/FEDU_Crosscalib_RMSE has LABL_PTR_2 = 'FEDU_Energy_Channel_Label' which is not a variable in dataset.
  FEDU_Quality: RBSP-A-RBSPICE_LEV-3_ESRLEHT/FEDU_Quality has LABL_PTR_2 = 'FEDU_Energy_Channel_Label' which is not a variable in dataset.
  ParticleDir_SM: RBSP-A-RBSPICE_LEV-3_ESRLEHT/ParticleDir_SM has DEPEND_2 = 'NumAxisFixed' which is not a variable in dataset because it was removed due to an error.
RBSP-A-RBSPICE_LEV-3_ISRHELT | CDF.PtrReference.Invalid:
  ParticleDir_SM: RBSP-A-RBSPICE_LEV-3_ISRHELT/ParticleDir_SM has DEPEND_2 = 'NumAxisFixed' which is not a variable in dataset because it was removed due to an error.
RBSP-A-RBSPICE_LEV-3_TOFXEH | CDF.PtrReference.Invalid:
  ParticleDir_SM: RBSP-A-RBSPICE_LEV-3_TOFXEH/ParticleDir_SM has DEPEND_2 = 'NumAxisFixed' which is not a variable in dataset because it was removed due to an error.
RBSP-A-RBSPICE_LEV-3_TOFXEION | CDF.PtrReference.Invalid:
  ParticleDir_SM: RBSP-A-RBSPICE_LEV-3_TOFXEION/ParticleDir_SM has DEPEND_2 = 'NumAxisFixed' which is not a variable in dataset because it was removed due to an error.
RBSP-A-RBSPICE_LEV-3_TOFXENONH | CDF.PtrReference.Invalid:
  ParticleDir_SM: RBSP-A-RBSPICE_LEV-3_TOFXENONH/ParticleDir_SM has DEPEND_2 = 'NumAxisFixed' which is not a variable in dataset because it was removed due to an error.
RBSP-A-RBSPICE_LEV-3_TOFXPHHHELT | CDF.PtrReference.Invalid:
  ParticleDir_SM: RBSP-A-RBSPICE_LEV-3_TOFXPHHHELT/ParticleDir_SM has DEPEND_2 = 'NumAxisFixed' which is not a variable in dataset because it was removed due to an error.
RBSP-A-RBSPICE_LEV-3_TOFXPHHLEHT | CDF.PtrReference.Invalid:
  ParticleDir_SM: RBSP-A-RBSPICE_LEV-3_TOFXPHHLEHT/ParticleDir_SM has DEPEND_2 = 'NumAxisFixed' which is not a variable in dataset because it was removed due to an error.
RBSP-B-RBSPICE_LEV-2_ESRLEHT | CDF.PtrReference.Invalid:
  FEDU: RBSP-B-RBSPICE_LEV-2_ESRLEHT/FEDU has LABL_PTR_2 = 'FEDU_Energy_Channel_Label' which is not a variable in dataset.
  FEDU_I: RBSP-B-RBSPICE_LEV-2_ESRLEHT/FEDU_I has LABL_PTR_2 = 'FEDU_Energy_Channel_Label' which is not a variable in dataset.
  FEDU_Error: RBSP-B-RBSPICE_LEV-2_ESRLEHT/FEDU_Error has LABL_PTR_2 = 'FEDU_Energy_Channel_Label' which is not a variable in dataset.
  FEDU_Crosscalib_RMSE: RBSP-B-RBSPICE_LEV-2_ESRLEHT/FEDU_Crosscalib_RMSE has LABL_PTR_2 = 'FEDU_Energy_Channel_Label' which is not a variable in dataset.
  FEDU_Quality: RBSP-B-RBSPICE_LEV-2_ESRLEHT/FEDU_Quality has LABL_PTR_2 = 'FEDU_Energy_Channel_Label' which is not a variable in dataset.
RBSP-B-RBSPICE_LEV-3_ESRHELT | CDF.PtrReference.Invalid:
  ParticleDir_SM: RBSP-B-RBSPICE_LEV-3_ESRHELT/ParticleDir_SM has DEPEND_2 = 'NumAxisFixed' which is not a variable in dataset because it was removed due to an error.
RBSP-B-RBSPICE_LEV-3_ESRLEHT | CDF.PtrReference.Invalid:
  FEDU: RBSP-B-RBSPICE_LEV-3_ESRLEHT/FEDU has LABL_PTR_2 = 'FEDU_Energy_Channel_Label' which is not a variable in dataset.
  FEDU_I: RBSP-B-RBSPICE_LEV-3_ESRLEHT/FEDU_I has LABL_PTR_2 = 'FEDU_Energy_Channel_Label' which is not a variable in dataset.
  FEDU_Error: RBSP-B-RBSPICE_LEV-3_ESRLEHT/FEDU_Error has LABL_PTR_2 = 'FEDU_Energy_Channel_Label' which is not a variable in dataset.
  FEDU_Crosscalib_RMSE: RBSP-B-RBSPICE_LEV-3_ESRLEHT/FEDU_Crosscalib_RMSE has LABL_PTR_2 = 'FEDU_Energy_Channel_Label' which is not a variable in dataset.
  FEDU_Quality: RBSP-B-RBSPICE_LEV-3_ESRLEHT/FEDU_Quality has LABL_PTR_2 = 'FEDU_Energy_Channel_Label' which is not a variable in dataset.
  ParticleDir_SM: RBSP-B-RBSPICE_LEV-3_ESRLEHT/ParticleDir_SM has DEPEND_2 = 'NumAxisFixed' which is not a variable in dataset because it was removed due to an error.
RBSP-B-RBSPICE_LEV-3_ISRHELT | CDF.PtrReference.Invalid:
  ParticleDir_SM: RBSP-B-RBSPICE_LEV-3_ISRHELT/ParticleDir_SM has DEPEND_2 = 'NumAxisFixed' which is not a variable in dataset because it was removed due to an error.
RBSP-B-RBSPICE_LEV-3_TOFXEH | CDF.PtrReference.Invalid:
  ParticleDir_SM: RBSP-B-RBSPICE_LEV-3_TOFXEH/ParticleDir_SM has DEPEND_2 = 'NumAxisFixed' which is not a variable in dataset because it was removed due to an error.
RBSP-B-RBSPICE_LEV-3_TOFXEION | CDF.PtrReference.Invalid:
  ParticleDir_SM: RBSP-B-RBSPICE_LEV-3_TOFXEION/ParticleDir_SM has DEPEND_2 = 'NumAxisFixed' which is not a variable in dataset because it was removed due to an error.
RBSP-B-RBSPICE_LEV-3_TOFXENONH | CDF.PtrReference.Invalid:
  ParticleDir_SM: RBSP-B-RBSPICE_LEV-3_TOFXENONH/ParticleDir_SM has DEPEND_2 = 'NumAxisFixed' which is not a variable in dataset because it was removed due to an error.
RBSP-B-RBSPICE_LEV-3_TOFXPHHHELT | CDF.PtrReference.Invalid:
  ParticleDir_SM: RBSP-B-RBSPICE_LEV-3_TOFXPHHHELT/ParticleDir_SM has DEPEND_2 = 'NumAxisFixed' which is not a variable in dataset because it was removed due to an error.
RBSP-B-RBSPICE_LEV-3_TOFXPHHLEHT | CDF.PtrReference.Invalid:
  ParticleDir_SM: RBSP-B-RBSPICE_LEV-3_TOFXPHHLEHT/ParticleDir_SM has DEPEND_2 = 'NumAxisFixed' which is not a variable in dataset because it was removed due to an error.
RBSPA_REL03_ECT-MAGEIS-L2 | CDF.PtrReference.Invalid:
  FESA_CORR: RBSPA_REL03_ECT-MAGEIS-L2/FESA_CORR has LABL_PTR_1 = 'FESA_CORR_LABL_1' which is not a variable in dataset.
  FESA_CORR_T: RBSPA_REL03_ECT-MAGEIS-L2/FESA_CORR_T has LABL_PTR_1 = 'FESA_CORR_LABL_1' which is not a variable in dataset.
  FEDU_Energy: RBSPA_REL03_ECT-MAGEIS-L2/FEDU_Energy has LABL_PTR_1 = 'FESA_ENERGY_OF_CHANNEL_LABL' which is not a variable in dataset.
RBSPA_REL04_ECT-MAGEIS-L3 | CDF.PtrReference.Invalid:
  Position_TT: RBSPA_REL04_ECT-MAGEIS-L3/Position_TT has LABL_PTR_1 = 'Position_LABL_1' which is not a variable in dataset.
RBSPB_REL03_ECT-MAGEIS-L2 | CDF.PtrReference.Invalid:
  FESA_CORR: RBSPB_REL03_ECT-MAGEIS-L2/FESA_CORR has LABL_PTR_1 = 'FESA_CORR_LABL_1' which is not a variable in dataset.
  FESA_CORR_T: RBSPB_REL03_ECT-MAGEIS-L2/FESA_CORR_T has LABL_PTR_1 = 'FESA_CORR_LABL_1' which is not a variable in dataset.
  FEDU_Energy: RBSPB_REL03_ECT-MAGEIS-L2/FEDU_Energy has LABL_PTR_1 = 'FESA_ENERGY_OF_CHANNEL_LABL' which is not a variable in dataset.
RBSPB_REL04_ECT-MAGEIS-L3 | CDF.PtrReference.Invalid:
  Position_TT: RBSPB_REL04_ECT-MAGEIS-L3/Position_TT has LABL_PTR_1 = 'Position_LABL_1' which is not a variable in dataset.
SOLO_L2_RPW-LFR-SURV-BP1 | CDF.PtrReference.Invalid:
  NVEC_N_F0: SOLO_L2_RPW-LFR-SURV-BP1/NVEC_N_F0 has DEPEND_2 = 'Index' which is not a variable in dataset because it was removed due to an error.
  NVEC_N_F1: SOLO_L2_RPW-LFR-SURV-BP1/NVEC_N_F1 has DEPEND_2 = 'Index' which is not a variable in dataset because it was removed due to an error.
  NVEC_N_F2: SOLO_L2_RPW-LFR-SURV-BP1/NVEC_N_F2 has DEPEND_2 = 'Index' which is not a variable in dataset because it was removed due to an error.
  NVEC_B_F0: SOLO_L2_RPW-LFR-SURV-BP1/NVEC_B_F0 has DEPEND_2 = 'Index' which is not a variable in dataset because it was removed due to an error.
  NVEC_B_F1: SOLO_L2_RPW-LFR-SURV-BP1/NVEC_B_F1 has DEPEND_2 = 'Index' which is not a variable in dataset because it was removed due to an error.
  NVEC_N_F0_SRF: SOLO_L2_RPW-LFR-SURV-BP1/NVEC_N_F0_SRF has DEPEND_2 = 'Index' which is not a variable in dataset because it was removed due to an error.
  NVEC_N_F1_SRF: SOLO_L2_RPW-LFR-SURV-BP1/NVEC_N_F1_SRF has DEPEND_2 = 'Index' which is not a variable in dataset because it was removed due to an error.
  NVEC_N_F2_SRF: SOLO_L2_RPW-LFR-SURV-BP1/NVEC_N_F2_SRF has DEPEND_2 = 'Index' which is not a variable in dataset because it was removed due to an error.
  NVEC_B_F0_SRF: SOLO_L2_RPW-LFR-SURV-BP1/NVEC_B_F0_SRF has DEPEND_2 = 'Index' which is not a variable in dataset because it was removed due to an error.
  NVEC_B_F1_SRF: SOLO_L2_RPW-LFR-SURV-BP1/NVEC_B_F1_SRF has DEPEND_2 = 'Index' which is not a variable in dataset because it was removed due to an error.
SOLO_L2_RPW-LFR-SURV-BP2 | CDF.PtrReference.Invalid:
  BP2_RE_N_F0:
    SOLO_L2_RPW-LFR-SURV-BP2/BP2_RE_N_F0 has DEPEND_2 = 'I5_Dep2' which is not a variable in dataset because it was removed due to an error.
    SOLO_L2_RPW-LFR-SURV-BP2/BP2_RE_N_F0 has DEPEND_3 = 'I5_Dep3' which is not a variable in dataset because it was removed due to an error.
  BP2_RE_N_F1:
    SOLO_L2_RPW-LFR-SURV-BP2/BP2_RE_N_F1 has DEPEND_2 = 'I5_Dep2' which is not a variable in dataset because it was removed due to an error.
    SOLO_L2_RPW-LFR-SURV-BP2/BP2_RE_N_F1 has DEPEND_3 = 'I5_Dep3' which is not a variable in dataset because it was removed due to an error.
  BP2_RE_N_F2:
    SOLO_L2_RPW-LFR-SURV-BP2/BP2_RE_N_F2 has DEPEND_2 = 'I5_Dep2' which is not a variable in dataset because it was removed due to an error.
    SOLO_L2_RPW-LFR-SURV-BP2/BP2_RE_N_F2 has DEPEND_3 = 'I5_Dep3' which is not a variable in dataset because it was removed due to an error.
  BP2_IM_N_F0:
    SOLO_L2_RPW-LFR-SURV-BP2/BP2_IM_N_F0 has DEPEND_2 = 'I5_Dep2' which is not a variable in dataset because it was removed due to an error.
    SOLO_L2_RPW-LFR-SURV-BP2/BP2_IM_N_F0 has DEPEND_3 = 'I5_Dep3' which is not a variable in dataset because it was removed due to an error.
  BP2_IM_N_F1:
    SOLO_L2_RPW-LFR-SURV-BP2/BP2_IM_N_F1 has DEPEND_2 = 'I5_Dep2' which is not a variable in dataset because it was removed due to an error.
    SOLO_L2_RPW-LFR-SURV-BP2/BP2_IM_N_F1 has DEPEND_3 = 'I5_Dep3' which is not a variable in dataset because it was removed due to an error.
  BP2_IM_N_F2:
    SOLO_L2_RPW-LFR-SURV-BP2/BP2_IM_N_F2 has DEPEND_2 = 'I5_Dep2' which is not a variable in dataset because it was removed due to an error.
    SOLO_L2_RPW-LFR-SURV-BP2/BP2_IM_N_F2 has DEPEND_3 = 'I5_Dep3' which is not a variable in dataset because it was removed due to an error.
  BP2_RE_B_F0:
    SOLO_L2_RPW-LFR-SURV-BP2/BP2_RE_B_F0 has DEPEND_2 = 'I5_Dep2' which is not a variable in dataset because it was removed due to an error.
    SOLO_L2_RPW-LFR-SURV-BP2/BP2_RE_B_F0 has DEPEND_3 = 'I5_Dep3' which is not a variable in dataset because it was removed due to an error.
  BP2_RE_B_F1:
    SOLO_L2_RPW-LFR-SURV-BP2/BP2_RE_B_F1 has DEPEND_2 = 'I5_Dep2' which is not a variable in dataset because it was removed due to an error.
    SOLO_L2_RPW-LFR-SURV-BP2/BP2_RE_B_F1 has DEPEND_3 = 'I5_Dep3' which is not a variable in dataset because it was removed due to an error.
  BP2_IM_B_F0:
    SOLO_L2_RPW-LFR-SURV-BP2/BP2_IM_B_F0 has DEPEND_2 = 'I5_Dep2' which is not a variable in dataset because it was removed due to an error.
    SOLO_L2_RPW-LFR-SURV-BP2/BP2_IM_B_F0 has DEPEND_3 = 'I5_Dep3' which is not a variable in dataset because it was removed due to an error.
  BP2_IM_B_F1:
    SOLO_L2_RPW-LFR-SURV-BP2/BP2_IM_B_F1 has DEPEND_2 = 'I5_Dep2' which is not a variable in dataset because it was removed due to an error.
    SOLO_L2_RPW-LFR-SURV-BP2/BP2_IM_B_F1 has DEPEND_3 = 'I5_Dep3' which is not a variable in dataset because it was removed due to an error.
  BP2_RE_N_F0_SRF:
    SOLO_L2_RPW-LFR-SURV-BP2/BP2_RE_N_F0_SRF has DEPEND_2 = 'I5_Dep2' which is not a variable in dataset because it was removed due to an error.
    SOLO_L2_RPW-LFR-SURV-BP2/BP2_RE_N_F0_SRF has DEPEND_3 = 'I5_Dep3' which is not a variable in dataset because it was removed due to an error.
  BP2_RE_N_F1_SRF:
    SOLO_L2_RPW-LFR-SURV-BP2/BP2_RE_N_F1_SRF has DEPEND_2 = 'I5_Dep2' which is not a variable in dataset because it was removed due to an error.
    SOLO_L2_RPW-LFR-SURV-BP2/BP2_RE_N_F1_SRF has DEPEND_3 = 'I5_Dep3' which is not a variable in dataset because it was removed due to an error.
  BP2_RE_N_F2_SRF:
    SOLO_L2_RPW-LFR-SURV-BP2/BP2_RE_N_F2_SRF has DEPEND_2 = 'I5_Dep2' which is not a variable in dataset because it was removed due to an error.
    SOLO_L2_RPW-LFR-SURV-BP2/BP2_RE_N_F2_SRF has DEPEND_3 = 'I5_Dep3' which is not a variable in dataset because it was removed due to an error.
  BP2_IM_N_F0_SRF:
    SOLO_L2_RPW-LFR-SURV-BP2/BP2_IM_N_F0_SRF has DEPEND_2 = 'I5_Dep2' which is not a variable in dataset because it was removed due to an error.
    SOLO_L2_RPW-LFR-SURV-BP2/BP2_IM_N_F0_SRF has DEPEND_3 = 'I5_Dep3' which is not a variable in dataset because it was removed due to an error.
  BP2_IM_N_F1_SRF:
    SOLO_L2_RPW-LFR-SURV-BP2/BP2_IM_N_F1_SRF has DEPEND_2 = 'I5_Dep2' which is not a variable in dataset because it was removed due to an error.
    SOLO_L2_RPW-LFR-SURV-BP2/BP2_IM_N_F1_SRF has DEPEND_3 = 'I5_Dep3' which is not a variable in dataset because it was removed due to an error.
  BP2_IM_N_F2_SRF:
    SOLO_L2_RPW-LFR-SURV-BP2/BP2_IM_N_F2_SRF has DEPEND_2 = 'I5_Dep2' which is not a variable in dataset because it was removed due to an error.
    SOLO_L2_RPW-LFR-SURV-BP2/BP2_IM_N_F2_SRF has DEPEND_3 = 'I5_Dep3' which is not a variable in dataset because it was removed due to an error.
  BP2_RE_B_F0_SRF:
    SOLO_L2_RPW-LFR-SURV-BP2/BP2_RE_B_F0_SRF has DEPEND_2 = 'I5_Dep2' which is not a variable in dataset because it was removed due to an error.
    SOLO_L2_RPW-LFR-SURV-BP2/BP2_RE_B_F0_SRF has DEPEND_3 = 'I5_Dep3' which is not a variable in dataset because it was removed due to an error.
  BP2_RE_B_F1_SRF:
    SOLO_L2_RPW-LFR-SURV-BP2/BP2_RE_B_F1_SRF has DEPEND_2 = 'I5_Dep2' which is not a variable in dataset because it was removed due to an error.
    SOLO_L2_RPW-LFR-SURV-BP2/BP2_RE_B_F1_SRF has DEPEND_3 = 'I5_Dep3' which is not a variable in dataset because it was removed due to an error.
  BP2_IM_B_F0_SRF:
    SOLO_L2_RPW-LFR-SURV-BP2/BP2_IM_B_F0_SRF has DEPEND_2 = 'I5_Dep2' which is not a variable in dataset because it was removed due to an error.
    SOLO_L2_RPW-LFR-SURV-BP2/BP2_IM_B_F0_SRF has DEPEND_3 = 'I5_Dep3' which is not a variable in dataset because it was removed due to an error.
  BP2_IM_B_F1_SRF:
    SOLO_L2_RPW-LFR-SURV-BP2/BP2_IM_B_F1_SRF has DEPEND_2 = 'I5_Dep2' which is not a variable in dataset because it was removed due to an error.
    SOLO_L2_RPW-LFR-SURV-BP2/BP2_IM_B_F1_SRF has DEPEND_3 = 'I5_Dep3' which is not a variable in dataset because it was removed due to an error.
SOLO_L2_RPW-TDS-SURV-HIST1D | CDF.PtrReference.Invalid:
  HIST1D_COUNTS: SOLO_L2_RPW-TDS-SURV-HIST1D/HIST1D_COUNTS has LABL_PTR_1 = ' ' which is not a variable in dataset.
SOLO_L2_SWA-PAS-VDF | CDF.PtrReference.Invalid:
  vdf: SOLO_L2_SWA-PAS-VDF/vdf has LABL_PTR_2 = 'label_en' which is not a variable in dataset.
  vdf_mv: SOLO_L2_SWA-PAS-VDF/vdf_mv has LABL_PTR_2 = 'label_en' which is not a variable in dataset.
  vdf2: SOLO_L2_SWA-PAS-VDF/vdf2 has LABL_PTR_2 = 'label_en' which is not a variable in dataset.
  vdf2_mv: SOLO_L2_SWA-PAS-VDF/vdf2_mv has LABL_PTR_2 = 'label_en' which is not a variable in dataset.
  vdf3: SOLO_L2_SWA-PAS-VDF/vdf3 has LABL_PTR_2 = 'label_en' which is not a variable in dataset.
  vdf3_mv: SOLO_L2_SWA-PAS-VDF/vdf3_mv has LABL_PTR_2 = 'label_en' which is not a variable in dataset.
  vdf4: SOLO_L2_SWA-PAS-VDF/vdf4 has LABL_PTR_2 = 'label_en' which is not a variable in dataset.
  vdf4_mv: SOLO_L2_SWA-PAS-VDF/vdf4_mv has LABL_PTR_2 = 'label_en' which is not a variable in dataset.
  vdf5: SOLO_L2_SWA-PAS-VDF/vdf5 has LABL_PTR_2 = 'label_en' which is not a variable in dataset.
  vdf5_mv: SOLO_L2_SWA-PAS-VDF/vdf5_mv has LABL_PTR_2 = 'label_en' which is not a variable in dataset.
  vdf6: SOLO_L2_SWA-PAS-VDF/vdf6 has LABL_PTR_2 = 'label_en' which is not a variable in dataset.
  vdf6_mv: SOLO_L2_SWA-PAS-VDF/vdf6_mv has LABL_PTR_2 = 'label_en' which is not a variable in dataset.
  vdf7: SOLO_L2_SWA-PAS-VDF/vdf7 has LABL_PTR_2 = 'label_en' which is not a variable in dataset.
  vdf7_mv: SOLO_L2_SWA-PAS-VDF/vdf7_mv has LABL_PTR_2 = 'label_en' which is not a variable in dataset.
  vdf8: SOLO_L2_SWA-PAS-VDF/vdf8 has LABL_PTR_2 = 'label_en' which is not a variable in dataset.
  vdf8_mv: SOLO_L2_SWA-PAS-VDF/vdf8_mv has LABL_PTR_2 = 'label_en' which is not a variable in dataset.
  vdf9: SOLO_L2_SWA-PAS-VDF/vdf9 has LABL_PTR_2 = 'label_en' which is not a variable in dataset.
  vdf9_mv: SOLO_L2_SWA-PAS-VDF/vdf9_mv has LABL_PTR_2 = 'label_en' which is not a variable in dataset.
STA_L1_STE | CDF.PtrReference.Invalid:
  STE_spectra: STA_L1_STE/STE_spectra has LABL_PTR_1 = 'STE_detector' which is not a variable in dataset because it was removed due to an error.
  STE_spectra_f: STA_L1_STE/STE_spectra_f has LABL_PTR_2 = 'STE_detector' which is not a variable in dataset because it was removed due to an error.
  STE_energy: STA_L1_STE/STE_energy has LABL_PTR_1 = 'STE_detector' which is not a variable in dataset because it was removed due to an error.
  STE_energy_f: STA_L1_STE/STE_energy_f has LABL_PTR_2 = 'STE_detector' which is not a variable in dataset because it was removed due to an error.
  STE_Detector_vals: STA_L1_STE/STE_Detector_vals has LABL_PTR_1 = 'STE_detector' which is not a variable in dataset because it was removed due to an error.
STB_L1_STE | CDF.PtrReference.Invalid:
  STE_spectra:
    STB_L1_STE/STE_spectra has LABL_PTR_1 = 'STE_detector' which is not a variable in dataset because it was removed due to an error.
    STB_L1_STE/STE_spectra has LABL_PTR_2 = 'STE_spectra_LABL_1' which is not a variable in dataset because it was removed due to an error.
  STE_spectra_f:
    STB_L1_STE/STE_spectra_f has LABL_PTR_1 = 'STE_spectra_LABL_1' which is not a variable in dataset because it was removed due to an error.
    STB_L1_STE/STE_spectra_f has LABL_PTR_2 = 'STE_detector' which is not a variable in dataset because it was removed due to an error.
  STE_energy:
    STB_L1_STE/STE_energy has LABL_PTR_1 = 'STE_detector' which is not a variable in dataset because it was removed due to an error.
    STB_L1_STE/STE_energy has LABL_PTR_2 = 'STE_spectra_LABL_1' which is not a variable in dataset because it was removed due to an error.
  STE_energy_f:
    STB_L1_STE/STE_energy_f has LABL_PTR_1 = 'STE_spectra_LABL_1' which is not a variable in dataset because it was removed due to an error.
    STB_L1_STE/STE_energy_f has LABL_PTR_2 = 'STE_detector' which is not a variable in dataset because it was removed due to an error.
  STE_Detector_vals: STB_L1_STE/STE_Detector_vals has LABL_PTR_1 = 'STE_detector' which is not a variable in dataset because it was removed due to an error.
SX_K0_POF | CDF.PtrReference.Invalid:
  zGT2_DIF_FLX: SX_K0_POF/zGT2_DIF_FLX has LABL_PTR_1 = 'zGT2_Channels ' which is not a variable in dataset.
VG1_PWS_LR | CDF.PtrReference.Invalid:
  frequency: VG1_PWS_LR/frequency has LABL_PTR_1 = 'Frequency_LABL_1' which is not a variable in dataset.
VG2_PWS_LR | CDF.PtrReference.Invalid:
  frequency: VG2_PWS_LR/frequency has LABL_PTR_1 = 'Frequency_LABL_1' which is not a variable in dataset.
VOYAGER1_PLS_HIRES_PLASMA_DATA | CDF.PtrReference.Invalid:
  V_thermal: VOYAGER1_PLS_HIRES_PLASMA_DATA/V_thermal has LABL_PTR_1 = 'V_thermal_energy' which is not a variable in dataset.
VOYAGER2_PLS_HIRES_PLASMA_DATA | CDF.PtrReference.Invalid:
  V_thermal: VOYAGER2_PLS_HIRES_PLASMA_DATA/V_thermal has LABL_PTR_1 = 'V_thermal_energy' which is not a variable in dataset.
WIND_WAVES_QTNFIT | CDF.PtrReference.Invalid:
  fc: WIND_WAVES_QTNFIT/fc has LABL_PTR_1 = 'frequency channel' which is not a variable in dataset.
WIND_WAVES_QTNFIT-FILTERED | CDF.PtrReference.Invalid:
  fc: WIND_WAVES_QTNFIT-FILTERED/fc has LABL_PTR_1 = 'frequency channel' which is not a variable in dataset.
WI_EHPD_3DP | CDF.PtrReference.Invalid:
  REDF: WI_EHPD_3DP/REDF has LABL_PTR_1 = 'REDF_LABEL' which is not a variable in dataset.
WI_ELPD_3DP | CDF.PtrReference.Invalid:
  REDF: WI_ELPD_3DP/REDF has LABL_PTR_1 = 'REDF_LABEL' which is not a variable in dataset.
WI_EPACT_STEP-DIRECTIONAL-DIFF-CNO-FLUX-10MIN | CDF.PtrReference.Invalid:
  Btheta: WI_EPACT_STEP-DIRECTIONAL-DIFF-CNO-FLUX-10MIN/Btheta has LABL_PTR_1 = 'Btheta_label' which is not a variable in dataset.
WI_EPACT_STEP-DIRECTIONAL-DIFF-FE-FLUX-10MIN | CDF.PtrReference.Invalid:
  Btheta: WI_EPACT_STEP-DIRECTIONAL-DIFF-FE-FLUX-10MIN/Btheta has LABL_PTR_1 = 'Btheta_label' which is not a variable in dataset.
WI_SOPD_3DP | CDF.PtrReference.Invalid:
  REDF: WI_SOPD_3DP/REDF has LABL_PTR_1 = 'REDF_LABEL' which is not a variable in dataset.