A1_K0_MPA | CDF.DEPENDsEqualLABL_PTR:
  temp_lop: DEPEND == LABL_PTR. Removing redundant DEPEND and DEPEND_{1,2,3}
  temp_hip: DEPEND == LABL_PTR. Removing redundant DEPEND and DEPEND_{1,2,3}
  theta_phi_hip: DEPEND == LABL_PTR. Removing redundant DEPEND and DEPEND_{1,2,3}
  temp_e: DEPEND == LABL_PTR. Removing redundant DEPEND and DEPEND_{1,2,3}
  theta_phi_e: DEPEND == LABL_PTR. Removing redundant DEPEND and DEPEND_{1,2,3}
A2_K0_MPA | CDF.DEPENDsEqualLABL_PTR:
  temp_lop: DEPEND == LABL_PTR. Removing redundant DEPEND and DEPEND_{1,2,3}
  temp_hip: DEPEND == LABL_PTR. Removing redundant DEPEND and DEPEND_{1,2,3}
  theta_phi_hip: DEPEND == LABL_PTR. Removing redundant DEPEND and DEPEND_{1,2,3}
  temp_e: DEPEND == LABL_PTR. Removing redundant DEPEND and DEPEND_{1,2,3}
  theta_phi_e: DEPEND == LABL_PTR. Removing redundant DEPEND and DEPEND_{1,2,3}
AC_OR_SSC | CDF.DEPENDsEqualLABL_PTR:
  XYZ_GSE: DEPEND == LABL_PTR. Removing redundant DEPEND and DEPEND_{1,2,3}
  XYZ_GSEO: DEPEND == LABL_PTR. Removing redundant DEPEND and DEPEND_{1,2,3}
ALOUETTE2_AV_LIM | CDF.DEPENDsEqualLABL_PTR:
  LMT: DEPEND == LABL_PTR. Removing redundant DEPEND and DEPEND_{1,2,3}
  geo_coord: DEPEND == LABL_PTR. Removing redundant DEPEND and DEPEND_{1,2,3}
  GMLMT: DEPEND == LABL_PTR. Removing redundant DEPEND and DEPEND_{1,2,3}
ALOUETTE2_AV_QUI | CDF.DEPENDsEqualLABL_PTR:
  LMT: DEPEND == LABL_PTR. Removing redundant DEPEND and DEPEND_{1,2,3}
  geo_coord: DEPEND == LABL_PTR. Removing redundant DEPEND and DEPEND_{1,2,3}
  GMLMT: DEPEND == LABL_PTR. Removing redundant DEPEND and DEPEND_{1,2,3}
ALOUETTE2_AV_SNT | CDF.DEPENDsEqualLABL_PTR:
  LMT: DEPEND == LABL_PTR. Removing redundant DEPEND and DEPEND_{1,2,3}
  geo_coord: DEPEND == LABL_PTR. Removing redundant DEPEND and DEPEND_{1,2,3}
  GMLMT: DEPEND == LABL_PTR. Removing redundant DEPEND and DEPEND_{1,2,3}
ALOUETTE2_AV_SOL | CDF.DEPENDsEqualLABL_PTR:
  LMT: DEPEND == LABL_PTR. Removing redundant DEPEND and DEPEND_{1,2,3}
  geo_coord: DEPEND == LABL_PTR. Removing redundant DEPEND and DEPEND_{1,2,3}
  GMLMT: DEPEND == LABL_PTR. Removing redundant DEPEND and DEPEND_{1,2,3}
ALOUETTE2_AV_ULA | CDF.DEPENDsEqualLABL_PTR:
  LMT: DEPEND == LABL_PTR. Removing redundant DEPEND and DEPEND_{1,2,3}
  geo_coord: DEPEND == LABL_PTR. Removing redundant DEPEND and DEPEND_{1,2,3}
  GMLMT: DEPEND == LABL_PTR. Removing redundant DEPEND and DEPEND_{1,2,3}
ALOUETTE2_AV_WNK | CDF.DEPENDsEqualLABL_PTR:
  LMT: DEPEND == LABL_PTR. Removing redundant DEPEND and DEPEND_{1,2,3}
  geo_coord: DEPEND == LABL_PTR. Removing redundant DEPEND and DEPEND_{1,2,3}
  GMLMT: DEPEND == LABL_PTR. Removing redundant DEPEND and DEPEND_{1,2,3}
C1_CP_FGM_SPIN | CDF.DEPENDsEqualLABL_PTR:
  B_vec_xyz_gse__C1_CP_FGM_SPIN: DEPEND == LABL_PTR. Removing redundant DEPEND and DEPEND_{1,2,3}
  sc_pos_xyz_gse__C1_CP_FGM_SPIN: DEPEND == LABL_PTR. Removing redundant DEPEND and DEPEND_{1,2,3}
C1_PP_ASP | CDF.DEPENDsEqualLABL_PTR:
  Status__C1_PP_ASP: DEPEND == LABL_PTR. Removing redundant DEPEND and DEPEND_{1,2,3}
C1_PP_CIS | CDF.DEPENDsEqualLABL_PTR:
  Status__C1_PP_CIS: DEPEND == LABL_PTR. Removing redundant DEPEND and DEPEND_{1,2,3}
C1_PP_DWP | CDF.DEPENDsEqualLABL_PTR:
  Status__C1_PP_DWP: DEPEND == LABL_PTR. Removing redundant DEPEND and DEPEND_{1,2,3}
  Status_Acf__C1_PP_DWP: DEPEND == LABL_PTR. Removing redundant DEPEND and DEPEND_{1,2,3}
  Status_Heea__C1_PP_DWP: DEPEND == LABL_PTR. Removing redundant DEPEND and DEPEND_{1,2,3}
  Status_B__C1_PP_DWP: DEPEND == LABL_PTR. Removing redundant DEPEND and DEPEND_{1,2,3}
  State_wec__C1_PP_DWP: DEPEND == LABL_PTR. Removing redundant DEPEND and DEPEND_{1,2,3}
  Status_wbd__C1_PP_DWP: DEPEND == LABL_PTR. Removing redundant DEPEND and DEPEND_{1,2,3}
C1_PP_EDI | CDF.DEPENDsEqualLABL_PTR:
  Status__C1_PP_EDI: DEPEND == LABL_PTR. Removing redundant DEPEND and DEPEND_{1,2,3}
C1_PP_EFW | CDF.DEPENDsEqualLABL_PTR:
  Status__C1_PP_EFW: DEPEND == LABL_PTR. Removing redundant DEPEND and DEPEND_{1,2,3}
  State_wec__C1_PP_EFW: DEPEND == LABL_PTR. Removing redundant DEPEND and DEPEND_{1,2,3}
C1_PP_PEA | CDF.DEPENDsEqualLABL_PTR:
  Status__C1_PP_PEA: DEPEND == LABL_PTR. Removing redundant DEPEND and DEPEND_{1,2,3}
C1_PP_RAP | CDF.DEPENDsEqualLABL_PTR:
  Status__C1_PP_RAP: DEPEND == LABL_PTR. Removing redundant DEPEND and DEPEND_{1,2,3}
C1_PP_STA | CDF.DEPENDsEqualLABL_PTR:
  Status__C1_PP_STA: DEPEND == LABL_PTR. Removing redundant DEPEND and DEPEND_{1,2,3}
  State_wec__C1_PP_STA: DEPEND == LABL_PTR. Removing redundant DEPEND and DEPEND_{1,2,3}
C1_PP_WHI | CDF.DEPENDsEqualLABL_PTR:
  Status__C1_PP_WHI: DEPEND == LABL_PTR. Removing redundant DEPEND and DEPEND_{1,2,3}
  State_wec__C1_PP_WHI: DEPEND == LABL_PTR. Removing redundant DEPEND and DEPEND_{1,2,3}
C1_UP_FGM | CDF.DEPENDsEqualLABL_PTR:
  Status__C1_UP_FGM: DEPEND == LABL_PTR. Removing redundant DEPEND and DEPEND_{1,2,3}
C2_CP_FGM_SPIN | CDF.DEPENDsEqualLABL_PTR:
  B_vec_xyz_gse__C2_CP_FGM_SPIN: DEPEND == LABL_PTR. Removing redundant DEPEND and DEPEND_{1,2,3}
  sc_pos_xyz_gse__C2_CP_FGM_SPIN: DEPEND == LABL_PTR. Removing redundant DEPEND and DEPEND_{1,2,3}
C2_PP_ASP | CDF.DEPENDsEqualLABL_PTR:
  Status__C2_PP_ASP: DEPEND == LABL_PTR. Removing redundant DEPEND and DEPEND_{1,2,3}
C2_PP_DWP | CDF.DEPENDsEqualLABL_PTR:
  Status__C2_PP_DWP: DEPEND == LABL_PTR. Removing redundant DEPEND and DEPEND_{1,2,3}
  Status_Acf__C2_PP_DWP: DEPEND == LABL_PTR. Removing redundant DEPEND and DEPEND_{1,2,3}
  Status_Heea__C2_PP_DWP: DEPEND == LABL_PTR. Removing redundant DEPEND and DEPEND_{1,2,3}
  Status_B__C2_PP_DWP: DEPEND == LABL_PTR. Removing redundant DEPEND and DEPEND_{1,2,3}
  State_wec__C2_PP_DWP: DEPEND == LABL_PTR. Removing redundant DEPEND and DEPEND_{1,2,3}
  Status_wbd__C2_PP_DWP: DEPEND == LABL_PTR. Removing redundant DEPEND and DEPEND_{1,2,3}
C2_PP_EDI | CDF.DEPENDsEqualLABL_PTR:
  Status__C2_PP_EDI: DEPEND == LABL_PTR. Removing redundant DEPEND and DEPEND_{1,2,3}
C2_PP_EFW | CDF.DEPENDsEqualLABL_PTR:
  Status__C2_PP_EFW: DEPEND == LABL_PTR. Removing redundant DEPEND and DEPEND_{1,2,3}
  State_wec__C2_PP_EFW: DEPEND == LABL_PTR. Removing redundant DEPEND and DEPEND_{1,2,3}
C2_PP_PEA | CDF.DEPENDsEqualLABL_PTR:
  Status__C2_PP_PEA: DEPEND == LABL_PTR. Removing redundant DEPEND and DEPEND_{1,2,3}
C2_PP_RAP | CDF.DEPENDsEqualLABL_PTR:
  Status__C2_PP_RAP: DEPEND == LABL_PTR. Removing redundant DEPEND and DEPEND_{1,2,3}
C2_PP_STA | CDF.DEPENDsEqualLABL_PTR:
  Status__C2_PP_STA: DEPEND == LABL_PTR. Removing redundant DEPEND and DEPEND_{1,2,3}
  State_wec__C2_PP_STA: DEPEND == LABL_PTR. Removing redundant DEPEND and DEPEND_{1,2,3}
C2_PP_WHI | CDF.DEPENDsEqualLABL_PTR:
  Status__C2_PP_WHI: DEPEND == LABL_PTR. Removing redundant DEPEND and DEPEND_{1,2,3}
  State_wec__C2_PP_WHI: DEPEND == LABL_PTR. Removing redundant DEPEND and DEPEND_{1,2,3}
C2_UP_FGM | CDF.DEPENDsEqualLABL_PTR:
  Status__C2_UP_FGM: DEPEND == LABL_PTR. Removing redundant DEPEND and DEPEND_{1,2,3}
C3_CP_FGM_SPIN | CDF.DEPENDsEqualLABL_PTR:
  B_vec_xyz_gse__C3_CP_FGM_SPIN: DEPEND == LABL_PTR. Removing redundant DEPEND and DEPEND_{1,2,3}
  sc_pos_xyz_gse__C3_CP_FGM_SPIN: DEPEND == LABL_PTR. Removing redundant DEPEND and DEPEND_{1,2,3}
C3_PP_ASP | CDF.DEPENDsEqualLABL_PTR:
  Status__C3_PP_ASP: DEPEND == LABL_PTR. Removing redundant DEPEND and DEPEND_{1,2,3}
C3_PP_CIS | CDF.DEPENDsEqualLABL_PTR:
  Status__C3_PP_CIS: DEPEND == LABL_PTR. Removing redundant DEPEND and DEPEND_{1,2,3}
C3_PP_EDI | CDF.DEPENDsEqualLABL_PTR:
  Status__C3_PP_EDI: DEPEND == LABL_PTR. Removing redundant DEPEND and DEPEND_{1,2,3}
C3_PP_EFW | CDF.DEPENDsEqualLABL_PTR:
  Status__C3_PP_EFW: DEPEND == LABL_PTR. Removing redundant DEPEND and DEPEND_{1,2,3}
  State_wec__C3_PP_EFW: DEPEND == LABL_PTR. Removing redundant DEPEND and DEPEND_{1,2,3}
C3_PP_PEA | CDF.DEPENDsEqualLABL_PTR:
  Status__C3_PP_PEA: DEPEND == LABL_PTR. Removing redundant DEPEND and DEPEND_{1,2,3}
C3_PP_RAP | CDF.DEPENDsEqualLABL_PTR:
  Status__C3_PP_RAP: DEPEND == LABL_PTR. Removing redundant DEPEND and DEPEND_{1,2,3}
C3_PP_STA | CDF.DEPENDsEqualLABL_PTR:
  Status__C3_PP_STA: DEPEND == LABL_PTR. Removing redundant DEPEND and DEPEND_{1,2,3}
  State_wec__C3_PP_STA: DEPEND == LABL_PTR. Removing redundant DEPEND and DEPEND_{1,2,3}
C3_PP_WHI | CDF.DEPENDsEqualLABL_PTR:
  Status__C3_PP_WHI: DEPEND == LABL_PTR. Removing redundant DEPEND and DEPEND_{1,2,3}
  State_wec__C3_PP_WHI: DEPEND == LABL_PTR. Removing redundant DEPEND and DEPEND_{1,2,3}
C3_UP_FGM | CDF.DEPENDsEqualLABL_PTR:
  Status__C3_UP_FGM: DEPEND == LABL_PTR. Removing redundant DEPEND and DEPEND_{1,2,3}
C4_CP_FGM_SPIN | CDF.DEPENDsEqualLABL_PTR:
  B_vec_xyz_gse__C4_CP_FGM_SPIN: DEPEND == LABL_PTR. Removing redundant DEPEND and DEPEND_{1,2,3}
  sc_pos_xyz_gse__C4_CP_FGM_SPIN: DEPEND == LABL_PTR. Removing redundant DEPEND and DEPEND_{1,2,3}
C4_PP_ASP | CDF.DEPENDsEqualLABL_PTR:
  Status__C4_PP_ASP: DEPEND == LABL_PTR. Removing redundant DEPEND and DEPEND_{1,2,3}
C4_PP_CIS | CDF.DEPENDsEqualLABL_PTR:
  Status__C4_PP_CIS: DEPEND == LABL_PTR. Removing redundant DEPEND and DEPEND_{1,2,3}
C4_PP_DWP | CDF.DEPENDsEqualLABL_PTR:
  Status__C4_PP_DWP: DEPEND == LABL_PTR. Removing redundant DEPEND and DEPEND_{1,2,3}
  Status_Acf__C4_PP_DWP: DEPEND == LABL_PTR. Removing redundant DEPEND and DEPEND_{1,2,3}
  Status_Heea__C4_PP_DWP: DEPEND == LABL_PTR. Removing redundant DEPEND and DEPEND_{1,2,3}
  Status_B__C4_PP_DWP: DEPEND == LABL_PTR. Removing redundant DEPEND and DEPEND_{1,2,3}
  State_wec__C4_PP_DWP: DEPEND == LABL_PTR. Removing redundant DEPEND and DEPEND_{1,2,3}
  Status_wbd__C4_PP_DWP: DEPEND == LABL_PTR. Removing redundant DEPEND and DEPEND_{1,2,3}
C4_PP_EDI | CDF.DEPENDsEqualLABL_PTR:
  Status__C4_PP_EDI: DEPEND == LABL_PTR. Removing redundant DEPEND and DEPEND_{1,2,3}
C4_PP_EFW | CDF.DEPENDsEqualLABL_PTR:
  Status__C4_PP_EFW: DEPEND == LABL_PTR. Removing redundant DEPEND and DEPEND_{1,2,3}
  State_wec__C4_PP_EFW: DEPEND == LABL_PTR. Removing redundant DEPEND and DEPEND_{1,2,3}
C4_PP_PEA | CDF.DEPENDsEqualLABL_PTR:
  Status__C4_PP_PEA: DEPEND == LABL_PTR. Removing redundant DEPEND and DEPEND_{1,2,3}
C4_PP_RAP | CDF.DEPENDsEqualLABL_PTR:
  Status__C4_PP_RAP: DEPEND == LABL_PTR. Removing redundant DEPEND and DEPEND_{1,2,3}
C4_PP_STA | CDF.DEPENDsEqualLABL_PTR:
  Status__C4_PP_STA: DEPEND == LABL_PTR. Removing redundant DEPEND and DEPEND_{1,2,3}
  State_wec__C4_PP_STA: DEPEND == LABL_PTR. Removing redundant DEPEND and DEPEND_{1,2,3}
C4_PP_WHI | CDF.DEPENDsEqualLABL_PTR:
  Status__C4_PP_WHI: DEPEND == LABL_PTR. Removing redundant DEPEND and DEPEND_{1,2,3}
  State_wec__C4_PP_WHI: DEPEND == LABL_PTR. Removing redundant DEPEND and DEPEND_{1,2,3}
C4_UP_FGM | CDF.DEPENDsEqualLABL_PTR:
  Status__C4_UP_FGM: DEPEND == LABL_PTR. Removing redundant DEPEND and DEPEND_{1,2,3}
CL_SP_AUX | CDF.DEPENDsEqualLABL_PTR:
  sc_status__CL_SP_AUX: DEPEND == LABL_PTR. Removing redundant DEPEND and DEPEND_{1,2,3}
  sc_r_xyz_gse__CL_SP_AUX: DEPEND == LABL_PTR. Removing redundant DEPEND and DEPEND_{1,2,3}
  sc_r_xyz_gei__CL_SP_AUX: DEPEND == LABL_PTR. Removing redundant DEPEND and DEPEND_{1,2,3}
  sc_r1_xyz_gei__CL_SP_AUX: DEPEND == LABL_PTR. Removing redundant DEPEND and DEPEND_{1,2,3}
  sc_r2_xyz_gei__CL_SP_AUX: DEPEND == LABL_PTR. Removing redundant DEPEND and DEPEND_{1,2,3}
  sc_r4_xyz_gei__CL_SP_AUX: DEPEND == LABL_PTR. Removing redundant DEPEND and DEPEND_{1,2,3}
CN_K0_MARI | CDF.DEPENDsEqualLABL_PTR:
  Site_Up: DEPEND == LABL_PTR. Removing redundant DEPEND and DEPEND_{1,2,3}
DE_UV_SAI | CDF.DEPENDsEqualLABL_PTR:
  SC_Pos_GCI: DEPEND == LABL_PTR. Removing redundant DEPEND and DEPEND_{1,2,3}
  SC_Vel_GCI: DEPEND == LABL_PTR. Removing redundant DEPEND and DEPEND_{1,2,3}
DE_VS_EICS | CDF.DEPENDsEqualLABL_PTR:
  Geographic_position: DEPEND == LABL_PTR. Removing redundant DEPEND and DEPEND_{1,2,3}
  Geomagnetic_position: DEPEND == LABL_PTR. Removing redundant DEPEND and DEPEND_{1,2,3}
DN_K0_GBAY | CDF.DEPENDsEqualLABL_PTR:
  Time_PB5: DEPEND == LABL_PTR. Removing redundant DEPEND and DEPEND_{1,2,3}
DN_K0_HANK | CDF.DEPENDsEqualLABL_PTR:
  Time_PB5: DEPEND == LABL_PTR. Removing redundant DEPEND and DEPEND_{1,2,3}
DN_K0_ICEW | CDF.DEPENDsEqualLABL_PTR:
  Time_PB5: DEPEND == LABL_PTR. Removing redundant DEPEND and DEPEND_{1,2,3}
DN_K0_KAPU | CDF.DEPENDsEqualLABL_PTR:
  Time_PB5: DEPEND == LABL_PTR. Removing redundant DEPEND and DEPEND_{1,2,3}
DN_K0_PACE | CDF.DEPENDsEqualLABL_PTR:
  Time_PB5: DEPEND == LABL_PTR. Removing redundant DEPEND and DEPEND_{1,2,3}
DN_K0_PYKK | CDF.DEPENDsEqualLABL_PTR:
  Time_PB5: DEPEND == LABL_PTR. Removing redundant DEPEND and DEPEND_{1,2,3}
DN_K0_SASK | CDF.DEPENDsEqualLABL_PTR:
  Time_PB5: DEPEND == LABL_PTR. Removing redundant DEPEND and DEPEND_{1,2,3}
EQ_PP_AUX | CDF.DEPENDsEqualLABL_PTR:
  sc_r_xyz_gse%eq_pp_aux: DEPEND == LABL_PTR. Removing redundant DEPEND and DEPEND_{1,2,3}
EQ_PP_ICI | CDF.DEPENDsEqualLABL_PTR:
  T_p_xx_gse%eq_pp_ici: DEPEND == LABL_PTR. Removing redundant DEPEND and DEPEND_{1,2,3}
  T_O1_xx_gse%eq_pp_ici: DEPEND == LABL_PTR. Removing redundant DEPEND and DEPEND_{1,2,3}
FAST_OR_SSC | CDF.DEPENDsEqualLABL_PTR:
  XYZ_GSE: DEPEND == LABL_PTR. Removing redundant DEPEND and DEPEND_{1,2,3}
  XYZ_GSEO: DEPEND == LABL_PTR. Removing redundant DEPEND and DEPEND_{1,2,3}
  XYZ_GSM: DEPEND == LABL_PTR. Removing redundant DEPEND and DEPEND_{1,2,3}
  XYZ_GSMO: DEPEND == LABL_PTR. Removing redundant DEPEND and DEPEND_{1,2,3}
  XYZ_SM: DEPEND == LABL_PTR. Removing redundant DEPEND and DEPEND_{1,2,3}
  XYZ_SMO: DEPEND == LABL_PTR. Removing redundant DEPEND and DEPEND_{1,2,3}
  XYZ_GEO: DEPEND == LABL_PTR. Removing redundant DEPEND and DEPEND_{1,2,3}
  XYZ_GEOO: DEPEND == LABL_PTR. Removing redundant DEPEND and DEPEND_{1,2,3}
  XYZ_GM: DEPEND == LABL_PTR. Removing redundant DEPEND and DEPEND_{1,2,3}
  XYZ_GMO: DEPEND == LABL_PTR. Removing redundant DEPEND and DEPEND_{1,2,3}
G0_K0_EP8 | CDF.DEPENDsEqualLABL_PTR:
  Time_PB5: DEPEND == LABL_PTR. Removing redundant DEPEND and DEPEND_{1,2,3}
  SC_pos_ll: DEPEND == LABL_PTR. Removing redundant DEPEND and DEPEND_{1,2,3}
G0_K0_MAG | CDF.DEPENDsEqualLABL_PTR:
  Time_PB5: DEPEND == LABL_PTR. Removing redundant DEPEND and DEPEND_{1,2,3}
  B_lcl_c: DEPEND == LABL_PTR. Removing redundant DEPEND and DEPEND_{1,2,3}
  SC_pos_ll: DEPEND == LABL_PTR. Removing redundant DEPEND and DEPEND_{1,2,3}
G6_K0_EPS | CDF.DEPENDsEqualLABL_PTR:
  Time_PB5: DEPEND == LABL_PTR. Removing redundant DEPEND and DEPEND_{1,2,3}
  SC_pos_ll: DEPEND == LABL_PTR. Removing redundant DEPEND and DEPEND_{1,2,3}
G6_K0_MAG | CDF.DEPENDsEqualLABL_PTR:
  Time_PB5: DEPEND == LABL_PTR. Removing redundant DEPEND and DEPEND_{1,2,3}
  B_GSE_c: DEPEND == LABL_PTR. Removing redundant DEPEND and DEPEND_{1,2,3}
  B_GSM_c: DEPEND == LABL_PTR. Removing redundant DEPEND and DEPEND_{1,2,3}
  B_lcl_c: DEPEND == LABL_PTR. Removing redundant DEPEND and DEPEND_{1,2,3}
  SC_pos_se: DEPEND == LABL_PTR. Removing redundant DEPEND and DEPEND_{1,2,3}
  SC_pos_sm: DEPEND == LABL_PTR. Removing redundant DEPEND and DEPEND_{1,2,3}
G7_K0_EPS | CDF.DEPENDsEqualLABL_PTR:
  Time_PB5: DEPEND == LABL_PTR. Removing redundant DEPEND and DEPEND_{1,2,3}
  SC_pos_ll: DEPEND == LABL_PTR. Removing redundant DEPEND and DEPEND_{1,2,3}
G7_K0_MAG | CDF.DEPENDsEqualLABL_PTR:
  Time_PB5: DEPEND == LABL_PTR. Removing redundant DEPEND and DEPEND_{1,2,3}
  B_GSE_c: DEPEND == LABL_PTR. Removing redundant DEPEND and DEPEND_{1,2,3}
  B_GSM_c: DEPEND == LABL_PTR. Removing redundant DEPEND and DEPEND_{1,2,3}
  B_lcl_c: DEPEND == LABL_PTR. Removing redundant DEPEND and DEPEND_{1,2,3}
G8_K0_EP8 | CDF.DEPENDsEqualLABL_PTR:
  Time_PB5: DEPEND == LABL_PTR. Removing redundant DEPEND and DEPEND_{1,2,3}
  SC_pos_ll: DEPEND == LABL_PTR. Removing redundant DEPEND and DEPEND_{1,2,3}
G8_K0_MAG | CDF.DEPENDsEqualLABL_PTR:
  Time_PB5: DEPEND == LABL_PTR. Removing redundant DEPEND and DEPEND_{1,2,3}
  B_lcl_c: DEPEND == LABL_PTR. Removing redundant DEPEND and DEPEND_{1,2,3}
  SC_pos_ll: DEPEND == LABL_PTR. Removing redundant DEPEND and DEPEND_{1,2,3}
G9_K0_EP8 | CDF.DEPENDsEqualLABL_PTR:
  Time_PB5: DEPEND == LABL_PTR. Removing redundant DEPEND and DEPEND_{1,2,3}
  SC_pos_ll: DEPEND == LABL_PTR. Removing redundant DEPEND and DEPEND_{1,2,3}
G9_K0_MAG | CDF.DEPENDsEqualLABL_PTR:
  Time_PB5: DEPEND == LABL_PTR. Removing redundant DEPEND and DEPEND_{1,2,3}
  B_lcl_c: DEPEND == LABL_PTR. Removing redundant DEPEND and DEPEND_{1,2,3}
  SC_pos_ll: DEPEND == LABL_PTR. Removing redundant DEPEND and DEPEND_{1,2,3}
GENESIS_3DL2_GIM | CDF.DEPENDsEqualLABL_PTR:
  Proton_Velocity_gse: DEPEND == LABL_PTR. Removing redundant DEPEND and DEPEND_{1,2,3}
  Proton_Velocity_rtn: DEPEND == LABL_PTR. Removing redundant DEPEND and DEPEND_{1,2,3}
  Genesis_Location_gse: DEPEND == LABL_PTR. Removing redundant DEPEND and DEPEND_{1,2,3}
GE_H0_CPI | CDF.DEPENDsEqualLABL_PTR:
  SW_V: DEPEND == LABL_PTR. Removing redundant DEPEND and DEPEND_{1,2,3}
GE_K0_EFD | CDF.DEPENDsEqualLABL_PTR:
  Es: DEPEND == LABL_PTR. Removing redundant DEPEND and DEPEND_{1,2,3}
  Vs: DEPEND == LABL_PTR. Removing redundant DEPEND and DEPEND_{1,2,3}
  Ew: DEPEND == LABL_PTR. Removing redundant DEPEND and DEPEND_{1,2,3}
  Vw: DEPEND == LABL_PTR. Removing redundant DEPEND and DEPEND_{1,2,3}
GE_K0_EPI | CDF.DEPENDsEqualLABL_PTR:
  IDiffI_I_Energy: DEPEND == LABL_PTR. Removing redundant DEPEND and DEPEND_{1,2,3}
  EAni_I: DEPEND == LABL_PTR. Removing redundant DEPEND and DEPEND_{1,2,3}
  EAni_I_errorbars: DEPEND == LABL_PTR. Removing redundant DEPEND and DEPEND_{1,2,3}
  EAni_I_Uncert: DEPEND == LABL_PTR. Removing redundant DEPEND and DEPEND_{1,2,3}
  PAni_S: DEPEND == LABL_PTR. Removing redundant DEPEND and DEPEND_{1,2,3}
  PAni_S_errorbars: DEPEND == LABL_PTR. Removing redundant DEPEND and DEPEND_{1,2,3}
  PAni_S_Uncert: DEPEND == LABL_PTR. Removing redundant DEPEND and DEPEND_{1,2,3}
  PAni67_I: DEPEND == LABL_PTR. Removing redundant DEPEND and DEPEND_{1,2,3}
  PAni67_I_errorbars: DEPEND == LABL_PTR. Removing redundant DEPEND and DEPEND_{1,2,3}
  PAni67_I_Uncert: DEPEND == LABL_PTR. Removing redundant DEPEND and DEPEND_{1,2,3}
  PAni129_I: DEPEND == LABL_PTR. Removing redundant DEPEND and DEPEND_{1,2,3}
  PAni129_I_errorbars: DEPEND == LABL_PTR. Removing redundant DEPEND and DEPEND_{1,2,3}
  PAni129_I_Uncert: DEPEND == LABL_PTR. Removing redundant DEPEND and DEPEND_{1,2,3}
GE_K0_LEP | CDF.DEPENDsEqualLABL_PTR:
  V0: DEPEND == LABL_PTR. Removing redundant DEPEND and DEPEND_{1,2,3}
GE_K0_PWI | CDF.DEPENDsEqualLABL_PTR:
  ORBIT: DEPEND == LABL_PTR. Removing redundant DEPEND and DEPEND_{1,2,3}
GOES10_EPHEMERIS_SSC | CDF.DEPENDsEqualLABL_PTR:
  XYZ_GEO: DEPEND == LABL_PTR. Removing redundant DEPEND and DEPEND_{1,2,3}
  XYZ_GEOO: DEPEND == LABL_PTR. Removing redundant DEPEND and DEPEND_{1,2,3}
  XYZ_GM: DEPEND == LABL_PTR. Removing redundant DEPEND and DEPEND_{1,2,3}
  XYZ_GMO: DEPEND == LABL_PTR. Removing redundant DEPEND and DEPEND_{1,2,3}
  XYZ_GSE: DEPEND == LABL_PTR. Removing redundant DEPEND and DEPEND_{1,2,3}
  XYZ_GSEO: DEPEND == LABL_PTR. Removing redundant DEPEND and DEPEND_{1,2,3}
  XYZ_GSM: DEPEND == LABL_PTR. Removing redundant DEPEND and DEPEND_{1,2,3}
  XYZ_GSMO: DEPEND == LABL_PTR. Removing redundant DEPEND and DEPEND_{1,2,3}
  XYZ_SM: DEPEND == LABL_PTR. Removing redundant DEPEND and DEPEND_{1,2,3}
  XYZ_SMO: DEPEND == LABL_PTR. Removing redundant DEPEND and DEPEND_{1,2,3}
GOES11_EPHEMERIS_SSC | CDF.DEPENDsEqualLABL_PTR:
  XYZ_GEO: DEPEND == LABL_PTR. Removing redundant DEPEND and DEPEND_{1,2,3}
  XYZ_GEOO: DEPEND == LABL_PTR. Removing redundant DEPEND and DEPEND_{1,2,3}
  XYZ_GM: DEPEND == LABL_PTR. Removing redundant DEPEND and DEPEND_{1,2,3}
  XYZ_GMO: DEPEND == LABL_PTR. Removing redundant DEPEND and DEPEND_{1,2,3}
  XYZ_GSE: DEPEND == LABL_PTR. Removing redundant DEPEND and DEPEND_{1,2,3}
  XYZ_GSEO: DEPEND == LABL_PTR. Removing redundant DEPEND and DEPEND_{1,2,3}
  XYZ_GSM: DEPEND == LABL_PTR. Removing redundant DEPEND and DEPEND_{1,2,3}
  XYZ_GSMO: DEPEND == LABL_PTR. Removing redundant DEPEND and DEPEND_{1,2,3}
  XYZ_SM: DEPEND == LABL_PTR. Removing redundant DEPEND and DEPEND_{1,2,3}
  XYZ_SMO: DEPEND == LABL_PTR. Removing redundant DEPEND and DEPEND_{1,2,3}
GOES11_K0_EP8 | CDF.DEPENDsEqualLABL_PTR:
  Time_PB5: DEPEND == LABL_PTR. Removing redundant DEPEND and DEPEND_{1,2,3}
  SC_pos_ll: DEPEND == LABL_PTR. Removing redundant DEPEND and DEPEND_{1,2,3}
GOES11_K0_MAG | CDF.DEPENDsEqualLABL_PTR:
  Time_PB5: DEPEND == LABL_PTR. Removing redundant DEPEND and DEPEND_{1,2,3}
  B_lcl_c: DEPEND == LABL_PTR. Removing redundant DEPEND and DEPEND_{1,2,3}
  SC_pos_ll: DEPEND == LABL_PTR. Removing redundant DEPEND and DEPEND_{1,2,3}
GOES12_EPHEMERIS_SSC | CDF.DEPENDsEqualLABL_PTR:
  XYZ_GEO: DEPEND == LABL_PTR. Removing redundant DEPEND and DEPEND_{1,2,3}
  XYZ_GEOO: DEPEND == LABL_PTR. Removing redundant DEPEND and DEPEND_{1,2,3}
  XYZ_GM: DEPEND == LABL_PTR. Removing redundant DEPEND and DEPEND_{1,2,3}
  XYZ_GMO: DEPEND == LABL_PTR. Removing redundant DEPEND and DEPEND_{1,2,3}
  XYZ_GSE: DEPEND == LABL_PTR. Removing redundant DEPEND and DEPEND_{1,2,3}
  XYZ_GSEO: DEPEND == LABL_PTR. Removing redundant DEPEND and DEPEND_{1,2,3}
  XYZ_GSM: DEPEND == LABL_PTR. Removing redundant DEPEND and DEPEND_{1,2,3}
  XYZ_GSMO: DEPEND == LABL_PTR. Removing redundant DEPEND and DEPEND_{1,2,3}
  XYZ_SM: DEPEND == LABL_PTR. Removing redundant DEPEND and DEPEND_{1,2,3}
  XYZ_SMO: DEPEND == LABL_PTR. Removing redundant DEPEND and DEPEND_{1,2,3}
GOES12_K0_MAG | CDF.DEPENDsEqualLABL_PTR:
  Time_PB5: DEPEND == LABL_PTR. Removing redundant DEPEND and DEPEND_{1,2,3}
  B_lcl_c: DEPEND == LABL_PTR. Removing redundant DEPEND and DEPEND_{1,2,3}
  SC_pos_ll: DEPEND == LABL_PTR. Removing redundant DEPEND and DEPEND_{1,2,3}
GOES13_EPHEMERIS_SSC | CDF.DEPENDsEqualLABL_PTR:
  XYZ_GEO: DEPEND == LABL_PTR. Removing redundant DEPEND and DEPEND_{1,2,3}
  XYZ_GEOO: DEPEND == LABL_PTR. Removing redundant DEPEND and DEPEND_{1,2,3}
  XYZ_GM: DEPEND == LABL_PTR. Removing redundant DEPEND and DEPEND_{1,2,3}
  XYZ_GMO: DEPEND == LABL_PTR. Removing redundant DEPEND and DEPEND_{1,2,3}
  XYZ_GSE: DEPEND == LABL_PTR. Removing redundant DEPEND and DEPEND_{1,2,3}
  XYZ_GSEO: DEPEND == LABL_PTR. Removing redundant DEPEND and DEPEND_{1,2,3}
  XYZ_GSM: DEPEND == LABL_PTR. Removing redundant DEPEND and DEPEND_{1,2,3}
  XYZ_GSMO: DEPEND == LABL_PTR. Removing redundant DEPEND and DEPEND_{1,2,3}
  XYZ_SM: DEPEND == LABL_PTR. Removing redundant DEPEND and DEPEND_{1,2,3}
  XYZ_SMO: DEPEND == LABL_PTR. Removing redundant DEPEND and DEPEND_{1,2,3}
GOES14_EPHEMERIS_SSC | CDF.DEPENDsEqualLABL_PTR:
  XYZ_GEO: DEPEND == LABL_PTR. Removing redundant DEPEND and DEPEND_{1,2,3}
  XYZ_GEOO: DEPEND == LABL_PTR. Removing redundant DEPEND and DEPEND_{1,2,3}
  XYZ_GM: DEPEND == LABL_PTR. Removing redundant DEPEND and DEPEND_{1,2,3}
  XYZ_GMO: DEPEND == LABL_PTR. Removing redundant DEPEND and DEPEND_{1,2,3}
  XYZ_GSE: DEPEND == LABL_PTR. Removing redundant DEPEND and DEPEND_{1,2,3}
  XYZ_GSEO: DEPEND == LABL_PTR. Removing redundant DEPEND and DEPEND_{1,2,3}
  XYZ_GSM: DEPEND == LABL_PTR. Removing redundant DEPEND and DEPEND_{1,2,3}
  XYZ_GSMO: DEPEND == LABL_PTR. Removing redundant DEPEND and DEPEND_{1,2,3}
  XYZ_SM: DEPEND == LABL_PTR. Removing redundant DEPEND and DEPEND_{1,2,3}
  XYZ_SMO: DEPEND == LABL_PTR. Removing redundant DEPEND and DEPEND_{1,2,3}
GOES15_EPHEMERIS_SSC | CDF.DEPENDsEqualLABL_PTR:
  XYZ_GEO: DEPEND == LABL_PTR. Removing redundant DEPEND and DEPEND_{1,2,3}
  XYZ_GEOO: DEPEND == LABL_PTR. Removing redundant DEPEND and DEPEND_{1,2,3}
  XYZ_GM: DEPEND == LABL_PTR. Removing redundant DEPEND and DEPEND_{1,2,3}
  XYZ_GMO: DEPEND == LABL_PTR. Removing redundant DEPEND and DEPEND_{1,2,3}
  XYZ_GSE: DEPEND == LABL_PTR. Removing redundant DEPEND and DEPEND_{1,2,3}
  XYZ_GSEO: DEPEND == LABL_PTR. Removing redundant DEPEND and DEPEND_{1,2,3}
  XYZ_GSM: DEPEND == LABL_PTR. Removing redundant DEPEND and DEPEND_{1,2,3}
  XYZ_GSMO: DEPEND == LABL_PTR. Removing redundant DEPEND and DEPEND_{1,2,3}
  XYZ_SM: DEPEND == LABL_PTR. Removing redundant DEPEND and DEPEND_{1,2,3}
  XYZ_SMO: DEPEND == LABL_PTR. Removing redundant DEPEND and DEPEND_{1,2,3}
GOES16_EPHEMERIS_SSC | CDF.DEPENDsEqualLABL_PTR:
  XYZ_GEO: DEPEND == LABL_PTR. Removing redundant DEPEND and DEPEND_{1,2,3}
  XYZ_GEOO: DEPEND == LABL_PTR. Removing redundant DEPEND and DEPEND_{1,2,3}
  XYZ_GM: DEPEND == LABL_PTR. Removing redundant DEPEND and DEPEND_{1,2,3}
  XYZ_GMO: DEPEND == LABL_PTR. Removing redundant DEPEND and DEPEND_{1,2,3}
  XYZ_GSE: DEPEND == LABL_PTR. Removing redundant DEPEND and DEPEND_{1,2,3}
  XYZ_GSEO: DEPEND == LABL_PTR. Removing redundant DEPEND and DEPEND_{1,2,3}
  XYZ_GSM: DEPEND == LABL_PTR. Removing redundant DEPEND and DEPEND_{1,2,3}
  XYZ_GSMO: DEPEND == LABL_PTR. Removing redundant DEPEND and DEPEND_{1,2,3}
  XYZ_SM: DEPEND == LABL_PTR. Removing redundant DEPEND and DEPEND_{1,2,3}
  XYZ_SMO: DEPEND == LABL_PTR. Removing redundant DEPEND and DEPEND_{1,2,3}
GOES17_EPHEMERIS_SSC | CDF.DEPENDsEqualLABL_PTR:
  XYZ_GEO: DEPEND == LABL_PTR. Removing redundant DEPEND and DEPEND_{1,2,3}
  XYZ_GEOO: DEPEND == LABL_PTR. Removing redundant DEPEND and DEPEND_{1,2,3}
  XYZ_GM: DEPEND == LABL_PTR. Removing redundant DEPEND and DEPEND_{1,2,3}
  XYZ_GMO: DEPEND == LABL_PTR. Removing redundant DEPEND and DEPEND_{1,2,3}
  XYZ_GSE: DEPEND == LABL_PTR. Removing redundant DEPEND and DEPEND_{1,2,3}
  XYZ_GSEO: DEPEND == LABL_PTR. Removing redundant DEPEND and DEPEND_{1,2,3}
  XYZ_GSM: DEPEND == LABL_PTR. Removing redundant DEPEND and DEPEND_{1,2,3}
  XYZ_GSMO: DEPEND == LABL_PTR. Removing redundant DEPEND and DEPEND_{1,2,3}
  XYZ_SM: DEPEND == LABL_PTR. Removing redundant DEPEND and DEPEND_{1,2,3}
  XYZ_SMO: DEPEND == LABL_PTR. Removing redundant DEPEND and DEPEND_{1,2,3}
GOES18_EPHEMERIS_SSC | CDF.DEPENDsEqualLABL_PTR:
  XYZ_GEO: DEPEND == LABL_PTR. Removing redundant DEPEND and DEPEND_{1,2,3}
  XYZ_GM: DEPEND == LABL_PTR. Removing redundant DEPEND and DEPEND_{1,2,3}
  XYZ_GSE: DEPEND == LABL_PTR. Removing redundant DEPEND and DEPEND_{1,2,3}
  XYZ_GSM: DEPEND == LABL_PTR. Removing redundant DEPEND and DEPEND_{1,2,3}
  XYZ_SM: DEPEND == LABL_PTR. Removing redundant DEPEND and DEPEND_{1,2,3}
GOES8_EPHEMERIS_SSC | CDF.DEPENDsEqualLABL_PTR:
  XYZ_GEO: DEPEND == LABL_PTR. Removing redundant DEPEND and DEPEND_{1,2,3}
  XYZ_GEOO: DEPEND == LABL_PTR. Removing redundant DEPEND and DEPEND_{1,2,3}
  XYZ_GM: DEPEND == LABL_PTR. Removing redundant DEPEND and DEPEND_{1,2,3}
  XYZ_GMO: DEPEND == LABL_PTR. Removing redundant DEPEND and DEPEND_{1,2,3}
  XYZ_GSE: DEPEND == LABL_PTR. Removing redundant DEPEND and DEPEND_{1,2,3}
  XYZ_GSEO: DEPEND == LABL_PTR. Removing redundant DEPEND and DEPEND_{1,2,3}
  XYZ_GSM: DEPEND == LABL_PTR. Removing redundant DEPEND and DEPEND_{1,2,3}
  XYZ_GSMO: DEPEND == LABL_PTR. Removing redundant DEPEND and DEPEND_{1,2,3}
  XYZ_SM: DEPEND == LABL_PTR. Removing redundant DEPEND and DEPEND_{1,2,3}
  XYZ_SMO: DEPEND == LABL_PTR. Removing redundant DEPEND and DEPEND_{1,2,3}
GOES9_EPHEMERIS_SSC | CDF.DEPENDsEqualLABL_PTR:
  XYZ_GEO: DEPEND == LABL_PTR. Removing redundant DEPEND and DEPEND_{1,2,3}
  XYZ_GEOO: DEPEND == LABL_PTR. Removing redundant DEPEND and DEPEND_{1,2,3}
  XYZ_GM: DEPEND == LABL_PTR. Removing redundant DEPEND and DEPEND_{1,2,3}
  XYZ_GMO: DEPEND == LABL_PTR. Removing redundant DEPEND and DEPEND_{1,2,3}
  XYZ_GSE: DEPEND == LABL_PTR. Removing redundant DEPEND and DEPEND_{1,2,3}
  XYZ_GSEO: DEPEND == LABL_PTR. Removing redundant DEPEND and DEPEND_{1,2,3}
  XYZ_GSM: DEPEND == LABL_PTR. Removing redundant DEPEND and DEPEND_{1,2,3}
  XYZ_GSMO: DEPEND == LABL_PTR. Removing redundant DEPEND and DEPEND_{1,2,3}
  XYZ_SM: DEPEND == LABL_PTR. Removing redundant DEPEND and DEPEND_{1,2,3}
  XYZ_SMO: DEPEND == LABL_PTR. Removing redundant DEPEND and DEPEND_{1,2,3}
I1_AV2_OTT | CDF.DEPENDsEqualLABL_PTR:
  LMT: DEPEND == LABL_PTR. Removing redundant DEPEND and DEPEND_{1,2,3}
  geo_coord: DEPEND == LABL_PTR. Removing redundant DEPEND and DEPEND_{1,2,3}
  GMLMT: DEPEND == LABL_PTR. Removing redundant DEPEND and DEPEND_{1,2,3}
I1_AV2_QUI | CDF.DEPENDsEqualLABL_PTR:
  LMT: DEPEND == LABL_PTR. Removing redundant DEPEND and DEPEND_{1,2,3}
  geo_coord: DEPEND == LABL_PTR. Removing redundant DEPEND and DEPEND_{1,2,3}
  GMLMT: DEPEND == LABL_PTR. Removing redundant DEPEND and DEPEND_{1,2,3}
I1_AV2_SNT | CDF.DEPENDsEqualLABL_PTR:
  LMT: DEPEND == LABL_PTR. Removing redundant DEPEND and DEPEND_{1,2,3}
  geo_coord: DEPEND == LABL_PTR. Removing redundant DEPEND and DEPEND_{1,2,3}
  GMLMT: DEPEND == LABL_PTR. Removing redundant DEPEND and DEPEND_{1,2,3}
I1_AV2_ULA | CDF.DEPENDsEqualLABL_PTR:
  LMT: DEPEND == LABL_PTR. Removing redundant DEPEND and DEPEND_{1,2,3}
  geo_coord: DEPEND == LABL_PTR. Removing redundant DEPEND and DEPEND_{1,2,3}
  GMLMT: DEPEND == LABL_PTR. Removing redundant DEPEND and DEPEND_{1,2,3}
I1_AV_KER | CDF.DEPENDsEqualLABL_PTR:
  LMT: DEPEND == LABL_PTR. Removing redundant DEPEND and DEPEND_{1,2,3}
  geo_coord: DEPEND == LABL_PTR. Removing redundant DEPEND and DEPEND_{1,2,3}
  GMLMT: DEPEND == LABL_PTR. Removing redundant DEPEND and DEPEND_{1,2,3}
I1_AV_KSH | CDF.DEPENDsEqualLABL_PTR:
  LMT: DEPEND == LABL_PTR. Removing redundant DEPEND and DEPEND_{1,2,3}
  geo_coord: DEPEND == LABL_PTR. Removing redundant DEPEND and DEPEND_{1,2,3}
  GMLMT: DEPEND == LABL_PTR. Removing redundant DEPEND and DEPEND_{1,2,3}
I1_AV_KWA | CDF.DEPENDsEqualLABL_PTR:
  LMT: DEPEND == LABL_PTR. Removing redundant DEPEND and DEPEND_{1,2,3}
  geo_coord: DEPEND == LABL_PTR. Removing redundant DEPEND and DEPEND_{1,2,3}
  GMLMT: DEPEND == LABL_PTR. Removing redundant DEPEND and DEPEND_{1,2,3}
I1_AV_ODG | CDF.DEPENDsEqualLABL_PTR:
  LMT: DEPEND == LABL_PTR. Removing redundant DEPEND and DEPEND_{1,2,3}
  geo_coord: DEPEND == LABL_PTR. Removing redundant DEPEND and DEPEND_{1,2,3}
  GMLMT: DEPEND == LABL_PTR. Removing redundant DEPEND and DEPEND_{1,2,3}
I1_AV_ORR | CDF.DEPENDsEqualLABL_PTR:
  LMT: DEPEND == LABL_PTR. Removing redundant DEPEND and DEPEND_{1,2,3}
  geo_coord: DEPEND == LABL_PTR. Removing redundant DEPEND and DEPEND_{1,2,3}
  GMLMT: DEPEND == LABL_PTR. Removing redundant DEPEND and DEPEND_{1,2,3}
I1_AV_OTT | CDF.DEPENDsEqualLABL_PTR:
  LMT: DEPEND == LABL_PTR. Removing redundant DEPEND and DEPEND_{1,2,3}
  geo_coord: DEPEND == LABL_PTR. Removing redundant DEPEND and DEPEND_{1,2,3}
  GMLMT: DEPEND == LABL_PTR. Removing redundant DEPEND and DEPEND_{1,2,3}
I1_AV_QUI | CDF.DEPENDsEqualLABL_PTR:
  LMT: DEPEND == LABL_PTR. Removing redundant DEPEND and DEPEND_{1,2,3}
  geo_coord: DEPEND == LABL_PTR. Removing redundant DEPEND and DEPEND_{1,2,3}
  GMLMT: DEPEND == LABL_PTR. Removing redundant DEPEND and DEPEND_{1,2,3}
I1_AV_RES | CDF.DEPENDsEqualLABL_PTR:
  LMT: DEPEND == LABL_PTR. Removing redundant DEPEND and DEPEND_{1,2,3}
  geo_coord: DEPEND == LABL_PTR. Removing redundant DEPEND and DEPEND_{1,2,3}
  GMLMT: DEPEND == LABL_PTR. Removing redundant DEPEND and DEPEND_{1,2,3}
I1_AV_SNT | CDF.DEPENDsEqualLABL_PTR:
  LMT: DEPEND == LABL_PTR. Removing redundant DEPEND and DEPEND_{1,2,3}
  geo_coord: DEPEND == LABL_PTR. Removing redundant DEPEND and DEPEND_{1,2,3}
  GMLMT: DEPEND == LABL_PTR. Removing redundant DEPEND and DEPEND_{1,2,3}
I1_AV_SOD | CDF.DEPENDsEqualLABL_PTR:
  LMT: DEPEND == LABL_PTR. Removing redundant DEPEND and DEPEND_{1,2,3}
  geo_coord: DEPEND == LABL_PTR. Removing redundant DEPEND and DEPEND_{1,2,3}
  GMLMT: DEPEND == LABL_PTR. Removing redundant DEPEND and DEPEND_{1,2,3}
I1_AV_TRO | CDF.DEPENDsEqualLABL_PTR:
  LMT: DEPEND == LABL_PTR. Removing redundant DEPEND and DEPEND_{1,2,3}
  geo_coord: DEPEND == LABL_PTR. Removing redundant DEPEND and DEPEND_{1,2,3}
  GMLMT: DEPEND == LABL_PTR. Removing redundant DEPEND and DEPEND_{1,2,3}
I1_AV_ULA | CDF.DEPENDsEqualLABL_PTR:
  LMT: DEPEND == LABL_PTR. Removing redundant DEPEND and DEPEND_{1,2,3}
  geo_coord: DEPEND == LABL_PTR. Removing redundant DEPEND and DEPEND_{1,2,3}
  GMLMT: DEPEND == LABL_PTR. Removing redundant DEPEND and DEPEND_{1,2,3}
I1_AV_WNK | CDF.DEPENDsEqualLABL_PTR:
  LMT: DEPEND == LABL_PTR. Removing redundant DEPEND and DEPEND_{1,2,3}
  geo_coord: DEPEND == LABL_PTR. Removing redundant DEPEND and DEPEND_{1,2,3}
  GMLMT: DEPEND == LABL_PTR. Removing redundant DEPEND and DEPEND_{1,2,3}
I2_AV_ACN | CDF.DEPENDsEqualLABL_PTR:
  LMT: DEPEND == LABL_PTR. Removing redundant DEPEND and DEPEND_{1,2,3}
  geo_coord: DEPEND == LABL_PTR. Removing redundant DEPEND and DEPEND_{1,2,3}
  GMLMT: DEPEND == LABL_PTR. Removing redundant DEPEND and DEPEND_{1,2,3}
I2_AV_ADL | CDF.DEPENDsEqualLABL_PTR:
  LMT: DEPEND == LABL_PTR. Removing redundant DEPEND and DEPEND_{1,2,3}
  geo_coord: DEPEND == LABL_PTR. Removing redundant DEPEND and DEPEND_{1,2,3}
  GMLMT: DEPEND == LABL_PTR. Removing redundant DEPEND and DEPEND_{1,2,3}
I2_AV_AME | CDF.DEPENDsEqualLABL_PTR:
  LMT: DEPEND == LABL_PTR. Removing redundant DEPEND and DEPEND_{1,2,3}
  geo_coord: DEPEND == LABL_PTR. Removing redundant DEPEND and DEPEND_{1,2,3}
  GMLMT: DEPEND == LABL_PTR. Removing redundant DEPEND and DEPEND_{1,2,3}
I2_AV_BRZ | CDF.DEPENDsEqualLABL_PTR:
  LMT: DEPEND == LABL_PTR. Removing redundant DEPEND and DEPEND_{1,2,3}
  geo_coord: DEPEND == LABL_PTR. Removing redundant DEPEND and DEPEND_{1,2,3}
  GMLMT: DEPEND == LABL_PTR. Removing redundant DEPEND and DEPEND_{1,2,3}
I2_AV_BUR | CDF.DEPENDsEqualLABL_PTR:
  LMT: DEPEND == LABL_PTR. Removing redundant DEPEND and DEPEND_{1,2,3}
  geo_coord: DEPEND == LABL_PTR. Removing redundant DEPEND and DEPEND_{1,2,3}
  GMLMT: DEPEND == LABL_PTR. Removing redundant DEPEND and DEPEND_{1,2,3}
I2_AV_CNA | CDF.DEPENDsEqualLABL_PTR:
  LMT: DEPEND == LABL_PTR. Removing redundant DEPEND and DEPEND_{1,2,3}
  geo_coord: DEPEND == LABL_PTR. Removing redundant DEPEND and DEPEND_{1,2,3}
  GMLMT: DEPEND == LABL_PTR. Removing redundant DEPEND and DEPEND_{1,2,3}
I2_AV_KER | CDF.DEPENDsEqualLABL_PTR:
  LMT: DEPEND == LABL_PTR. Removing redundant DEPEND and DEPEND_{1,2,3}
  geo_coord: DEPEND == LABL_PTR. Removing redundant DEPEND and DEPEND_{1,2,3}
  GMLMT: DEPEND == LABL_PTR. Removing redundant DEPEND and DEPEND_{1,2,3}
I2_AV_KRU | CDF.DEPENDsEqualLABL_PTR:
  LMT: DEPEND == LABL_PTR. Removing redundant DEPEND and DEPEND_{1,2,3}
  geo_coord: DEPEND == LABL_PTR. Removing redundant DEPEND and DEPEND_{1,2,3}
  GMLMT: DEPEND == LABL_PTR. Removing redundant DEPEND and DEPEND_{1,2,3}
I2_AV_KSH | CDF.DEPENDsEqualLABL_PTR:
  LMT: DEPEND == LABL_PTR. Removing redundant DEPEND and DEPEND_{1,2,3}
  geo_coord: DEPEND == LABL_PTR. Removing redundant DEPEND and DEPEND_{1,2,3}
  GMLMT: DEPEND == LABL_PTR. Removing redundant DEPEND and DEPEND_{1,2,3}
I2_AV_KWA | CDF.DEPENDsEqualLABL_PTR:
  LMT: DEPEND == LABL_PTR. Removing redundant DEPEND and DEPEND_{1,2,3}
  geo_coord: DEPEND == LABL_PTR. Removing redundant DEPEND and DEPEND_{1,2,3}
  GMLMT: DEPEND == LABL_PTR. Removing redundant DEPEND and DEPEND_{1,2,3}
I2_AV_LAU | CDF.DEPENDsEqualLABL_PTR:
  LMT: DEPEND == LABL_PTR. Removing redundant DEPEND and DEPEND_{1,2,3}
  geo_coord: DEPEND == LABL_PTR. Removing redundant DEPEND and DEPEND_{1,2,3}
  GMLMT: DEPEND == LABL_PTR. Removing redundant DEPEND and DEPEND_{1,2,3}
I2_AV_ODG | CDF.DEPENDsEqualLABL_PTR:
  LMT: DEPEND == LABL_PTR. Removing redundant DEPEND and DEPEND_{1,2,3}
  geo_coord: DEPEND == LABL_PTR. Removing redundant DEPEND and DEPEND_{1,2,3}
  GMLMT: DEPEND == LABL_PTR. Removing redundant DEPEND and DEPEND_{1,2,3}
I2_AV_ORR | CDF.DEPENDsEqualLABL_PTR:
  LMT: DEPEND == LABL_PTR. Removing redundant DEPEND and DEPEND_{1,2,3}
  geo_coord: DEPEND == LABL_PTR. Removing redundant DEPEND and DEPEND_{1,2,3}
  GMLMT: DEPEND == LABL_PTR. Removing redundant DEPEND and DEPEND_{1,2,3}
I2_AV_OTT | CDF.DEPENDsEqualLABL_PTR:
  LMT: DEPEND == LABL_PTR. Removing redundant DEPEND and DEPEND_{1,2,3}
  geo_coord: DEPEND == LABL_PTR. Removing redundant DEPEND and DEPEND_{1,2,3}
  GMLMT: DEPEND == LABL_PTR. Removing redundant DEPEND and DEPEND_{1,2,3}
I2_AV_QUI | CDF.DEPENDsEqualLABL_PTR:
  LMT: DEPEND == LABL_PTR. Removing redundant DEPEND and DEPEND_{1,2,3}
  geo_coord: DEPEND == LABL_PTR. Removing redundant DEPEND and DEPEND_{1,2,3}
  GMLMT: DEPEND == LABL_PTR. Removing redundant DEPEND and DEPEND_{1,2,3}
I2_AV_RES | CDF.DEPENDsEqualLABL_PTR:
  LMT: DEPEND == LABL_PTR. Removing redundant DEPEND and DEPEND_{1,2,3}
  geo_coord: DEPEND == LABL_PTR. Removing redundant DEPEND and DEPEND_{1,2,3}
  GMLMT: DEPEND == LABL_PTR. Removing redundant DEPEND and DEPEND_{1,2,3}
I2_AV_SNT | CDF.DEPENDsEqualLABL_PTR:
  LMT: DEPEND == LABL_PTR. Removing redundant DEPEND and DEPEND_{1,2,3}
  geo_coord: DEPEND == LABL_PTR. Removing redundant DEPEND and DEPEND_{1,2,3}
  GMLMT: DEPEND == LABL_PTR. Removing redundant DEPEND and DEPEND_{1,2,3}
I2_AV_SOD | CDF.DEPENDsEqualLABL_PTR:
  LMT: DEPEND == LABL_PTR. Removing redundant DEPEND and DEPEND_{1,2,3}
  geo_coord: DEPEND == LABL_PTR. Removing redundant DEPEND and DEPEND_{1,2,3}
  GMLMT: DEPEND == LABL_PTR. Removing redundant DEPEND and DEPEND_{1,2,3}
I2_AV_SOL | CDF.DEPENDsEqualLABL_PTR:
  LMT: DEPEND == LABL_PTR. Removing redundant DEPEND and DEPEND_{1,2,3}
  geo_coord: DEPEND == LABL_PTR. Removing redundant DEPEND and DEPEND_{1,2,3}
  GMLMT: DEPEND == LABL_PTR. Removing redundant DEPEND and DEPEND_{1,2,3}
I2_AV_SYO | CDF.DEPENDsEqualLABL_PTR:
  LMT: DEPEND == LABL_PTR. Removing redundant DEPEND and DEPEND_{1,2,3}
  geo_coord: DEPEND == LABL_PTR. Removing redundant DEPEND and DEPEND_{1,2,3}
  GMLMT: DEPEND == LABL_PTR. Removing redundant DEPEND and DEPEND_{1,2,3}
I2_AV_TRO | CDF.DEPENDsEqualLABL_PTR:
  LMT: DEPEND == LABL_PTR. Removing redundant DEPEND and DEPEND_{1,2,3}
  geo_coord: DEPEND == LABL_PTR. Removing redundant DEPEND and DEPEND_{1,2,3}
  GMLMT: DEPEND == LABL_PTR. Removing redundant DEPEND and DEPEND_{1,2,3}
I2_AV_ULA | CDF.DEPENDsEqualLABL_PTR:
  LMT: DEPEND == LABL_PTR. Removing redundant DEPEND and DEPEND_{1,2,3}
  geo_coord: DEPEND == LABL_PTR. Removing redundant DEPEND and DEPEND_{1,2,3}
  GMLMT: DEPEND == LABL_PTR. Removing redundant DEPEND and DEPEND_{1,2,3}
I2_AV_WNK | CDF.DEPENDsEqualLABL_PTR:
  LMT: DEPEND == LABL_PTR. Removing redundant DEPEND and DEPEND_{1,2,3}
  geo_coord: DEPEND == LABL_PTR. Removing redundant DEPEND and DEPEND_{1,2,3}
  GMLMT: DEPEND == LABL_PTR. Removing redundant DEPEND and DEPEND_{1,2,3}
I8_H0_GME | CDF.DEPENDsEqualLABL_PTR:
  Event_Rates: DEPEND == LABL_PTR. Removing redundant DEPEND and DEPEND_{1,2,3}
  Event_Rates_errorbars: DEPEND == LABL_PTR. Removing redundant DEPEND and DEPEND_{1,2,3}
  Event_Rates_Unc: DEPEND == LABL_PTR. Removing redundant DEPEND and DEPEND_{1,2,3}
  Singles_Rates: DEPEND == LABL_PTR. Removing redundant DEPEND and DEPEND_{1,2,3}
  Singles_Rates_errorbars: DEPEND == LABL_PTR. Removing redundant DEPEND and DEPEND_{1,2,3}
  Singles_Rates_Unc: DEPEND == LABL_PTR. Removing redundant DEPEND and DEPEND_{1,2,3}
IBEX_OR_SSC | CDF.DEPENDsEqualLABL_PTR:
  XYZ_GSE: DEPEND == LABL_PTR. Removing redundant DEPEND and DEPEND_{1,2,3}
  XYZ_GSEO: DEPEND == LABL_PTR. Removing redundant DEPEND and DEPEND_{1,2,3}
  XYZ_GSM: DEPEND == LABL_PTR. Removing redundant DEPEND and DEPEND_{1,2,3}
  XYZ_GSMO: DEPEND == LABL_PTR. Removing redundant DEPEND and DEPEND_{1,2,3}
  XYZ_SM: DEPEND == LABL_PTR. Removing redundant DEPEND and DEPEND_{1,2,3}
  XYZ_SMO: DEPEND == LABL_PTR. Removing redundant DEPEND and DEPEND_{1,2,3}
  XYZ_GEO: DEPEND == LABL_PTR. Removing redundant DEPEND and DEPEND_{1,2,3}
  XYZ_GEOO: DEPEND == LABL_PTR. Removing redundant DEPEND and DEPEND_{1,2,3}
  XYZ_GM: DEPEND == LABL_PTR. Removing redundant DEPEND and DEPEND_{1,2,3}
  XYZ_GMO: DEPEND == LABL_PTR. Removing redundant DEPEND and DEPEND_{1,2,3}
L0_K0_MPA | CDF.DEPENDsEqualLABL_PTR:
  temp_lop: DEPEND == LABL_PTR. Removing redundant DEPEND and DEPEND_{1,2,3}
  temp_hip: DEPEND == LABL_PTR. Removing redundant DEPEND and DEPEND_{1,2,3}
  theta_phi_hip: DEPEND == LABL_PTR. Removing redundant DEPEND and DEPEND_{1,2,3}
  temp_e: DEPEND == LABL_PTR. Removing redundant DEPEND and DEPEND_{1,2,3}
  theta_phi_e: DEPEND == LABL_PTR. Removing redundant DEPEND and DEPEND_{1,2,3}
L0_K0_SPA | CDF.DEPENDsEqualLABL_PTR:
  sc_loc: DEPEND == LABL_PTR. Removing redundant DEPEND and DEPEND_{1,2,3}
L1_K0_MPA | CDF.DEPENDsEqualLABL_PTR:
  temp_lop: DEPEND == LABL_PTR. Removing redundant DEPEND and DEPEND_{1,2,3}
  temp_hip: DEPEND == LABL_PTR. Removing redundant DEPEND and DEPEND_{1,2,3}
  theta_phi_hip: DEPEND == LABL_PTR. Removing redundant DEPEND and DEPEND_{1,2,3}
  temp_e: DEPEND == LABL_PTR. Removing redundant DEPEND and DEPEND_{1,2,3}
  theta_phi_e: DEPEND == LABL_PTR. Removing redundant DEPEND and DEPEND_{1,2,3}
L1_K0_SPA | CDF.DEPENDsEqualLABL_PTR:
  sc_loc: DEPEND == LABL_PTR. Removing redundant DEPEND and DEPEND_{1,2,3}
L4_K0_MPA | CDF.DEPENDsEqualLABL_PTR:
  temp_lop: DEPEND == LABL_PTR. Removing redundant DEPEND and DEPEND_{1,2,3}
  temp_hip: DEPEND == LABL_PTR. Removing redundant DEPEND and DEPEND_{1,2,3}
  theta_phi_hip: DEPEND == LABL_PTR. Removing redundant DEPEND and DEPEND_{1,2,3}
  temp_e: DEPEND == LABL_PTR. Removing redundant DEPEND and DEPEND_{1,2,3}
  theta_phi_e: DEPEND == LABL_PTR. Removing redundant DEPEND and DEPEND_{1,2,3}
L4_K0_SPA | CDF.DEPENDsEqualLABL_PTR:
  sc_loc: DEPEND == LABL_PTR. Removing redundant DEPEND and DEPEND_{1,2,3}
L7_H0_MPA | CDF.DEPENDsEqualLABL_PTR:
  xyzgeo: DEPEND == LABL_PTR. Removing redundant DEPEND and DEPEND_{1,2,3}
L7_K0_MPA | CDF.DEPENDsEqualLABL_PTR:
  temp_lop: DEPEND == LABL_PTR. Removing redundant DEPEND and DEPEND_{1,2,3}
  temp_hip: DEPEND == LABL_PTR. Removing redundant DEPEND and DEPEND_{1,2,3}
  theta_phi_hip: DEPEND == LABL_PTR. Removing redundant DEPEND and DEPEND_{1,2,3}
  temp_e: DEPEND == LABL_PTR. Removing redundant DEPEND and DEPEND_{1,2,3}
  theta_phi_e: DEPEND == LABL_PTR. Removing redundant DEPEND and DEPEND_{1,2,3}
L7_K0_SPA | CDF.DEPENDsEqualLABL_PTR:
  sc_loc: DEPEND == LABL_PTR. Removing redundant DEPEND and DEPEND_{1,2,3}
L9_K0_MPA | CDF.DEPENDsEqualLABL_PTR:
  temp_lop: DEPEND == LABL_PTR. Removing redundant DEPEND and DEPEND_{1,2,3}
  temp_hip: DEPEND == LABL_PTR. Removing redundant DEPEND and DEPEND_{1,2,3}
  theta_phi_hip: DEPEND == LABL_PTR. Removing redundant DEPEND and DEPEND_{1,2,3}
  temp_e: DEPEND == LABL_PTR. Removing redundant DEPEND and DEPEND_{1,2,3}
  theta_phi_e: DEPEND == LABL_PTR. Removing redundant DEPEND and DEPEND_{1,2,3}
L9_K0_SPA | CDF.DEPENDsEqualLABL_PTR:
  sc_loc: DEPEND == LABL_PTR. Removing redundant DEPEND and DEPEND_{1,2,3}
MMS1_ASPOC_SRVY_L2 | CDF.DEPENDsEqualLABL_PTR:
  mms1_aspoc_status: DEPEND == LABL_PTR. Removing redundant DEPEND and DEPEND_{1,2,3}
MMS2_ASPOC_SRVY_L2 | CDF.DEPENDsEqualLABL_PTR:
  mms2_aspoc_status: DEPEND == LABL_PTR. Removing redundant DEPEND and DEPEND_{1,2,3}
MMS3_ASPOC_SRVY_L2 | CDF.DEPENDsEqualLABL_PTR:
  mms3_aspoc_status: DEPEND == LABL_PTR. Removing redundant DEPEND and DEPEND_{1,2,3}
MMS4_ASPOC_SRVY_L2 | CDF.DEPENDsEqualLABL_PTR:
  mms4_aspoc_status: DEPEND == LABL_PTR. Removing redundant DEPEND and DEPEND_{1,2,3}
PO_EJ_VIS | CDF.DEPENDsEqualLABL_PTR:
  SC_Pos_GCI: DEPEND == LABL_PTR. Removing redundant DEPEND and DEPEND_{1,2,3}
  SC_Vel_GCI: DEPEND == LABL_PTR. Removing redundant DEPEND and DEPEND_{1,2,3}
  Rotatn_Matrix: DEPEND == LABL_PTR. Removing redundant DEPEND and DEPEND_{1,2,3}
PO_H0_TID | CDF.DEPENDsEqualLABL_PTR:
  hp_vel: DEPEND == LABL_PTR. Removing redundant DEPEND and DEPEND_{1,2,3}
  hp_temp: DEPEND == LABL_PTR. Removing redundant DEPEND and DEPEND_{1,2,3}
  op_vel: DEPEND == LABL_PTR. Removing redundant DEPEND and DEPEND_{1,2,3}
  op_temp: DEPEND == LABL_PTR. Removing redundant DEPEND and DEPEND_{1,2,3}
  hep_vel: DEPEND == LABL_PTR. Removing redundant DEPEND and DEPEND_{1,2,3}
  hep_temp: DEPEND == LABL_PTR. Removing redundant DEPEND and DEPEND_{1,2,3}
PO_H1_TID | CDF.DEPENDsEqualLABL_PTR:
  total_vel: DEPEND == LABL_PTR. Removing redundant DEPEND and DEPEND_{1,2,3}
  total_temp: DEPEND == LABL_PTR. Removing redundant DEPEND and DEPEND_{1,2,3}
PO_K0_VIS | CDF.DEPENDsEqualLABL_PTR:
  Rotatn_Matrix: DEPEND == LABL_PTR. Removing redundant DEPEND and DEPEND_{1,2,3}
PO_K1_VIS | CDF.DEPENDsEqualLABL_PTR:
  SC_Pos_GCI: DEPEND == LABL_PTR. Removing redundant DEPEND and DEPEND_{1,2,3}
  SC_Vel_GCI: DEPEND == LABL_PTR. Removing redundant DEPEND and DEPEND_{1,2,3}
  Rotatn_Matrix: DEPEND == LABL_PTR. Removing redundant DEPEND and DEPEND_{1,2,3}
PO_VIS_EARTH-CAMERA-CALIBRATED | CDF.DEPENDsEqualLABL_PTR:
  SC_Pos_GCI: DEPEND == LABL_PTR. Removing redundant DEPEND and DEPEND_{1,2,3}
  SC_Vel_GCI: DEPEND == LABL_PTR. Removing redundant DEPEND and DEPEND_{1,2,3}
  Rotatn_Matrix: DEPEND == LABL_PTR. Removing redundant DEPEND and DEPEND_{1,2,3}
PO_VIS_VISIBLE-IMAGER-CALIBRATED | CDF.DEPENDsEqualLABL_PTR:
  SC_Pos_GCI: DEPEND == LABL_PTR. Removing redundant DEPEND and DEPEND_{1,2,3}
  SC_Vel_GCI: DEPEND == LABL_PTR. Removing redundant DEPEND and DEPEND_{1,2,3}
  Rotatn_Matrix: DEPEND == LABL_PTR. Removing redundant DEPEND and DEPEND_{1,2,3}
PSP_SWP_SPC_L2I | CDF.DEPENDsEqualLABL_PTR:
  flow_angle: DEPEND == LABL_PTR. Removing redundant DEPEND and DEPEND_{1,2,3}
SE_K0_FPI | CDF.DEPENDsEqualLABL_PTR:
  Time_PB5: DEPEND == LABL_PTR. Removing redundant DEPEND and DEPEND_{1,2,3}
SE_K0_MAG | CDF.DEPENDsEqualLABL_PTR:
  Time_PB5: DEPEND == LABL_PTR. Removing redundant DEPEND and DEPEND_{1,2,3}
SE_K0_RIO | CDF.DEPENDsEqualLABL_PTR:
  Time_PB5: DEPEND == LABL_PTR. Removing redundant DEPEND and DEPEND_{1,2,3}
  Absorption: DEPEND == LABL_PTR. Removing redundant DEPEND and DEPEND_{1,2,3}
SE_K0_VLF | CDF.DEPENDsEqualLABL_PTR:
  Time_PB5: DEPEND == LABL_PTR. Removing redundant DEPEND and DEPEND_{1,2,3}
SO_OR_PRE | CDF.DEPENDsEqualLABL_PTR:
  GCI_POS: DEPEND == LABL_PTR. Removing redundant DEPEND and DEPEND_{1,2,3}
  GSE_POS: DEPEND == LABL_PTR. Removing redundant DEPEND and DEPEND_{1,2,3}
  GSM_POS: DEPEND == LABL_PTR. Removing redundant DEPEND and DEPEND_{1,2,3}
  SUN_VECTOR: DEPEND == LABL_PTR. Removing redundant DEPEND and DEPEND_{1,2,3}
  HEC_POS: DEPEND == LABL_PTR. Removing redundant DEPEND and DEPEND_{1,2,3}
STA_L1_MAGB_RTN | CDF.DEPENDsEqualLABL_PTR:
  BFIELD: DEPEND == LABL_PTR. Removing redundant DEPEND and DEPEND_{1,2,3}
STA_L1_MAGB_SC | CDF.DEPENDsEqualLABL_PTR:
  BFIELD: DEPEND == LABL_PTR. Removing redundant DEPEND and DEPEND_{1,2,3}
STA_L1_MAG_RTN | CDF.DEPENDsEqualLABL_PTR:
  BFIELD: DEPEND == LABL_PTR. Removing redundant DEPEND and DEPEND_{1,2,3}
STA_L1_MAG_SC | CDF.DEPENDsEqualLABL_PTR:
  BFIELD: DEPEND == LABL_PTR. Removing redundant DEPEND and DEPEND_{1,2,3}
STA_LB_IMPACT | CDF.DEPENDsEqualLABL_PTR:
  MAGBField: DEPEND == LABL_PTR. Removing redundant DEPEND and DEPEND_{1,2,3}
  Ve: DEPEND == LABL_PTR. Removing redundant DEPEND and DEPEND_{1,2,3}
  Pe: DEPEND == LABL_PTR. Removing redundant DEPEND and DEPEND_{1,2,3}
  He: DEPEND == LABL_PTR. Removing redundant DEPEND and DEPEND_{1,2,3}
STA_LB_MAG_RTN | CDF.DEPENDsEqualLABL_PTR:
  BFIELD: DEPEND == LABL_PTR. Removing redundant DEPEND and DEPEND_{1,2,3}
STB_L1_MAGB_RTN | CDF.DEPENDsEqualLABL_PTR:
  BFIELD: DEPEND == LABL_PTR. Removing redundant DEPEND and DEPEND_{1,2,3}
STB_L1_MAGB_SC | CDF.DEPENDsEqualLABL_PTR:
  BFIELD: DEPEND == LABL_PTR. Removing redundant DEPEND and DEPEND_{1,2,3}
STB_L1_MAG_RTN | CDF.DEPENDsEqualLABL_PTR:
  BFIELD: DEPEND == LABL_PTR. Removing redundant DEPEND and DEPEND_{1,2,3}
STB_L1_MAG_SC | CDF.DEPENDsEqualLABL_PTR:
  BFIELD: DEPEND == LABL_PTR. Removing redundant DEPEND and DEPEND_{1,2,3}
STB_LB_IMPACT | CDF.DEPENDsEqualLABL_PTR:
  MAGBField: DEPEND == LABL_PTR. Removing redundant DEPEND and DEPEND_{1,2,3}
  Ve: DEPEND == LABL_PTR. Removing redundant DEPEND and DEPEND_{1,2,3}
  Pe: DEPEND == LABL_PTR. Removing redundant DEPEND and DEPEND_{1,2,3}
  He: DEPEND == LABL_PTR. Removing redundant DEPEND and DEPEND_{1,2,3}
SX_K0_30F | CDF.DEPENDsEqualLABL_PTR:
  geo_POS: DEPEND == LABL_PTR. Removing redundant DEPEND and DEPEND_{1,2,3}
  gei_pos: DEPEND == LABL_PTR. Removing redundant DEPEND and DEPEND_{1,2,3}
  gei_vel: DEPEND == LABL_PTR. Removing redundant DEPEND and DEPEND_{1,2,3}
  ecd_pos: DEPEND == LABL_PTR. Removing redundant DEPEND and DEPEND_{1,2,3}
  b_vect_gei: DEPEND == LABL_PTR. Removing redundant DEPEND and DEPEND_{1,2,3}
  b_vect_geogr: DEPEND == LABL_PTR. Removing redundant DEPEND and DEPEND_{1,2,3}
  dipole_mom: DEPEND == LABL_PTR. Removing redundant DEPEND and DEPEND_{1,2,3}
  dipole_displace: DEPEND == LABL_PTR. Removing redundant DEPEND and DEPEND_{1,2,3}
  mirror_point: DEPEND == LABL_PTR. Removing redundant DEPEND and DEPEND_{1,2,3}
  mag_equator: DEPEND == LABL_PTR. Removing redundant DEPEND and DEPEND_{1,2,3}
  N_mirror_params: DEPEND == LABL_PTR. Removing redundant DEPEND and DEPEND_{1,2,3}
  S_mirror_params: DEPEND == LABL_PTR. Removing redundant DEPEND and DEPEND_{1,2,3}
  lica_flag: DEPEND == LABL_PTR. Removing redundant DEPEND and DEPEND_{1,2,3}
  HILT_flag: DEPEND == LABL_PTR. Removing redundant DEPEND and DEPEND_{1,2,3}
  MAST_flag: DEPEND == LABL_PTR. Removing redundant DEPEND and DEPEND_{1,2,3}
  PET_flag: DEPEND == LABL_PTR. Removing redundant DEPEND and DEPEND_{1,2,3}
SX_K0_POF | CDF.DEPENDsEqualLABL_PTR:
  lica_flag: DEPEND == LABL_PTR. Removing redundant DEPEND and DEPEND_{1,2,3}
  HILT_flag: DEPEND == LABL_PTR. Removing redundant DEPEND and DEPEND_{1,2,3}
  MAST_flag: DEPEND == LABL_PTR. Removing redundant DEPEND and DEPEND_{1,2,3}
  PET_flag: DEPEND == LABL_PTR. Removing redundant DEPEND and DEPEND_{1,2,3}
THAPRED_OR_SSC | CDF.DEPENDsEqualLABL_PTR:
  XYZ_GSE: DEPEND == LABL_PTR. Removing redundant DEPEND and DEPEND_{1,2,3}
  XYZ_GSEO: DEPEND == LABL_PTR. Removing redundant DEPEND and DEPEND_{1,2,3}
  XYZ_GSM: DEPEND == LABL_PTR. Removing redundant DEPEND and DEPEND_{1,2,3}
  XYZ_GSMO: DEPEND == LABL_PTR. Removing redundant DEPEND and DEPEND_{1,2,3}
  XYZ_SM: DEPEND == LABL_PTR. Removing redundant DEPEND and DEPEND_{1,2,3}
  XYZ_SMO: DEPEND == LABL_PTR. Removing redundant DEPEND and DEPEND_{1,2,3}
  XYZ_GEO: DEPEND == LABL_PTR. Removing redundant DEPEND and DEPEND_{1,2,3}
  XYZ_GEOO: DEPEND == LABL_PTR. Removing redundant DEPEND and DEPEND_{1,2,3}
  XYZ_GM: DEPEND == LABL_PTR. Removing redundant DEPEND and DEPEND_{1,2,3}
  XYZ_GMO: DEPEND == LABL_PTR. Removing redundant DEPEND and DEPEND_{1,2,3}
THA_OR_SSC | CDF.DEPENDsEqualLABL_PTR:
  XYZ_GSE: DEPEND == LABL_PTR. Removing redundant DEPEND and DEPEND_{1,2,3}
  XYZ_GSEO: DEPEND == LABL_PTR. Removing redundant DEPEND and DEPEND_{1,2,3}
  XYZ_GSM: DEPEND == LABL_PTR. Removing redundant DEPEND and DEPEND_{1,2,3}
  XYZ_GSMO: DEPEND == LABL_PTR. Removing redundant DEPEND and DEPEND_{1,2,3}
  XYZ_SM: DEPEND == LABL_PTR. Removing redundant DEPEND and DEPEND_{1,2,3}
  XYZ_SMO: DEPEND == LABL_PTR. Removing redundant DEPEND and DEPEND_{1,2,3}
  XYZ_GEO: DEPEND == LABL_PTR. Removing redundant DEPEND and DEPEND_{1,2,3}
  XYZ_GEOO: DEPEND == LABL_PTR. Removing redundant DEPEND and DEPEND_{1,2,3}
  XYZ_GM: DEPEND == LABL_PTR. Removing redundant DEPEND and DEPEND_{1,2,3}
  XYZ_GMO: DEPEND == LABL_PTR. Removing redundant DEPEND and DEPEND_{1,2,3}
THBPRED_OR_SSC | CDF.DEPENDsEqualLABL_PTR:
  XYZ_GSE: DEPEND == LABL_PTR. Removing redundant DEPEND and DEPEND_{1,2,3}
  XYZ_GSEO: DEPEND == LABL_PTR. Removing redundant DEPEND and DEPEND_{1,2,3}
  XYZ_GSM: DEPEND == LABL_PTR. Removing redundant DEPEND and DEPEND_{1,2,3}
  XYZ_GSMO: DEPEND == LABL_PTR. Removing redundant DEPEND and DEPEND_{1,2,3}
  XYZ_SM: DEPEND == LABL_PTR. Removing redundant DEPEND and DEPEND_{1,2,3}
  XYZ_SMO: DEPEND == LABL_PTR. Removing redundant DEPEND and DEPEND_{1,2,3}
  XYZ_GEO: DEPEND == LABL_PTR. Removing redundant DEPEND and DEPEND_{1,2,3}
  XYZ_GEOO: DEPEND == LABL_PTR. Removing redundant DEPEND and DEPEND_{1,2,3}
  XYZ_GM: DEPEND == LABL_PTR. Removing redundant DEPEND and DEPEND_{1,2,3}
  XYZ_GMO: DEPEND == LABL_PTR. Removing redundant DEPEND and DEPEND_{1,2,3}
THB_L2_MERGED | CDF.DEPENDsEqualLABL_PTR:
  XYZ_GSE: DEPEND == LABL_PTR. Removing redundant DEPEND and DEPEND_{1,2,3}
  XYZ_SSE: DEPEND == LABL_PTR. Removing redundant DEPEND and DEPEND_{1,2,3}
THB_OR_SSC | CDF.DEPENDsEqualLABL_PTR:
  XYZ_GSE: DEPEND == LABL_PTR. Removing redundant DEPEND and DEPEND_{1,2,3}
  XYZ_GSEO: DEPEND == LABL_PTR. Removing redundant DEPEND and DEPEND_{1,2,3}
  XYZ_GSM: DEPEND == LABL_PTR. Removing redundant DEPEND and DEPEND_{1,2,3}
  XYZ_GSMO: DEPEND == LABL_PTR. Removing redundant DEPEND and DEPEND_{1,2,3}
  XYZ_SM: DEPEND == LABL_PTR. Removing redundant DEPEND and DEPEND_{1,2,3}
  XYZ_SMO: DEPEND == LABL_PTR. Removing redundant DEPEND and DEPEND_{1,2,3}
  XYZ_GEO: DEPEND == LABL_PTR. Removing redundant DEPEND and DEPEND_{1,2,3}
  XYZ_GEOO: DEPEND == LABL_PTR. Removing redundant DEPEND and DEPEND_{1,2,3}
  XYZ_GM: DEPEND == LABL_PTR. Removing redundant DEPEND and DEPEND_{1,2,3}
  XYZ_GMO: DEPEND == LABL_PTR. Removing redundant DEPEND and DEPEND_{1,2,3}
THCPRED_OR_SSC | CDF.DEPENDsEqualLABL_PTR:
  XYZ_GSE: DEPEND == LABL_PTR. Removing redundant DEPEND and DEPEND_{1,2,3}
  XYZ_GSEO: DEPEND == LABL_PTR. Removing redundant DEPEND and DEPEND_{1,2,3}
  XYZ_GSM: DEPEND == LABL_PTR. Removing redundant DEPEND and DEPEND_{1,2,3}
  XYZ_GSMO: DEPEND == LABL_PTR. Removing redundant DEPEND and DEPEND_{1,2,3}
  XYZ_SM: DEPEND == LABL_PTR. Removing redundant DEPEND and DEPEND_{1,2,3}
  XYZ_SMO: DEPEND == LABL_PTR. Removing redundant DEPEND and DEPEND_{1,2,3}
  XYZ_GEO: DEPEND == LABL_PTR. Removing redundant DEPEND and DEPEND_{1,2,3}
  XYZ_GEOO: DEPEND == LABL_PTR. Removing redundant DEPEND and DEPEND_{1,2,3}
  XYZ_GM: DEPEND == LABL_PTR. Removing redundant DEPEND and DEPEND_{1,2,3}
  XYZ_GMO: DEPEND == LABL_PTR. Removing redundant DEPEND and DEPEND_{1,2,3}
THC_L2_MERGED | CDF.DEPENDsEqualLABL_PTR:
  XYZ_GSE: DEPEND == LABL_PTR. Removing redundant DEPEND and DEPEND_{1,2,3}
  XYZ_SSE: DEPEND == LABL_PTR. Removing redundant DEPEND and DEPEND_{1,2,3}
THC_OR_SSC | CDF.DEPENDsEqualLABL_PTR:
  XYZ_GSE: DEPEND == LABL_PTR. Removing redundant DEPEND and DEPEND_{1,2,3}
  XYZ_GSEO: DEPEND == LABL_PTR. Removing redundant DEPEND and DEPEND_{1,2,3}
  XYZ_GSM: DEPEND == LABL_PTR. Removing redundant DEPEND and DEPEND_{1,2,3}
  XYZ_GSMO: DEPEND == LABL_PTR. Removing redundant DEPEND and DEPEND_{1,2,3}
  XYZ_SM: DEPEND == LABL_PTR. Removing redundant DEPEND and DEPEND_{1,2,3}
  XYZ_SMO: DEPEND == LABL_PTR. Removing redundant DEPEND and DEPEND_{1,2,3}
  XYZ_GEO: DEPEND == LABL_PTR. Removing redundant DEPEND and DEPEND_{1,2,3}
  XYZ_GEOO: DEPEND == LABL_PTR. Removing redundant DEPEND and DEPEND_{1,2,3}
  XYZ_GM: DEPEND == LABL_PTR. Removing redundant DEPEND and DEPEND_{1,2,3}
  XYZ_GMO: DEPEND == LABL_PTR. Removing redundant DEPEND and DEPEND_{1,2,3}
THDPRED_OR_SSC | CDF.DEPENDsEqualLABL_PTR:
  XYZ_GSE: DEPEND == LABL_PTR. Removing redundant DEPEND and DEPEND_{1,2,3}
  XYZ_GSEO: DEPEND == LABL_PTR. Removing redundant DEPEND and DEPEND_{1,2,3}
  XYZ_GSM: DEPEND == LABL_PTR. Removing redundant DEPEND and DEPEND_{1,2,3}
  XYZ_GSMO: DEPEND == LABL_PTR. Removing redundant DEPEND and DEPEND_{1,2,3}
  XYZ_SM: DEPEND == LABL_PTR. Removing redundant DEPEND and DEPEND_{1,2,3}
  XYZ_SMO: DEPEND == LABL_PTR. Removing redundant DEPEND and DEPEND_{1,2,3}
  XYZ_GEO: DEPEND == LABL_PTR. Removing redundant DEPEND and DEPEND_{1,2,3}
  XYZ_GEOO: DEPEND == LABL_PTR. Removing redundant DEPEND and DEPEND_{1,2,3}
  XYZ_GM: DEPEND == LABL_PTR. Removing redundant DEPEND and DEPEND_{1,2,3}
  XYZ_GMO: DEPEND == LABL_PTR. Removing redundant DEPEND and DEPEND_{1,2,3}
THD_OR_SSC | CDF.DEPENDsEqualLABL_PTR:
  XYZ_GSE: DEPEND == LABL_PTR. Removing redundant DEPEND and DEPEND_{1,2,3}
  XYZ_GSEO: DEPEND == LABL_PTR. Removing redundant DEPEND and DEPEND_{1,2,3}
  XYZ_GSM: DEPEND == LABL_PTR. Removing redundant DEPEND and DEPEND_{1,2,3}
  XYZ_GSMO: DEPEND == LABL_PTR. Removing redundant DEPEND and DEPEND_{1,2,3}
  XYZ_SM: DEPEND == LABL_PTR. Removing redundant DEPEND and DEPEND_{1,2,3}
  XYZ_SMO: DEPEND == LABL_PTR. Removing redundant DEPEND and DEPEND_{1,2,3}
  XYZ_GEO: DEPEND == LABL_PTR. Removing redundant DEPEND and DEPEND_{1,2,3}
  XYZ_GEOO: DEPEND == LABL_PTR. Removing redundant DEPEND and DEPEND_{1,2,3}
  XYZ_GM: DEPEND == LABL_PTR. Removing redundant DEPEND and DEPEND_{1,2,3}
  XYZ_GMO: DEPEND == LABL_PTR. Removing redundant DEPEND and DEPEND_{1,2,3}
THEPRED_OR_SSC | CDF.DEPENDsEqualLABL_PTR:
  XYZ_GSE: DEPEND == LABL_PTR. Removing redundant DEPEND and DEPEND_{1,2,3}
  XYZ_GSEO: DEPEND == LABL_PTR. Removing redundant DEPEND and DEPEND_{1,2,3}
  XYZ_GSM: DEPEND == LABL_PTR. Removing redundant DEPEND and DEPEND_{1,2,3}
  XYZ_GSMO: DEPEND == LABL_PTR. Removing redundant DEPEND and DEPEND_{1,2,3}
  XYZ_SM: DEPEND == LABL_PTR. Removing redundant DEPEND and DEPEND_{1,2,3}
  XYZ_SMO: DEPEND == LABL_PTR. Removing redundant DEPEND and DEPEND_{1,2,3}
  XYZ_GEO: DEPEND == LABL_PTR. Removing redundant DEPEND and DEPEND_{1,2,3}
  XYZ_GEOO: DEPEND == LABL_PTR. Removing redundant DEPEND and DEPEND_{1,2,3}
  XYZ_GM: DEPEND == LABL_PTR. Removing redundant DEPEND and DEPEND_{1,2,3}
  XYZ_GMO: DEPEND == LABL_PTR. Removing redundant DEPEND and DEPEND_{1,2,3}
THE_OR_SSC | CDF.DEPENDsEqualLABL_PTR:
  XYZ_GSE: DEPEND == LABL_PTR. Removing redundant DEPEND and DEPEND_{1,2,3}
  XYZ_GSEO: DEPEND == LABL_PTR. Removing redundant DEPEND and DEPEND_{1,2,3}
  XYZ_GSM: DEPEND == LABL_PTR. Removing redundant DEPEND and DEPEND_{1,2,3}
  XYZ_GSMO: DEPEND == LABL_PTR. Removing redundant DEPEND and DEPEND_{1,2,3}
  XYZ_SM: DEPEND == LABL_PTR. Removing redundant DEPEND and DEPEND_{1,2,3}
  XYZ_SMO: DEPEND == LABL_PTR. Removing redundant DEPEND and DEPEND_{1,2,3}
  XYZ_GEO: DEPEND == LABL_PTR. Removing redundant DEPEND and DEPEND_{1,2,3}
  XYZ_GEOO: DEPEND == LABL_PTR. Removing redundant DEPEND and DEPEND_{1,2,3}
  XYZ_GM: DEPEND == LABL_PTR. Removing redundant DEPEND and DEPEND_{1,2,3}
  XYZ_GMO: DEPEND == LABL_PTR. Removing redundant DEPEND and DEPEND_{1,2,3}
UY_1MIN_VHM | CDF.DEPENDsEqualLABL_PTR:
  B_RTN: DEPEND == LABL_PTR. Removing redundant DEPEND and DEPEND_{1,2,3}
UY_1SEC_VHM | CDF.DEPENDsEqualLABL_PTR:
  B_RTN: DEPEND == LABL_PTR. Removing redundant DEPEND and DEPEND_{1,2,3}
UY_M0_AT1 | CDF.DEPENDsEqualLABL_PTR:
  Z_ge_1: DEPEND == LABL_PTR. Removing redundant DEPEND and DEPEND_{1,2,3}
  Protons: DEPEND == LABL_PTR. Removing redundant DEPEND and DEPEND_{1,2,3}
  Zge1_sectors: DEPEND == LABL_PTR. Removing redundant DEPEND and DEPEND_{1,2,3}
  Z_ge_2: DEPEND == LABL_PTR. Removing redundant DEPEND and DEPEND_{1,2,3}
UY_M0_AT2 | CDF.DEPENDsEqualLABL_PTR:
  Z_ge_1: DEPEND == LABL_PTR. Removing redundant DEPEND and DEPEND_{1,2,3}
  Protons: DEPEND == LABL_PTR. Removing redundant DEPEND and DEPEND_{1,2,3}
  Zge1_sectors: DEPEND == LABL_PTR. Removing redundant DEPEND and DEPEND_{1,2,3}
  Z_ge_2: DEPEND == LABL_PTR. Removing redundant DEPEND and DEPEND_{1,2,3}
UY_M0_BAE | CDF.DEPENDsEqualLABL_PTR:
  Density: DEPEND == LABL_PTR. Removing redundant DEPEND and DEPEND_{1,2,3}
  Temperature: DEPEND == LABL_PTR. Removing redundant DEPEND and DEPEND_{1,2,3}
UY_M0_BAI | CDF.DEPENDsEqualLABL_PTR:
  Density: DEPEND == LABL_PTR. Removing redundant DEPEND and DEPEND_{1,2,3}
  Temperature: DEPEND == LABL_PTR. Removing redundant DEPEND and DEPEND_{1,2,3}
  Velocity: DEPEND == LABL_PTR. Removing redundant DEPEND and DEPEND_{1,2,3}
UY_M0_HET | CDF.DEPENDsEqualLABL_PTR:
  Protons: DEPEND == LABL_PTR. Removing redundant DEPEND and DEPEND_{1,2,3}
  Z_ge_3: DEPEND == LABL_PTR. Removing redundant DEPEND and DEPEND_{1,2,3}
UY_M0_HFT | CDF.DEPENDsEqualLABL_PTR:
  F1J_protons: DEPEND == LABL_PTR. Removing redundant DEPEND and DEPEND_{1,2,3}
  F1J_helium: DEPEND == LABL_PTR. Removing redundant DEPEND and DEPEND_{1,2,3}
  F1J_oxygen: DEPEND == LABL_PTR. Removing redundant DEPEND and DEPEND_{1,2,3}
  F2_protons: DEPEND == LABL_PTR. Removing redundant DEPEND and DEPEND_{1,2,3}
UY_M0_KET | CDF.DEPENDsEqualLABL_PTR:
  Proton_sectors: DEPEND == LABL_PTR. Removing redundant DEPEND and DEPEND_{1,2,3}
  HiE_protons: DEPEND == LABL_PTR. Removing redundant DEPEND and DEPEND_{1,2,3}
  Helium: DEPEND == LABL_PTR. Removing redundant DEPEND and DEPEND_{1,2,3}
  Electron_sectors: DEPEND == LABL_PTR. Removing redundant DEPEND and DEPEND_{1,2,3}
  Electrons: DEPEND == LABL_PTR. Removing redundant DEPEND and DEPEND_{1,2,3}
  Single_detector: DEPEND == LABL_PTR. Removing redundant DEPEND and DEPEND_{1,2,3}
UY_M0_LET | CDF.DEPENDsEqualLABL_PTR:
  LowE_protons: DEPEND == LABL_PTR. Removing redundant DEPEND and DEPEND_{1,2,3}
  LowE_proton_sectors: DEPEND == LABL_PTR. Removing redundant DEPEND and DEPEND_{1,2,3}
  MidE_proton_sectors: DEPEND == LABL_PTR. Removing redundant DEPEND and DEPEND_{1,2,3}
  Alphas: DEPEND == LABL_PTR. Removing redundant DEPEND and DEPEND_{1,2,3}
  Li_Be_B: DEPEND == LABL_PTR. Removing redundant DEPEND and DEPEND_{1,2,3}
  C_N_O: DEPEND == LABL_PTR. Removing redundant DEPEND and DEPEND_{1,2,3}
  Single_detector_rates: DEPEND == LABL_PTR. Removing redundant DEPEND and DEPEND_{1,2,3}
UY_M1_BAI | CDF.DEPENDsEqualLABL_PTR:
  Density: DEPEND == LABL_PTR. Removing redundant DEPEND and DEPEND_{1,2,3}
  Temperature: DEPEND == LABL_PTR. Removing redundant DEPEND and DEPEND_{1,2,3}
  Velocity: DEPEND == LABL_PTR. Removing redundant DEPEND and DEPEND_{1,2,3}
UY_M1_EPA | CDF.DEPENDsEqualLABL_PTR:
  Omni_Protons: DEPEND == LABL_PTR. Removing redundant DEPEND and DEPEND_{1,2,3}
  PRTL2_sectors: DEPEND == LABL_PTR. Removing redundant DEPEND and DEPEND_{1,2,3}
  PRTL3_sectors: DEPEND == LABL_PTR. Removing redundant DEPEND and DEPEND_{1,2,3}
  LowE_Electrons: DEPEND == LABL_PTR. Removing redundant DEPEND and DEPEND_{1,2,3}
  HiE_Electrons: DEPEND == LABL_PTR. Removing redundant DEPEND and DEPEND_{1,2,3}
  Event_rate: DEPEND == LABL_PTR. Removing redundant DEPEND and DEPEND_{1,2,3}
UY_M1_LF15 | CDF.DEPENDsEqualLABL_PTR:
  Electrons: DEPEND == LABL_PTR. Removing redundant DEPEND and DEPEND_{1,2,3}
  Ions: DEPEND == LABL_PTR. Removing redundant DEPEND and DEPEND_{1,2,3}
UY_M1_LF60 | CDF.DEPENDsEqualLABL_PTR:
  Electrons: DEPEND == LABL_PTR. Removing redundant DEPEND and DEPEND_{1,2,3}
  Ions: DEPEND == LABL_PTR. Removing redundant DEPEND and DEPEND_{1,2,3}
UY_M1_LM12 | CDF.DEPENDsEqualLABL_PTR:
  Ions: DEPEND == LABL_PTR. Removing redundant DEPEND and DEPEND_{1,2,3}
UY_M1_LM30 | CDF.DEPENDsEqualLABL_PTR:
  Ions: DEPEND == LABL_PTR. Removing redundant DEPEND and DEPEND_{1,2,3}
UY_M1_LMDE | CDF.DEPENDsEqualLABL_PTR:
  Electrons: DEPEND == LABL_PTR. Removing redundant DEPEND and DEPEND_{1,2,3}
UY_M1_SWI | CDF.DEPENDsEqualLABL_PTR:
  Density: DEPEND == LABL_PTR. Removing redundant DEPEND and DEPEND_{1,2,3}
  Velocity: DEPEND == LABL_PTR. Removing redundant DEPEND and DEPEND_{1,2,3}
  Temperature: DEPEND == LABL_PTR. Removing redundant DEPEND and DEPEND_{1,2,3}
UY_M1_VHM | CDF.DEPENDsEqualLABL_PTR:
  B_RTN: DEPEND == LABL_PTR. Removing redundant DEPEND and DEPEND_{1,2,3}
UY_M1_WART | CDF.DEPENDsEqualLABL_PTR:
  Protons: DEPEND == LABL_PTR. Removing redundant DEPEND and DEPEND_{1,2,3}
  Alphas: DEPEND == LABL_PTR. Removing redundant DEPEND and DEPEND_{1,2,3}
  C_N_O: DEPEND == LABL_PTR. Removing redundant DEPEND and DEPEND_{1,2,3}
  Fe_group: DEPEND == LABL_PTR. Removing redundant DEPEND and DEPEND_{1,2,3}
WIND_3DP_ECHSFITS_E0-YR | CDF.DEPENDsEqualLABL_PTR:
  V_e_xyz_gse_wi_3dp: DEPEND == LABL_PTR. Removing redundant DEPEND and DEPEND_{1,2,3}
WI_EMFITS_E0_3DP | CDF.DEPENDsEqualLABL_PTR:
  V_e_xyz_gse_wi_3dp: DEPEND == LABL_PTR. Removing redundant DEPEND and DEPEND_{1,2,3}
WI_H0_SWE | CDF.DEPENDsEqualLABL_PTR:
  time_PB5: DEPEND == LABL_PTR. Removing redundant DEPEND and DEPEND_{1,2,3}
WI_K0_3DP | CDF.DEPENDsEqualLABL_PTR:
  sc_position: DEPEND == LABL_PTR. Removing redundant DEPEND and DEPEND_{1,2,3}
  sc_velocity: DEPEND == LABL_PTR. Removing redundant DEPEND and DEPEND_{1,2,3}
  elect_vel: DEPEND == LABL_PTR. Removing redundant DEPEND and DEPEND_{1,2,3}
  ion_vel: DEPEND == LABL_PTR. Removing redundant DEPEND and DEPEND_{1,2,3}
WI_K0_WAV | CDF.DEPENDsEqualLABL_PTR:
  Moon_pos: DEPEND == LABL_PTR. Removing redundant DEPEND and DEPEND_{1,2,3}
  Moon_posV: DEPEND == LABL_PTR. Removing redundant DEPEND and DEPEND_{1,2,3}