C1_CP_STA_PPP | CDF.UNIT_PTRDataType.Invalid:
  Frequency__C1_CP_STA_PPP:
    Variable has LABL_PTR_1 = 'Frequency__C1_CP_STA_PPP' with DataType = 'CDF_FLOAT' which is not of type ['CDF_CHAR', 'CDF_UCHAR'].
    Variable has LABL_PTR_1 = 'Frequency__C1_CP_STA_PPP' with DataType = 'CDF_FLOAT' which is not of type ['CDF_CHAR', 'CDF_UCHAR'].
    Variable has LABL_PTR_1 = 'Frequency__C1_CP_STA_PPP' with DataType = 'CDF_FLOAT' which is not of type ['CDF_CHAR', 'CDF_UCHAR'].
    Variable has LABL_PTR_1 = 'Frequency__C1_CP_STA_PPP' with DataType = 'CDF_FLOAT' which is not of type ['CDF_CHAR', 'CDF_UCHAR'].
    Variable has LABL_PTR_1 = 'Frequency__C1_CP_STA_PPP' with DataType = 'CDF_FLOAT' which is not of type ['CDF_CHAR', 'CDF_UCHAR'].
    Variable has LABL_PTR_1 = 'Frequency__C1_CP_STA_PPP' with DataType = 'CDF_FLOAT' which is not of type ['CDF_CHAR', 'CDF_UCHAR'].
    Variable has LABL_PTR_1 = 'Frequency__C1_CP_STA_PPP' with DataType = 'CDF_FLOAT' which is not of type ['CDF_CHAR', 'CDF_UCHAR'].
C2_CP_STA_PPP | CDF.UNIT_PTRDataType.Invalid:
  Frequency__C2_CP_STA_PPP:
    Variable has LABL_PTR_1 = 'Frequency__C2_CP_STA_PPP' with DataType = 'CDF_FLOAT' which is not of type ['CDF_CHAR', 'CDF_UCHAR'].
    Variable has LABL_PTR_1 = 'Frequency__C2_CP_STA_PPP' with DataType = 'CDF_FLOAT' which is not of type ['CDF_CHAR', 'CDF_UCHAR'].
    Variable has LABL_PTR_1 = 'Frequency__C2_CP_STA_PPP' with DataType = 'CDF_FLOAT' which is not of type ['CDF_CHAR', 'CDF_UCHAR'].
    Variable has LABL_PTR_1 = 'Frequency__C2_CP_STA_PPP' with DataType = 'CDF_FLOAT' which is not of type ['CDF_CHAR', 'CDF_UCHAR'].
    Variable has LABL_PTR_1 = 'Frequency__C2_CP_STA_PPP' with DataType = 'CDF_FLOAT' which is not of type ['CDF_CHAR', 'CDF_UCHAR'].
    Variable has LABL_PTR_1 = 'Frequency__C2_CP_STA_PPP' with DataType = 'CDF_FLOAT' which is not of type ['CDF_CHAR', 'CDF_UCHAR'].
    Variable has LABL_PTR_1 = 'Frequency__C2_CP_STA_PPP' with DataType = 'CDF_FLOAT' which is not of type ['CDF_CHAR', 'CDF_UCHAR'].
C3_CP_STA_PPP | CDF.UNIT_PTRDataType.Invalid:
  Frequency__C3_CP_STA_PPP:
    Variable has LABL_PTR_1 = 'Frequency__C3_CP_STA_PPP' with DataType = 'CDF_FLOAT' which is not of type ['CDF_CHAR', 'CDF_UCHAR'].
    Variable has LABL_PTR_1 = 'Frequency__C3_CP_STA_PPP' with DataType = 'CDF_FLOAT' which is not of type ['CDF_CHAR', 'CDF_UCHAR'].
    Variable has LABL_PTR_1 = 'Frequency__C3_CP_STA_PPP' with DataType = 'CDF_FLOAT' which is not of type ['CDF_CHAR', 'CDF_UCHAR'].
    Variable has LABL_PTR_1 = 'Frequency__C3_CP_STA_PPP' with DataType = 'CDF_FLOAT' which is not of type ['CDF_CHAR', 'CDF_UCHAR'].
    Variable has LABL_PTR_1 = 'Frequency__C3_CP_STA_PPP' with DataType = 'CDF_FLOAT' which is not of type ['CDF_CHAR', 'CDF_UCHAR'].
    Variable has LABL_PTR_1 = 'Frequency__C3_CP_STA_PPP' with DataType = 'CDF_FLOAT' which is not of type ['CDF_CHAR', 'CDF_UCHAR'].
    Variable has LABL_PTR_1 = 'Frequency__C3_CP_STA_PPP' with DataType = 'CDF_FLOAT' which is not of type ['CDF_CHAR', 'CDF_UCHAR'].
C4_CP_STA_PPP | CDF.UNIT_PTRDataType.Invalid:
  Frequency__C4_CP_STA_PPP:
    Variable has LABL_PTR_1 = 'Frequency__C4_CP_STA_PPP' with DataType = 'CDF_FLOAT' which is not of type ['CDF_CHAR', 'CDF_UCHAR'].
    Variable has LABL_PTR_1 = 'Frequency__C4_CP_STA_PPP' with DataType = 'CDF_FLOAT' which is not of type ['CDF_CHAR', 'CDF_UCHAR'].
    Variable has LABL_PTR_1 = 'Frequency__C4_CP_STA_PPP' with DataType = 'CDF_FLOAT' which is not of type ['CDF_CHAR', 'CDF_UCHAR'].
    Variable has LABL_PTR_1 = 'Frequency__C4_CP_STA_PPP' with DataType = 'CDF_FLOAT' which is not of type ['CDF_CHAR', 'CDF_UCHAR'].
    Variable has LABL_PTR_1 = 'Frequency__C4_CP_STA_PPP' with DataType = 'CDF_FLOAT' which is not of type ['CDF_CHAR', 'CDF_UCHAR'].
    Variable has LABL_PTR_1 = 'Frequency__C4_CP_STA_PPP' with DataType = 'CDF_FLOAT' which is not of type ['CDF_CHAR', 'CDF_UCHAR'].
    Variable has LABL_PTR_1 = 'Frequency__C4_CP_STA_PPP' with DataType = 'CDF_FLOAT' which is not of type ['CDF_CHAR', 'CDF_UCHAR'].
IBEX_H3_ENA_HI_R02_CG_NOSP_OMNI_6MO | CDF.UNIT_PTRDataType.Invalid:
  Latitude: Variable has LABL_PTR_1 = 'Latitude' with DataType = 'CDF_REAL4' which is not of type ['CDF_CHAR', 'CDF_UCHAR'].
  West_Longitude: Variable has LABL_PTR_1 = 'West_Longitude' with DataType = 'CDF_REAL4' which is not of type ['CDF_CHAR', 'CDF_UCHAR'].
IBEX_H3_ENA_HI_R02_NOCG_NOSP_OMNI_6MO | CDF.UNIT_PTRDataType.Invalid:
  Latitude: Variable has LABL_PTR_1 = 'Latitude' with DataType = 'CDF_REAL4' which is not of type ['CDF_CHAR', 'CDF_UCHAR'].
  West_Longitude: Variable has LABL_PTR_1 = 'West_Longitude' with DataType = 'CDF_REAL4' which is not of type ['CDF_CHAR', 'CDF_UCHAR'].
IBEX_H3_ENA_HI_R04_CG_NOSP_ANTIRAM_1YR | CDF.UNIT_PTRDataType.Invalid:
  Latitude: Variable has LABL_PTR_1 = 'Latitude' with DataType = 'CDF_REAL4' which is not of type ['CDF_CHAR', 'CDF_UCHAR'].
  West_Longitude: Variable has LABL_PTR_1 = 'West_Longitude' with DataType = 'CDF_REAL4' which is not of type ['CDF_CHAR', 'CDF_UCHAR'].
IBEX_H3_ENA_HI_R04_CG_NOSP_OMNI_6MO | CDF.UNIT_PTRDataType.Invalid:
  Latitude: Variable has LABL_PTR_1 = 'Latitude' with DataType = 'CDF_REAL4' which is not of type ['CDF_CHAR', 'CDF_UCHAR'].
  West_Longitude: Variable has LABL_PTR_1 = 'West_Longitude' with DataType = 'CDF_REAL4' which is not of type ['CDF_CHAR', 'CDF_UCHAR'].
IBEX_H3_ENA_HI_R04_CG_NOSP_RAM_1YR | CDF.UNIT_PTRDataType.Invalid:
  Latitude: Variable has LABL_PTR_1 = 'Latitude' with DataType = 'CDF_REAL4' which is not of type ['CDF_CHAR', 'CDF_UCHAR'].
  West_Longitude: Variable has LABL_PTR_1 = 'West_Longitude' with DataType = 'CDF_REAL4' which is not of type ['CDF_CHAR', 'CDF_UCHAR'].
IBEX_H3_ENA_HI_R04_CG_SP_ANTIRAM_1YR | CDF.UNIT_PTRDataType.Invalid:
  Latitude: Variable has LABL_PTR_1 = 'Latitude' with DataType = 'CDF_REAL4' which is not of type ['CDF_CHAR', 'CDF_UCHAR'].
  West_Longitude: Variable has LABL_PTR_1 = 'West_Longitude' with DataType = 'CDF_REAL4' which is not of type ['CDF_CHAR', 'CDF_UCHAR'].
IBEX_H3_ENA_HI_R04_CG_SP_OMNI_6MO | CDF.UNIT_PTRDataType.Invalid:
  Latitude: Variable has LABL_PTR_1 = 'Latitude' with DataType = 'CDF_REAL4' which is not of type ['CDF_CHAR', 'CDF_UCHAR'].
  West_Longitude: Variable has LABL_PTR_1 = 'West_Longitude' with DataType = 'CDF_REAL4' which is not of type ['CDF_CHAR', 'CDF_UCHAR'].
IBEX_H3_ENA_HI_R04_CG_SP_RAM_1YR | CDF.UNIT_PTRDataType.Invalid:
  Latitude: Variable has LABL_PTR_1 = 'Latitude' with DataType = 'CDF_REAL4' which is not of type ['CDF_CHAR', 'CDF_UCHAR'].
  West_Longitude: Variable has LABL_PTR_1 = 'West_Longitude' with DataType = 'CDF_REAL4' which is not of type ['CDF_CHAR', 'CDF_UCHAR'].
IBEX_H3_ENA_HI_R04_DEFLECTION_1AU_7DAY | CDF.UNIT_PTRDataType.Invalid:
  West_Longitude: Variable has LABL_PTR_1 = 'West_Longitude' with DataType = 'CDF_REAL4' which is not of type ['CDF_CHAR', 'CDF_UCHAR'].
IBEX_H3_ENA_HI_R04_DEFLECTION_SCF_7DAY | CDF.UNIT_PTRDataType.Invalid:
  West_Longitude: Variable has LABL_PTR_1 = 'West_Longitude' with DataType = 'CDF_REAL4' which is not of type ['CDF_CHAR', 'CDF_UCHAR'].
IBEX_H3_ENA_HI_R04_LOSS_1AU_7DAY | CDF.UNIT_PTRDataType.Invalid:
  West_Longitude: Variable has LABL_PTR_1 = 'West_Longitude' with DataType = 'CDF_REAL4' which is not of type ['CDF_CHAR', 'CDF_UCHAR'].
IBEX_H3_ENA_HI_R04_LOSS_SCF_7DAY | CDF.UNIT_PTRDataType.Invalid:
  West_Longitude: Variable has LABL_PTR_1 = 'West_Longitude' with DataType = 'CDF_REAL4' which is not of type ['CDF_CHAR', 'CDF_UCHAR'].
IBEX_H3_ENA_HI_R04_NOCG_NOSP_ANTIRAM_1YR | CDF.UNIT_PTRDataType.Invalid:
  Latitude: Variable has LABL_PTR_1 = 'Latitude' with DataType = 'CDF_REAL4' which is not of type ['CDF_CHAR', 'CDF_UCHAR'].
  West_Longitude: Variable has LABL_PTR_1 = 'West_Longitude' with DataType = 'CDF_REAL4' which is not of type ['CDF_CHAR', 'CDF_UCHAR'].
IBEX_H3_ENA_HI_R04_NOCG_NOSP_OMNI_3YR | CDF.UNIT_PTRDataType.Invalid:
  Latitude: Variable has LABL_PTR_1 = 'Latitude' with DataType = 'CDF_REAL4' which is not of type ['CDF_CHAR', 'CDF_UCHAR'].
  West_Longitude: Variable has LABL_PTR_1 = 'West_Longitude' with DataType = 'CDF_REAL4' which is not of type ['CDF_CHAR', 'CDF_UCHAR'].
IBEX_H3_ENA_HI_R04_NOCG_NOSP_OMNI_6MO | CDF.UNIT_PTRDataType.Invalid:
  Latitude: Variable has LABL_PTR_1 = 'Latitude' with DataType = 'CDF_REAL4' which is not of type ['CDF_CHAR', 'CDF_UCHAR'].
  West_Longitude: Variable has LABL_PTR_1 = 'West_Longitude' with DataType = 'CDF_REAL4' which is not of type ['CDF_CHAR', 'CDF_UCHAR'].
IBEX_H3_ENA_HI_R04_NOCG_NOSP_OMNI_6MP | CDF.UNIT_PTRDataType.Invalid:
  Latitude: Variable has LABL_PTR_1 = 'Latitude' with DataType = 'CDF_REAL4' which is not of type ['CDF_CHAR', 'CDF_UCHAR'].
  West_Longitude: Variable has LABL_PTR_1 = 'West_Longitude' with DataType = 'CDF_REAL4' which is not of type ['CDF_CHAR', 'CDF_UCHAR'].
IBEX_H3_ENA_HI_R04_NOCG_NOSP_RAM_1YR | CDF.UNIT_PTRDataType.Invalid:
  Latitude: Variable has LABL_PTR_1 = 'Latitude' with DataType = 'CDF_REAL4' which is not of type ['CDF_CHAR', 'CDF_UCHAR'].
  West_Longitude: Variable has LABL_PTR_1 = 'West_Longitude' with DataType = 'CDF_REAL4' which is not of type ['CDF_CHAR', 'CDF_UCHAR'].
IBEX_H3_ENA_HI_R04_NOCG_SP_ANTIRAM_1YR | CDF.UNIT_PTRDataType.Invalid:
  Latitude: Variable has LABL_PTR_1 = 'Latitude' with DataType = 'CDF_REAL4' which is not of type ['CDF_CHAR', 'CDF_UCHAR'].
  West_Longitude: Variable has LABL_PTR_1 = 'West_Longitude' with DataType = 'CDF_REAL4' which is not of type ['CDF_CHAR', 'CDF_UCHAR'].
IBEX_H3_ENA_HI_R04_NOCG_SP_OMNI_6MO | CDF.UNIT_PTRDataType.Invalid:
  Latitude: Variable has LABL_PTR_1 = 'Latitude' with DataType = 'CDF_REAL4' which is not of type ['CDF_CHAR', 'CDF_UCHAR'].
  West_Longitude: Variable has LABL_PTR_1 = 'West_Longitude' with DataType = 'CDF_REAL4' which is not of type ['CDF_CHAR', 'CDF_UCHAR'].
IBEX_H3_ENA_HI_R04_NOCG_SP_RAM_1YR | CDF.UNIT_PTRDataType.Invalid:
  Latitude: Variable has LABL_PTR_1 = 'Latitude' with DataType = 'CDF_REAL4' which is not of type ['CDF_CHAR', 'CDF_UCHAR'].
  West_Longitude: Variable has LABL_PTR_1 = 'West_Longitude' with DataType = 'CDF_REAL4' which is not of type ['CDF_CHAR', 'CDF_UCHAR'].
IBEX_H3_ENA_HI_R04_SURVPRO_1AU_7DAY | CDF.UNIT_PTRDataType.Invalid:
  West_Longitude: Variable has LABL_PTR_1 = 'West_Longitude' with DataType = 'CDF_REAL4' which is not of type ['CDF_CHAR', 'CDF_UCHAR'].
IBEX_H3_ENA_HI_R04_SURVPRO_SCF_7DAY | CDF.UNIT_PTRDataType.Invalid:
  West_Longitude: Variable has LABL_PTR_1 = 'West_Longitude' with DataType = 'CDF_REAL4' which is not of type ['CDF_CHAR', 'CDF_UCHAR'].
IBEX_H3_ENA_HI_R07_CG_NOSP_ANTIRAM_MIF_5YR | CDF.UNIT_PTRDataType.Invalid:
  Latitude: Variable has LABL_PTR_1 = 'Latitude' with DataType = 'CDF_REAL4' which is not of type ['CDF_CHAR', 'CDF_UCHAR'].
  West_Longitude: Variable has LABL_PTR_1 = 'West_Longitude' with DataType = 'CDF_REAL4' which is not of type ['CDF_CHAR', 'CDF_UCHAR'].
IBEX_H3_ENA_HI_R07_CG_NOSP_ANTIRAM_VEIF_5YR | CDF.UNIT_PTRDataType.Invalid:
  Latitude: Variable has LABL_PTR_1 = 'Latitude' with DataType = 'CDF_REAL4' which is not of type ['CDF_CHAR', 'CDF_UCHAR'].
  West_Longitude: Variable has LABL_PTR_1 = 'West_Longitude' with DataType = 'CDF_REAL4' which is not of type ['CDF_CHAR', 'CDF_UCHAR'].
IBEX_H3_ENA_HI_R07_CG_NOSP_OMNI_6MO | CDF.UNIT_PTRDataType.Invalid:
  Latitude: Variable has LABL_PTR_1 = 'Latitude' with DataType = 'CDF_REAL4' which is not of type ['CDF_CHAR', 'CDF_UCHAR'].
  West_Longitude: Variable has LABL_PTR_1 = 'West_Longitude' with DataType = 'CDF_REAL4' which is not of type ['CDF_CHAR', 'CDF_UCHAR'].
IBEX_H3_ENA_HI_R07_CG_NOSP_OMNI_MIF_10MP | CDF.UNIT_PTRDataType.Invalid:
  Latitude: Variable has LABL_PTR_1 = 'Latitude' with DataType = 'CDF_REAL4' which is not of type ['CDF_CHAR', 'CDF_UCHAR'].
  West_Longitude: Variable has LABL_PTR_1 = 'West_Longitude' with DataType = 'CDF_REAL4' which is not of type ['CDF_CHAR', 'CDF_UCHAR'].
IBEX_H3_ENA_HI_R07_CG_NOSP_OMNI_VEIF_10MP | CDF.UNIT_PTRDataType.Invalid:
  Latitude: Variable has LABL_PTR_1 = 'Latitude' with DataType = 'CDF_REAL4' which is not of type ['CDF_CHAR', 'CDF_UCHAR'].
  West_Longitude: Variable has LABL_PTR_1 = 'West_Longitude' with DataType = 'CDF_REAL4' which is not of type ['CDF_CHAR', 'CDF_UCHAR'].
IBEX_H3_ENA_HI_R07_CG_NOSP_RAM_1YR | CDF.UNIT_PTRDataType.Invalid:
  Latitude: Variable has LABL_PTR_1 = 'Latitude' with DataType = 'CDF_REAL4' which is not of type ['CDF_CHAR', 'CDF_UCHAR'].
  West_Longitude: Variable has LABL_PTR_1 = 'West_Longitude' with DataType = 'CDF_REAL4' which is not of type ['CDF_CHAR', 'CDF_UCHAR'].
IBEX_H3_ENA_HI_R07_CG_NOSP_RAM_MIF_5YR | CDF.UNIT_PTRDataType.Invalid:
  Latitude: Variable has LABL_PTR_1 = 'Latitude' with DataType = 'CDF_REAL4' which is not of type ['CDF_CHAR', 'CDF_UCHAR'].
  West_Longitude: Variable has LABL_PTR_1 = 'West_Longitude' with DataType = 'CDF_REAL4' which is not of type ['CDF_CHAR', 'CDF_UCHAR'].
IBEX_H3_ENA_HI_R07_CG_NOSP_RAM_VEIF_5YR | CDF.UNIT_PTRDataType.Invalid:
  Latitude: Variable has LABL_PTR_1 = 'Latitude' with DataType = 'CDF_REAL4' which is not of type ['CDF_CHAR', 'CDF_UCHAR'].
  West_Longitude: Variable has LABL_PTR_1 = 'West_Longitude' with DataType = 'CDF_REAL4' which is not of type ['CDF_CHAR', 'CDF_UCHAR'].
IBEX_H3_ENA_HI_R07_CG_SP_ANTIRAM_1YR | CDF.UNIT_PTRDataType.Invalid:
  Latitude: Variable has LABL_PTR_1 = 'Latitude' with DataType = 'CDF_REAL4' which is not of type ['CDF_CHAR', 'CDF_UCHAR'].
  West_Longitude: Variable has LABL_PTR_1 = 'West_Longitude' with DataType = 'CDF_REAL4' which is not of type ['CDF_CHAR', 'CDF_UCHAR'].
IBEX_H3_ENA_HI_R07_CG_SP_ANTIRAM_MIF_5YR | CDF.UNIT_PTRDataType.Invalid:
  Latitude: Variable has LABL_PTR_1 = 'Latitude' with DataType = 'CDF_REAL4' which is not of type ['CDF_CHAR', 'CDF_UCHAR'].
  West_Longitude: Variable has LABL_PTR_1 = 'West_Longitude' with DataType = 'CDF_REAL4' which is not of type ['CDF_CHAR', 'CDF_UCHAR'].
IBEX_H3_ENA_HI_R07_CG_SP_ANTIRAM_VEIF_5YR | CDF.UNIT_PTRDataType.Invalid:
  Latitude: Variable has LABL_PTR_1 = 'Latitude' with DataType = 'CDF_REAL4' which is not of type ['CDF_CHAR', 'CDF_UCHAR'].
  West_Longitude: Variable has LABL_PTR_1 = 'West_Longitude' with DataType = 'CDF_REAL4' which is not of type ['CDF_CHAR', 'CDF_UCHAR'].
IBEX_H3_ENA_HI_R07_CG_SP_OMNI_6MO | CDF.UNIT_PTRDataType.Invalid:
  Latitude: Variable has LABL_PTR_1 = 'Latitude' with DataType = 'CDF_REAL4' which is not of type ['CDF_CHAR', 'CDF_UCHAR'].
  West_Longitude: Variable has LABL_PTR_1 = 'West_Longitude' with DataType = 'CDF_REAL4' which is not of type ['CDF_CHAR', 'CDF_UCHAR'].
IBEX_H3_ENA_HI_R07_CG_SP_OMNI_MIF_10MP | CDF.UNIT_PTRDataType.Invalid:
  Latitude: Variable has LABL_PTR_1 = 'Latitude' with DataType = 'CDF_REAL4' which is not of type ['CDF_CHAR', 'CDF_UCHAR'].
  West_Longitude: Variable has LABL_PTR_1 = 'West_Longitude' with DataType = 'CDF_REAL4' which is not of type ['CDF_CHAR', 'CDF_UCHAR'].
IBEX_H3_ENA_HI_R07_CG_SP_OMNI_VEIF_10MP | CDF.UNIT_PTRDataType.Invalid:
  Latitude: Variable has LABL_PTR_1 = 'Latitude' with DataType = 'CDF_REAL4' which is not of type ['CDF_CHAR', 'CDF_UCHAR'].
  West_Longitude: Variable has LABL_PTR_1 = 'West_Longitude' with DataType = 'CDF_REAL4' which is not of type ['CDF_CHAR', 'CDF_UCHAR'].
IBEX_H3_ENA_HI_R07_CG_SP_RAM_1YR | CDF.UNIT_PTRDataType.Invalid:
  Latitude: Variable has LABL_PTR_1 = 'Latitude' with DataType = 'CDF_REAL4' which is not of type ['CDF_CHAR', 'CDF_UCHAR'].
  West_Longitude: Variable has LABL_PTR_1 = 'West_Longitude' with DataType = 'CDF_REAL4' which is not of type ['CDF_CHAR', 'CDF_UCHAR'].
IBEX_H3_ENA_HI_R07_CG_SP_RAM_MIF_5YR | CDF.UNIT_PTRDataType.Invalid:
  Latitude: Variable has LABL_PTR_1 = 'Latitude' with DataType = 'CDF_REAL4' which is not of type ['CDF_CHAR', 'CDF_UCHAR'].
  West_Longitude: Variable has LABL_PTR_1 = 'West_Longitude' with DataType = 'CDF_REAL4' which is not of type ['CDF_CHAR', 'CDF_UCHAR'].
IBEX_H3_ENA_HI_R07_CG_SP_RAM_VEIF_5YR | CDF.UNIT_PTRDataType.Invalid:
  Latitude: Variable has LABL_PTR_1 = 'Latitude' with DataType = 'CDF_REAL4' which is not of type ['CDF_CHAR', 'CDF_UCHAR'].
  West_Longitude: Variable has LABL_PTR_1 = 'West_Longitude' with DataType = 'CDF_REAL4' which is not of type ['CDF_CHAR', 'CDF_UCHAR'].
IBEX_H3_ENA_HI_R07_NOCG_NOSP_ANTIRAM_1YR | CDF.UNIT_PTRDataType.Invalid:
  Latitude: Variable has LABL_PTR_1 = 'Latitude' with DataType = 'CDF_REAL4' which is not of type ['CDF_CHAR', 'CDF_UCHAR'].
  West_Longitude: Variable has LABL_PTR_1 = 'West_Longitude' with DataType = 'CDF_REAL4' which is not of type ['CDF_CHAR', 'CDF_UCHAR'].
IBEX_H3_ENA_HI_R07_NOCG_NOSP_ANTIRAM_VESCF_5YR | CDF.UNIT_PTRDataType.Invalid:
  Latitude: Variable has LABL_PTR_1 = 'Latitude' with DataType = 'CDF_REAL4' which is not of type ['CDF_CHAR', 'CDF_UCHAR'].
  West_Longitude: Variable has LABL_PTR_1 = 'West_Longitude' with DataType = 'CDF_REAL4' which is not of type ['CDF_CHAR', 'CDF_UCHAR'].
IBEX_H3_ENA_HI_R07_NOCG_NOSP_OMNI_6MO | CDF.UNIT_PTRDataType.Invalid:
  Latitude: Variable has LABL_PTR_1 = 'Latitude' with DataType = 'CDF_REAL4' which is not of type ['CDF_CHAR', 'CDF_UCHAR'].
  West_Longitude: Variable has LABL_PTR_1 = 'West_Longitude' with DataType = 'CDF_REAL4' which is not of type ['CDF_CHAR', 'CDF_UCHAR'].
IBEX_H3_ENA_HI_R07_NOCG_NOSP_OMNI_VESCF_10MP | CDF.UNIT_PTRDataType.Invalid:
  Latitude: Variable has LABL_PTR_1 = 'Latitude' with DataType = 'CDF_REAL4' which is not of type ['CDF_CHAR', 'CDF_UCHAR'].
  West_Longitude: Variable has LABL_PTR_1 = 'West_Longitude' with DataType = 'CDF_REAL4' which is not of type ['CDF_CHAR', 'CDF_UCHAR'].
IBEX_H3_ENA_HI_R07_NOCG_NOSP_RAM_1YR | CDF.UNIT_PTRDataType.Invalid:
  Latitude: Variable has LABL_PTR_1 = 'Latitude' with DataType = 'CDF_REAL4' which is not of type ['CDF_CHAR', 'CDF_UCHAR'].
  West_Longitude: Variable has LABL_PTR_1 = 'West_Longitude' with DataType = 'CDF_REAL4' which is not of type ['CDF_CHAR', 'CDF_UCHAR'].
IBEX_H3_ENA_HI_R07_NOCG_NOSP_RAM_VEIF_5YR | CDF.UNIT_PTRDataType.Invalid:
  Latitude: Variable has LABL_PTR_1 = 'Latitude' with DataType = 'CDF_REAL4' which is not of type ['CDF_CHAR', 'CDF_UCHAR'].
  West_Longitude: Variable has LABL_PTR_1 = 'West_Longitude' with DataType = 'CDF_REAL4' which is not of type ['CDF_CHAR', 'CDF_UCHAR'].
IBEX_H3_ENA_HI_R07_NOCG_SP_ANTIRAM_1YR | CDF.UNIT_PTRDataType.Invalid:
  Latitude: Variable has LABL_PTR_1 = 'Latitude' with DataType = 'CDF_REAL4' which is not of type ['CDF_CHAR', 'CDF_UCHAR'].
  West_Longitude: Variable has LABL_PTR_1 = 'West_Longitude' with DataType = 'CDF_REAL4' which is not of type ['CDF_CHAR', 'CDF_UCHAR'].
IBEX_H3_ENA_HI_R07_NOCG_SP_ANTIRAM_VESCF_5YR | CDF.UNIT_PTRDataType.Invalid:
  Latitude: Variable has LABL_PTR_1 = 'Latitude' with DataType = 'CDF_REAL4' which is not of type ['CDF_CHAR', 'CDF_UCHAR'].
  West_Longitude: Variable has LABL_PTR_1 = 'West_Longitude' with DataType = 'CDF_REAL4' which is not of type ['CDF_CHAR', 'CDF_UCHAR'].
IBEX_H3_ENA_HI_R07_NOCG_SP_OMNI_6MO | CDF.UNIT_PTRDataType.Invalid:
  Latitude: Variable has LABL_PTR_1 = 'Latitude' with DataType = 'CDF_REAL4' which is not of type ['CDF_CHAR', 'CDF_UCHAR'].
  West_Longitude: Variable has LABL_PTR_1 = 'West_Longitude' with DataType = 'CDF_REAL4' which is not of type ['CDF_CHAR', 'CDF_UCHAR'].
IBEX_H3_ENA_HI_R07_NOCG_SP_OMNI_VESCF_10MP | CDF.UNIT_PTRDataType.Invalid:
  Latitude: Variable has LABL_PTR_1 = 'Latitude' with DataType = 'CDF_REAL4' which is not of type ['CDF_CHAR', 'CDF_UCHAR'].
  West_Longitude: Variable has LABL_PTR_1 = 'West_Longitude' with DataType = 'CDF_REAL4' which is not of type ['CDF_CHAR', 'CDF_UCHAR'].
IBEX_H3_ENA_HI_R07_NOCG_SP_RAM_1YR | CDF.UNIT_PTRDataType.Invalid:
  Latitude: Variable has LABL_PTR_1 = 'Latitude' with DataType = 'CDF_REAL4' which is not of type ['CDF_CHAR', 'CDF_UCHAR'].
  West_Longitude: Variable has LABL_PTR_1 = 'West_Longitude' with DataType = 'CDF_REAL4' which is not of type ['CDF_CHAR', 'CDF_UCHAR'].
IBEX_H3_ENA_HI_R07_NOCG_SP_RAM_VESCF_5YR | CDF.UNIT_PTRDataType.Invalid:
  Latitude: Variable has LABL_PTR_1 = 'Latitude' with DataType = 'CDF_REAL4' which is not of type ['CDF_CHAR', 'CDF_UCHAR'].
  West_Longitude: Variable has LABL_PTR_1 = 'West_Longitude' with DataType = 'CDF_REAL4' which is not of type ['CDF_CHAR', 'CDF_UCHAR'].
IBEX_H3_ENA_HI_R08_OMNI_F2-RIBBON-MAPS-GAL_5YR | CDF.UNIT_PTRDataType.Invalid:
  Latitude: Variable has LABL_PTR_1 = 'Latitude' with DataType = 'CDF_REAL4' which is not of type ['CDF_CHAR', 'CDF_UCHAR'].
  West_Longitude: Variable has LABL_PTR_1 = 'West_Longitude' with DataType = 'CDF_REAL4' which is not of type ['CDF_CHAR', 'CDF_UCHAR'].
IBEX_H3_ENA_HI_R08_OMNI_F2-RIBBON-MAPS-J2000_5YR | CDF.UNIT_PTRDataType.Invalid:
  Latitude: Variable has LABL_PTR_1 = 'Latitude' with DataType = 'CDF_REAL4' which is not of type ['CDF_CHAR', 'CDF_UCHAR'].
  West_Longitude: Variable has LABL_PTR_1 = 'West_Longitude' with DataType = 'CDF_REAL4' which is not of type ['CDF_CHAR', 'CDF_UCHAR'].
IBEX_H3_ENA_HI_R08_OMNI_F2-RIBBON-MAPS_5YR | CDF.UNIT_PTRDataType.Invalid:
  Latitude: Variable has LABL_PTR_1 = 'Latitude' with DataType = 'CDF_REAL4' which is not of type ['CDF_CHAR', 'CDF_UCHAR'].
  West_Longitude: Variable has LABL_PTR_1 = 'West_Longitude' with DataType = 'CDF_REAL4' which is not of type ['CDF_CHAR', 'CDF_UCHAR'].
IBEX_H3_ENA_HI_R08_OMNI_F3-GDF-MAPS-GALACTIC_5YR | CDF.UNIT_PTRDataType.Invalid:
  Latitude: Variable has LABL_PTR_1 = 'Latitude' with DataType = 'CDF_REAL4' which is not of type ['CDF_CHAR', 'CDF_UCHAR'].
  West_Longitude: Variable has LABL_PTR_1 = 'West_Longitude' with DataType = 'CDF_REAL4' which is not of type ['CDF_CHAR', 'CDF_UCHAR'].
IBEX_H3_ENA_HI_R08_OMNI_F3-GDF-MAPS-J2000_5YR | CDF.UNIT_PTRDataType.Invalid:
  Latitude: Variable has LABL_PTR_1 = 'Latitude' with DataType = 'CDF_REAL4' which is not of type ['CDF_CHAR', 'CDF_UCHAR'].
  West_Longitude: Variable has LABL_PTR_1 = 'West_Longitude' with DataType = 'CDF_REAL4' which is not of type ['CDF_CHAR', 'CDF_UCHAR'].
IBEX_H3_ENA_HI_R08_OMNI_F3-GDF-MAPS_5YR | CDF.UNIT_PTRDataType.Invalid:
  Latitude: Variable has LABL_PTR_1 = 'Latitude' with DataType = 'CDF_REAL4' which is not of type ['CDF_CHAR', 'CDF_UCHAR'].
  West_Longitude: Variable has LABL_PTR_1 = 'West_Longitude' with DataType = 'CDF_REAL4' which is not of type ['CDF_CHAR', 'CDF_UCHAR'].
IBEX_H3_ENA_HI_R10_CG_NOSP_ANTIRAM_1YR | CDF.UNIT_PTRDataType.Invalid:
  Latitude: Variable has LABL_PTR_1 = 'Latitude' with DataType = 'CDF_REAL4' which is not of type ['CDF_CHAR', 'CDF_UCHAR'].
  West_Longitude: Variable has LABL_PTR_1 = 'West_Longitude' with DataType = 'CDF_REAL4' which is not of type ['CDF_CHAR', 'CDF_UCHAR'].
IBEX_H3_ENA_HI_R10_CG_NOSP_ANTIRAM_7YR | CDF.UNIT_PTRDataType.Invalid:
  Latitude: Variable has LABL_PTR_1 = 'Latitude' with DataType = 'CDF_REAL4' which is not of type ['CDF_CHAR', 'CDF_UCHAR'].
  West_Longitude: Variable has LABL_PTR_1 = 'West_Longitude' with DataType = 'CDF_REAL4' which is not of type ['CDF_CHAR', 'CDF_UCHAR'].
IBEX_H3_ENA_HI_R10_CG_NOSP_OMNI_6MO | CDF.UNIT_PTRDataType.Invalid:
  Latitude: Variable has LABL_PTR_1 = 'Latitude' with DataType = 'CDF_REAL4' which is not of type ['CDF_CHAR', 'CDF_UCHAR'].
  West_Longitude: Variable has LABL_PTR_1 = 'West_Longitude' with DataType = 'CDF_REAL4' which is not of type ['CDF_CHAR', 'CDF_UCHAR'].
IBEX_H3_ENA_HI_R10_CG_NOSP_OMNI_7YR | CDF.UNIT_PTRDataType.Invalid:
  Latitude: Variable has LABL_PTR_1 = 'Latitude' with DataType = 'CDF_REAL4' which is not of type ['CDF_CHAR', 'CDF_UCHAR'].
  West_Longitude: Variable has LABL_PTR_1 = 'West_Longitude' with DataType = 'CDF_REAL4' which is not of type ['CDF_CHAR', 'CDF_UCHAR'].
IBEX_H3_ENA_HI_R10_CG_NOSP_RAM_1YR | CDF.UNIT_PTRDataType.Invalid:
  Latitude: Variable has LABL_PTR_1 = 'Latitude' with DataType = 'CDF_REAL4' which is not of type ['CDF_CHAR', 'CDF_UCHAR'].
  West_Longitude: Variable has LABL_PTR_1 = 'West_Longitude' with DataType = 'CDF_REAL4' which is not of type ['CDF_CHAR', 'CDF_UCHAR'].
IBEX_H3_ENA_HI_R10_CG_NOSP_RAM_7YR | CDF.UNIT_PTRDataType.Invalid:
  Latitude: Variable has LABL_PTR_1 = 'Latitude' with DataType = 'CDF_REAL4' which is not of type ['CDF_CHAR', 'CDF_UCHAR'].
  West_Longitude: Variable has LABL_PTR_1 = 'West_Longitude' with DataType = 'CDF_REAL4' which is not of type ['CDF_CHAR', 'CDF_UCHAR'].
IBEX_H3_ENA_HI_R10_CG_SP_ANTIRAM_1YR | CDF.UNIT_PTRDataType.Invalid:
  Latitude: Variable has LABL_PTR_1 = 'Latitude' with DataType = 'CDF_REAL4' which is not of type ['CDF_CHAR', 'CDF_UCHAR'].
  West_Longitude: Variable has LABL_PTR_1 = 'West_Longitude' with DataType = 'CDF_REAL4' which is not of type ['CDF_CHAR', 'CDF_UCHAR'].
IBEX_H3_ENA_HI_R10_CG_SP_ANTIRAM_7YR | CDF.UNIT_PTRDataType.Invalid:
  Latitude: Variable has LABL_PTR_1 = 'Latitude' with DataType = 'CDF_REAL4' which is not of type ['CDF_CHAR', 'CDF_UCHAR'].
  West_Longitude: Variable has LABL_PTR_1 = 'West_Longitude' with DataType = 'CDF_REAL4' which is not of type ['CDF_CHAR', 'CDF_UCHAR'].
IBEX_H3_ENA_HI_R10_CG_SP_OMNI_6MO | CDF.UNIT_PTRDataType.Invalid:
  Latitude: Variable has LABL_PTR_1 = 'Latitude' with DataType = 'CDF_REAL4' which is not of type ['CDF_CHAR', 'CDF_UCHAR'].
  West_Longitude: Variable has LABL_PTR_1 = 'West_Longitude' with DataType = 'CDF_REAL4' which is not of type ['CDF_CHAR', 'CDF_UCHAR'].
IBEX_H3_ENA_HI_R10_CG_SP_OMNI_7YR | CDF.UNIT_PTRDataType.Invalid:
  Latitude: Variable has LABL_PTR_1 = 'Latitude' with DataType = 'CDF_REAL4' which is not of type ['CDF_CHAR', 'CDF_UCHAR'].
  West_Longitude: Variable has LABL_PTR_1 = 'West_Longitude' with DataType = 'CDF_REAL4' which is not of type ['CDF_CHAR', 'CDF_UCHAR'].
IBEX_H3_ENA_HI_R10_CG_SP_RAM_1YR | CDF.UNIT_PTRDataType.Invalid:
  Latitude: Variable has LABL_PTR_1 = 'Latitude' with DataType = 'CDF_REAL4' which is not of type ['CDF_CHAR', 'CDF_UCHAR'].
  West_Longitude: Variable has LABL_PTR_1 = 'West_Longitude' with DataType = 'CDF_REAL4' which is not of type ['CDF_CHAR', 'CDF_UCHAR'].
IBEX_H3_ENA_HI_R10_CG_SP_RAM_7YR | CDF.UNIT_PTRDataType.Invalid:
  Latitude: Variable has LABL_PTR_1 = 'Latitude' with DataType = 'CDF_REAL4' which is not of type ['CDF_CHAR', 'CDF_UCHAR'].
  West_Longitude: Variable has LABL_PTR_1 = 'West_Longitude' with DataType = 'CDF_REAL4' which is not of type ['CDF_CHAR', 'CDF_UCHAR'].
IBEX_H3_ENA_HI_R10_NOCG_NOSP_ANTIRAM_1YR | CDF.UNIT_PTRDataType.Invalid:
  Latitude: Variable has LABL_PTR_1 = 'Latitude' with DataType = 'CDF_REAL4' which is not of type ['CDF_CHAR', 'CDF_UCHAR'].
  West_Longitude: Variable has LABL_PTR_1 = 'West_Longitude' with DataType = 'CDF_REAL4' which is not of type ['CDF_CHAR', 'CDF_UCHAR'].
IBEX_H3_ENA_HI_R10_NOCG_NOSP_ANTIRAM_7YR | CDF.UNIT_PTRDataType.Invalid:
  Latitude: Variable has LABL_PTR_1 = 'Latitude' with DataType = 'CDF_REAL4' which is not of type ['CDF_CHAR', 'CDF_UCHAR'].
  West_Longitude: Variable has LABL_PTR_1 = 'West_Longitude' with DataType = 'CDF_REAL4' which is not of type ['CDF_CHAR', 'CDF_UCHAR'].
IBEX_H3_ENA_HI_R10_NOCG_NOSP_OMNI_6MO | CDF.UNIT_PTRDataType.Invalid:
  Latitude: Variable has LABL_PTR_1 = 'Latitude' with DataType = 'CDF_REAL4' which is not of type ['CDF_CHAR', 'CDF_UCHAR'].
  West_Longitude: Variable has LABL_PTR_1 = 'West_Longitude' with DataType = 'CDF_REAL4' which is not of type ['CDF_CHAR', 'CDF_UCHAR'].
IBEX_H3_ENA_HI_R10_NOCG_NOSP_OMNI_7YR | CDF.UNIT_PTRDataType.Invalid:
  Latitude: Variable has LABL_PTR_1 = 'Latitude' with DataType = 'CDF_REAL4' which is not of type ['CDF_CHAR', 'CDF_UCHAR'].
  West_Longitude: Variable has LABL_PTR_1 = 'West_Longitude' with DataType = 'CDF_REAL4' which is not of type ['CDF_CHAR', 'CDF_UCHAR'].
IBEX_H3_ENA_HI_R10_NOCG_NOSP_RAM_1YR | CDF.UNIT_PTRDataType.Invalid:
  Latitude: Variable has LABL_PTR_1 = 'Latitude' with DataType = 'CDF_REAL4' which is not of type ['CDF_CHAR', 'CDF_UCHAR'].
  West_Longitude: Variable has LABL_PTR_1 = 'West_Longitude' with DataType = 'CDF_REAL4' which is not of type ['CDF_CHAR', 'CDF_UCHAR'].
IBEX_H3_ENA_HI_R10_NOCG_SP_ANTIRAM_1YR | CDF.UNIT_PTRDataType.Invalid:
  Latitude: Variable has LABL_PTR_1 = 'Latitude' with DataType = 'CDF_REAL4' which is not of type ['CDF_CHAR', 'CDF_UCHAR'].
  West_Longitude: Variable has LABL_PTR_1 = 'West_Longitude' with DataType = 'CDF_REAL4' which is not of type ['CDF_CHAR', 'CDF_UCHAR'].
IBEX_H3_ENA_HI_R10_NOCG_SP_ANTIRAM_7YR | CDF.UNIT_PTRDataType.Invalid:
  Latitude: Variable has LABL_PTR_1 = 'Latitude' with DataType = 'CDF_REAL4' which is not of type ['CDF_CHAR', 'CDF_UCHAR'].
  West_Longitude: Variable has LABL_PTR_1 = 'West_Longitude' with DataType = 'CDF_REAL4' which is not of type ['CDF_CHAR', 'CDF_UCHAR'].
IBEX_H3_ENA_HI_R10_NOCG_SP_OMNI_6MO | CDF.UNIT_PTRDataType.Invalid:
  Latitude: Variable has LABL_PTR_1 = 'Latitude' with DataType = 'CDF_REAL4' which is not of type ['CDF_CHAR', 'CDF_UCHAR'].
  West_Longitude: Variable has LABL_PTR_1 = 'West_Longitude' with DataType = 'CDF_REAL4' which is not of type ['CDF_CHAR', 'CDF_UCHAR'].
IBEX_H3_ENA_HI_R10_NOCG_SP_OMNI_7YR | CDF.UNIT_PTRDataType.Invalid:
  Latitude: Variable has LABL_PTR_1 = 'Latitude' with DataType = 'CDF_REAL4' which is not of type ['CDF_CHAR', 'CDF_UCHAR'].
  West_Longitude: Variable has LABL_PTR_1 = 'West_Longitude' with DataType = 'CDF_REAL4' which is not of type ['CDF_CHAR', 'CDF_UCHAR'].
IBEX_H3_ENA_HI_R10_NOCG_SP_RAM_1YR | CDF.UNIT_PTRDataType.Invalid:
  Latitude: Variable has LABL_PTR_1 = 'Latitude' with DataType = 'CDF_REAL4' which is not of type ['CDF_CHAR', 'CDF_UCHAR'].
  West_Longitude: Variable has LABL_PTR_1 = 'West_Longitude' with DataType = 'CDF_REAL4' which is not of type ['CDF_CHAR', 'CDF_UCHAR'].
IBEX_H3_ENA_HI_R13_CG_NOSP_ANTIRAM_1YR | CDF.UNIT_PTRDataType.Invalid:
  Latitude: Variable has LABL_PTR_1 = 'Latitude' with DataType = 'CDF_REAL4' which is not of type ['CDF_CHAR', 'CDF_UCHAR'].
  West_Longitude: Variable has LABL_PTR_1 = 'West_Longitude' with DataType = 'CDF_REAL4' which is not of type ['CDF_CHAR', 'CDF_UCHAR'].
IBEX_H3_ENA_HI_R13_CG_NOSP_RAM_1YR | CDF.UNIT_PTRDataType.Invalid:
  Latitude: Variable has LABL_PTR_1 = 'Latitude' with DataType = 'CDF_REAL4' which is not of type ['CDF_CHAR', 'CDF_UCHAR'].
  West_Longitude: Variable has LABL_PTR_1 = 'West_Longitude' with DataType = 'CDF_REAL4' which is not of type ['CDF_CHAR', 'CDF_UCHAR'].
IBEX_H3_ENA_HI_R14_PRESS-SLOPE_CG_NOSP_RAM_3YR | CDF.UNIT_PTRDataType.Invalid:
  Latitude: Variable has LABL_PTR_1 = 'Latitude' with DataType = 'CDF_REAL4' which is not of type ['CDF_CHAR', 'CDF_UCHAR'].
  West_Longitude: Variable has LABL_PTR_1 = 'West_Longitude' with DataType = 'CDF_REAL4' which is not of type ['CDF_CHAR', 'CDF_UCHAR'].
IBEX_H3_ENA_HI_R15_CG_SP_RIBCEN_1YR | CDF.UNIT_PTRDataType.Invalid:
  Latitude: Variable has LABL_PTR_1 = 'Latitude' with DataType = 'CDF_REAL4' which is not of type ['CDF_CHAR', 'CDF_UCHAR'].
  West_Longitude: Variable has LABL_PTR_1 = 'West_Longitude' with DataType = 'CDF_REAL4' which is not of type ['CDF_CHAR', 'CDF_UCHAR'].
IBEX_H3_ENA_HI_R15_CG_SP_RIBCEN_2YR | CDF.UNIT_PTRDataType.Invalid:
  Latitude: Variable has LABL_PTR_1 = 'Latitude' with DataType = 'CDF_REAL4' which is not of type ['CDF_CHAR', 'CDF_UCHAR'].
  West_Longitude: Variable has LABL_PTR_1 = 'West_Longitude' with DataType = 'CDF_REAL4' which is not of type ['CDF_CHAR', 'CDF_UCHAR'].
IBEX_H3_ENA_HI_R15_CG_SP_RIBCEN_3YR | CDF.UNIT_PTRDataType.Invalid:
  Latitude: Variable has LABL_PTR_1 = 'Latitude' with DataType = 'CDF_REAL4' which is not of type ['CDF_CHAR', 'CDF_UCHAR'].
  West_Longitude: Variable has LABL_PTR_1 = 'West_Longitude' with DataType = 'CDF_REAL4' which is not of type ['CDF_CHAR', 'CDF_UCHAR'].
IBEX_H3_ENA_HI_R16_CG_NOSP_ANTIRAM_11YR | CDF.UNIT_PTRDataType.Invalid:
  Latitude: Variable has LABL_PTR_1 = 'Latitude' with DataType = 'CDF_REAL4' which is not of type ['CDF_CHAR', 'CDF_UCHAR'].
  West_Longitude: Variable has LABL_PTR_1 = 'West_Longitude' with DataType = 'CDF_REAL4' which is not of type ['CDF_CHAR', 'CDF_UCHAR'].
IBEX_H3_ENA_HI_R16_CG_NOSP_ANTIRAM_1YR | CDF.UNIT_PTRDataType.Invalid:
  Latitude: Variable has LABL_PTR_1 = 'Latitude' with DataType = 'CDF_REAL4' which is not of type ['CDF_CHAR', 'CDF_UCHAR'].
  West_Longitude: Variable has LABL_PTR_1 = 'West_Longitude' with DataType = 'CDF_REAL4' which is not of type ['CDF_CHAR', 'CDF_UCHAR'].
IBEX_H3_ENA_HI_R16_CG_NOSP_ANTIRAM_MONO_11YR | CDF.UNIT_PTRDataType.Invalid:
  Latitude: Variable has LABL_PTR_1 = 'Latitude' with DataType = 'CDF_REAL4' which is not of type ['CDF_CHAR', 'CDF_UCHAR'].
  West_Longitude: Variable has LABL_PTR_1 = 'West_Longitude' with DataType = 'CDF_REAL4' which is not of type ['CDF_CHAR', 'CDF_UCHAR'].
IBEX_H3_ENA_HI_R16_CG_NOSP_ANTIRAM_MONO_1YR | CDF.UNIT_PTRDataType.Invalid:
  Latitude: Variable has LABL_PTR_1 = 'Latitude' with DataType = 'CDF_REAL4' which is not of type ['CDF_CHAR', 'CDF_UCHAR'].
  West_Longitude: Variable has LABL_PTR_1 = 'West_Longitude' with DataType = 'CDF_REAL4' which is not of type ['CDF_CHAR', 'CDF_UCHAR'].
IBEX_H3_ENA_HI_R16_CG_NOSP_OMNI_11YR | CDF.UNIT_PTRDataType.Invalid:
  Latitude: Variable has LABL_PTR_1 = 'Latitude' with DataType = 'CDF_REAL4' which is not of type ['CDF_CHAR', 'CDF_UCHAR'].
  West_Longitude: Variable has LABL_PTR_1 = 'West_Longitude' with DataType = 'CDF_REAL4' which is not of type ['CDF_CHAR', 'CDF_UCHAR'].
IBEX_H3_ENA_HI_R16_CG_NOSP_OMNI_6MO | CDF.UNIT_PTRDataType.Invalid:
  Latitude: Variable has LABL_PTR_1 = 'Latitude' with DataType = 'CDF_REAL4' which is not of type ['CDF_CHAR', 'CDF_UCHAR'].
  West_Longitude: Variable has LABL_PTR_1 = 'West_Longitude' with DataType = 'CDF_REAL4' which is not of type ['CDF_CHAR', 'CDF_UCHAR'].
IBEX_H3_ENA_HI_R16_CG_NOSP_OMNI_MONO_11YR | CDF.UNIT_PTRDataType.Invalid:
  Latitude: Variable has LABL_PTR_1 = 'Latitude' with DataType = 'CDF_REAL4' which is not of type ['CDF_CHAR', 'CDF_UCHAR'].
  West_Longitude: Variable has LABL_PTR_1 = 'West_Longitude' with DataType = 'CDF_REAL4' which is not of type ['CDF_CHAR', 'CDF_UCHAR'].
IBEX_H3_ENA_HI_R16_CG_NOSP_OMNI_MONO_6MO | CDF.UNIT_PTRDataType.Invalid:
  Latitude: Variable has LABL_PTR_1 = 'Latitude' with DataType = 'CDF_REAL4' which is not of type ['CDF_CHAR', 'CDF_UCHAR'].
  West_Longitude: Variable has LABL_PTR_1 = 'West_Longitude' with DataType = 'CDF_REAL4' which is not of type ['CDF_CHAR', 'CDF_UCHAR'].
IBEX_H3_ENA_HI_R16_CG_NOSP_RAM_11YR | CDF.UNIT_PTRDataType.Invalid:
  Latitude: Variable has LABL_PTR_1 = 'Latitude' with DataType = 'CDF_REAL4' which is not of type ['CDF_CHAR', 'CDF_UCHAR'].
  West_Longitude: Variable has LABL_PTR_1 = 'West_Longitude' with DataType = 'CDF_REAL4' which is not of type ['CDF_CHAR', 'CDF_UCHAR'].
IBEX_H3_ENA_HI_R16_CG_NOSP_RAM_1YR | CDF.UNIT_PTRDataType.Invalid:
  Latitude: Variable has LABL_PTR_1 = 'Latitude' with DataType = 'CDF_REAL4' which is not of type ['CDF_CHAR', 'CDF_UCHAR'].
  West_Longitude: Variable has LABL_PTR_1 = 'West_Longitude' with DataType = 'CDF_REAL4' which is not of type ['CDF_CHAR', 'CDF_UCHAR'].
IBEX_H3_ENA_HI_R16_CG_NOSP_RAM_MONO_11YR | CDF.UNIT_PTRDataType.Invalid:
  Latitude: Variable has LABL_PTR_1 = 'Latitude' with DataType = 'CDF_REAL4' which is not of type ['CDF_CHAR', 'CDF_UCHAR'].
  West_Longitude: Variable has LABL_PTR_1 = 'West_Longitude' with DataType = 'CDF_REAL4' which is not of type ['CDF_CHAR', 'CDF_UCHAR'].
IBEX_H3_ENA_HI_R16_CG_NOSP_RAM_MONO_1YR | CDF.UNIT_PTRDataType.Invalid:
  Latitude: Variable has LABL_PTR_1 = 'Latitude' with DataType = 'CDF_REAL4' which is not of type ['CDF_CHAR', 'CDF_UCHAR'].
  West_Longitude: Variable has LABL_PTR_1 = 'West_Longitude' with DataType = 'CDF_REAL4' which is not of type ['CDF_CHAR', 'CDF_UCHAR'].
IBEX_H3_ENA_HI_R16_CG_SP_ANTIRAM_11YR | CDF.UNIT_PTRDataType.Invalid:
  Latitude: Variable has LABL_PTR_1 = 'Latitude' with DataType = 'CDF_REAL4' which is not of type ['CDF_CHAR', 'CDF_UCHAR'].
  West_Longitude: Variable has LABL_PTR_1 = 'West_Longitude' with DataType = 'CDF_REAL4' which is not of type ['CDF_CHAR', 'CDF_UCHAR'].
IBEX_H3_ENA_HI_R16_CG_SP_ANTIRAM_1YR | CDF.UNIT_PTRDataType.Invalid:
  Latitude: Variable has LABL_PTR_1 = 'Latitude' with DataType = 'CDF_REAL4' which is not of type ['CDF_CHAR', 'CDF_UCHAR'].
  West_Longitude: Variable has LABL_PTR_1 = 'West_Longitude' with DataType = 'CDF_REAL4' which is not of type ['CDF_CHAR', 'CDF_UCHAR'].
IBEX_H3_ENA_HI_R16_CG_SP_ANTIRAM_MONO_11YR | CDF.UNIT_PTRDataType.Invalid:
  Latitude: Variable has LABL_PTR_1 = 'Latitude' with DataType = 'CDF_REAL4' which is not of type ['CDF_CHAR', 'CDF_UCHAR'].
  West_Longitude: Variable has LABL_PTR_1 = 'West_Longitude' with DataType = 'CDF_REAL4' which is not of type ['CDF_CHAR', 'CDF_UCHAR'].
IBEX_H3_ENA_HI_R16_CG_SP_ANTIRAM_MONO_1YR | CDF.UNIT_PTRDataType.Invalid:
  Latitude: Variable has LABL_PTR_1 = 'Latitude' with DataType = 'CDF_REAL4' which is not of type ['CDF_CHAR', 'CDF_UCHAR'].
  West_Longitude: Variable has LABL_PTR_1 = 'West_Longitude' with DataType = 'CDF_REAL4' which is not of type ['CDF_CHAR', 'CDF_UCHAR'].
IBEX_H3_ENA_HI_R16_CG_SP_OMNI_11YR | CDF.UNIT_PTRDataType.Invalid:
  Latitude: Variable has LABL_PTR_1 = 'Latitude' with DataType = 'CDF_REAL4' which is not of type ['CDF_CHAR', 'CDF_UCHAR'].
  West_Longitude: Variable has LABL_PTR_1 = 'West_Longitude' with DataType = 'CDF_REAL4' which is not of type ['CDF_CHAR', 'CDF_UCHAR'].
IBEX_H3_ENA_HI_R16_CG_SP_OMNI_2YR | CDF.UNIT_PTRDataType.Invalid:
  Latitude: Variable has LABL_PTR_1 = 'Latitude' with DataType = 'CDF_REAL4' which is not of type ['CDF_CHAR', 'CDF_UCHAR'].
  West_Longitude: Variable has LABL_PTR_1 = 'West_Longitude' with DataType = 'CDF_REAL4' which is not of type ['CDF_CHAR', 'CDF_UCHAR'].
IBEX_H3_ENA_HI_R16_CG_SP_OMNI_3YR | CDF.UNIT_PTRDataType.Invalid:
  Latitude: Variable has LABL_PTR_1 = 'Latitude' with DataType = 'CDF_REAL4' which is not of type ['CDF_CHAR', 'CDF_UCHAR'].
  West_Longitude: Variable has LABL_PTR_1 = 'West_Longitude' with DataType = 'CDF_REAL4' which is not of type ['CDF_CHAR', 'CDF_UCHAR'].
IBEX_H3_ENA_HI_R16_CG_SP_OMNI_6MO | CDF.UNIT_PTRDataType.Invalid:
  Latitude: Variable has LABL_PTR_1 = 'Latitude' with DataType = 'CDF_REAL4' which is not of type ['CDF_CHAR', 'CDF_UCHAR'].
  West_Longitude: Variable has LABL_PTR_1 = 'West_Longitude' with DataType = 'CDF_REAL4' which is not of type ['CDF_CHAR', 'CDF_UCHAR'].
IBEX_H3_ENA_HI_R16_CG_SP_OMNI_MONO_11YR | CDF.UNIT_PTRDataType.Invalid:
  Latitude: Variable has LABL_PTR_1 = 'Latitude' with DataType = 'CDF_REAL4' which is not of type ['CDF_CHAR', 'CDF_UCHAR'].
  West_Longitude: Variable has LABL_PTR_1 = 'West_Longitude' with DataType = 'CDF_REAL4' which is not of type ['CDF_CHAR', 'CDF_UCHAR'].
IBEX_H3_ENA_HI_R16_CG_SP_OMNI_MONO_6MO | CDF.UNIT_PTRDataType.Invalid:
  Latitude: Variable has LABL_PTR_1 = 'Latitude' with DataType = 'CDF_REAL4' which is not of type ['CDF_CHAR', 'CDF_UCHAR'].
  West_Longitude: Variable has LABL_PTR_1 = 'West_Longitude' with DataType = 'CDF_REAL4' which is not of type ['CDF_CHAR', 'CDF_UCHAR'].
IBEX_H3_ENA_HI_R16_CG_SP_RAM_11YR | CDF.UNIT_PTRDataType.Invalid:
  Latitude: Variable has LABL_PTR_1 = 'Latitude' with DataType = 'CDF_REAL4' which is not of type ['CDF_CHAR', 'CDF_UCHAR'].
  West_Longitude: Variable has LABL_PTR_1 = 'West_Longitude' with DataType = 'CDF_REAL4' which is not of type ['CDF_CHAR', 'CDF_UCHAR'].
IBEX_H3_ENA_HI_R16_CG_SP_RAM_1YR | CDF.UNIT_PTRDataType.Invalid:
  Latitude: Variable has LABL_PTR_1 = 'Latitude' with DataType = 'CDF_REAL4' which is not of type ['CDF_CHAR', 'CDF_UCHAR'].
  West_Longitude: Variable has LABL_PTR_1 = 'West_Longitude' with DataType = 'CDF_REAL4' which is not of type ['CDF_CHAR', 'CDF_UCHAR'].
IBEX_H3_ENA_HI_R16_CG_SP_RAM_MONO_11YR | CDF.UNIT_PTRDataType.Invalid:
  Latitude: Variable has LABL_PTR_1 = 'Latitude' with DataType = 'CDF_REAL4' which is not of type ['CDF_CHAR', 'CDF_UCHAR'].
  West_Longitude: Variable has LABL_PTR_1 = 'West_Longitude' with DataType = 'CDF_REAL4' which is not of type ['CDF_CHAR', 'CDF_UCHAR'].
IBEX_H3_ENA_HI_R16_CG_SP_RAM_MONO_1YR | CDF.UNIT_PTRDataType.Invalid:
  Latitude: Variable has LABL_PTR_1 = 'Latitude' with DataType = 'CDF_REAL4' which is not of type ['CDF_CHAR', 'CDF_UCHAR'].
  West_Longitude: Variable has LABL_PTR_1 = 'West_Longitude' with DataType = 'CDF_REAL4' which is not of type ['CDF_CHAR', 'CDF_UCHAR'].
IBEX_H3_ENA_HI_R16_NOCG_NOSP_ANTIRAM_11YR | CDF.UNIT_PTRDataType.Invalid:
  Latitude: Variable has LABL_PTR_1 = 'Latitude' with DataType = 'CDF_REAL4' which is not of type ['CDF_CHAR', 'CDF_UCHAR'].
  West_Longitude: Variable has LABL_PTR_1 = 'West_Longitude' with DataType = 'CDF_REAL4' which is not of type ['CDF_CHAR', 'CDF_UCHAR'].
IBEX_H3_ENA_HI_R16_NOCG_NOSP_ANTIRAM_1YR | CDF.UNIT_PTRDataType.Invalid:
  Latitude: Variable has LABL_PTR_1 = 'Latitude' with DataType = 'CDF_REAL4' which is not of type ['CDF_CHAR', 'CDF_UCHAR'].
  West_Longitude: Variable has LABL_PTR_1 = 'West_Longitude' with DataType = 'CDF_REAL4' which is not of type ['CDF_CHAR', 'CDF_UCHAR'].
IBEX_H3_ENA_HI_R16_NOCG_NOSP_OMNI_11YR | CDF.UNIT_PTRDataType.Invalid:
  Latitude: Variable has LABL_PTR_1 = 'Latitude' with DataType = 'CDF_REAL4' which is not of type ['CDF_CHAR', 'CDF_UCHAR'].
  West_Longitude: Variable has LABL_PTR_1 = 'West_Longitude' with DataType = 'CDF_REAL4' which is not of type ['CDF_CHAR', 'CDF_UCHAR'].
IBEX_H3_ENA_HI_R16_NOCG_NOSP_OMNI_6MO | CDF.UNIT_PTRDataType.Invalid:
  Latitude: Variable has LABL_PTR_1 = 'Latitude' with DataType = 'CDF_REAL4' which is not of type ['CDF_CHAR', 'CDF_UCHAR'].
  West_Longitude: Variable has LABL_PTR_1 = 'West_Longitude' with DataType = 'CDF_REAL4' which is not of type ['CDF_CHAR', 'CDF_UCHAR'].
IBEX_H3_ENA_HI_R16_NOCG_NOSP_RAM_11YR | CDF.UNIT_PTRDataType.Invalid:
  Latitude: Variable has LABL_PTR_1 = 'Latitude' with DataType = 'CDF_REAL4' which is not of type ['CDF_CHAR', 'CDF_UCHAR'].
  West_Longitude: Variable has LABL_PTR_1 = 'West_Longitude' with DataType = 'CDF_REAL4' which is not of type ['CDF_CHAR', 'CDF_UCHAR'].
IBEX_H3_ENA_HI_R16_NOCG_NOSP_RAM_1YR | CDF.UNIT_PTRDataType.Invalid:
  Latitude: Variable has LABL_PTR_1 = 'Latitude' with DataType = 'CDF_REAL4' which is not of type ['CDF_CHAR', 'CDF_UCHAR'].
  West_Longitude: Variable has LABL_PTR_1 = 'West_Longitude' with DataType = 'CDF_REAL4' which is not of type ['CDF_CHAR', 'CDF_UCHAR'].
IBEX_H3_ENA_HI_R16_NOCG_SP_ANTIRAM_11YR | CDF.UNIT_PTRDataType.Invalid:
  Latitude: Variable has LABL_PTR_1 = 'Latitude' with DataType = 'CDF_REAL4' which is not of type ['CDF_CHAR', 'CDF_UCHAR'].
  West_Longitude: Variable has LABL_PTR_1 = 'West_Longitude' with DataType = 'CDF_REAL4' which is not of type ['CDF_CHAR', 'CDF_UCHAR'].
IBEX_H3_ENA_HI_R16_NOCG_SP_ANTIRAM_1YR | CDF.UNIT_PTRDataType.Invalid:
  Latitude: Variable has LABL_PTR_1 = 'Latitude' with DataType = 'CDF_REAL4' which is not of type ['CDF_CHAR', 'CDF_UCHAR'].
  West_Longitude: Variable has LABL_PTR_1 = 'West_Longitude' with DataType = 'CDF_REAL4' which is not of type ['CDF_CHAR', 'CDF_UCHAR'].
IBEX_H3_ENA_HI_R16_NOCG_SP_OMNI_11YR | CDF.UNIT_PTRDataType.Invalid:
  Latitude: Variable has LABL_PTR_1 = 'Latitude' with DataType = 'CDF_REAL4' which is not of type ['CDF_CHAR', 'CDF_UCHAR'].
  West_Longitude: Variable has LABL_PTR_1 = 'West_Longitude' with DataType = 'CDF_REAL4' which is not of type ['CDF_CHAR', 'CDF_UCHAR'].
IBEX_H3_ENA_HI_R16_NOCG_SP_OMNI_6MO | CDF.UNIT_PTRDataType.Invalid:
  Latitude: Variable has LABL_PTR_1 = 'Latitude' with DataType = 'CDF_REAL4' which is not of type ['CDF_CHAR', 'CDF_UCHAR'].
  West_Longitude: Variable has LABL_PTR_1 = 'West_Longitude' with DataType = 'CDF_REAL4' which is not of type ['CDF_CHAR', 'CDF_UCHAR'].
IBEX_H3_ENA_HI_R16_NOCG_SP_RAM_11YR | CDF.UNIT_PTRDataType.Invalid:
  Latitude: Variable has LABL_PTR_1 = 'Latitude' with DataType = 'CDF_REAL4' which is not of type ['CDF_CHAR', 'CDF_UCHAR'].
  West_Longitude: Variable has LABL_PTR_1 = 'West_Longitude' with DataType = 'CDF_REAL4' which is not of type ['CDF_CHAR', 'CDF_UCHAR'].
IBEX_H3_ENA_HI_R16_NOCG_SP_RAM_1YR | CDF.UNIT_PTRDataType.Invalid:
  Latitude: Variable has LABL_PTR_1 = 'Latitude' with DataType = 'CDF_REAL4' which is not of type ['CDF_CHAR', 'CDF_UCHAR'].
  West_Longitude: Variable has LABL_PTR_1 = 'West_Longitude' with DataType = 'CDF_REAL4' which is not of type ['CDF_CHAR', 'CDF_UCHAR'].
IBEX_H3_ENA_HI_R16_NOCG_SP_RAM_EQUA_11YR | CDF.UNIT_PTRDataType.Invalid:
  Latitude: Variable has LABL_PTR_1 = 'Latitude' with DataType = 'CDF_REAL4' which is not of type ['CDF_CHAR', 'CDF_UCHAR'].
  West_Longitude: Variable has LABL_PTR_1 = 'West_Longitude' with DataType = 'CDF_REAL4' which is not of type ['CDF_CHAR', 'CDF_UCHAR'].
IBEX_H3_ENA_HI_R16_NOCG_SP_RAM_GALA_11YR | CDF.UNIT_PTRDataType.Invalid:
  Latitude: Variable has LABL_PTR_1 = 'Latitude' with DataType = 'CDF_REAL4' which is not of type ['CDF_CHAR', 'CDF_UCHAR'].
  West_Longitude: Variable has LABL_PTR_1 = 'West_Longitude' with DataType = 'CDF_REAL4' which is not of type ['CDF_CHAR', 'CDF_UCHAR'].
IBEX_H3_ENA_HI_R18_CG_NOSP_ANTIRAM_14YR | CDF.UNIT_PTRDataType.Invalid:
  Latitude: Variable has LABL_PTR_1 = 'Latitude' with DataType = 'CDF_REAL4' which is not of type ['CDF_CHAR', 'CDF_UCHAR'].
  West_Longitude: Variable has LABL_PTR_1 = 'West_Longitude' with DataType = 'CDF_REAL4' which is not of type ['CDF_CHAR', 'CDF_UCHAR'].
IBEX_H3_ENA_HI_R18_CG_NOSP_ANTIRAM_1YR | CDF.UNIT_PTRDataType.Invalid:
  Latitude: Variable has LABL_PTR_1 = 'Latitude' with DataType = 'CDF_REAL4' which is not of type ['CDF_CHAR', 'CDF_UCHAR'].
  West_Longitude: Variable has LABL_PTR_1 = 'West_Longitude' with DataType = 'CDF_REAL4' which is not of type ['CDF_CHAR', 'CDF_UCHAR'].
IBEX_H3_ENA_HI_R18_CG_NOSP_ANTIRAM_MONO_14YR | CDF.UNIT_PTRDataType.Invalid:
  Latitude: Variable has LABL_PTR_1 = 'Latitude' with DataType = 'CDF_REAL4' which is not of type ['CDF_CHAR', 'CDF_UCHAR'].
  West_Longitude: Variable has LABL_PTR_1 = 'West_Longitude' with DataType = 'CDF_REAL4' which is not of type ['CDF_CHAR', 'CDF_UCHAR'].
IBEX_H3_ENA_HI_R18_CG_NOSP_ANTIRAM_MONO_1YR | CDF.UNIT_PTRDataType.Invalid:
  Latitude: Variable has LABL_PTR_1 = 'Latitude' with DataType = 'CDF_REAL4' which is not of type ['CDF_CHAR', 'CDF_UCHAR'].
  West_Longitude: Variable has LABL_PTR_1 = 'West_Longitude' with DataType = 'CDF_REAL4' which is not of type ['CDF_CHAR', 'CDF_UCHAR'].
IBEX_H3_ENA_HI_R18_CG_NOSP_OMNI_14YR | CDF.UNIT_PTRDataType.Invalid:
  Latitude: Variable has LABL_PTR_1 = 'Latitude' with DataType = 'CDF_REAL4' which is not of type ['CDF_CHAR', 'CDF_UCHAR'].
  West_Longitude: Variable has LABL_PTR_1 = 'West_Longitude' with DataType = 'CDF_REAL4' which is not of type ['CDF_CHAR', 'CDF_UCHAR'].
IBEX_H3_ENA_HI_R18_CG_NOSP_OMNI_6MO | CDF.UNIT_PTRDataType.Invalid:
  Latitude: Variable has LABL_PTR_1 = 'Latitude' with DataType = 'CDF_REAL4' which is not of type ['CDF_CHAR', 'CDF_UCHAR'].
  West_Longitude: Variable has LABL_PTR_1 = 'West_Longitude' with DataType = 'CDF_REAL4' which is not of type ['CDF_CHAR', 'CDF_UCHAR'].
IBEX_H3_ENA_HI_R18_CG_NOSP_OMNI_MONO_14YR | CDF.UNIT_PTRDataType.Invalid:
  Latitude: Variable has LABL_PTR_1 = 'Latitude' with DataType = 'CDF_REAL4' which is not of type ['CDF_CHAR', 'CDF_UCHAR'].
  West_Longitude: Variable has LABL_PTR_1 = 'West_Longitude' with DataType = 'CDF_REAL4' which is not of type ['CDF_CHAR', 'CDF_UCHAR'].
IBEX_H3_ENA_HI_R18_CG_NOSP_OMNI_MONO_6MO | CDF.UNIT_PTRDataType.Invalid:
  Latitude: Variable has LABL_PTR_1 = 'Latitude' with DataType = 'CDF_REAL4' which is not of type ['CDF_CHAR', 'CDF_UCHAR'].
  West_Longitude: Variable has LABL_PTR_1 = 'West_Longitude' with DataType = 'CDF_REAL4' which is not of type ['CDF_CHAR', 'CDF_UCHAR'].
IBEX_H3_ENA_HI_R18_CG_NOSP_RAM_14YR | CDF.UNIT_PTRDataType.Invalid:
  Latitude: Variable has LABL_PTR_1 = 'Latitude' with DataType = 'CDF_REAL4' which is not of type ['CDF_CHAR', 'CDF_UCHAR'].
  West_Longitude: Variable has LABL_PTR_1 = 'West_Longitude' with DataType = 'CDF_REAL4' which is not of type ['CDF_CHAR', 'CDF_UCHAR'].
IBEX_H3_ENA_HI_R18_CG_NOSP_RAM_1YR | CDF.UNIT_PTRDataType.Invalid:
  Latitude: Variable has LABL_PTR_1 = 'Latitude' with DataType = 'CDF_REAL4' which is not of type ['CDF_CHAR', 'CDF_UCHAR'].
  West_Longitude: Variable has LABL_PTR_1 = 'West_Longitude' with DataType = 'CDF_REAL4' which is not of type ['CDF_CHAR', 'CDF_UCHAR'].
IBEX_H3_ENA_HI_R18_CG_NOSP_RAM_MONO_14YR | CDF.UNIT_PTRDataType.Invalid:
  Latitude: Variable has LABL_PTR_1 = 'Latitude' with DataType = 'CDF_REAL4' which is not of type ['CDF_CHAR', 'CDF_UCHAR'].
  West_Longitude: Variable has LABL_PTR_1 = 'West_Longitude' with DataType = 'CDF_REAL4' which is not of type ['CDF_CHAR', 'CDF_UCHAR'].
IBEX_H3_ENA_HI_R18_CG_NOSP_RAM_MONO_1YR | CDF.UNIT_PTRDataType.Invalid:
  Latitude: Variable has LABL_PTR_1 = 'Latitude' with DataType = 'CDF_REAL4' which is not of type ['CDF_CHAR', 'CDF_UCHAR'].
  West_Longitude: Variable has LABL_PTR_1 = 'West_Longitude' with DataType = 'CDF_REAL4' which is not of type ['CDF_CHAR', 'CDF_UCHAR'].
IBEX_H3_ENA_HI_R18_CG_SP_ANTIRAM_14YR | CDF.UNIT_PTRDataType.Invalid:
  Latitude: Variable has LABL_PTR_1 = 'Latitude' with DataType = 'CDF_REAL4' which is not of type ['CDF_CHAR', 'CDF_UCHAR'].
  West_Longitude: Variable has LABL_PTR_1 = 'West_Longitude' with DataType = 'CDF_REAL4' which is not of type ['CDF_CHAR', 'CDF_UCHAR'].
IBEX_H3_ENA_HI_R18_CG_SP_ANTIRAM_1YR | CDF.UNIT_PTRDataType.Invalid:
  Latitude: Variable has LABL_PTR_1 = 'Latitude' with DataType = 'CDF_REAL4' which is not of type ['CDF_CHAR', 'CDF_UCHAR'].
  West_Longitude: Variable has LABL_PTR_1 = 'West_Longitude' with DataType = 'CDF_REAL4' which is not of type ['CDF_CHAR', 'CDF_UCHAR'].
IBEX_H3_ENA_HI_R18_CG_SP_ANTIRAM_LOWER_GDF_1YR | CDF.UNIT_PTRDataType.Invalid:
  Latitude: Variable has LABL_PTR_1 = 'Latitude' with DataType = 'CDF_REAL4' which is not of type ['CDF_CHAR', 'CDF_UCHAR'].
  West_Longitude: Variable has LABL_PTR_1 = 'West_Longitude' with DataType = 'CDF_REAL4' which is not of type ['CDF_CHAR', 'CDF_UCHAR'].
IBEX_H3_ENA_HI_R18_CG_SP_ANTIRAM_LOWER_GDF_MONO_1YR | CDF.UNIT_PTRDataType.Invalid:
  Latitude: Variable has LABL_PTR_1 = 'Latitude' with DataType = 'CDF_REAL4' which is not of type ['CDF_CHAR', 'CDF_UCHAR'].
  West_Longitude: Variable has LABL_PTR_1 = 'West_Longitude' with DataType = 'CDF_REAL4' which is not of type ['CDF_CHAR', 'CDF_UCHAR'].
IBEX_H3_ENA_HI_R18_CG_SP_ANTIRAM_LOWER_RIBBON_1YR | CDF.UNIT_PTRDataType.Invalid:
  Latitude: Variable has LABL_PTR_1 = 'Latitude' with DataType = 'CDF_REAL4' which is not of type ['CDF_CHAR', 'CDF_UCHAR'].
  West_Longitude: Variable has LABL_PTR_1 = 'West_Longitude' with DataType = 'CDF_REAL4' which is not of type ['CDF_CHAR', 'CDF_UCHAR'].
IBEX_H3_ENA_HI_R18_CG_SP_ANTIRAM_LOWER_RIBBON_MONO_1YR | CDF.UNIT_PTRDataType.Invalid:
  Latitude: Variable has LABL_PTR_1 = 'Latitude' with DataType = 'CDF_REAL4' which is not of type ['CDF_CHAR', 'CDF_UCHAR'].
  West_Longitude: Variable has LABL_PTR_1 = 'West_Longitude' with DataType = 'CDF_REAL4' which is not of type ['CDF_CHAR', 'CDF_UCHAR'].
IBEX_H3_ENA_HI_R18_CG_SP_ANTIRAM_MEDIAN_GDF_1YR | CDF.UNIT_PTRDataType.Invalid:
  Latitude: Variable has LABL_PTR_1 = 'Latitude' with DataType = 'CDF_REAL4' which is not of type ['CDF_CHAR', 'CDF_UCHAR'].
  West_Longitude: Variable has LABL_PTR_1 = 'West_Longitude' with DataType = 'CDF_REAL4' which is not of type ['CDF_CHAR', 'CDF_UCHAR'].
IBEX_H3_ENA_HI_R18_CG_SP_ANTIRAM_MEDIAN_GDF_MONO_1YR | CDF.UNIT_PTRDataType.Invalid:
  Latitude: Variable has LABL_PTR_1 = 'Latitude' with DataType = 'CDF_REAL4' which is not of type ['CDF_CHAR', 'CDF_UCHAR'].
  West_Longitude: Variable has LABL_PTR_1 = 'West_Longitude' with DataType = 'CDF_REAL4' which is not of type ['CDF_CHAR', 'CDF_UCHAR'].
IBEX_H3_ENA_HI_R18_CG_SP_ANTIRAM_MEDIAN_RIBBON_1YR | CDF.UNIT_PTRDataType.Invalid:
  Latitude: Variable has LABL_PTR_1 = 'Latitude' with DataType = 'CDF_REAL4' which is not of type ['CDF_CHAR', 'CDF_UCHAR'].
  West_Longitude: Variable has LABL_PTR_1 = 'West_Longitude' with DataType = 'CDF_REAL4' which is not of type ['CDF_CHAR', 'CDF_UCHAR'].
IBEX_H3_ENA_HI_R18_CG_SP_ANTIRAM_MEDIAN_RIBBON_MONO_1YR | CDF.UNIT_PTRDataType.Invalid:
  Latitude: Variable has LABL_PTR_1 = 'Latitude' with DataType = 'CDF_REAL4' which is not of type ['CDF_CHAR', 'CDF_UCHAR'].
  West_Longitude: Variable has LABL_PTR_1 = 'West_Longitude' with DataType = 'CDF_REAL4' which is not of type ['CDF_CHAR', 'CDF_UCHAR'].
IBEX_H3_ENA_HI_R18_CG_SP_ANTIRAM_MONO_14YR | CDF.UNIT_PTRDataType.Invalid:
  Latitude: Variable has LABL_PTR_1 = 'Latitude' with DataType = 'CDF_REAL4' which is not of type ['CDF_CHAR', 'CDF_UCHAR'].
  West_Longitude: Variable has LABL_PTR_1 = 'West_Longitude' with DataType = 'CDF_REAL4' which is not of type ['CDF_CHAR', 'CDF_UCHAR'].
IBEX_H3_ENA_HI_R18_CG_SP_ANTIRAM_MONO_1YR | CDF.UNIT_PTRDataType.Invalid:
  Latitude: Variable has LABL_PTR_1 = 'Latitude' with DataType = 'CDF_REAL4' which is not of type ['CDF_CHAR', 'CDF_UCHAR'].
  West_Longitude: Variable has LABL_PTR_1 = 'West_Longitude' with DataType = 'CDF_REAL4' which is not of type ['CDF_CHAR', 'CDF_UCHAR'].
IBEX_H3_ENA_HI_R18_CG_SP_ANTIRAM_UPPER_GDF_1YR | CDF.UNIT_PTRDataType.Invalid:
  Latitude: Variable has LABL_PTR_1 = 'Latitude' with DataType = 'CDF_REAL4' which is not of type ['CDF_CHAR', 'CDF_UCHAR'].
  West_Longitude: Variable has LABL_PTR_1 = 'West_Longitude' with DataType = 'CDF_REAL4' which is not of type ['CDF_CHAR', 'CDF_UCHAR'].
IBEX_H3_ENA_HI_R18_CG_SP_ANTIRAM_UPPER_GDF_MONO_1YR | CDF.UNIT_PTRDataType.Invalid:
  Latitude: Variable has LABL_PTR_1 = 'Latitude' with DataType = 'CDF_REAL4' which is not of type ['CDF_CHAR', 'CDF_UCHAR'].
  West_Longitude: Variable has LABL_PTR_1 = 'West_Longitude' with DataType = 'CDF_REAL4' which is not of type ['CDF_CHAR', 'CDF_UCHAR'].
IBEX_H3_ENA_HI_R18_CG_SP_ANTIRAM_UPPER_RIBBON_1YR | CDF.UNIT_PTRDataType.Invalid:
  Latitude: Variable has LABL_PTR_1 = 'Latitude' with DataType = 'CDF_REAL4' which is not of type ['CDF_CHAR', 'CDF_UCHAR'].
  West_Longitude: Variable has LABL_PTR_1 = 'West_Longitude' with DataType = 'CDF_REAL4' which is not of type ['CDF_CHAR', 'CDF_UCHAR'].
IBEX_H3_ENA_HI_R18_CG_SP_ANTIRAM_UPPER_RIBBON_MONO_1YR | CDF.UNIT_PTRDataType.Invalid:
  Latitude: Variable has LABL_PTR_1 = 'Latitude' with DataType = 'CDF_REAL4' which is not of type ['CDF_CHAR', 'CDF_UCHAR'].
  West_Longitude: Variable has LABL_PTR_1 = 'West_Longitude' with DataType = 'CDF_REAL4' which is not of type ['CDF_CHAR', 'CDF_UCHAR'].
IBEX_H3_ENA_HI_R18_CG_SP_OMNI_14YR | CDF.UNIT_PTRDataType.Invalid:
  Latitude: Variable has LABL_PTR_1 = 'Latitude' with DataType = 'CDF_REAL4' which is not of type ['CDF_CHAR', 'CDF_UCHAR'].
  West_Longitude: Variable has LABL_PTR_1 = 'West_Longitude' with DataType = 'CDF_REAL4' which is not of type ['CDF_CHAR', 'CDF_UCHAR'].
IBEX_H3_ENA_HI_R18_CG_SP_OMNI_6MO | CDF.UNIT_PTRDataType.Invalid:
  Latitude: Variable has LABL_PTR_1 = 'Latitude' with DataType = 'CDF_REAL4' which is not of type ['CDF_CHAR', 'CDF_UCHAR'].
  West_Longitude: Variable has LABL_PTR_1 = 'West_Longitude' with DataType = 'CDF_REAL4' which is not of type ['CDF_CHAR', 'CDF_UCHAR'].
IBEX_H3_ENA_HI_R18_CG_SP_OMNI_MONO_14YR | CDF.UNIT_PTRDataType.Invalid:
  Latitude: Variable has LABL_PTR_1 = 'Latitude' with DataType = 'CDF_REAL4' which is not of type ['CDF_CHAR', 'CDF_UCHAR'].
  West_Longitude: Variable has LABL_PTR_1 = 'West_Longitude' with DataType = 'CDF_REAL4' which is not of type ['CDF_CHAR', 'CDF_UCHAR'].
IBEX_H3_ENA_HI_R18_CG_SP_OMNI_MONO_6MO | CDF.UNIT_PTRDataType.Invalid:
  Latitude: Variable has LABL_PTR_1 = 'Latitude' with DataType = 'CDF_REAL4' which is not of type ['CDF_CHAR', 'CDF_UCHAR'].
  West_Longitude: Variable has LABL_PTR_1 = 'West_Longitude' with DataType = 'CDF_REAL4' which is not of type ['CDF_CHAR', 'CDF_UCHAR'].
IBEX_H3_ENA_HI_R18_CG_SP_RAM_14YR | CDF.UNIT_PTRDataType.Invalid:
  Latitude: Variable has LABL_PTR_1 = 'Latitude' with DataType = 'CDF_REAL4' which is not of type ['CDF_CHAR', 'CDF_UCHAR'].
  West_Longitude: Variable has LABL_PTR_1 = 'West_Longitude' with DataType = 'CDF_REAL4' which is not of type ['CDF_CHAR', 'CDF_UCHAR'].
IBEX_H3_ENA_HI_R18_CG_SP_RAM_1YR | CDF.UNIT_PTRDataType.Invalid:
  Latitude: Variable has LABL_PTR_1 = 'Latitude' with DataType = 'CDF_REAL4' which is not of type ['CDF_CHAR', 'CDF_UCHAR'].
  West_Longitude: Variable has LABL_PTR_1 = 'West_Longitude' with DataType = 'CDF_REAL4' which is not of type ['CDF_CHAR', 'CDF_UCHAR'].
IBEX_H3_ENA_HI_R18_CG_SP_RAM_LOWER_GDF_1YR | CDF.UNIT_PTRDataType.Invalid:
  Latitude: Variable has LABL_PTR_1 = 'Latitude' with DataType = 'CDF_REAL4' which is not of type ['CDF_CHAR', 'CDF_UCHAR'].
  West_Longitude: Variable has LABL_PTR_1 = 'West_Longitude' with DataType = 'CDF_REAL4' which is not of type ['CDF_CHAR', 'CDF_UCHAR'].
IBEX_H3_ENA_HI_R18_CG_SP_RAM_LOWER_GDF_MONO_1YR | CDF.UNIT_PTRDataType.Invalid:
  Latitude: Variable has LABL_PTR_1 = 'Latitude' with DataType = 'CDF_REAL4' which is not of type ['CDF_CHAR', 'CDF_UCHAR'].
  West_Longitude: Variable has LABL_PTR_1 = 'West_Longitude' with DataType = 'CDF_REAL4' which is not of type ['CDF_CHAR', 'CDF_UCHAR'].
IBEX_H3_ENA_HI_R18_CG_SP_RAM_LOWER_RIBBON_1YR | CDF.UNIT_PTRDataType.Invalid:
  Latitude: Variable has LABL_PTR_1 = 'Latitude' with DataType = 'CDF_REAL4' which is not of type ['CDF_CHAR', 'CDF_UCHAR'].
  West_Longitude: Variable has LABL_PTR_1 = 'West_Longitude' with DataType = 'CDF_REAL4' which is not of type ['CDF_CHAR', 'CDF_UCHAR'].
IBEX_H3_ENA_HI_R18_CG_SP_RAM_LOWER_RIBBON_MONO_1YR | CDF.UNIT_PTRDataType.Invalid:
  Latitude: Variable has LABL_PTR_1 = 'Latitude' with DataType = 'CDF_REAL4' which is not of type ['CDF_CHAR', 'CDF_UCHAR'].
  West_Longitude: Variable has LABL_PTR_1 = 'West_Longitude' with DataType = 'CDF_REAL4' which is not of type ['CDF_CHAR', 'CDF_UCHAR'].
IBEX_H3_ENA_HI_R18_CG_SP_RAM_MEDIAN_GDF_1YR | CDF.UNIT_PTRDataType.Invalid:
  Latitude: Variable has LABL_PTR_1 = 'Latitude' with DataType = 'CDF_REAL4' which is not of type ['CDF_CHAR', 'CDF_UCHAR'].
  West_Longitude: Variable has LABL_PTR_1 = 'West_Longitude' with DataType = 'CDF_REAL4' which is not of type ['CDF_CHAR', 'CDF_UCHAR'].
IBEX_H3_ENA_HI_R18_CG_SP_RAM_MEDIAN_GDF_MONO_1YR | CDF.UNIT_PTRDataType.Invalid:
  Latitude: Variable has LABL_PTR_1 = 'Latitude' with DataType = 'CDF_REAL4' which is not of type ['CDF_CHAR', 'CDF_UCHAR'].
  West_Longitude: Variable has LABL_PTR_1 = 'West_Longitude' with DataType = 'CDF_REAL4' which is not of type ['CDF_CHAR', 'CDF_UCHAR'].
IBEX_H3_ENA_HI_R18_CG_SP_RAM_MEDIAN_RIBBON_1YR | CDF.UNIT_PTRDataType.Invalid:
  Latitude: Variable has LABL_PTR_1 = 'Latitude' with DataType = 'CDF_REAL4' which is not of type ['CDF_CHAR', 'CDF_UCHAR'].
  West_Longitude: Variable has LABL_PTR_1 = 'West_Longitude' with DataType = 'CDF_REAL4' which is not of type ['CDF_CHAR', 'CDF_UCHAR'].
IBEX_H3_ENA_HI_R18_CG_SP_RAM_MEDIAN_RIBBON_MONO_1YR | CDF.UNIT_PTRDataType.Invalid:
  Latitude: Variable has LABL_PTR_1 = 'Latitude' with DataType = 'CDF_REAL4' which is not of type ['CDF_CHAR', 'CDF_UCHAR'].
  West_Longitude: Variable has LABL_PTR_1 = 'West_Longitude' with DataType = 'CDF_REAL4' which is not of type ['CDF_CHAR', 'CDF_UCHAR'].
IBEX_H3_ENA_HI_R18_CG_SP_RAM_MONO_14YR | CDF.UNIT_PTRDataType.Invalid:
  Latitude: Variable has LABL_PTR_1 = 'Latitude' with DataType = 'CDF_REAL4' which is not of type ['CDF_CHAR', 'CDF_UCHAR'].
  West_Longitude: Variable has LABL_PTR_1 = 'West_Longitude' with DataType = 'CDF_REAL4' which is not of type ['CDF_CHAR', 'CDF_UCHAR'].
IBEX_H3_ENA_HI_R18_CG_SP_RAM_MONO_1YR | CDF.UNIT_PTRDataType.Invalid:
  Latitude: Variable has LABL_PTR_1 = 'Latitude' with DataType = 'CDF_REAL4' which is not of type ['CDF_CHAR', 'CDF_UCHAR'].
  West_Longitude: Variable has LABL_PTR_1 = 'West_Longitude' with DataType = 'CDF_REAL4' which is not of type ['CDF_CHAR', 'CDF_UCHAR'].
IBEX_H3_ENA_HI_R18_CG_SP_RAM_UPPER_GDF_1YR | CDF.UNIT_PTRDataType.Invalid:
  Latitude: Variable has LABL_PTR_1 = 'Latitude' with DataType = 'CDF_REAL4' which is not of type ['CDF_CHAR', 'CDF_UCHAR'].
  West_Longitude: Variable has LABL_PTR_1 = 'West_Longitude' with DataType = 'CDF_REAL4' which is not of type ['CDF_CHAR', 'CDF_UCHAR'].
IBEX_H3_ENA_HI_R18_CG_SP_RAM_UPPER_GDF_MONO_1YR | CDF.UNIT_PTRDataType.Invalid:
  Latitude: Variable has LABL_PTR_1 = 'Latitude' with DataType = 'CDF_REAL4' which is not of type ['CDF_CHAR', 'CDF_UCHAR'].
  West_Longitude: Variable has LABL_PTR_1 = 'West_Longitude' with DataType = 'CDF_REAL4' which is not of type ['CDF_CHAR', 'CDF_UCHAR'].
IBEX_H3_ENA_HI_R18_CG_SP_RAM_UPPER_RIBBON_1YR | CDF.UNIT_PTRDataType.Invalid:
  Latitude: Variable has LABL_PTR_1 = 'Latitude' with DataType = 'CDF_REAL4' which is not of type ['CDF_CHAR', 'CDF_UCHAR'].
  West_Longitude: Variable has LABL_PTR_1 = 'West_Longitude' with DataType = 'CDF_REAL4' which is not of type ['CDF_CHAR', 'CDF_UCHAR'].
IBEX_H3_ENA_HI_R18_CG_SP_RAM_UPPER_RIBBON_MONO_1YR | CDF.UNIT_PTRDataType.Invalid:
  Latitude: Variable has LABL_PTR_1 = 'Latitude' with DataType = 'CDF_REAL4' which is not of type ['CDF_CHAR', 'CDF_UCHAR'].
  West_Longitude: Variable has LABL_PTR_1 = 'West_Longitude' with DataType = 'CDF_REAL4' which is not of type ['CDF_CHAR', 'CDF_UCHAR'].
IBEX_H3_ENA_HI_R18_NOCG_NOSP_ANTIRAM_14YR | CDF.UNIT_PTRDataType.Invalid:
  Latitude: Variable has LABL_PTR_1 = 'Latitude' with DataType = 'CDF_REAL4' which is not of type ['CDF_CHAR', 'CDF_UCHAR'].
  West_Longitude: Variable has LABL_PTR_1 = 'West_Longitude' with DataType = 'CDF_REAL4' which is not of type ['CDF_CHAR', 'CDF_UCHAR'].
IBEX_H3_ENA_HI_R18_NOCG_NOSP_ANTIRAM_1YR | CDF.UNIT_PTRDataType.Invalid:
  Latitude: Variable has LABL_PTR_1 = 'Latitude' with DataType = 'CDF_REAL4' which is not of type ['CDF_CHAR', 'CDF_UCHAR'].
  West_Longitude: Variable has LABL_PTR_1 = 'West_Longitude' with DataType = 'CDF_REAL4' which is not of type ['CDF_CHAR', 'CDF_UCHAR'].
IBEX_H3_ENA_HI_R18_NOCG_NOSP_OMNI_14YR | CDF.UNIT_PTRDataType.Invalid:
  Latitude: Variable has LABL_PTR_1 = 'Latitude' with DataType = 'CDF_REAL4' which is not of type ['CDF_CHAR', 'CDF_UCHAR'].
  West_Longitude: Variable has LABL_PTR_1 = 'West_Longitude' with DataType = 'CDF_REAL4' which is not of type ['CDF_CHAR', 'CDF_UCHAR'].
IBEX_H3_ENA_HI_R18_NOCG_NOSP_OMNI_6MO | CDF.UNIT_PTRDataType.Invalid:
  Latitude: Variable has LABL_PTR_1 = 'Latitude' with DataType = 'CDF_REAL4' which is not of type ['CDF_CHAR', 'CDF_UCHAR'].
  West_Longitude: Variable has LABL_PTR_1 = 'West_Longitude' with DataType = 'CDF_REAL4' which is not of type ['CDF_CHAR', 'CDF_UCHAR'].
IBEX_H3_ENA_HI_R18_NOCG_NOSP_RAM_14YR | CDF.UNIT_PTRDataType.Invalid:
  Latitude: Variable has LABL_PTR_1 = 'Latitude' with DataType = 'CDF_REAL4' which is not of type ['CDF_CHAR', 'CDF_UCHAR'].
  West_Longitude: Variable has LABL_PTR_1 = 'West_Longitude' with DataType = 'CDF_REAL4' which is not of type ['CDF_CHAR', 'CDF_UCHAR'].
IBEX_H3_ENA_HI_R18_NOCG_NOSP_RAM_1YR | CDF.UNIT_PTRDataType.Invalid:
  Latitude: Variable has LABL_PTR_1 = 'Latitude' with DataType = 'CDF_REAL4' which is not of type ['CDF_CHAR', 'CDF_UCHAR'].
  West_Longitude: Variable has LABL_PTR_1 = 'West_Longitude' with DataType = 'CDF_REAL4' which is not of type ['CDF_CHAR', 'CDF_UCHAR'].
IBEX_H3_ENA_HI_R18_NOCG_SP_ANTIRAM_14YR | CDF.UNIT_PTRDataType.Invalid:
  Latitude: Variable has LABL_PTR_1 = 'Latitude' with DataType = 'CDF_REAL4' which is not of type ['CDF_CHAR', 'CDF_UCHAR'].
  West_Longitude: Variable has LABL_PTR_1 = 'West_Longitude' with DataType = 'CDF_REAL4' which is not of type ['CDF_CHAR', 'CDF_UCHAR'].
IBEX_H3_ENA_HI_R18_NOCG_SP_ANTIRAM_1YR | CDF.UNIT_PTRDataType.Invalid:
  Latitude: Variable has LABL_PTR_1 = 'Latitude' with DataType = 'CDF_REAL4' which is not of type ['CDF_CHAR', 'CDF_UCHAR'].
  West_Longitude: Variable has LABL_PTR_1 = 'West_Longitude' with DataType = 'CDF_REAL4' which is not of type ['CDF_CHAR', 'CDF_UCHAR'].
IBEX_H3_ENA_HI_R18_NOCG_SP_ANTIRAM_LOWER_GDF_1YR | CDF.UNIT_PTRDataType.Invalid:
  Latitude: Variable has LABL_PTR_1 = 'Latitude' with DataType = 'CDF_REAL4' which is not of type ['CDF_CHAR', 'CDF_UCHAR'].
  West_Longitude: Variable has LABL_PTR_1 = 'West_Longitude' with DataType = 'CDF_REAL4' which is not of type ['CDF_CHAR', 'CDF_UCHAR'].
IBEX_H3_ENA_HI_R18_NOCG_SP_ANTIRAM_LOWER_RIBBON_1YR | CDF.UNIT_PTRDataType.Invalid:
  Latitude: Variable has LABL_PTR_1 = 'Latitude' with DataType = 'CDF_REAL4' which is not of type ['CDF_CHAR', 'CDF_UCHAR'].
  West_Longitude: Variable has LABL_PTR_1 = 'West_Longitude' with DataType = 'CDF_REAL4' which is not of type ['CDF_CHAR', 'CDF_UCHAR'].
IBEX_H3_ENA_HI_R18_NOCG_SP_ANTIRAM_MEDIAN_GDF_1YR | CDF.UNIT_PTRDataType.Invalid:
  Latitude: Variable has LABL_PTR_1 = 'Latitude' with DataType = 'CDF_REAL4' which is not of type ['CDF_CHAR', 'CDF_UCHAR'].
  West_Longitude: Variable has LABL_PTR_1 = 'West_Longitude' with DataType = 'CDF_REAL4' which is not of type ['CDF_CHAR', 'CDF_UCHAR'].
IBEX_H3_ENA_HI_R18_NOCG_SP_ANTIRAM_MEDIAN_RIBBON_1YR | CDF.UNIT_PTRDataType.Invalid:
  Latitude: Variable has LABL_PTR_1 = 'Latitude' with DataType = 'CDF_REAL4' which is not of type ['CDF_CHAR', 'CDF_UCHAR'].
  West_Longitude: Variable has LABL_PTR_1 = 'West_Longitude' with DataType = 'CDF_REAL4' which is not of type ['CDF_CHAR', 'CDF_UCHAR'].
IBEX_H3_ENA_HI_R18_NOCG_SP_ANTIRAM_UPPER_GDF_1YR | CDF.UNIT_PTRDataType.Invalid:
  Latitude: Variable has LABL_PTR_1 = 'Latitude' with DataType = 'CDF_REAL4' which is not of type ['CDF_CHAR', 'CDF_UCHAR'].
  West_Longitude: Variable has LABL_PTR_1 = 'West_Longitude' with DataType = 'CDF_REAL4' which is not of type ['CDF_CHAR', 'CDF_UCHAR'].
IBEX_H3_ENA_HI_R18_NOCG_SP_ANTIRAM_UPPER_RIBBON_1YR | CDF.UNIT_PTRDataType.Invalid:
  Latitude: Variable has LABL_PTR_1 = 'Latitude' with DataType = 'CDF_REAL4' which is not of type ['CDF_CHAR', 'CDF_UCHAR'].
  West_Longitude: Variable has LABL_PTR_1 = 'West_Longitude' with DataType = 'CDF_REAL4' which is not of type ['CDF_CHAR', 'CDF_UCHAR'].
IBEX_H3_ENA_HI_R18_NOCG_SP_OMNI_14YR | CDF.UNIT_PTRDataType.Invalid:
  Latitude: Variable has LABL_PTR_1 = 'Latitude' with DataType = 'CDF_REAL4' which is not of type ['CDF_CHAR', 'CDF_UCHAR'].
  West_Longitude: Variable has LABL_PTR_1 = 'West_Longitude' with DataType = 'CDF_REAL4' which is not of type ['CDF_CHAR', 'CDF_UCHAR'].
IBEX_H3_ENA_HI_R18_NOCG_SP_OMNI_6MO | CDF.UNIT_PTRDataType.Invalid:
  Latitude: Variable has LABL_PTR_1 = 'Latitude' with DataType = 'CDF_REAL4' which is not of type ['CDF_CHAR', 'CDF_UCHAR'].
  West_Longitude: Variable has LABL_PTR_1 = 'West_Longitude' with DataType = 'CDF_REAL4' which is not of type ['CDF_CHAR', 'CDF_UCHAR'].
IBEX_H3_ENA_HI_R18_NOCG_SP_RAM_14YR | CDF.UNIT_PTRDataType.Invalid:
  Latitude: Variable has LABL_PTR_1 = 'Latitude' with DataType = 'CDF_REAL4' which is not of type ['CDF_CHAR', 'CDF_UCHAR'].
  West_Longitude: Variable has LABL_PTR_1 = 'West_Longitude' with DataType = 'CDF_REAL4' which is not of type ['CDF_CHAR', 'CDF_UCHAR'].
IBEX_H3_ENA_HI_R18_NOCG_SP_RAM_1YR | CDF.UNIT_PTRDataType.Invalid:
  Latitude: Variable has LABL_PTR_1 = 'Latitude' with DataType = 'CDF_REAL4' which is not of type ['CDF_CHAR', 'CDF_UCHAR'].
  West_Longitude: Variable has LABL_PTR_1 = 'West_Longitude' with DataType = 'CDF_REAL4' which is not of type ['CDF_CHAR', 'CDF_UCHAR'].
IBEX_H3_ENA_HI_R18_NOCG_SP_RAM_EQUA_14YR | CDF.UNIT_PTRDataType.Invalid:
  Latitude: Variable has LABL_PTR_1 = 'Latitude' with DataType = 'CDF_REAL4' which is not of type ['CDF_CHAR', 'CDF_UCHAR'].
  West_Longitude: Variable has LABL_PTR_1 = 'West_Longitude' with DataType = 'CDF_REAL4' which is not of type ['CDF_CHAR', 'CDF_UCHAR'].
IBEX_H3_ENA_HI_R18_NOCG_SP_RAM_GALA_14YR | CDF.UNIT_PTRDataType.Invalid:
  Latitude: Variable has LABL_PTR_1 = 'Latitude' with DataType = 'CDF_REAL4' which is not of type ['CDF_CHAR', 'CDF_UCHAR'].
  West_Longitude: Variable has LABL_PTR_1 = 'West_Longitude' with DataType = 'CDF_REAL4' which is not of type ['CDF_CHAR', 'CDF_UCHAR'].
IBEX_H3_ENA_HI_R18_NOCG_SP_RAM_LOWER_GDF_1YR | CDF.UNIT_PTRDataType.Invalid:
  Latitude: Variable has LABL_PTR_1 = 'Latitude' with DataType = 'CDF_REAL4' which is not of type ['CDF_CHAR', 'CDF_UCHAR'].
  West_Longitude: Variable has LABL_PTR_1 = 'West_Longitude' with DataType = 'CDF_REAL4' which is not of type ['CDF_CHAR', 'CDF_UCHAR'].
IBEX_H3_ENA_HI_R18_NOCG_SP_RAM_LOWER_RIBBON_1YR | CDF.UNIT_PTRDataType.Invalid:
  Latitude: Variable has LABL_PTR_1 = 'Latitude' with DataType = 'CDF_REAL4' which is not of type ['CDF_CHAR', 'CDF_UCHAR'].
  West_Longitude: Variable has LABL_PTR_1 = 'West_Longitude' with DataType = 'CDF_REAL4' which is not of type ['CDF_CHAR', 'CDF_UCHAR'].
IBEX_H3_ENA_HI_R18_NOCG_SP_RAM_MEDIAN_GDF_1YR | CDF.UNIT_PTRDataType.Invalid:
  Latitude: Variable has LABL_PTR_1 = 'Latitude' with DataType = 'CDF_REAL4' which is not of type ['CDF_CHAR', 'CDF_UCHAR'].
  West_Longitude: Variable has LABL_PTR_1 = 'West_Longitude' with DataType = 'CDF_REAL4' which is not of type ['CDF_CHAR', 'CDF_UCHAR'].
IBEX_H3_ENA_HI_R18_NOCG_SP_RAM_MEDIAN_RIBBON_1YR | CDF.UNIT_PTRDataType.Invalid:
  Latitude: Variable has LABL_PTR_1 = 'Latitude' with DataType = 'CDF_REAL4' which is not of type ['CDF_CHAR', 'CDF_UCHAR'].
  West_Longitude: Variable has LABL_PTR_1 = 'West_Longitude' with DataType = 'CDF_REAL4' which is not of type ['CDF_CHAR', 'CDF_UCHAR'].
IBEX_H3_ENA_HI_R18_NOCG_SP_RAM_UPPER_GDF_1YR | CDF.UNIT_PTRDataType.Invalid:
  Latitude: Variable has LABL_PTR_1 = 'Latitude' with DataType = 'CDF_REAL4' which is not of type ['CDF_CHAR', 'CDF_UCHAR'].
  West_Longitude: Variable has LABL_PTR_1 = 'West_Longitude' with DataType = 'CDF_REAL4' which is not of type ['CDF_CHAR', 'CDF_UCHAR'].
IBEX_H3_ENA_HI_R18_NOCG_SP_RAM_UPPER_RIBBON_1YR | CDF.UNIT_PTRDataType.Invalid:
  Latitude: Variable has LABL_PTR_1 = 'Latitude' with DataType = 'CDF_REAL4' which is not of type ['CDF_CHAR', 'CDF_UCHAR'].
  West_Longitude: Variable has LABL_PTR_1 = 'West_Longitude' with DataType = 'CDF_REAL4' which is not of type ['CDF_CHAR', 'CDF_UCHAR'].
IBEX_H3_ENA_LO_R04_CG_SP_ANTIRAM_3YR | CDF.UNIT_PTRDataType.Invalid:
  Latitude: Variable has LABL_PTR_1 = 'Latitude' with DataType = 'CDF_REAL4' which is not of type ['CDF_CHAR', 'CDF_UCHAR'].
  West_Longitude: Variable has LABL_PTR_1 = 'West_Longitude' with DataType = 'CDF_REAL4' which is not of type ['CDF_CHAR', 'CDF_UCHAR'].
IBEX_H3_ENA_LO_R04_CG_SP_RAM_3YR | CDF.UNIT_PTRDataType.Invalid:
  Latitude: Variable has LABL_PTR_1 = 'Latitude' with DataType = 'CDF_REAL4' which is not of type ['CDF_CHAR', 'CDF_UCHAR'].
  West_Longitude: Variable has LABL_PTR_1 = 'West_Longitude' with DataType = 'CDF_REAL4' which is not of type ['CDF_CHAR', 'CDF_UCHAR'].
IBEX_H3_ENA_LO_R07_NOCG_NOSP_OMNI_6MO | CDF.UNIT_PTRDataType.Invalid:
  Latitude: Variable has LABL_PTR_1 = 'Latitude' with DataType = 'CDF_REAL4' which is not of type ['CDF_CHAR', 'CDF_UCHAR'].
  West_Longitude: Variable has LABL_PTR_1 = 'West_Longitude' with DataType = 'CDF_REAL4' which is not of type ['CDF_CHAR', 'CDF_UCHAR'].
IBEX_H3_ENA_LO_R07_NOCG_NOSP_OMNI_VESCF_10MP | CDF.UNIT_PTRDataType.Invalid:
  Latitude: Variable has LABL_PTR_1 = 'Latitude' with DataType = 'CDF_REAL4' which is not of type ['CDF_CHAR', 'CDF_UCHAR'].
  West_Longitude: Variable has LABL_PTR_1 = 'West_Longitude' with DataType = 'CDF_REAL4' which is not of type ['CDF_CHAR', 'CDF_UCHAR'].
IBEX_H3_ENA_LO_R07_NOCG_SP_OMNI_6MO | CDF.UNIT_PTRDataType.Invalid:
  Latitude: Variable has LABL_PTR_1 = 'Latitude' with DataType = 'CDF_REAL4' which is not of type ['CDF_CHAR', 'CDF_UCHAR'].
  West_Longitude: Variable has LABL_PTR_1 = 'West_Longitude' with DataType = 'CDF_REAL4' which is not of type ['CDF_CHAR', 'CDF_UCHAR'].
IBEX_H3_ENA_LO_R07_NOCG_SP_OMNI_VESCF_10MP | CDF.UNIT_PTRDataType.Invalid:
  Latitude: Variable has LABL_PTR_1 = 'Latitude' with DataType = 'CDF_REAL4' which is not of type ['CDF_CHAR', 'CDF_UCHAR'].
  West_Longitude: Variable has LABL_PTR_1 = 'West_Longitude' with DataType = 'CDF_REAL4' which is not of type ['CDF_CHAR', 'CDF_UCHAR'].
IBEX_H3_ENA_LO_R08_OMNI_F2-RIBBON-MAPS-GAL_5YR | CDF.UNIT_PTRDataType.Invalid:
  Latitude: Variable has LABL_PTR_1 = 'Latitude' with DataType = 'CDF_REAL4' which is not of type ['CDF_CHAR', 'CDF_UCHAR'].
  West_Longitude: Variable has LABL_PTR_1 = 'West_Longitude' with DataType = 'CDF_REAL4' which is not of type ['CDF_CHAR', 'CDF_UCHAR'].
IBEX_H3_ENA_LO_R08_OMNI_F2-RIBBON-MAPS-J2000_5YR | CDF.UNIT_PTRDataType.Invalid:
  Latitude: Variable has LABL_PTR_1 = 'Latitude' with DataType = 'CDF_REAL4' which is not of type ['CDF_CHAR', 'CDF_UCHAR'].
  West_Longitude: Variable has LABL_PTR_1 = 'West_Longitude' with DataType = 'CDF_REAL4' which is not of type ['CDF_CHAR', 'CDF_UCHAR'].
IBEX_H3_ENA_LO_R08_OMNI_F2-RIBBON-MAPS_5YR | CDF.UNIT_PTRDataType.Invalid:
  Latitude: Variable has LABL_PTR_1 = 'Latitude' with DataType = 'CDF_REAL4' which is not of type ['CDF_CHAR', 'CDF_UCHAR'].
  West_Longitude: Variable has LABL_PTR_1 = 'West_Longitude' with DataType = 'CDF_REAL4' which is not of type ['CDF_CHAR', 'CDF_UCHAR'].
IBEX_H3_ENA_LO_R08_OMNI_F3-GDF-MAPS-GALACTIC_5YR | CDF.UNIT_PTRDataType.Invalid:
  Latitude: Variable has LABL_PTR_1 = 'Latitude' with DataType = 'CDF_REAL4' which is not of type ['CDF_CHAR', 'CDF_UCHAR'].
  West_Longitude: Variable has LABL_PTR_1 = 'West_Longitude' with DataType = 'CDF_REAL4' which is not of type ['CDF_CHAR', 'CDF_UCHAR'].
IBEX_H3_ENA_LO_R08_OMNI_F3-GDF-MAPS-J2000_5YR | CDF.UNIT_PTRDataType.Invalid:
  Latitude: Variable has LABL_PTR_1 = 'Latitude' with DataType = 'CDF_REAL4' which is not of type ['CDF_CHAR', 'CDF_UCHAR'].
  West_Longitude: Variable has LABL_PTR_1 = 'West_Longitude' with DataType = 'CDF_REAL4' which is not of type ['CDF_CHAR', 'CDF_UCHAR'].
IBEX_H3_ENA_LO_R08_OMNI_F3-GDF-MAPS_5YR | CDF.UNIT_PTRDataType.Invalid:
  Latitude: Variable has LABL_PTR_1 = 'Latitude' with DataType = 'CDF_REAL4' which is not of type ['CDF_CHAR', 'CDF_UCHAR'].
  West_Longitude: Variable has LABL_PTR_1 = 'West_Longitude' with DataType = 'CDF_REAL4' which is not of type ['CDF_CHAR', 'CDF_UCHAR'].
IBEX_H3_ENA_LO_R09_PARK_OMAP_3YR | CDF.UNIT_PTRDataType.Invalid:
  Latitude: Variable has LABL_PTR_1 = 'Latitude' with DataType = 'CDF_REAL4' which is not of type ['CDF_CHAR', 'CDF_UCHAR'].
  West_Longitude: Variable has LABL_PTR_1 = 'West_Longitude' with DataType = 'CDF_REAL4' which is not of type ['CDF_CHAR', 'CDF_UCHAR'].
IBEX_H3_ENA_LO_R09_PARK_OMAP_3YR-EVEN-MAPS | CDF.UNIT_PTRDataType.Invalid:
  Latitude: Variable has LABL_PTR_1 = 'Latitude' with DataType = 'CDF_REAL4' which is not of type ['CDF_CHAR', 'CDF_UCHAR'].
  West_Longitude: Variable has LABL_PTR_1 = 'West_Longitude' with DataType = 'CDF_REAL4' which is not of type ['CDF_CHAR', 'CDF_UCHAR'].
IBEX_H3_ENA_LO_R09_PARK_OMAP_3YR-ODD-MAPS | CDF.UNIT_PTRDataType.Invalid:
  Latitude: Variable has LABL_PTR_1 = 'Latitude' with DataType = 'CDF_REAL4' which is not of type ['CDF_CHAR', 'CDF_UCHAR'].
  West_Longitude: Variable has LABL_PTR_1 = 'West_Longitude' with DataType = 'CDF_REAL4' which is not of type ['CDF_CHAR', 'CDF_UCHAR'].
IBEX_H3_ENA_LO_R09_PARK_OMAP_6MO | CDF.UNIT_PTRDataType.Invalid:
  Latitude: Variable has LABL_PTR_1 = 'Latitude' with DataType = 'CDF_REAL4' which is not of type ['CDF_CHAR', 'CDF_UCHAR'].
  West_Longitude: Variable has LABL_PTR_1 = 'West_Longitude' with DataType = 'CDF_REAL4' which is not of type ['CDF_CHAR', 'CDF_UCHAR'].
IBEX_H3_ENA_LO_R09_PARK_OMAP_STAT_3YR | CDF.UNIT_PTRDataType.Invalid:
  Latitude: Variable has LABL_PTR_1 = 'Latitude' with DataType = 'CDF_REAL4' which is not of type ['CDF_CHAR', 'CDF_UCHAR'].
  West_Longitude: Variable has LABL_PTR_1 = 'West_Longitude' with DataType = 'CDF_REAL4' which is not of type ['CDF_CHAR', 'CDF_UCHAR'].
IBEX_H3_ENA_LO_R10_NOCG_NOSP_OMNI_6MO | CDF.UNIT_PTRDataType.Invalid:
  Latitude: Variable has LABL_PTR_1 = 'Latitude' with DataType = 'CDF_REAL4' which is not of type ['CDF_CHAR', 'CDF_UCHAR'].
  West_Longitude: Variable has LABL_PTR_1 = 'West_Longitude' with DataType = 'CDF_REAL4' which is not of type ['CDF_CHAR', 'CDF_UCHAR'].
IBEX_H3_ENA_LO_R10_NOCG_NOSP_OMNI_7YR | CDF.UNIT_PTRDataType.Invalid:
  Latitude: Variable has LABL_PTR_1 = 'Latitude' with DataType = 'CDF_REAL4' which is not of type ['CDF_CHAR', 'CDF_UCHAR'].
  West_Longitude: Variable has LABL_PTR_1 = 'West_Longitude' with DataType = 'CDF_REAL4' which is not of type ['CDF_CHAR', 'CDF_UCHAR'].
IBEX_H3_ENA_LO_R10_NOCG_SP_OMNI_6MO | CDF.UNIT_PTRDataType.Invalid:
  Latitude: Variable has LABL_PTR_1 = 'Latitude' with DataType = 'CDF_REAL4' which is not of type ['CDF_CHAR', 'CDF_UCHAR'].
  West_Longitude: Variable has LABL_PTR_1 = 'West_Longitude' with DataType = 'CDF_REAL4' which is not of type ['CDF_CHAR', 'CDF_UCHAR'].
IBEX_H3_ENA_LO_R10_NOCG_SP_OMNI_7YR | CDF.UNIT_PTRDataType.Invalid:
  Latitude: Variable has LABL_PTR_1 = 'Latitude' with DataType = 'CDF_REAL4' which is not of type ['CDF_CHAR', 'CDF_UCHAR'].
  West_Longitude: Variable has LABL_PTR_1 = 'West_Longitude' with DataType = 'CDF_REAL4' which is not of type ['CDF_CHAR', 'CDF_UCHAR'].
IBEX_H3_ENA_LO_R17_CG_NOSP_ANTIRAM_1YR | CDF.UNIT_PTRDataType.Invalid:
  Latitude: Variable has LABL_PTR_1 = 'Latitude' with DataType = 'CDF_REAL4' which is not of type ['CDF_CHAR', 'CDF_UCHAR'].
  West_Longitude: Variable has LABL_PTR_1 = 'West_Longitude' with DataType = 'CDF_REAL4' which is not of type ['CDF_CHAR', 'CDF_UCHAR'].
IBEX_H3_ENA_LO_R17_CG_NOSP_OMNI_1YR | CDF.UNIT_PTRDataType.Invalid:
  Latitude: Variable has LABL_PTR_1 = 'Latitude' with DataType = 'CDF_REAL4' which is not of type ['CDF_CHAR', 'CDF_UCHAR'].
  West_Longitude: Variable has LABL_PTR_1 = 'West_Longitude' with DataType = 'CDF_REAL4' which is not of type ['CDF_CHAR', 'CDF_UCHAR'].
IBEX_H3_ENA_LO_R17_CG_NOSP_RAM_1YR | CDF.UNIT_PTRDataType.Invalid:
  Latitude: Variable has LABL_PTR_1 = 'Latitude' with DataType = 'CDF_REAL4' which is not of type ['CDF_CHAR', 'CDF_UCHAR'].
  West_Longitude: Variable has LABL_PTR_1 = 'West_Longitude' with DataType = 'CDF_REAL4' which is not of type ['CDF_CHAR', 'CDF_UCHAR'].
IBEX_H3_ENA_LO_R17_CG_SP_ANTIRAM_1YR | CDF.UNIT_PTRDataType.Invalid:
  Latitude: Variable has LABL_PTR_1 = 'Latitude' with DataType = 'CDF_REAL4' which is not of type ['CDF_CHAR', 'CDF_UCHAR'].
  West_Longitude: Variable has LABL_PTR_1 = 'West_Longitude' with DataType = 'CDF_REAL4' which is not of type ['CDF_CHAR', 'CDF_UCHAR'].
IBEX_H3_ENA_LO_R17_CG_SP_OMNI_1YR | CDF.UNIT_PTRDataType.Invalid:
  Latitude: Variable has LABL_PTR_1 = 'Latitude' with DataType = 'CDF_REAL4' which is not of type ['CDF_CHAR', 'CDF_UCHAR'].
  West_Longitude: Variable has LABL_PTR_1 = 'West_Longitude' with DataType = 'CDF_REAL4' which is not of type ['CDF_CHAR', 'CDF_UCHAR'].
IBEX_H3_ENA_LO_R17_CG_SP_RAM_1YR | CDF.UNIT_PTRDataType.Invalid:
  Latitude: Variable has LABL_PTR_1 = 'Latitude' with DataType = 'CDF_REAL4' which is not of type ['CDF_CHAR', 'CDF_UCHAR'].
  West_Longitude: Variable has LABL_PTR_1 = 'West_Longitude' with DataType = 'CDF_REAL4' which is not of type ['CDF_CHAR', 'CDF_UCHAR'].
IBEX_H3_ENA_LO_R17_NOCG_NOSP_RAM_1YR | CDF.UNIT_PTRDataType.Invalid:
  Latitude: Variable has LABL_PTR_1 = 'Latitude' with DataType = 'CDF_REAL4' which is not of type ['CDF_CHAR', 'CDF_UCHAR'].
  West_Longitude: Variable has LABL_PTR_1 = 'West_Longitude' with DataType = 'CDF_REAL4' which is not of type ['CDF_CHAR', 'CDF_UCHAR'].
MMS1_HPCA_SRVY_L2_TOF-COUNTS | CDF.UNIT_PTRDataType.Invalid:
  mms1_hpca_tof_bin_index: Variable has LABL_PTR_2 = 'mms1_hpca_tof_bin_index' with DataType = 'CDF_UINT1' which is not of type ['CDF_CHAR', 'CDF_UCHAR'].
MMS2_HPCA_SRVY_L2_TOF-COUNTS | CDF.UNIT_PTRDataType.Invalid:
  mms2_hpca_tof_bin_index: Variable has LABL_PTR_2 = 'mms2_hpca_tof_bin_index' with DataType = 'CDF_UINT1' which is not of type ['CDF_CHAR', 'CDF_UCHAR'].
MMS3_HPCA_SRVY_L2_TOF-COUNTS | CDF.UNIT_PTRDataType.Invalid:
  mms3_hpca_tof_bin_index: Variable has LABL_PTR_2 = 'mms3_hpca_tof_bin_index' with DataType = 'CDF_UINT1' which is not of type ['CDF_CHAR', 'CDF_UCHAR'].
MMS4_HPCA_SRVY_L2_TOF-COUNTS | CDF.UNIT_PTRDataType.Invalid:
  mms4_hpca_tof_bin_index: Variable has LABL_PTR_2 = 'mms4_hpca_tof_bin_index' with DataType = 'CDF_UINT1' which is not of type ['CDF_CHAR', 'CDF_UCHAR'].
RBSP-A-RBSPICE_LEV-3-PAP_ESRHELT | CDF.UNIT_PTRDataType.Invalid:
  Channel: Variable has LABL_PTR_1 = 'Channel' with DataType = 'CDF_INT1' which is not of type ['CDF_CHAR', 'CDF_UCHAR'].
  Bin: Variable has LABL_PTR_2 = 'Bin' with DataType = 'CDF_INT1' which is not of type ['CDF_CHAR', 'CDF_UCHAR'].
RBSP-A-RBSPICE_LEV-3-PAP_ESRLEHT | CDF.UNIT_PTRDataType.Invalid:
  Channel: Variable has LABL_PTR_1 = 'Channel' with DataType = 'CDF_INT1' which is not of type ['CDF_CHAR', 'CDF_UCHAR'].
  Bin: Variable has LABL_PTR_2 = 'Bin' with DataType = 'CDF_INT1' which is not of type ['CDF_CHAR', 'CDF_UCHAR'].
RBSP-A-RBSPICE_LEV-3-PAP_TOFXEH | CDF.UNIT_PTRDataType.Invalid:
  Channel: Variable has LABL_PTR_1 = 'Channel' with DataType = 'CDF_INT1' which is not of type ['CDF_CHAR', 'CDF_UCHAR'].
  Bin: Variable has LABL_PTR_2 = 'Bin' with DataType = 'CDF_INT1' which is not of type ['CDF_CHAR', 'CDF_UCHAR'].
RBSP-A-RBSPICE_LEV-3-PAP_TOFXEHE | CDF.UNIT_PTRDataType.Invalid:
  Channel: Variable has LABL_PTR_1 = 'Channel' with DataType = 'CDF_INT1' which is not of type ['CDF_CHAR', 'CDF_UCHAR'].
  Bin: Variable has LABL_PTR_2 = 'Bin' with DataType = 'CDF_INT1' which is not of type ['CDF_CHAR', 'CDF_UCHAR'].
RBSP-A-RBSPICE_LEV-3-PAP_TOFXEHE-0 | CDF.UNIT_PTRDataType.Invalid:
  Channel: Variable has LABL_PTR_1 = 'Channel' with DataType = 'CDF_INT1' which is not of type ['CDF_CHAR', 'CDF_UCHAR'].
  Bin: Variable has LABL_PTR_2 = 'Bin' with DataType = 'CDF_INT1' which is not of type ['CDF_CHAR', 'CDF_UCHAR'].
RBSP-A-RBSPICE_LEV-3-PAP_TOFXEION | CDF.UNIT_PTRDataType.Invalid:
  Channel: Variable has LABL_PTR_1 = 'Channel' with DataType = 'CDF_INT1' which is not of type ['CDF_CHAR', 'CDF_UCHAR'].
  Bin: Variable has LABL_PTR_2 = 'Bin' with DataType = 'CDF_INT1' which is not of type ['CDF_CHAR', 'CDF_UCHAR'].
RBSP-A-RBSPICE_LEV-3-PAP_TOFXEO | CDF.UNIT_PTRDataType.Invalid:
  Channel: Variable has LABL_PTR_1 = 'Channel' with DataType = 'CDF_INT1' which is not of type ['CDF_CHAR', 'CDF_UCHAR'].
  Bin: Variable has LABL_PTR_2 = 'Bin' with DataType = 'CDF_INT1' which is not of type ['CDF_CHAR', 'CDF_UCHAR'].
RBSP-A-RBSPICE_LEV-3-PAP_TOFXEO-0 | CDF.UNIT_PTRDataType.Invalid:
  Channel: Variable has LABL_PTR_1 = 'Channel' with DataType = 'CDF_INT1' which is not of type ['CDF_CHAR', 'CDF_UCHAR'].
  Bin: Variable has LABL_PTR_2 = 'Bin' with DataType = 'CDF_INT1' which is not of type ['CDF_CHAR', 'CDF_UCHAR'].
RBSP-A-RBSPICE_LEV-3-PAP_TOFXPHHHELT | CDF.UNIT_PTRDataType.Invalid:
  Channel: Variable has LABL_PTR_1 = 'Channel' with DataType = 'CDF_INT1' which is not of type ['CDF_CHAR', 'CDF_UCHAR'].
  Bin: Variable has LABL_PTR_2 = 'Bin' with DataType = 'CDF_INT1' which is not of type ['CDF_CHAR', 'CDF_UCHAR'].
RBSP-A-RBSPICE_LEV-3-PAP_TOFXPHHLEHT | CDF.UNIT_PTRDataType.Invalid:
  Channel: Variable has LABL_PTR_1 = 'Channel' with DataType = 'CDF_INT1' which is not of type ['CDF_CHAR', 'CDF_UCHAR'].
  Bin: Variable has LABL_PTR_2 = 'Bin' with DataType = 'CDF_INT1' which is not of type ['CDF_CHAR', 'CDF_UCHAR'].
RBSP-A-RBSPICE_LEV-3-PAP_TOFXPHOHELT | CDF.UNIT_PTRDataType.Invalid:
  Channel: Variable has LABL_PTR_1 = 'Channel' with DataType = 'CDF_INT1' which is not of type ['CDF_CHAR', 'CDF_UCHAR'].
  Bin: Variable has LABL_PTR_2 = 'Bin' with DataType = 'CDF_INT1' which is not of type ['CDF_CHAR', 'CDF_UCHAR'].
RBSP-A-RBSPICE_LEV-3-PAP_TOFXPHOLEHT | CDF.UNIT_PTRDataType.Invalid:
  Channel: Variable has LABL_PTR_1 = 'Channel' with DataType = 'CDF_INT1' which is not of type ['CDF_CHAR', 'CDF_UCHAR'].
  Bin: Variable has LABL_PTR_2 = 'Bin' with DataType = 'CDF_INT1' which is not of type ['CDF_CHAR', 'CDF_UCHAR'].
RBSP-B-RBSPICE_LEV-3-PAP_ESRHELT | CDF.UNIT_PTRDataType.Invalid:
  Channel: Variable has LABL_PTR_1 = 'Channel' with DataType = 'CDF_INT1' which is not of type ['CDF_CHAR', 'CDF_UCHAR'].
  Bin: Variable has LABL_PTR_2 = 'Bin' with DataType = 'CDF_INT1' which is not of type ['CDF_CHAR', 'CDF_UCHAR'].
RBSP-B-RBSPICE_LEV-3-PAP_ESRLEHT | CDF.UNIT_PTRDataType.Invalid:
  Channel: Variable has LABL_PTR_1 = 'Channel' with DataType = 'CDF_INT1' which is not of type ['CDF_CHAR', 'CDF_UCHAR'].
  Bin: Variable has LABL_PTR_2 = 'Bin' with DataType = 'CDF_INT1' which is not of type ['CDF_CHAR', 'CDF_UCHAR'].
RBSP-B-RBSPICE_LEV-3-PAP_TOFXEH | CDF.UNIT_PTRDataType.Invalid:
  Channel: Variable has LABL_PTR_1 = 'Channel' with DataType = 'CDF_INT1' which is not of type ['CDF_CHAR', 'CDF_UCHAR'].
  Bin: Variable has LABL_PTR_2 = 'Bin' with DataType = 'CDF_INT1' which is not of type ['CDF_CHAR', 'CDF_UCHAR'].
RBSP-B-RBSPICE_LEV-3-PAP_TOFXEHE | CDF.UNIT_PTRDataType.Invalid:
  Channel: Variable has LABL_PTR_1 = 'Channel' with DataType = 'CDF_INT1' which is not of type ['CDF_CHAR', 'CDF_UCHAR'].
  Bin: Variable has LABL_PTR_2 = 'Bin' with DataType = 'CDF_INT1' which is not of type ['CDF_CHAR', 'CDF_UCHAR'].
RBSP-B-RBSPICE_LEV-3-PAP_TOFXEHE-0 | CDF.UNIT_PTRDataType.Invalid:
  Channel: Variable has LABL_PTR_1 = 'Channel' with DataType = 'CDF_INT1' which is not of type ['CDF_CHAR', 'CDF_UCHAR'].
  Bin: Variable has LABL_PTR_2 = 'Bin' with DataType = 'CDF_INT1' which is not of type ['CDF_CHAR', 'CDF_UCHAR'].
RBSP-B-RBSPICE_LEV-3-PAP_TOFXEION | CDF.UNIT_PTRDataType.Invalid:
  Channel: Variable has LABL_PTR_1 = 'Channel' with DataType = 'CDF_INT1' which is not of type ['CDF_CHAR', 'CDF_UCHAR'].
  Bin: Variable has LABL_PTR_2 = 'Bin' with DataType = 'CDF_INT1' which is not of type ['CDF_CHAR', 'CDF_UCHAR'].
RBSP-B-RBSPICE_LEV-3-PAP_TOFXEO | CDF.UNIT_PTRDataType.Invalid:
  Channel: Variable has LABL_PTR_1 = 'Channel' with DataType = 'CDF_INT1' which is not of type ['CDF_CHAR', 'CDF_UCHAR'].
  Bin: Variable has LABL_PTR_2 = 'Bin' with DataType = 'CDF_INT1' which is not of type ['CDF_CHAR', 'CDF_UCHAR'].
RBSP-B-RBSPICE_LEV-3-PAP_TOFXEO-0 | CDF.UNIT_PTRDataType.Invalid:
  Channel: Variable has LABL_PTR_1 = 'Channel' with DataType = 'CDF_INT1' which is not of type ['CDF_CHAR', 'CDF_UCHAR'].
  Bin: Variable has LABL_PTR_2 = 'Bin' with DataType = 'CDF_INT1' which is not of type ['CDF_CHAR', 'CDF_UCHAR'].
RBSP-B-RBSPICE_LEV-3-PAP_TOFXPHHHELT | CDF.UNIT_PTRDataType.Invalid:
  Channel: Variable has LABL_PTR_1 = 'Channel' with DataType = 'CDF_INT1' which is not of type ['CDF_CHAR', 'CDF_UCHAR'].
  Bin: Variable has LABL_PTR_2 = 'Bin' with DataType = 'CDF_INT1' which is not of type ['CDF_CHAR', 'CDF_UCHAR'].
RBSP-B-RBSPICE_LEV-3-PAP_TOFXPHHLEHT | CDF.UNIT_PTRDataType.Invalid:
  Channel: Variable has LABL_PTR_1 = 'Channel' with DataType = 'CDF_INT1' which is not of type ['CDF_CHAR', 'CDF_UCHAR'].
  Bin: Variable has LABL_PTR_2 = 'Bin' with DataType = 'CDF_INT1' which is not of type ['CDF_CHAR', 'CDF_UCHAR'].
RBSP-B-RBSPICE_LEV-3-PAP_TOFXPHOHELT | CDF.UNIT_PTRDataType.Invalid:
  Channel: Variable has LABL_PTR_1 = 'Channel' with DataType = 'CDF_INT1' which is not of type ['CDF_CHAR', 'CDF_UCHAR'].
  Bin: Variable has LABL_PTR_2 = 'Bin' with DataType = 'CDF_INT1' which is not of type ['CDF_CHAR', 'CDF_UCHAR'].
RBSP-B-RBSPICE_LEV-3-PAP_TOFXPHOLEHT | CDF.UNIT_PTRDataType.Invalid:
  Channel: Variable has LABL_PTR_1 = 'Channel' with DataType = 'CDF_INT1' which is not of type ['CDF_CHAR', 'CDF_UCHAR'].
  Bin: Variable has LABL_PTR_2 = 'Bin' with DataType = 'CDF_INT1' which is not of type ['CDF_CHAR', 'CDF_UCHAR'].
RBSPA_L2-1MIN_PSBR-RPS | CDF.UNIT_PTRDataType.Invalid:
  DATA_CHANNEL_ID: Variable has LABL_PTR_1 = 'DATA_CHANNEL_ID' with DataType = 'CDF_UINT1' which is not of type ['CDF_CHAR', 'CDF_UCHAR'].
RBSPA_L2_PSBR-RPS | CDF.UNIT_PTRDataType.Invalid:
  DATA_CHANNEL_ID: Variable has LABL_PTR_1 = 'DATA_CHANNEL_ID' with DataType = 'CDF_UINT1' which is not of type ['CDF_CHAR', 'CDF_UCHAR'].
RBSPB_L2-1MIN_PSBR-RPS | CDF.UNIT_PTRDataType.Invalid:
  DATA_CHANNEL_ID: Variable has LABL_PTR_1 = 'DATA_CHANNEL_ID' with DataType = 'CDF_UINT1' which is not of type ['CDF_CHAR', 'CDF_UCHAR'].
RBSPB_L2_PSBR-RPS | CDF.UNIT_PTRDataType.Invalid:
  DATA_CHANNEL_ID: Variable has LABL_PTR_1 = 'DATA_CHANNEL_ID' with DataType = 'CDF_UINT1' which is not of type ['CDF_CHAR', 'CDF_UCHAR'].
THA_L2_FBK | CDF.UNIT_PTRDataType.Invalid:
  tha_fbk_freqno:
    Variable has LABL_PTR_1 = 'tha_fbk_freqno' with DataType = 'CDF_INT4' which is not of type ['CDF_CHAR', 'CDF_UCHAR'].
    Variable has LABL_PTR_1 = 'tha_fbk_freqno' with DataType = 'CDF_INT4' which is not of type ['CDF_CHAR', 'CDF_UCHAR'].
THB_L2_FBK | CDF.UNIT_PTRDataType.Invalid:
  thb_fbk_freqno:
    Variable has LABL_PTR_1 = 'thb_fbk_freqno' with DataType = 'CDF_INT4' which is not of type ['CDF_CHAR', 'CDF_UCHAR'].
    Variable has LABL_PTR_1 = 'thb_fbk_freqno' with DataType = 'CDF_INT4' which is not of type ['CDF_CHAR', 'CDF_UCHAR'].
THC_L2_FBK | CDF.UNIT_PTRDataType.Invalid:
  thc_fbk_freqno:
    Variable has LABL_PTR_1 = 'thc_fbk_freqno' with DataType = 'CDF_INT4' which is not of type ['CDF_CHAR', 'CDF_UCHAR'].
    Variable has LABL_PTR_1 = 'thc_fbk_freqno' with DataType = 'CDF_INT4' which is not of type ['CDF_CHAR', 'CDF_UCHAR'].
THD_L2_FBK | CDF.UNIT_PTRDataType.Invalid:
  thd_fbk_freqno:
    Variable has LABL_PTR_1 = 'thd_fbk_freqno' with DataType = 'CDF_INT4' which is not of type ['CDF_CHAR', 'CDF_UCHAR'].
    Variable has LABL_PTR_1 = 'thd_fbk_freqno' with DataType = 'CDF_INT4' which is not of type ['CDF_CHAR', 'CDF_UCHAR'].
THE_L2_FBK | CDF.UNIT_PTRDataType.Invalid:
  the_fbk_freqno:
    Variable has LABL_PTR_1 = 'the_fbk_freqno' with DataType = 'CDF_INT4' which is not of type ['CDF_CHAR', 'CDF_UCHAR'].
    Variable has LABL_PTR_1 = 'the_fbk_freqno' with DataType = 'CDF_INT4' which is not of type ['CDF_CHAR', 'CDF_UCHAR'].
VG1_PWS_WF | CDF.UNIT_PTRDataType.Invalid:
  timeOffsets: Variable has LABL_PTR_1 = 'timeOffsets' with DataType = 'CDF_REAL8' which is not of type ['CDF_CHAR', 'CDF_UCHAR'].
VG2_PWS_WF | CDF.UNIT_PTRDataType.Invalid:
  timeOffsets: Variable has LABL_PTR_1 = 'timeOffsets' with DataType = 'CDF_REAL8' which is not of type ['CDF_CHAR', 'CDF_UCHAR'].