DN_MAGN-L2-HIRES_G18 | ISTP.UNITSAndUNITS_PTRFound:
  orbit_llr_geo: Both UNIT_PTR and UNITS attributes found. Using UNITS.
ERG_MGF_L2_8SEC | ISTP.UNITSAndUNITS_PTRFound:
  mag_8sec_dsi: Both UNIT_PTR and UNITS attributes found. Using UNITS.
  mag_8sec_gse: Both UNIT_PTR and UNITS attributes found. Using UNITS.
  mag_8sec_gsm: Both UNIT_PTR and UNITS attributes found. Using UNITS.
  mag_8sec_sm: Both UNIT_PTR and UNITS attributes found. Using UNITS.
  rmsd_8sec_dsi: Both UNIT_PTR and UNITS attributes found. Using UNITS.
  rmsd_8sec_gse: Both UNIT_PTR and UNITS attributes found. Using UNITS.
  rmsd_8sec_gsm: Both UNIT_PTR and UNITS attributes found. Using UNITS.
  rmsd_8sec_sm: Both UNIT_PTR and UNITS attributes found. Using UNITS.
  igrf_8sec_dsi: Both UNIT_PTR and UNITS attributes found. Using UNITS.
  igrf_8sec_gse: Both UNIT_PTR and UNITS attributes found. Using UNITS.
  igrf_8sec_gsm: Both UNIT_PTR and UNITS attributes found. Using UNITS.
  igrf_8sec_sm: Both UNIT_PTR and UNITS attributes found. Using UNITS.
IM_K0_RPI | ISTP.UNITSAndUNITS_PTRFound:
  ProgramSpecs: Both UNIT_PTR and UNITS attributes found. Using UNITS.
RBSPA_EFW-L2_E-HIRES-UVW | ISTP.UNITSAndUNITS_PTRFound:
  e_hires_uvw: Both UNIT_PTR and UNITS attributes found. Using UNITS.
  e_hires_uvw_raw: Both UNIT_PTR and UNITS attributes found. Using UNITS.
RBSPB_EFW-L2_E-HIRES-UVW | ISTP.UNITSAndUNITS_PTRFound:
  e_hires_uvw: Both UNIT_PTR and UNITS attributes found. Using UNITS.
  e_hires_uvw_raw: Both UNIT_PTR and UNITS attributes found. Using UNITS.