AWE_L3A_TMP | VOUnits.NotFound:
  Epoch: Did not find mapping from CDAWeb UNITS.strip() = 'seconds since 1980-01-06 00:00:00 UTC' to VO_UNIT in additions['Units']
  Epoch_cdf: Did not find mapping from CDAWeb UNITS.strip() = 'seconds since 1980-01-06 00:00:00 UTC' to VO_UNIT in additions['Units']
  MLCloud: Did not find mapping from CDAWeb UNITS.strip() = 'Percentage' to VO_UNIT in additions['Units']
AWE_L3C_Q20 | VOUnits.NotFound:
  Epoch: Did not find mapping from CDAWeb UNITS.strip() = 'seconds since 1980-01-06 00:00:00 UTC' to VO_UNIT in additions['Units']
  Epoch_cdf: Did not find mapping from CDAWeb UNITS.strip() = 'seconds since 1980-01-06 00:00:00 UTC' to VO_UNIT in additions['Units']
  Radiance: Did not find mapping from CDAWeb UNITS.strip() = 'kRayleigh' to VO_UNIT in additions['Units']
  Radiance_mapped_full: Did not find mapping from CDAWeb UNITS.strip() = 'kRayleigh' to VO_UNIT in additions['Units']
  Radiance_mapped_movie: Did not find mapping from CDAWeb UNITS.strip() = 'kRayleigh' to VO_UNIT in additions['Units']
  MLCloud: Did not find mapping from CDAWeb UNITS.strip() = 'Percentage' to VO_UNIT in additions['Units']
  MLCloud_mapped: Did not find mapping from CDAWeb UNITS.strip() = '0=no cloud, 100=most likely cloud presence' to VO_UNIT in additions['Units']
  MLCloud_mapped_movie: Did not find mapping from CDAWeb UNITS.strip() = '0=no cloud, 100=most likely cloud presence' to VO_UNIT in additions['Units']
BIOSENTINEL_LET_LETS | VOUnits.NotFound:
  LET_Hist: Did not find mapping from CDAWeb UNITS.strip() = 'cts/(cm^2.sr.s.keV/um)' to VO_UNIT in additions['Units']
  LET_Hist_Err: Did not find mapping from CDAWeb UNITS.strip() = 'cts/(cm^2.sr.s.keV/um)' to VO_UNIT in additions['Units']
  Energy_Level: Did not find mapping from CDAWeb UNITS.strip() = 'keV/um' to VO_UNIT in additions['Units']
CIRBE_REPTILE-2_L1A_DETECTORS | VOUnits.NotFound:
  D1_Count_Rates: Did not find mapping from CDAWeb UNITS.strip() = '#/s' to VO_UNIT in additions['Units']
  D2_Count_Rates: Did not find mapping from CDAWeb UNITS.strip() = '#/s' to VO_UNIT in additions['Units']
  D3_Count_Rates: Did not find mapping from CDAWeb UNITS.strip() = '#/s' to VO_UNIT in additions['Units']
  D4_Count_Rates: Did not find mapping from CDAWeb UNITS.strip() = '#/s' to VO_UNIT in additions['Units']
  G_Count_Rates: Did not find mapping from CDAWeb UNITS.strip() = '#/s' to VO_UNIT in additions['Units']
  D12n_Count_Rates: Did not find mapping from CDAWeb UNITS.strip() = '#/s' to VO_UNIT in additions['Units']
  D123n_Count_Rates: Did not find mapping from CDAWeb UNITS.strip() = '#/s' to VO_UNIT in additions['Units']
  D1234n_Count_Rates: Did not find mapping from CDAWeb UNITS.strip() = '#/s' to VO_UNIT in additions['Units']
  D1234_Count_Rates: Did not find mapping from CDAWeb UNITS.strip() = '#/s' to VO_UNIT in additions['Units']
  Data_Quality_Flag: Did not find mapping from CDAWeb UNITS.strip() = '0=Valid Data ' to VO_UNIT in additions['Units']
CIRBE_REPTILE-2_L1B_RNG_ELECS | VOUnits.NotFound:
  Channel_Count_Rates: Did not find mapping from CDAWeb UNITS.strip() = '#/s' to VO_UNIT in additions['Units']
  Data_Quality_Flag: Did not find mapping from CDAWeb UNITS.strip() = '0=Valid Data' to VO_UNIT in additions['Units']
CIRBE_REPTILE-2_L2_RNG_ELECS | VOUnits.NotFound:
  FEDU: Did not find mapping from CDAWeb UNITS.strip() = '#/cm^2/sr/s/MeV' to VO_UNIT in additions['Units']
  Data_Quality_Flag: Did not find mapping from CDAWeb UNITS.strip() = '0=Valid Data' to VO_UNIT in additions['Units']
DE1_2SEC_OA | VOUnits.NotFound:
  SemiMaj_4: Did not find mapping from CDAWeb UNITS.strip() = 'kilometers' to VO_UNIT in additions['Units']
  Apogee_7: Did not find mapping from CDAWeb UNITS.strip() = 'kilometers' to VO_UNIT in additions['Units']
  Perigee_8: Did not find mapping from CDAWeb UNITS.strip() = 'kilometers' to VO_UNIT in additions['Units']
  Orbit_#_9: Did not find mapping from CDAWeb UNITS.strip() = 'int' to VO_UNIT in additions['Units']
  AltOvSph_12: Did not find mapping from CDAWeb UNITS.strip() = 'kilometers' to VO_UNIT in additions['Units']
  GEIMOON_X_32: Did not find mapping from CDAWeb UNITS.strip() = 'kilometers' to VO_UNIT in additions['Units']
  GEIMOON_Y_33: Did not find mapping from CDAWeb UNITS.strip() = 'kilometers' to VO_UNIT in additions['Units']
  GEIMOON_Z_34: Did not find mapping from CDAWeb UNITS.strip() = 'kilometers' to VO_UNIT in additions['Units']
  GEISPOS_X_35: Did not find mapping from CDAWeb UNITS.strip() = 'kilometers' to VO_UNIT in additions['Units']
  GEISPOS_Y_36: Did not find mapping from CDAWeb UNITS.strip() = 'kilometers' to VO_UNIT in additions['Units']
  GEISPOS_Z_37: Did not find mapping from CDAWeb UNITS.strip() = 'kilometers' to VO_UNIT in additions['Units']
  GEINIngr_X_47: Did not find mapping from CDAWeb UNITS.strip() = 'kilometers' to VO_UNIT in additions['Units']
  GEINIngr_Y_48: Did not find mapping from CDAWeb UNITS.strip() = 'kilometers' to VO_UNIT in additions['Units']
  GEINIngr_Z_49: Did not find mapping from CDAWeb UNITS.strip() = 'kilometers' to VO_UNIT in additions['Units']
  GEINIngr_Z_50: Did not find mapping from CDAWeb UNITS.strip() = 'kilometers' to VO_UNIT in additions['Units']
  GEISEgr_X_53: Did not find mapping from CDAWeb UNITS.strip() = 'kilometers' to VO_UNIT in additions['Units']
  GEISEgr_Y_54: Did not find mapping from CDAWeb UNITS.strip() = 'kilometers' to VO_UNIT in additions['Units']
  GEISEgr_Z_55: Did not find mapping from CDAWeb UNITS.strip() = 'kilometers' to VO_UNIT in additions['Units']
  MinRayH_63: Did not find mapping from CDAWeb UNITS.strip() = 'kilometers' to VO_UNIT in additions['Units']
DE2_LAPI_ELECTRON-FLUX-COUNTS-PPS1 | VOUnits.NotFound:
  LAPI__e__0_pos_deg_3_dNF_cnts_cm__2_sr_s_eV: Did not find mapping from CDAWeb UNITS.strip() = 'cnts/(cm^2-sr-s-eV)' to VO_UNIT in additions['Units']
  LAPI__e__0_pos_deg_4_dEF_ergs_cm__2_sr_s_eV: Did not find mapping from CDAWeb UNITS.strip() = 'ergs/(cm^2-sr-s-eV)' to VO_UNIT in additions['Units']
  LAPI__e__0_pos_deg_5_DF_sec__3_m__6: Did not find mapping from CDAWeb UNITS.strip() = 'sec^3/m^6' to VO_UNIT in additions['Units']
  LAPI__e__180_neg_deg_3_dNF_cnts_cm__2_sr_s_eV: Did not find mapping from CDAWeb UNITS.strip() = 'cnts/(cm^2-sr-s-eV)' to VO_UNIT in additions['Units']
  LAPI__e__180_neg_deg_4_dEF_ergs_cm__2_sr_s_eV: Did not find mapping from CDAWeb UNITS.strip() = 'ergs/(cm^2-sr-s-eV)' to VO_UNIT in additions['Units']
  LAPI__e__180_neg_deg_5_DF_sec__3_m__6: Did not find mapping from CDAWeb UNITS.strip() = 'sec^3/m^6' to VO_UNIT in additions['Units']
  LAPI__e__30_deg_3_dNF_cnts_cm__2_sr_s_eV: Did not find mapping from CDAWeb UNITS.strip() = 'cnts/(cm^2-sr-s-eV)' to VO_UNIT in additions['Units']
  LAPI__e__30_deg_4_dEF_ergs_cm__2_sr_s_eV: Did not find mapping from CDAWeb UNITS.strip() = 'ergs/(cm^2-sr-s-eV)' to VO_UNIT in additions['Units']
  LAPI__e__30_deg_5_DF_sec__3_m__6: Did not find mapping from CDAWeb UNITS.strip() = 'sec^3/m^6' to VO_UNIT in additions['Units']
  LAPI__e__172_5_deg_3_dNF_cnts_cm__2_sr_s_eV: Did not find mapping from CDAWeb UNITS.strip() = 'cnts/(cm^2-sr-s-eV)' to VO_UNIT in additions['Units']
  LAPI__e__172_5_deg_4_dEF_ergs_cm__2_sr_s_eV: Did not find mapping from CDAWeb UNITS.strip() = 'ergs/(cm^2-sr-s-eV)' to VO_UNIT in additions['Units']
  LAPI__e__172_5_deg_5_DF_sec__3_m__6: Did not find mapping from CDAWeb UNITS.strip() = 'sec^3/m^6' to VO_UNIT in additions['Units']
  LAPI__e__7_5_deg_3_dNF_cnts_cm__2_sr_s_eV: Did not find mapping from CDAWeb UNITS.strip() = 'cnts/(cm^2-sr-s-eV)' to VO_UNIT in additions['Units']
  LAPI__e__7_5_deg_4_dEF_ergs_cm__2_sr_s_eV: Did not find mapping from CDAWeb UNITS.strip() = 'ergs/(cm^2-sr-s-eV)' to VO_UNIT in additions['Units']
  LAPI__e__7_5_deg_5_DF_sec__3_m__6: Did not find mapping from CDAWeb UNITS.strip() = 'sec^3/m^6' to VO_UNIT in additions['Units']
  LAPI__e__45_deg_3_dNF_cnts_cm__2_sr_s_eV: Did not find mapping from CDAWeb UNITS.strip() = 'cnts/(cm^2-sr-s-eV)' to VO_UNIT in additions['Units']
  LAPI__e__45_deg_4_dEF_ergs_cm__2_sr_s_eV: Did not find mapping from CDAWeb UNITS.strip() = 'ergs/(cm^2-sr-s-eV)' to VO_UNIT in additions['Units']
  LAPI__e__45_deg_5_DF_sec__3_m__6: Did not find mapping from CDAWeb UNITS.strip() = 'sec^3/m^6' to VO_UNIT in additions['Units']
  LAPI__e__112_5_deg_3_dNF_cnts_cm__2_sr_s_eV: Did not find mapping from CDAWeb UNITS.strip() = 'cnts/(cm^2-sr-s-eV)' to VO_UNIT in additions['Units']
  LAPI__e__112_5_deg_4_dEF_ergs_cm__2_sr_s_eV: Did not find mapping from CDAWeb UNITS.strip() = 'ergs/(cm^2-sr-s-eV)' to VO_UNIT in additions['Units']
  LAPI__e__112_5_deg_5_DF_sec__3_m__6: Did not find mapping from CDAWeb UNITS.strip() = 'sec^3/m^6' to VO_UNIT in additions['Units']
  LAPI__e__97_5_deg_3_dNF_cnts_cm__2_sr_s_eV: Did not find mapping from CDAWeb UNITS.strip() = 'cnts/(cm^2-sr-s-eV)' to VO_UNIT in additions['Units']
  LAPI__e__97_5_deg_4_dEF_ergs_cm__2_sr_s_eV: Did not find mapping from CDAWeb UNITS.strip() = 'ergs/(cm^2-sr-s-eV)' to VO_UNIT in additions['Units']
  LAPI__e__97_5_deg_5_DF_sec__3_m__6: Did not find mapping from CDAWeb UNITS.strip() = 'sec^3/m^6' to VO_UNIT in additions['Units']
  LAPI_T_e__0_pos_deg_2_TdNF_cnts_cm__2_sr_s_eV: Did not find mapping from CDAWeb UNITS.strip() = 'cnts/(cm^2-sr-s-eV)' to VO_UNIT in additions['Units']
  LAPI_T_e__0_pos_deg_3_TdEF_ergs_cm__2_sr_s_eV: Did not find mapping from CDAWeb UNITS.strip() = 'ergs/(cm^2-sr-s-eV)' to VO_UNIT in additions['Units']
  LAPI_T_e__0_pos_deg_4_TDF_sec__3_m__6: Did not find mapping from CDAWeb UNITS.strip() = 'sec^3/m^6' to VO_UNIT in additions['Units']
  LAPI_T_e__180_neg_deg_2_TdNF_cnts_cm__2_sr_s_eV: Did not find mapping from CDAWeb UNITS.strip() = 'cnts/(cm^2-sr-s-eV)' to VO_UNIT in additions['Units']
  LAPI_T_e__180_neg_deg_3_TdEF_ergs_cm__2_sr_s_eV: Did not find mapping from CDAWeb UNITS.strip() = 'ergs/(cm^2-sr-s-eV)' to VO_UNIT in additions['Units']
  LAPI_T_e__180_neg_deg_4_TDF_sec__3_m__6: Did not find mapping from CDAWeb UNITS.strip() = 'sec^3/m^6' to VO_UNIT in additions['Units']
  LAPI_T_e__30_deg_2_TdNF_cnts_cm__2_sr_s_eV: Did not find mapping from CDAWeb UNITS.strip() = 'cnts/(cm^2-sr-s-eV)' to VO_UNIT in additions['Units']
  LAPI_T_e__30_deg_3_TdEF_ergs_cm__2_sr_s_eV: Did not find mapping from CDAWeb UNITS.strip() = 'ergs/(cm^2-sr-s-eV)' to VO_UNIT in additions['Units']
  LAPI_T_e__30_deg_4_TDF_sec__3_m__6: Did not find mapping from CDAWeb UNITS.strip() = 'sec^3/m^6' to VO_UNIT in additions['Units']
  LAPI_T_e__172_5_deg_2_TdNF_cnts_cm__2_sr_s_eV: Did not find mapping from CDAWeb UNITS.strip() = 'cnts/(cm^2-sr-s-eV)' to VO_UNIT in additions['Units']
  LAPI_T_e__172_5_deg_3_TdEF_ergs_cm__2_sr_s_eV: Did not find mapping from CDAWeb UNITS.strip() = 'ergs/(cm^2-sr-s-eV)' to VO_UNIT in additions['Units']
  LAPI_T_e__172_5_deg_4_TDF_sec__3_m__6: Did not find mapping from CDAWeb UNITS.strip() = 'sec^3/m^6' to VO_UNIT in additions['Units']
  LAPI_T_e__7_5_deg_2_TdNF_cnts_cm__2_sr_s_eV: Did not find mapping from CDAWeb UNITS.strip() = 'cnts/(cm^2-sr-s-eV)' to VO_UNIT in additions['Units']
  LAPI_T_e__7_5_deg_3_TdEF_ergs_cm__2_sr_s_eV: Did not find mapping from CDAWeb UNITS.strip() = 'ergs/(cm^2-sr-s-eV)' to VO_UNIT in additions['Units']
  LAPI_T_e__7_5_deg_4_TDF_sec__3_m__6: Did not find mapping from CDAWeb UNITS.strip() = 'sec^3/m^6' to VO_UNIT in additions['Units']
  LAPI_T_e__45_deg_2_TdNF_cnts_cm__2_sr_s_eV: Did not find mapping from CDAWeb UNITS.strip() = 'cnts/(cm^2-sr-s-eV)' to VO_UNIT in additions['Units']
  LAPI_T_e__45_deg_3_TdEF_ergs_cm__2_sr_s_eV: Did not find mapping from CDAWeb UNITS.strip() = 'ergs/(cm^2-sr-s-eV)' to VO_UNIT in additions['Units']
  LAPI_T_e__45_deg_4_TDF_sec__3_m__6: Did not find mapping from CDAWeb UNITS.strip() = 'sec^3/m^6' to VO_UNIT in additions['Units']
  LAPI_T_e__112_5_deg_2_TdNF_cnts_cm__2_sr_s_eV: Did not find mapping from CDAWeb UNITS.strip() = 'cnts/(cm^2-sr-s-eV)' to VO_UNIT in additions['Units']
  LAPI_T_e__112_5_deg_3_TdEF_ergs_cm__2_sr_s_eV: Did not find mapping from CDAWeb UNITS.strip() = 'ergs/(cm^2-sr-s-eV)' to VO_UNIT in additions['Units']
  LAPI_T_e__112_5_deg_4_TDF_sec__3_m__6: Did not find mapping from CDAWeb UNITS.strip() = 'sec^3/m^6' to VO_UNIT in additions['Units']
  LAPI_T_e__97_5_deg_2_TdNF_cnts_cm__2_sr_s_eV: Did not find mapping from CDAWeb UNITS.strip() = 'cnts/(cm^2-sr-s-eV)' to VO_UNIT in additions['Units']
  LAPI_T_e__97_5_deg_3_TdEF_ergs_cm__2_sr_s_eV: Did not find mapping from CDAWeb UNITS.strip() = 'ergs/(cm^2-sr-s-eV)' to VO_UNIT in additions['Units']
  LAPI_T_e__97_5_deg_4_TDF_sec__3_m__6: Did not find mapping from CDAWeb UNITS.strip() = 'sec^3/m^6' to VO_UNIT in additions['Units']
DE2_LAPI_ELECTRON-FLUX-COUNTS-PPS2 | VOUnits.NotFound:
  LAPI__e__165_deg_3_dNF_cnts_cm__2_sr_s_eV: Did not find mapping from CDAWeb UNITS.strip() = 'cnts/(cm^2-sr-s-eV)' to VO_UNIT in additions['Units']
  LAPI__e__165_deg_4_dEF_ergs_cm__2_sr_s_eV: Did not find mapping from CDAWeb UNITS.strip() = 'ergs/(cm^2-sr-s-eV)' to VO_UNIT in additions['Units']
  LAPI__e__165_deg_5_DF_sec__3_m__6: Did not find mapping from CDAWeb UNITS.strip() = 'sec^3/m^6' to VO_UNIT in additions['Units']
  LAPI__e__60_deg_3_dNF_cnts_cm__2_sr_s_eV: Did not find mapping from CDAWeb UNITS.strip() = 'cnts/(cm^2-sr-s-eV)' to VO_UNIT in additions['Units']
  LAPI__e__60_deg_4_dEF_ergs_cm__2_sr_s_eV: Did not find mapping from CDAWeb UNITS.strip() = 'ergs/(cm^2-sr-s-eV)' to VO_UNIT in additions['Units']
  LAPI__e__60_deg_5_DF_sec__3_m__6: Did not find mapping from CDAWeb UNITS.strip() = 'sec^3/m^6' to VO_UNIT in additions['Units']
  LAPI__e__135_deg_3_dNF_cnts_cm__2_sr_s_eV: Did not find mapping from CDAWeb UNITS.strip() = 'cnts/(cm^2-sr-s-eV)' to VO_UNIT in additions['Units']
  LAPI__e__135_deg_4_dEF_ergs_cm__2_sr_s_eV: Did not find mapping from CDAWeb UNITS.strip() = 'ergs/(cm^2-sr-s-eV)' to VO_UNIT in additions['Units']
  LAPI__e__135_deg_5_DF_sec__3_m__6: Did not find mapping from CDAWeb UNITS.strip() = 'sec^3/m^6' to VO_UNIT in additions['Units']
  LAPI__e__105_deg_3_dNF_cnts_cm__2_sr_s_eV: Did not find mapping from CDAWeb UNITS.strip() = 'cnts/(cm^2-sr-s-eV)' to VO_UNIT in additions['Units']
  LAPI__e__105_deg_4_dEF_ergs_cm__2_sr_s_eV: Did not find mapping from CDAWeb UNITS.strip() = 'ergs/(cm^2-sr-s-eV)' to VO_UNIT in additions['Units']
  LAPI__e__105_deg_5_DF_sec__3_m__6: Did not find mapping from CDAWeb UNITS.strip() = 'sec^3/m^6' to VO_UNIT in additions['Units']
  LAPI__e__15_deg_3_dNF_cnts_cm__2_sr_s_eV: Did not find mapping from CDAWeb UNITS.strip() = 'cnts/(cm^2-sr-s-eV)' to VO_UNIT in additions['Units']
  LAPI__e__15_deg_4_dEF_ergs_cm__2_sr_s_eV: Did not find mapping from CDAWeb UNITS.strip() = 'ergs/(cm^2-sr-s-eV)' to VO_UNIT in additions['Units']
  LAPI__e__15_deg_5_DF_sec__3_m__6: Did not find mapping from CDAWeb UNITS.strip() = 'sec^3/m^6' to VO_UNIT in additions['Units']
  LAPI__e__180_pos_deg_3_dNF_cnts_cm__2_sr_s_eV: Did not find mapping from CDAWeb UNITS.strip() = 'cnts/(cm^2-sr-s-eV)' to VO_UNIT in additions['Units']
  LAPI__e__180_pos_deg_4_dEF_ergs_cm__2_sr_s_eV: Did not find mapping from CDAWeb UNITS.strip() = 'ergs/(cm^2-sr-s-eV)' to VO_UNIT in additions['Units']
  LAPI__e__180_pos_deg_5_DF_sec__3_m__6: Did not find mapping from CDAWeb UNITS.strip() = 'sec^3/m^6' to VO_UNIT in additions['Units']
  LAPI__e__0_neg_deg_3_dNF_cnts_cm__2_sr_s_eV: Did not find mapping from CDAWeb UNITS.strip() = 'cnts/(cm^2-sr-s-eV)' to VO_UNIT in additions['Units']
  LAPI__e__0_neg_deg_4_dEF_ergs_cm__2_sr_s_eV: Did not find mapping from CDAWeb UNITS.strip() = 'ergs/(cm^2-sr-s-eV)' to VO_UNIT in additions['Units']
  LAPI__e__0_neg_deg_5_DF_sec__3_m__6: Did not find mapping from CDAWeb UNITS.strip() = 'sec^3/m^6' to VO_UNIT in additions['Units']
  LAPI_T_e__165_deg_2_TdNF_cnts_cm__2_sr_s_eV: Did not find mapping from CDAWeb UNITS.strip() = 'cnts/(cm^2-sr-s-eV)' to VO_UNIT in additions['Units']
  LAPI_T_e__165_deg_3_TdEF_ergs_cm__2_sr_s_eV: Did not find mapping from CDAWeb UNITS.strip() = 'ergs/(cm^2-sr-s-eV)' to VO_UNIT in additions['Units']
  LAPI_T_e__165_deg_4_TDF_sec__3_m__6: Did not find mapping from CDAWeb UNITS.strip() = 'sec^3/m^6' to VO_UNIT in additions['Units']
  LAPI_T_e__60_deg_2_TdNF_cnts_cm__2_sr_s_eV: Did not find mapping from CDAWeb UNITS.strip() = 'cnts/(cm^2-sr-s-eV)' to VO_UNIT in additions['Units']
  LAPI_T_e__60_deg_3_TdEF_ergs_cm__2_sr_s_eV: Did not find mapping from CDAWeb UNITS.strip() = 'ergs/(cm^2-sr-s-eV)' to VO_UNIT in additions['Units']
  LAPI_T_e__60_deg_4_TDF_sec__3_m__6: Did not find mapping from CDAWeb UNITS.strip() = 'sec^3/m^6' to VO_UNIT in additions['Units']
  LAPI_T_e__135_deg_2_TdNF_cnts_cm__2_sr_s_eV: Did not find mapping from CDAWeb UNITS.strip() = 'cnts/(cm^2-sr-s-eV)' to VO_UNIT in additions['Units']
  LAPI_T_e__135_deg_3_TdEF_ergs_cm__2_sr_s_eV: Did not find mapping from CDAWeb UNITS.strip() = 'ergs/(cm^2-sr-s-eV)' to VO_UNIT in additions['Units']
  LAPI_T_e__135_deg_4_TDF_sec__3_m__6: Did not find mapping from CDAWeb UNITS.strip() = 'sec^3/m^6' to VO_UNIT in additions['Units']
  LAPI_T_e__105_deg_2_TdNF_cnts_cm__2_sr_s_eV: Did not find mapping from CDAWeb UNITS.strip() = 'cnts/(cm^2-sr-s-eV)' to VO_UNIT in additions['Units']
  LAPI_T_e__105_deg_3_TdEF_ergs_cm__2_sr_s_eV: Did not find mapping from CDAWeb UNITS.strip() = 'ergs/(cm^2-sr-s-eV)' to VO_UNIT in additions['Units']
  LAPI_T_e__105_deg_4_TDF_sec__3_m__6: Did not find mapping from CDAWeb UNITS.strip() = 'sec^3/m^6' to VO_UNIT in additions['Units']
  LAPI_T_e__15_deg_2_TdNF_cnts_cm__2_sr_s_eV: Did not find mapping from CDAWeb UNITS.strip() = 'cnts/(cm^2-sr-s-eV)' to VO_UNIT in additions['Units']
  LAPI_T_e__15_deg_3_TdEF_ergs_cm__2_sr_s_eV: Did not find mapping from CDAWeb UNITS.strip() = 'ergs/(cm^2-sr-s-eV)' to VO_UNIT in additions['Units']
  LAPI_T_e__15_deg_4_TDF_sec__3_m__6: Did not find mapping from CDAWeb UNITS.strip() = 'sec^3/m^6' to VO_UNIT in additions['Units']
  LAPI_T_e__180_pos_deg_2_TdNF_cnts_cm__2_sr_s_eV: Did not find mapping from CDAWeb UNITS.strip() = 'cnts/(cm^2-sr-s-eV)' to VO_UNIT in additions['Units']
  LAPI_T_e__180_pos_deg_3_TdEF_ergs_cm__2_sr_s_eV: Did not find mapping from CDAWeb UNITS.strip() = 'ergs/(cm^2-sr-s-eV)' to VO_UNIT in additions['Units']
  LAPI_T_e__180_pos_deg_4_TDF_sec__3_m__6: Did not find mapping from CDAWeb UNITS.strip() = 'sec^3/m^6' to VO_UNIT in additions['Units']
  LAPI_T_e__0_neg_deg_2_TdNF_cnts_cm__2_sr_s_eV: Did not find mapping from CDAWeb UNITS.strip() = 'cnts/(cm^2-sr-s-eV)' to VO_UNIT in additions['Units']
  LAPI_T_e__0_neg_deg_3_TdEF_ergs_cm__2_sr_s_eV: Did not find mapping from CDAWeb UNITS.strip() = 'ergs/(cm^2-sr-s-eV)' to VO_UNIT in additions['Units']
  LAPI_T_e__0_neg_deg_4_TDF_sec__3_m__6: Did not find mapping from CDAWeb UNITS.strip() = 'sec^3/m^6' to VO_UNIT in additions['Units']
DE2_LAPI_GEIGER-MUELLER | VOUnits.NotFound:
  LAPI__0_deg_Geiger_Tube_4_NF_cnts_cm__2_sr_s: Did not find mapping from CDAWeb UNITS.strip() = 'cnts/(cm**2-sr-s)' to VO_UNIT in additions['Units']
  LAPI__90_deg_Geiger_Tube_4_NF_cnts_cm__2_sr_s: Did not find mapping from CDAWeb UNITS.strip() = 'cnts/(cm**2-sr-s)' to VO_UNIT in additions['Units']
DE2_LAPI_ION-FLUX-COUNTS-PPS1 | VOUnits.NotFound:
  LAPI__p__0_pos_deg_3_dNF_cnts_cm__2_sr_s_eV: Did not find mapping from CDAWeb UNITS.strip() = 'cnts/(cm^2-sr-s-eV)' to VO_UNIT in additions['Units']
  LAPI__p__0_pos_deg_4_dEF_ergs_cm__2_sr_s_eV: Did not find mapping from CDAWeb UNITS.strip() = 'ergs/(cm^2-sr-s-eV)' to VO_UNIT in additions['Units']
  LAPI__p__0_pos_deg_5_DF_sec__3_m__6: Did not find mapping from CDAWeb UNITS.strip() = 'sec^3/m^6' to VO_UNIT in additions['Units']
  LAPI__p__180_neg_deg_3_dNF_cnts_cm__2_sr_s_eV: Did not find mapping from CDAWeb UNITS.strip() = 'cnts/(cm^2-sr-s-eV)' to VO_UNIT in additions['Units']
  LAPI__p__180_neg_deg_4_dEF_ergs_cm__2_sr_s_eV: Did not find mapping from CDAWeb UNITS.strip() = 'ergs/(cm^2-sr-s-eV)' to VO_UNIT in additions['Units']
  LAPI__p__180_neg_deg_5_DF_sec__3_m__6: Did not find mapping from CDAWeb UNITS.strip() = 'sec^3/m^6' to VO_UNIT in additions['Units']
  LAPI__p__30_deg_3_dNF_cnts_cm__2_sr_s_eV: Did not find mapping from CDAWeb UNITS.strip() = 'cnts/(cm^2-sr-s-eV)' to VO_UNIT in additions['Units']
  LAPI__p__30_deg_4_dEF_ergs_cm__2_sr_s_eV: Did not find mapping from CDAWeb UNITS.strip() = 'ergs/(cm^2-sr-s-eV)' to VO_UNIT in additions['Units']
  LAPI__p__30_deg_5_DF_sec__3_m__6: Did not find mapping from CDAWeb UNITS.strip() = 'sec^3/m^6' to VO_UNIT in additions['Units']
  LAPI__p__172_5_deg_3_dNF_cnts_cm__2_sr_s_eV: Did not find mapping from CDAWeb UNITS.strip() = 'cnts/(cm^2-sr-s-eV)' to VO_UNIT in additions['Units']
  LAPI__p__172_5_deg_4_dEF_ergs_cm__2_sr_s_eV: Did not find mapping from CDAWeb UNITS.strip() = 'ergs/(cm^2-sr-s-eV)' to VO_UNIT in additions['Units']
  LAPI__p__172_5_deg_5_DF_sec__3_m__6: Did not find mapping from CDAWeb UNITS.strip() = 'sec^3/m^6' to VO_UNIT in additions['Units']
  LAPI__p__7_5_deg_3_dNF_cnts_cm__2_sr_s_eV: Did not find mapping from CDAWeb UNITS.strip() = 'cnts/(cm^2-sr-s-eV)' to VO_UNIT in additions['Units']
  LAPI__p__7_5_deg_4_dEF_ergs_cm__2_sr_s_eV: Did not find mapping from CDAWeb UNITS.strip() = 'ergs/(cm^2-sr-s-eV)' to VO_UNIT in additions['Units']
  LAPI__p__7_5_deg_5_DF_sec__3_m__6: Did not find mapping from CDAWeb UNITS.strip() = 'sec^3/m^6' to VO_UNIT in additions['Units']
  LAPI__p__45_deg_3_dNF_cnts_cm__2_sr_s_eV: Did not find mapping from CDAWeb UNITS.strip() = 'cnts/(cm^2-sr-s-eV)' to VO_UNIT in additions['Units']
  LAPI__p__45_deg_4_dEF_ergs_cm__2_sr_s_eV: Did not find mapping from CDAWeb UNITS.strip() = 'ergs/(cm^2-sr-s-eV)' to VO_UNIT in additions['Units']
  LAPI__p__45_deg_5_DF_sec__3_m__6: Did not find mapping from CDAWeb UNITS.strip() = 'sec^3/m^6' to VO_UNIT in additions['Units']
  LAPI__p__112_5_deg_3_dNF_cnts_cm__2_sr_s_eV: Did not find mapping from CDAWeb UNITS.strip() = 'cnts/(cm^2-sr-s-eV)' to VO_UNIT in additions['Units']
  LAPI__p__112_5_deg_4_dEF_ergs_cm__2_sr_s_eV: Did not find mapping from CDAWeb UNITS.strip() = 'ergs/(cm^2-sr-s-eV)' to VO_UNIT in additions['Units']
  LAPI__p__112_5_deg_5_DF_sec__3_m__6: Did not find mapping from CDAWeb UNITS.strip() = 'sec^3/m^6' to VO_UNIT in additions['Units']
  LAPI__p__97_5_deg_3_dNF_cnts_cm__2_sr_s_eV: Did not find mapping from CDAWeb UNITS.strip() = 'cnts/(cm^2-sr-s-eV)' to VO_UNIT in additions['Units']
  LAPI__p__97_5_deg_4_dEF_ergs_cm__2_sr_s_eV: Did not find mapping from CDAWeb UNITS.strip() = 'ergs/(cm^2-sr-s-eV)' to VO_UNIT in additions['Units']
  LAPI__p__97_5_deg_5_DF_sec__3_m__6: Did not find mapping from CDAWeb UNITS.strip() = 'sec^3/m^6' to VO_UNIT in additions['Units']
  LAPI_T_p__0_pos_deg_2_TdNF_cnts_cm__2_sr_s_eV: Did not find mapping from CDAWeb UNITS.strip() = 'cnts/(cm^2-sr-s-eV)' to VO_UNIT in additions['Units']
  LAPI_T_p__0_pos_deg_3_TdEF_ergs_cm__2_sr_s_eV: Did not find mapping from CDAWeb UNITS.strip() = 'ergs/(cm^2-sr-s-eV)' to VO_UNIT in additions['Units']
  LAPI_T_p__0_pos_deg_4_TDF_sec__3_m__6: Did not find mapping from CDAWeb UNITS.strip() = 'sec^3/m^6' to VO_UNIT in additions['Units']
  LAPI_T_p__180_neg_deg_2_TdNF_cnts_cm__2_sr_s_eV: Did not find mapping from CDAWeb UNITS.strip() = 'cnts/(cm^2-sr-s-eV)' to VO_UNIT in additions['Units']
  LAPI_T_p__180_neg_deg_3_TdEF_ergs_cm__2_sr_s_eV: Did not find mapping from CDAWeb UNITS.strip() = 'ergs/(cm^2-sr-s-eV)' to VO_UNIT in additions['Units']
  LAPI_T_p__180_neg_deg_4_TDF_sec__3_m__6: Did not find mapping from CDAWeb UNITS.strip() = 'sec^3/m^6' to VO_UNIT in additions['Units']
  LAPI_T_p__30_deg_2_TdNF_cnts_cm__2_sr_s_eV: Did not find mapping from CDAWeb UNITS.strip() = 'cnts/(cm^2-sr-s-eV)' to VO_UNIT in additions['Units']
  LAPI_T_p__30_deg_3_TdEF_ergs_cm__2_sr_s_eV: Did not find mapping from CDAWeb UNITS.strip() = 'ergs/(cm^2-sr-s-eV)' to VO_UNIT in additions['Units']
  LAPI_T_p__30_deg_4_TDF_sec__3_m__6: Did not find mapping from CDAWeb UNITS.strip() = 'sec^3/m^6' to VO_UNIT in additions['Units']
  LAPI_T_p__172_5_deg_2_TdNF_cnts_cm__2_sr_s_eV: Did not find mapping from CDAWeb UNITS.strip() = 'cnts/(cm^2-sr-s-eV)' to VO_UNIT in additions['Units']
  LAPI_T_p__172_5_deg_3_TdEF_ergs_cm__2_sr_s_eV: Did not find mapping from CDAWeb UNITS.strip() = 'ergs/(cm^2-sr-s-eV)' to VO_UNIT in additions['Units']
  LAPI_T_p__172_5_deg_4_TDF_sec__3_m__6: Did not find mapping from CDAWeb UNITS.strip() = 'sec^3/m^6' to VO_UNIT in additions['Units']
  LAPI_T_p__7_5_deg_2_TdNF_cnts_cm__2_sr_s_eV: Did not find mapping from CDAWeb UNITS.strip() = 'cnts/(cm^2-sr-s-eV)' to VO_UNIT in additions['Units']
  LAPI_T_p__7_5_deg_3_TdEF_ergs_cm__2_sr_s_eV: Did not find mapping from CDAWeb UNITS.strip() = 'ergs/(cm^2-sr-s-eV)' to VO_UNIT in additions['Units']
  LAPI_T_p__7_5_deg_4_TDF_sec__3_m__6: Did not find mapping from CDAWeb UNITS.strip() = 'sec^3/m^6' to VO_UNIT in additions['Units']
  LAPI_T_p__45_deg_2_TdNF_cnts_cm__2_sr_s_eV: Did not find mapping from CDAWeb UNITS.strip() = 'cnts/(cm^2-sr-s-eV)' to VO_UNIT in additions['Units']
  LAPI_T_p__45_deg_3_TdEF_ergs_cm__2_sr_s_eV: Did not find mapping from CDAWeb UNITS.strip() = 'ergs/(cm^2-sr-s-eV)' to VO_UNIT in additions['Units']
  LAPI_T_p__45_deg_4_TDF_sec__3_m__6: Did not find mapping from CDAWeb UNITS.strip() = 'sec^3/m^6' to VO_UNIT in additions['Units']
  LAPI_T_p__112_5_deg_2_TdNF_cnts_cm__2_sr_s_eV: Did not find mapping from CDAWeb UNITS.strip() = 'cnts/(cm^2-sr-s-eV)' to VO_UNIT in additions['Units']
  LAPI_T_p__112_5_deg_3_TdEF_ergs_cm__2_sr_s_eV: Did not find mapping from CDAWeb UNITS.strip() = 'ergs/(cm^2-sr-s-eV)' to VO_UNIT in additions['Units']
  LAPI_T_p__112_5_deg_4_TDF_sec__3_m__6: Did not find mapping from CDAWeb UNITS.strip() = 'sec^3/m^6' to VO_UNIT in additions['Units']
  LAPI_T_p__97_5_deg_2_TdNF_cnts_cm__2_sr_s_eV: Did not find mapping from CDAWeb UNITS.strip() = 'cnts/(cm^2-sr-s-eV)' to VO_UNIT in additions['Units']
  LAPI_T_p__97_5_deg_3_TdEF_ergs_cm__2_sr_s_eV: Did not find mapping from CDAWeb UNITS.strip() = 'ergs/(cm^2-sr-s-eV)' to VO_UNIT in additions['Units']
  LAPI_T_p__97_5_deg_4_TDF_sec__3_m__6: Did not find mapping from CDAWeb UNITS.strip() = 'sec^3/m^6' to VO_UNIT in additions['Units']
DE2_LAPI_ION-FLUX-COUNTS-PPS2 | VOUnits.NotFound:
  LAPI__p__165_deg_3_dNF_cnts_cm__2_sr_s_eV: Did not find mapping from CDAWeb UNITS.strip() = 'cnts/(cm^2-sr-s-eV)' to VO_UNIT in additions['Units']
  LAPI__p__165_deg_4_dEF_ergs_cm__2_sr_s_eV: Did not find mapping from CDAWeb UNITS.strip() = 'ergs/(cm^2-sr-s-eV)' to VO_UNIT in additions['Units']
  LAPI__p__165_deg_5_DF_sec__3_m__6: Did not find mapping from CDAWeb UNITS.strip() = 'sec^3/m^6' to VO_UNIT in additions['Units']
  LAPI__p__60_deg_3_dNF_cnts_cm__2_sr_s_eV: Did not find mapping from CDAWeb UNITS.strip() = 'cnts/(cm^2-sr-s-eV)' to VO_UNIT in additions['Units']
  LAPI__p__60_deg_4_dEF_ergs_cm__2_sr_s_eV: Did not find mapping from CDAWeb UNITS.strip() = 'ergs/(cm^2-sr-s-eV)' to VO_UNIT in additions['Units']
  LAPI__p__60_deg_5_DF_sec__3_m__6: Did not find mapping from CDAWeb UNITS.strip() = 'sec^3/m^6' to VO_UNIT in additions['Units']
  LAPI__p__135_deg_3_dNF_cnts_cm__2_sr_s_eV: Did not find mapping from CDAWeb UNITS.strip() = 'cnts/(cm^2-sr-s-eV)' to VO_UNIT in additions['Units']
  LAPI__p__135_deg_4_dEF_ergs_cm__2_sr_s_eV: Did not find mapping from CDAWeb UNITS.strip() = 'ergs/(cm^2-sr-s-eV)' to VO_UNIT in additions['Units']
  LAPI__p__135_deg_5_DF_sec__3_m__6: Did not find mapping from CDAWeb UNITS.strip() = 'sec^3/m^6' to VO_UNIT in additions['Units']
  LAPI__p__105_deg_3_dNF_cnts_cm__2_sr_s_eV: Did not find mapping from CDAWeb UNITS.strip() = 'cnts/(cm^2-sr-s-eV)' to VO_UNIT in additions['Units']
  LAPI__p__105_deg_4_dEF_ergs_cm__2_sr_s_eV: Did not find mapping from CDAWeb UNITS.strip() = 'ergs/(cm^2-sr-s-eV)' to VO_UNIT in additions['Units']
  LAPI__p__105_deg_5_DF_sec__3_m__6: Did not find mapping from CDAWeb UNITS.strip() = 'sec^3/m^6' to VO_UNIT in additions['Units']
  LAPI__p__15_deg_3_dNF_cnts_cm__2_sr_s_eV: Did not find mapping from CDAWeb UNITS.strip() = 'cnts/(cm^2-sr-s-eV)' to VO_UNIT in additions['Units']
  LAPI__p__15_deg_4_dEF_ergs_cm__2_sr_s_eV: Did not find mapping from CDAWeb UNITS.strip() = 'ergs/(cm^2-sr-s-eV)' to VO_UNIT in additions['Units']
  LAPI__p__15_deg_5_DF_sec__3_m__6: Did not find mapping from CDAWeb UNITS.strip() = 'sec^3/m^6' to VO_UNIT in additions['Units']
  LAPI__p__180_pos_deg_3_dNF_cnts_cm__2_sr_s_eV: Did not find mapping from CDAWeb UNITS.strip() = 'cnts/(cm^2-sr-s-eV)' to VO_UNIT in additions['Units']
  LAPI__p__180_pos_deg_4_dEF_ergs_cm__2_sr_s_eV: Did not find mapping from CDAWeb UNITS.strip() = 'ergs/(cm^2-sr-s-eV)' to VO_UNIT in additions['Units']
  LAPI__p__180_pos_deg_5_DF_sec__3_m__6: Did not find mapping from CDAWeb UNITS.strip() = 'sec^3/m^6' to VO_UNIT in additions['Units']
  LAPI__p__0_neg_deg_3_dNF_cnts_cm__2_sr_s_eV: Did not find mapping from CDAWeb UNITS.strip() = 'cnts/(cm^2-sr-s-eV)' to VO_UNIT in additions['Units']
  LAPI__p__0_neg_deg_4_dEF_ergs_cm__2_sr_s_eV: Did not find mapping from CDAWeb UNITS.strip() = 'ergs/(cm^2-sr-s-eV)' to VO_UNIT in additions['Units']
  LAPI__p__0_neg_deg_5_DF_sec__3_m__6: Did not find mapping from CDAWeb UNITS.strip() = 'sec^3/m^6' to VO_UNIT in additions['Units']
  LAPI_T_p__165_deg_2_TdNF_cnts_cm__2_sr_s_eV: Did not find mapping from CDAWeb UNITS.strip() = 'cnts/(cm^2-sr-s-eV)' to VO_UNIT in additions['Units']
  LAPI_T_p__165_deg_3_TdEF_ergs_cm__2_sr_s_eV: Did not find mapping from CDAWeb UNITS.strip() = 'ergs/(cm^2-sr-s-eV)' to VO_UNIT in additions['Units']
  LAPI_T_p__165_deg_4_TDF_sec__3_m__6: Did not find mapping from CDAWeb UNITS.strip() = 'sec^3/m^6' to VO_UNIT in additions['Units']
  LAPI_T_p__60_deg_2_TdNF_cnts_cm__2_sr_s_eV: Did not find mapping from CDAWeb UNITS.strip() = 'cnts/(cm^2-sr-s-eV)' to VO_UNIT in additions['Units']
  LAPI_T_p__60_deg_3_TdEF_ergs_cm__2_sr_s_eV: Did not find mapping from CDAWeb UNITS.strip() = 'ergs/(cm^2-sr-s-eV)' to VO_UNIT in additions['Units']
  LAPI_T_p__60_deg_4_TDF_sec__3_m__6: Did not find mapping from CDAWeb UNITS.strip() = 'sec^3/m^6' to VO_UNIT in additions['Units']
  LAPI_T_p__135_deg_2_TdNF_cnts_cm__2_sr_s_eV: Did not find mapping from CDAWeb UNITS.strip() = 'cnts/(cm^2-sr-s-eV)' to VO_UNIT in additions['Units']
  LAPI_T_p__135_deg_3_TdEF_ergs_cm__2_sr_s_eV: Did not find mapping from CDAWeb UNITS.strip() = 'ergs/(cm^2-sr-s-eV)' to VO_UNIT in additions['Units']
  LAPI_T_p__135_deg_4_TDF_sec__3_m__6: Did not find mapping from CDAWeb UNITS.strip() = 'sec^3/m^6' to VO_UNIT in additions['Units']
  LAPI_T_p__105_deg_2_TdNF_cnts_cm__2_sr_s_eV: Did not find mapping from CDAWeb UNITS.strip() = 'cnts/(cm^2-sr-s-eV)' to VO_UNIT in additions['Units']
  LAPI_T_p__105_deg_3_TdEF_ergs_cm__2_sr_s_eV: Did not find mapping from CDAWeb UNITS.strip() = 'sec^3/m^6' to VO_UNIT in additions['Units']
  LAPI_T_p__105_deg_4_TDF_sec__3_m__6: Did not find mapping from CDAWeb UNITS.strip() = 'sec^3/m^6' to VO_UNIT in additions['Units']
  LAPI_T_p__15_deg_2_TdNF_cnts_cm__2_sr_s_eV: Did not find mapping from CDAWeb UNITS.strip() = 'cnts/(cm^2-sr-s-eV)' to VO_UNIT in additions['Units']
  LAPI_T_p__15_deg_3_TdEF_ergs_cm__2_sr_s_eV: Did not find mapping from CDAWeb UNITS.strip() = 'ergs/(cm^2-sr-s-eV)' to VO_UNIT in additions['Units']
  LAPI_T_p__15_deg_4_TDF_sec__3_m__6: Did not find mapping from CDAWeb UNITS.strip() = 'sec^3/m^6' to VO_UNIT in additions['Units']
  LAPI_T_p__180_pos_deg_2_TdNF_cnts_cm__2_sr_s_eV: Did not find mapping from CDAWeb UNITS.strip() = 'cnts/(cm^2-sr-s-eV)' to VO_UNIT in additions['Units']
  LAPI_T_p__180_pos_deg_3_TdEF_ergs_cm__2_sr_s_eV: Did not find mapping from CDAWeb UNITS.strip() = 'ergs/(cm^2-sr-s-eV)' to VO_UNIT in additions['Units']
  LAPI_T_p__180_pos_deg_4_TDF_sec__3_m__6: Did not find mapping from CDAWeb UNITS.strip() = 'sec^3/m^6' to VO_UNIT in additions['Units']
  LAPI_T_p__0_neg_deg_2_TdNF_cnts_cm__2_sr_s_eV: Did not find mapping from CDAWeb UNITS.strip() = 'cnts/(cm^2-sr-s-eV)' to VO_UNIT in additions['Units']
  LAPI_T_p__0_neg_deg_3_TdEF_ergs_cm__2_sr_s_eV: Did not find mapping from CDAWeb UNITS.strip() = 'ergs/(cm^2-sr-s-eV)' to VO_UNIT in additions['Units']
  LAPI_T_p__0_neg_deg_4_TDF_sec__3_m__6: Did not find mapping from CDAWeb UNITS.strip() = 'sec^3/m^6' to VO_UNIT in additions['Units']
DE2_LAPI_LAPI-MAG | VOUnits.NotFound:
  LAPI__SC_Bx_3_Bx_Tesla: Did not find mapping from CDAWeb UNITS.strip() = 'Tesla' to VO_UNIT in additions['Units']
  LAPI__SC_By_3_By_Tesla: Did not find mapping from CDAWeb UNITS.strip() = 'Tesla' to VO_UNIT in additions['Units']
  LAPI__SC_Bz_3_Bz_Tesla: Did not find mapping from CDAWeb UNITS.strip() = 'Tesla' to VO_UNIT in additions['Units']
  LAPI__SC_Bxy_3_Bxy_Tesla: Did not find mapping from CDAWeb UNITS.strip() = 'Tesla' to VO_UNIT in additions['Units']
  LAPI__SC_Btot_3_Btot_Tesla: Did not find mapping from CDAWeb UNITS.strip() = 'Tesla' to VO_UNIT in additions['Units']
DE2_LAPI_PROJECTED-MAGB | VOUnits.NotFound:
  MAGB__LF_Bx_2_Component_Tesla: Did not find mapping from CDAWeb UNITS.strip() = 'Tesla' to VO_UNIT in additions['Units']
  MAGB__LF_By_2_Component_Tesla: Did not find mapping from CDAWeb UNITS.strip() = 'Tesla' to VO_UNIT in additions['Units']
  MAGB__LF_Bz_2_Component_Tesla: Did not find mapping from CDAWeb UNITS.strip() = 'Tesla' to VO_UNIT in additions['Units']
  MAGB__LF_Bxy_2_Projection_Tesla: Did not find mapping from CDAWeb UNITS.strip() = 'Tesla' to VO_UNIT in additions['Units']
  MAGB__LF_B_2_Magnitude_Tesla: Did not find mapping from CDAWeb UNITS.strip() = 'Tesla' to VO_UNIT in additions['Units']
  Modeled__LF_Bx_2_Component_Tesla: Did not find mapping from CDAWeb UNITS.strip() = 'Tesla' to VO_UNIT in additions['Units']
  Modeled__LF_By_2_Component_Tesla: Did not find mapping from CDAWeb UNITS.strip() = 'Tesla' to VO_UNIT in additions['Units']
  Modeled__LF_Bz_2_Component_Tesla: Did not find mapping from CDAWeb UNITS.strip() = 'Tesla' to VO_UNIT in additions['Units']
  Modeled__LF_Bxy_2_Projection_Tesla: Did not find mapping from CDAWeb UNITS.strip() = 'Tesla' to VO_UNIT in additions['Units']
  Modeled__LF_B_2_Magnitude_Tesla: Did not find mapping from CDAWeb UNITS.strip() = 'Tesla' to VO_UNIT in additions['Units']
  LAPI__LF_Bx_2_Component_Tesla: Did not find mapping from CDAWeb UNITS.strip() = 'Tesla' to VO_UNIT in additions['Units']
  LAPI__LF_By_2_Component_Tesla: Did not find mapping from CDAWeb UNITS.strip() = 'Tesla' to VO_UNIT in additions['Units']
  LAPI__LF_Bz_2_Component_Tesla: Did not find mapping from CDAWeb UNITS.strip() = 'Tesla' to VO_UNIT in additions['Units']
  LAPI__LF_Bxy_2_Projection_Tesla: Did not find mapping from CDAWeb UNITS.strip() = 'Tesla' to VO_UNIT in additions['Units']
  LAPI__LF_B_2_Magnitude_Tesla: Did not find mapping from CDAWeb UNITS.strip() = 'Tesla' to VO_UNIT in additions['Units']
DE2_LAPI_SC-MAGB | VOUnits.NotFound:
  MAGB__SC_Bx_2_Component_Tesla: Did not find mapping from CDAWeb UNITS.strip() = 'Tesla' to VO_UNIT in additions['Units']
  MAGB__SC_By_2_Component_Tesla: Did not find mapping from CDAWeb UNITS.strip() = 'Tesla' to VO_UNIT in additions['Units']
  MAGB__SC_Bz_2_Component_Tesla: Did not find mapping from CDAWeb UNITS.strip() = 'Tesla' to VO_UNIT in additions['Units']
  MAGB__SC_Bxy_2_Projection_Tesla: Did not find mapping from CDAWeb UNITS.strip() = 'Tesla' to VO_UNIT in additions['Units']
  MAGB__SC_B_2_Magnitude_Tesla: Did not find mapping from CDAWeb UNITS.strip() = 'Tesla' to VO_UNIT in additions['Units']
  Modeled__SC_Bx_2_Component_Tesla: Did not find mapping from CDAWeb UNITS.strip() = 'Tesla' to VO_UNIT in additions['Units']
  Modeled__SC_By_2_Component_Tesla: Did not find mapping from CDAWeb UNITS.strip() = 'Tesla' to VO_UNIT in additions['Units']
  Modeled__SC_Bz_2_Component_Tesla: Did not find mapping from CDAWeb UNITS.strip() = 'Tesla' to VO_UNIT in additions['Units']
  Modeled__SC_Bxy_2_Projection_Tesla: Did not find mapping from CDAWeb UNITS.strip() = 'Tesla' to VO_UNIT in additions['Units']
  Modeled__SC_B_2_Magnitude_Tesla: Did not find mapping from CDAWeb UNITS.strip() = 'Tesla' to VO_UNIT in additions['Units']
ENDURANCE_L2_SLP_PSD | VOUnits.NotFound:
  spec: Did not find mapping from CDAWeb UNITS.strip() = 'dB/Hz' to VO_UNIT in additions['Units']
GPS_RF_LANL-VTEC-1HR | VOUnits.NotFound:
  lat: Did not find mapping from CDAWeb UNITS.strip() = 'degrees_north' to VO_UNIT in additions['Units']
  lon: Did not find mapping from CDAWeb UNITS.strip() = 'degrees_east' to VO_UNIT in additions['Units']
  tec: Did not find mapping from CDAWeb UNITS.strip() = '10^16 electrons/m^2' to VO_UNIT in additions['Units']
  tec_movie: Did not find mapping from CDAWeb UNITS.strip() = '10^16 electrons/m^2' to VO_UNIT in additions['Units']
  tec_moll: Did not find mapping from CDAWeb UNITS.strip() = '10^16 electrons/m^2' to VO_UNIT in additions['Units']
  tec_moll_movie: Did not find mapping from CDAWeb UNITS.strip() = '10^16 electrons/m^2' to VO_UNIT in additions['Units']
  time: Did not find mapping from CDAWeb UNITS.strip() = 'seconds since 1980-1-6 00:00:00 UTC' to VO_UNIT in additions['Units']
  time_bounds: Did not find mapping from CDAWeb UNITS.strip() = 'seconds since 1980-1-6 00:00:00 UTC' to VO_UNIT in additions['Units']
HELIOS1_E6_KUNOW_1HOUR_PARTICLE-FLUX | VOUnits.NotFound:
  e_flux_spectrum: Did not find mapping from CDAWeb UNITS.strip() = 'particles/m^2  sec sr MeV' to VO_UNIT in additions['Units']
HELIOS2_E6_KUNOW_1HOUR_PARTICLE-FLUX | VOUnits.NotFound:
  e_flux_spectrum: Did not find mapping from CDAWeb UNITS.strip() = 'particles/m^2  sec sr MeV' to VO_UNIT in additions['Units']
ICON_L2-1_MIGHTI-A_LOS-WIND-GREEN | VOUnits.NotFound:
  ICON_L21_Chi2: Did not find mapping from CDAWeb UNITS.strip() = 'rad^2' to VO_UNIT in additions['Units']
ICON_L2-1_MIGHTI-A_LOS-WIND-RED | VOUnits.NotFound:
  ICON_L21_Chi2: Did not find mapping from CDAWeb UNITS.strip() = 'rad^2' to VO_UNIT in additions['Units']
ICON_L2-1_MIGHTI-B_LOS-WIND-GREEN | VOUnits.NotFound:
  ICON_L21_Chi2: Did not find mapping from CDAWeb UNITS.strip() = 'rad^2' to VO_UNIT in additions['Units']
ICON_L2-1_MIGHTI-B_LOS-WIND-RED | VOUnits.NotFound:
  ICON_L21_Chi2: Did not find mapping from CDAWeb UNITS.strip() = 'rad^2' to VO_UNIT in additions['Units']
ICON_L2-4_FUV_DAY | VOUnits.NotFound:
  ICON_L24_Model_Covariance: Did not find mapping from CDAWeb UNITS.strip() = 'unitless scalars' to VO_UNIT in additions['Units']
ICON_L2-6_EUV | VOUnits.NotFound:
  ICON_L26_Input_Covariance_617: Did not find mapping from CDAWeb UNITS.strip() = 'Rayleighs^2' to VO_UNIT in additions['Units']
  ICON_L26_Input_Covariance_834: Did not find mapping from CDAWeb UNITS.strip() = 'Rayleighs^2' to VO_UNIT in additions['Units']
IM_K0_RPI | VOUnits.NotFound:
  Azimuth: Did not find mapping from CDAWeb UNITS.strip() = '360/254 deg.' to VO_UNIT in additions['Units']
  Zenith: Did not find mapping from CDAWeb UNITS.strip() = 'deg.' to VO_UNIT in additions['Units']
  DopplerNumber: Did not find mapping from CDAWeb UNITS.strip() = 'steps' to VO_UNIT in additions['Units']
MMS1_FEEPS_BRST_L2_ELECTRON | VOUnits.NotFound:
  mms1_epd_feeps_brst_l2_electron_i_j_k_label: Did not find mapping from CDAWeb UNITS.strip() = 'cardinal number' to VO_UNIT in additions['Units']
MMS1_FEEPS_BRST_L2_ION | VOUnits.NotFound:
  mms1_epd_feeps_brst_l2_ion_i_j_k_label: Did not find mapping from CDAWeb UNITS.strip() = 'cardinal number' to VO_UNIT in additions['Units']
MMS1_FEEPS_SRVY_L2_ELECTRON | VOUnits.NotFound:
  mms1_epd_feeps_srvy_l2_electron_i_j_k_label: Did not find mapping from CDAWeb UNITS.strip() = 'cardinal number' to VO_UNIT in additions['Units']
MMS1_FEEPS_SRVY_L2_ION | VOUnits.NotFound:
  mms1_epd_feeps_srvy_l2_ion_i_j_k_label: Did not find mapping from CDAWeb UNITS.strip() = 'cardinal number' to VO_UNIT in additions['Units']
MMS2_FEEPS_BRST_L2_ELECTRON | VOUnits.NotFound:
  mms2_epd_feeps_brst_l2_electron_i_j_k_label: Did not find mapping from CDAWeb UNITS.strip() = 'cardinal number' to VO_UNIT in additions['Units']
MMS2_FEEPS_BRST_L2_ION | VOUnits.NotFound:
  mms2_epd_feeps_brst_l2_ion_i_j_k_label: Did not find mapping from CDAWeb UNITS.strip() = 'cardinal number' to VO_UNIT in additions['Units']
MMS2_FEEPS_SRVY_L2_ELECTRON | VOUnits.NotFound:
  mms2_epd_feeps_srvy_l2_electron_i_j_k_label: Did not find mapping from CDAWeb UNITS.strip() = 'cardinal number' to VO_UNIT in additions['Units']
MMS2_FEEPS_SRVY_L2_ION | VOUnits.NotFound:
  mms2_epd_feeps_srvy_l2_ion_i_j_k_label: Did not find mapping from CDAWeb UNITS.strip() = 'cardinal number' to VO_UNIT in additions['Units']
MMS3_FEEPS_BRST_L2_ELECTRON | VOUnits.NotFound:
  mms3_epd_feeps_brst_l2_electron_i_j_k_label: Did not find mapping from CDAWeb UNITS.strip() = 'cardinal number' to VO_UNIT in additions['Units']
MMS3_FEEPS_BRST_L2_ION | VOUnits.NotFound:
  mms3_epd_feeps_brst_l2_ion_i_j_k_label: Did not find mapping from CDAWeb UNITS.strip() = 'cardinal number' to VO_UNIT in additions['Units']
MMS3_FEEPS_SRVY_L2_ELECTRON | VOUnits.NotFound:
  mms3_epd_feeps_srvy_l2_electron_i_j_k_label: Did not find mapping from CDAWeb UNITS.strip() = 'cardinal number' to VO_UNIT in additions['Units']
MMS3_FEEPS_SRVY_L2_ION | VOUnits.NotFound:
  mms3_epd_feeps_srvy_l2_ion_i_j_k_label: Did not find mapping from CDAWeb UNITS.strip() = 'cardinal number' to VO_UNIT in additions['Units']
MMS4_FEEPS_BRST_L2_ELECTRON | VOUnits.NotFound:
  mms4_epd_feeps_brst_l2_electron_i_j_k_label: Did not find mapping from CDAWeb UNITS.strip() = 'cardinal number' to VO_UNIT in additions['Units']
MMS4_FEEPS_BRST_L2_ION | VOUnits.NotFound:
  mms4_epd_feeps_brst_l2_ion_i_j_k_label: Did not find mapping from CDAWeb UNITS.strip() = 'cardinal number' to VO_UNIT in additions['Units']
MMS4_FEEPS_SRVY_L2_ELECTRON | VOUnits.NotFound:
  mms4_epd_feeps_srvy_l2_electron_i_j_k_label: Did not find mapping from CDAWeb UNITS.strip() = 'cardinal number' to VO_UNIT in additions['Units']
MMS4_FEEPS_SRVY_L2_ION | VOUnits.NotFound:
  mms4_epd_feeps_srvy_l2_ion_i_j_k_label: Did not find mapping from CDAWeb UNITS.strip() = 'cardinal number' to VO_UNIT in additions['Units']
NEW_HORIZONS_SWAP_PICKUP-IONS | VOUnits.NotFound:
  IONIZATION_RATE: Did not find mapping from CDAWeb UNITS.strip() = 's^-1' to VO_UNIT in additions['Units']
NOAA14_MEPED1MIN_SEM | VOUnits.NotFound:
  Jperp_p: Did not find mapping from CDAWeb UNITS.strip() = '[QUAL USE ONLY]' to VO_UNIT in additions['Units']
PSP_FLD_L3_MERGED_SCAM_WF | VOUnits.NotFound:
  psp_fld_scm_gain_match: Did not find mapping from CDAWeb UNITS.strip() = 'nT_mag/nT_SCM' to VO_UNIT in additions['Units']
PSP_FLD_L3_SQTN_RFS_V1V2 | VOUnits.NotFound:
  density_quality_flag: Did not find mapping from CDAWeb UNITS.strip() = '0=fail 1=>pass' to VO_UNIT in additions['Units']
PSP_ISOIS-EPILO_L2-IC | VOUnits.NotFound:
  spdf_dir_RTN: Did not find mapping from CDAWeb UNITS.strip() = '{R, T, N]' to VO_UNIT in additions['Units']
  spdf_dir_HCI: Did not find mapping from CDAWeb UNITS.strip() = '{H, C, I]' to VO_UNIT in additions['Units']
  Look_Direction_80: Did not find mapping from CDAWeb UNITS.strip() = 'Direction_number' to VO_UNIT in additions['Units']
PSP_SWP_SPC_L2I | VOUnits.NotFound:
  mv_index: Did not find mapping from CDAWeb UNITS.strip() = ' index value' to VO_UNIT in additions['Units']
RBSPA_EFW-L3 | VOUnits.NotFound:
  epoch: Did not find mapping from CDAWeb UNITS.strip() = 'ps (pico-second)' to VO_UNIT in additions['Units']
  epoch_hsk: Did not find mapping from CDAWeb UNITS.strip() = 'ps (pico-second)' to VO_UNIT in additions['Units']
  spacecraft_potential: Did not find mapping from CDAWeb UNITS.strip() = 'V(12)' to VO_UNIT in additions['Units']
  VscxB_motional_efield_mgse: Did not find mapping from CDAWeb UNITS.strip() = 'mv/m' to VO_UNIT in additions['Units']
RBSPB_EFW-L3 | VOUnits.NotFound:
  epoch: Did not find mapping from CDAWeb UNITS.strip() = 'ps (pico-second)' to VO_UNIT in additions['Units']
  epoch_hsk: Did not find mapping from CDAWeb UNITS.strip() = 'ps (pico-second)' to VO_UNIT in additions['Units']
  spacecraft_potential: Did not find mapping from CDAWeb UNITS.strip() = 'V(12)' to VO_UNIT in additions['Units']
  VscxB_motional_efield_mgse: Did not find mapping from CDAWeb UNITS.strip() = 'mv/m' to VO_UNIT in additions['Units']
SOLO_L2_SWA-EAS1-TM3D-DEF | VOUnits.NotFound:
  QUALITY_BITMASK: Did not find mapping from CDAWeb UNITS.strip() = 'u' to VO_UNIT in additions['Units']
SOLO_L2_SWA-EAS1-TM3D-DNF | VOUnits.NotFound:
  QUALITY_BITMASK: Did not find mapping from CDAWeb UNITS.strip() = 'u' to VO_UNIT in additions['Units']
SOLO_L2_SWA-HIS-HK | VOUnits.NotFound:
  CDH_BOARD_TEMP_AVE_MIN_MAX: Did not find mapping from CDAWeb UNITS.strip() = 'NONE' to VO_UNIT in additions['Units']
  CDH_CPU_TEMP_AVE_MIN_MAX: Did not find mapping from CDAWeb UNITS.strip() = 'NONE' to VO_UNIT in additions['Units']
  CDH_GROUND_AVE_MIN_MAX: Did not find mapping from CDAWeb UNITS.strip() = 'NONE' to VO_UNIT in additions['Units']
  CDH_P1_5V_AVE_MIN_MAX: Did not find mapping from CDAWeb UNITS.strip() = 'NONE' to VO_UNIT in additions['Units']
  CDH_P1_8V_AVE_MIN_MAX: Did not find mapping from CDAWeb UNITS.strip() = 'NONE' to VO_UNIT in additions['Units']
  CDH_P3_3V_ADC_V_AVE_MIN_MAX: Did not find mapping from CDAWeb UNITS.strip() = 'NONE' to VO_UNIT in additions['Units']
  CDH_P5V_DAC_V_AVE_MIN_MAX: Did not find mapping from CDAWeb UNITS.strip() = 'NONE' to VO_UNIT in additions['Units']
  DSCB_ASIC_V_MON_AVE_MIN_MAX: Did not find mapping from CDAWeb UNITS.strip() = 'NONE' to VO_UNIT in additions['Units']
  DSCB_ASIC_TEMP_AVE_MIN_MAX: Did not find mapping from CDAWeb UNITS.strip() = 'NONE' to VO_UNIT in additions['Units']
  DSCB_DSCB_TEMP_AVE_MIN_MAX: Did not find mapping from CDAWeb UNITS.strip() = 'NONE' to VO_UNIT in additions['Units']
  DSCB_DSIB_TEMP_AVE_MIN_MAX: Did not find mapping from CDAWeb UNITS.strip() = 'NONE' to VO_UNIT in additions['Units']
  DSCB_HVPS_TEMP_AVE_MIN_MAX: Did not find mapping from CDAWeb UNITS.strip() = 'NONE' to VO_UNIT in additions['Units']
  DSCB_OFFSET_I_MON_AVE_MIN_MAX: Did not find mapping from CDAWeb UNITS.strip() = 'NONE' to VO_UNIT in additions['Units']
  DSCB_OFFSET_V_MON_AVE_MIN_MAX: Did not find mapping from CDAWeb UNITS.strip() = 'NONE' to VO_UNIT in additions['Units']
  DSCB_P1_5V_AVE_MIN_MAX: Did not find mapping from CDAWeb UNITS.strip() = 'NONE' to VO_UNIT in additions['Units']
  DSCB_P3_3V_AVE_MIN_MAX: Did not find mapping from CDAWeb UNITS.strip() = 'NONE' to VO_UNIT in additions['Units']
  DSCB_P3_3V_ADC_REF_AVE_MIN_MAX: Did not find mapping from CDAWeb UNITS.strip() = 'NONE' to VO_UNIT in additions['Units']
  DSCB_P5V_ADC_REF_MON_AVE_MIN_MAX: Did not find mapping from CDAWeb UNITS.strip() = 'NONE' to VO_UNIT in additions['Units']
  DSCB_P5V_DAC_REF_MON_AVE_MIN_MAX: Did not find mapping from CDAWeb UNITS.strip() = 'NONE' to VO_UNIT in additions['Units']
  DSCB_SSD_I_MON_AVE_MIN_MAX: Did not find mapping from CDAWeb UNITS.strip() = 'NONE' to VO_UNIT in additions['Units']
  DSCB_SSD_TEMP_AVE_MIN_MAX: Did not find mapping from CDAWeb UNITS.strip() = 'NONE' to VO_UNIT in additions['Units']
  DSCB_SSD_V_MON_AVE_MIN_MAX: Did not find mapping from CDAWeb UNITS.strip() = 'NONE' to VO_UNIT in additions['Units']
  DSCB_START_MCP_I_MON_AVE_MIN_MAX: Did not find mapping from CDAWeb UNITS.strip() = 'NONE' to VO_UNIT in additions['Units']
  DSCB_START_MCP_TEMP_AVE_MIN_MAX: Did not find mapping from CDAWeb UNITS.strip() = 'NONE' to VO_UNIT in additions['Units']
  DSCB_START_MCP_V_MON_AVE_MIN_MAX: Did not find mapping from CDAWeb UNITS.strip() = 'NONE' to VO_UNIT in additions['Units']
  DSCB_STOP_MCP_I_MON_AVE_MIN_MAX: Did not find mapping from CDAWeb UNITS.strip() = 'NONE' to VO_UNIT in additions['Units']
  DSCB_STOP_MCP_TEMP_AVE_MIN_MAX: Did not find mapping from CDAWeb UNITS.strip() = 'NONE' to VO_UNIT in additions['Units']
  DSCB_STOP_MCP_V_MON_AVE_MIN_MAX: Did not find mapping from CDAWeb UNITS.strip() = 'NONE' to VO_UNIT in additions['Units']
  DSCB_V_I_MON_REF_AVE_MIN_MAX: Did not find mapping from CDAWeb UNITS.strip() = 'NONE' to VO_UNIT in additions['Units']
  EAIS_PORT_TEMP_AVE_MIN_MAX: Did not find mapping from CDAWeb UNITS.strip() = 'NONE' to VO_UNIT in additions['Units']
  HVPS_ANALYZER_AVE_MIN_MAX: Did not find mapping from CDAWeb UNITS.strip() = 'NONE' to VO_UNIT in additions['Units']
  HVPS_ANALYZER_POL_AVE_MIN_MAX: Did not find mapping from CDAWeb UNITS.strip() = 'NONE' to VO_UNIT in additions['Units']
  HVPS_ANALYZER_RNG_AVE_MIN_MAX: Did not find mapping from CDAWeb UNITS.strip() = 'NONE' to VO_UNIT in additions['Units']
  HVPS_BOT_DEF_AVE_MIN_MAX: Did not find mapping from CDAWeb UNITS.strip() = 'NONE' to VO_UNIT in additions['Units']
  HVPS_BOT_DEF_POL_AVE_MIN_MAX: Did not find mapping from CDAWeb UNITS.strip() = 'NONE' to VO_UNIT in additions['Units']
  HVPS_BOT_DEF_RNG_AVE_MIN_MAX: Did not find mapping from CDAWeb UNITS.strip() = 'NONE' to VO_UNIT in additions['Units']
  HVPS_HV_MAIN_N_AVE_MIN_MAX: Did not find mapping from CDAWeb UNITS.strip() = 'NONE' to VO_UNIT in additions['Units']
  HVPS_HV_MAIN_N_POL_AVE_MIN_MAX: Did not find mapping from CDAWeb UNITS.strip() = 'NONE' to VO_UNIT in additions['Units']
  HVPS_HV_MAIN_N_RNG_AVE_MIN_MAX: Did not find mapping from CDAWeb UNITS.strip() = 'NONE' to VO_UNIT in additions['Units']
  HVPS_HV_MAIN_P_AVE_MIN_MAX: Did not find mapping from CDAWeb UNITS.strip() = 'NONE' to VO_UNIT in additions['Units']
  HVPS_HV_MAIN_P_POL_AVE_MIN_MAX: Did not find mapping from CDAWeb UNITS.strip() = 'NONE' to VO_UNIT in additions['Units']
  HVPS_HV_MAIN_P_RNG_AVE_MIN_MAX: Did not find mapping from CDAWeb UNITS.strip() = 'NONE' to VO_UNIT in additions['Units']
  HVPS_N12V_I: Did not find mapping from CDAWeb UNITS.strip() = 'A' to VO_UNIT in additions['Units']
  HVPS_N12V_I_AVE_MIN_MAX: Did not find mapping from CDAWeb UNITS.strip() = 'NONE' to VO_UNIT in additions['Units']
  HVPS_P12V_I: Did not find mapping from CDAWeb UNITS.strip() = 'A' to VO_UNIT in additions['Units']
  HVPS_P12V_I_AVE_MIN_MAX: Did not find mapping from CDAWeb UNITS.strip() = 'NONE' to VO_UNIT in additions['Units']
  HVPS_TOP_DEF_AVE_MIN_MAX: Did not find mapping from CDAWeb UNITS.strip() = 'NONE' to VO_UNIT in additions['Units']
  HVPS_TOP_DEF_POL_AVE_MIN_MAX: Did not find mapping from CDAWeb UNITS.strip() = 'NONE' to VO_UNIT in additions['Units']
  HVPS_TOP_DEF_RNG_AVE_MIN_MAX: Did not find mapping from CDAWeb UNITS.strip() = 'NONE' to VO_UNIT in additions['Units']
  HVPS_TOP_PLATE_AVE_MIN_MAX: Did not find mapping from CDAWeb UNITS.strip() = 'NONE' to VO_UNIT in additions['Units']
  HVPS_TOP_PLATE_POL_AVE_MIN_MAX: Did not find mapping from CDAWeb UNITS.strip() = 'NONE' to VO_UNIT in additions['Units']
  HVPS_TOP_PLATE_RNG_AVE_MIN_MAX: Did not find mapping from CDAWeb UNITS.strip() = 'NONE' to VO_UNIT in additions['Units']
  IRAP_HVPS_TEMP_AVE_MIN_MAX: Did not find mapping from CDAWeb UNITS.strip() = 'NONE' to VO_UNIT in additions['Units']
  LVPS_12V_DC_DC_TEMP_AVE_MIN_MAX: Did not find mapping from CDAWeb UNITS.strip() = 'NONE' to VO_UNIT in additions['Units']
  LVPS_5V_DC_DC_TEMP_AVE_MIN_MAX: Did not find mapping from CDAWeb UNITS.strip() = 'NONE' to VO_UNIT in additions['Units']
  LVPS_AC_LINK_I: Did not find mapping from CDAWeb UNITS.strip() = 'A' to VO_UNIT in additions['Units']
  LVPS_AC_LINK_I_AVE_MIN_MAX: Did not find mapping from CDAWeb UNITS.strip() = 'NONE' to VO_UNIT in additions['Units']
  LVPS_AC_LINK_TEMP_AVE_MIN_MAX: Did not find mapping from CDAWeb UNITS.strip() = 'NONE' to VO_UNIT in additions['Units']
  LVPS_AC_LINK_V_AVE_MIN_MAX: Did not find mapping from CDAWeb UNITS.strip() = 'NONE' to VO_UNIT in additions['Units']
  LVPS_N12V_OUTPUT_I: Did not find mapping from CDAWeb UNITS.strip() = 'A' to VO_UNIT in additions['Units']
  LVPS_N12V_OUTPUT_I_AVE_MIN_MAX: Did not find mapping from CDAWeb UNITS.strip() = 'NONE' to VO_UNIT in additions['Units']
  LVPS_N12V_OUTPUT_V_AVE_MIN_MAX: Did not find mapping from CDAWeb UNITS.strip() = 'NONE' to VO_UNIT in additions['Units']
  LVPS_N5V_OUTPUT_I: Did not find mapping from CDAWeb UNITS.strip() = 'A' to VO_UNIT in additions['Units']
  LVPS_N5V_OUTPUT_I_AVE_MIN_MAX: Did not find mapping from CDAWeb UNITS.strip() = 'NONE' to VO_UNIT in additions['Units']
  LVPS_N5V_OUTPUT_V_AVE_MIN_MAX: Did not find mapping from CDAWeb UNITS.strip() = 'NONE' to VO_UNIT in additions['Units']
  LVPS_P12V_OUTPUT_I: Did not find mapping from CDAWeb UNITS.strip() = 'A' to VO_UNIT in additions['Units']
  LVPS_P12V_OUTPUT_I_AVE_MIN_MAX: Did not find mapping from CDAWeb UNITS.strip() = 'NONE' to VO_UNIT in additions['Units']
  LVPS_P12V_OUTPUT_V_AVE_MIN_MAX: Did not find mapping from CDAWeb UNITS.strip() = 'NONE' to VO_UNIT in additions['Units']
  LVPS_P3_3V_DC_DC_TEMP_AVE_MIN_MAX: Did not find mapping from CDAWeb UNITS.strip() = 'NONE' to VO_UNIT in additions['Units']
  LVPS_P3_3V_OUTPUT_I: Did not find mapping from CDAWeb UNITS.strip() = 'A' to VO_UNIT in additions['Units']
  LVPS_P3_3V_OUTPUT_I_AVE_MIN_MAX: Did not find mapping from CDAWeb UNITS.strip() = 'NONE' to VO_UNIT in additions['Units']
  LVPS_P3_3V_OUTPUT_V_AVE_MIN_MAX: Did not find mapping from CDAWeb UNITS.strip() = 'NONE' to VO_UNIT in additions['Units']
  LVPS_P5V_OUTPUT_I: Did not find mapping from CDAWeb UNITS.strip() = 'A' to VO_UNIT in additions['Units']
  LVPS_P5V_OUTPUT_I_AVE_MIN_MAX: Did not find mapping from CDAWeb UNITS.strip() = 'NONE' to VO_UNIT in additions['Units']
  LVPS_P5V_OUTPUT_V_AVE_MIN_MAX: Did not find mapping from CDAWeb UNITS.strip() = 'NONE' to VO_UNIT in additions['Units']
  PA_HVPS_TEMP_AVE_MIN_MAX: Did not find mapping from CDAWeb UNITS.strip() = 'NONE' to VO_UNIT in additions['Units']
  PA_HVPS_V_MON_AVE_MIN_MAX: Did not find mapping from CDAWeb UNITS.strip() = 'NONE' to VO_UNIT in additions['Units']
STA_L2_PLA_ALPHA_RA_1DMAX_10MIN | VOUnits.NotFound:
  alpha_thermal_speed: Did not find mapping from CDAWeb UNITS.strip() = 'sqrt(2kT/m)' to VO_UNIT in additions['Units']
STA_L2_PLA_ALPHA_RA_1DMAX_1HR | VOUnits.NotFound:
  alpha_thermal_speed: Did not find mapping from CDAWeb UNITS.strip() = 'sqrt(2kT/m)' to VO_UNIT in additions['Units']
STA_LB_IMPACT | VOUnits.NotFound:
  He: Did not find mapping from CDAWeb UNITS.strip() = 'eV/cm^2/s' to VO_UNIT in additions['Units']
STB_L2_PLA_ALPHA_RA_1DMAX_10MIN | VOUnits.NotFound:
  alpha_thermal_speed: Did not find mapping from CDAWeb UNITS.strip() = 'sqrt(2kT/m)' to VO_UNIT in additions['Units']
STB_L2_PLA_ALPHA_RA_1DMAX_1HR | VOUnits.NotFound:
  alpha_thermal_speed: Did not find mapping from CDAWeb UNITS.strip() = 'sqrt(2kT/m)' to VO_UNIT in additions['Units']
STB_LB_IMPACT | VOUnits.NotFound:
  He: Did not find mapping from CDAWeb UNITS.strip() = 'eV/cm^2/s' to VO_UNIT in additions['Units']
TWINS1_L1_IMAGER | VOUnits.NotFound:
  smooth_image: Did not find mapping from CDAWeb UNITS.strip() = 'Flux (cm^2 sr s)^-1' to VO_UNIT in additions['Units']
  smooth_error_image: Did not find mapping from CDAWeb UNITS.strip() = 'Flux (cm^2 sr s)^-1' to VO_UNIT in additions['Units']
  twins_image: Did not find mapping from CDAWeb UNITS.strip() = 'Flux (cm^2 sr s)^-1' to VO_UNIT in additions['Units']
TWINS2_L1_IMAGER | VOUnits.NotFound:
  smooth_image: Did not find mapping from CDAWeb UNITS.strip() = 'Flux (cm^2 sr s)^-1' to VO_UNIT in additions['Units']
  smooth_error_image: Did not find mapping from CDAWeb UNITS.strip() = 'Flux (cm^2 sr s)^-1' to VO_UNIT in additions['Units']
  twins_image: Did not find mapping from CDAWeb UNITS.strip() = 'Flux (cm^2 sr s)^-1' to VO_UNIT in additions['Units']
VOYAGER-1_LECP_LEV-1-RATES | VOUnits.NotFound:
  Epoch: Did not find mapping from CDAWeb UNITS.strip() = 'Nanoseconds' to VO_UNIT in additions['Units']
VOYAGER-1_LECP_LEV-2-DAILY-AVG | VOUnits.NotFound:
  Epoch: Did not find mapping from CDAWeb UNITS.strip() = 'Nanoseconds' to VO_UNIT in additions['Units']
VOYAGER-1_LECP_LEV-2-HOURLY-AVG | VOUnits.NotFound:
  Epoch: Did not find mapping from CDAWeb UNITS.strip() = 'Nanoseconds' to VO_UNIT in additions['Units']
VOYAGER-1_LECP_LEV-2-SCAN-AVG | VOUnits.NotFound:
  Epoch: Did not find mapping from CDAWeb UNITS.strip() = 'Nanoseconds' to VO_UNIT in additions['Units']
VOYAGER-2_LECP_LEV-1-RATES | VOUnits.NotFound:
  Epoch: Did not find mapping from CDAWeb UNITS.strip() = 'Nanoseconds' to VO_UNIT in additions['Units']
VOYAGER-2_LECP_LEV-2-DAILY-AVG | VOUnits.NotFound:
  Epoch: Did not find mapping from CDAWeb UNITS.strip() = 'Nanoseconds' to VO_UNIT in additions['Units']
VOYAGER-2_LECP_LEV-2-HOURLY-AVG | VOUnits.NotFound:
  Epoch: Did not find mapping from CDAWeb UNITS.strip() = 'Nanoseconds' to VO_UNIT in additions['Units']
VOYAGER-2_LECP_LEV-2-SCAN-AVG | VOUnits.NotFound:
  Epoch: Did not find mapping from CDAWeb UNITS.strip() = 'Nanoseconds' to VO_UNIT in additions['Units']
WIND_WAVES_QTNFIT | VOUnits.NotFound:
  fit_n_e: Did not find mapping from CDAWeb UNITS.strip() = '1/cm**3' to VO_UNIT in additions['Units']
  delta_n_e: Did not find mapping from CDAWeb UNITS.strip() = '1/cm**3' to VO_UNIT in additions['Units']
  coarse_n_e: Did not find mapping from CDAWeb UNITS.strip() = '1/cm**3' to VO_UNIT in additions['Units']
WIND_WAVES_QTNFIT-FILTERED | VOUnits.NotFound:
  fit_n_e: Did not find mapping from CDAWeb UNITS.strip() = '1/cm**3' to VO_UNIT in additions['Units']
  delta_n_e: Did not find mapping from CDAWeb UNITS.strip() = '1/cm**3' to VO_UNIT in additions['Units']
  coarse_n_e: Did not find mapping from CDAWeb UNITS.strip() = '1/cm**3' to VO_UNIT in additions['Units']
WI_K0_MFI | VOUnits.NotFound:
  SENS_I: Did not find mapping from CDAWeb UNITS.strip() = 'nT/Count' to VO_UNIT in additions['Units']
  SENS_O: Did not find mapping from CDAWeb UNITS.strip() = 'nT/Count' to VO_UNIT in additions['Units']
WI_K1-RTN_MFI | VOUnits.NotFound:
  SENS_I: Did not find mapping from CDAWeb UNITS.strip() = 'nT/Count' to VO_UNIT in additions['Units']
  SENS_O: Did not find mapping from CDAWeb UNITS.strip() = 'nT/Count' to VO_UNIT in additions['Units']
WI_L3-DUSTIMPACT_WAVES | VOUnits.NotFound:
  n_TDS_per_day: Did not find mapping from CDAWeb UNITS.strip() = '#/date' to VO_UNIT in additions['Units']